[info] welcome to sbt 1.11.7 (Homebrew Java 25.0.1)
[info] loading settings for project diagnostics-build from plugins.sbt...
[info] loading project definition from /private/tmp/scalafim-execution-20260929/diagnostics/project
[info] loading settings for project root from build.sbt...
[info] loading settings for project bids4s-build from plugins.sbt...
[info] loading project definition from /Users/bbuchsbaum/.sbt/1.0/staging/77e7bdc71bddb8077fcd/bids4s/project
[info] loading settings for project root from build.sbt...
[info] loading settings for project gale-build from plugins.sbt...
[info] loading project definition from /Users/bbuchsbaum/.sbt/1.0/staging/449715b8ebc2010e6e23/gale/project
[info] loading settings for project root from build.sbt...
[info] loading settings for project graph4s-build from plugins.sbt...
[info] loading project definition from /Users/bbuchsbaum/.sbt/1.0/staging/b4b08747efd9a8151229/graph4s/project
[info] loading settings for project root from build.sbt...
[info] loading settings for project gale-build from plugins.sbt...
[info] loading project definition from /Users/bbuchsbaum/.sbt/1.0/staging/5a90f48e170e9e640ee1/gale/project
[info] loading settings for project root from build.sbt...
[info] loading settings for project image4s-build from plugins.sbt...
[info] loading project definition from /Users/bbuchsbaum/.sbt/1.0/staging/41e96dde036f148f012a/image4s/project
[info] loading settings for project root from build.sbt...
[info] loading settings for project intaglio-build from plugins.sbt...
[info] loading project definition from /Users/bbuchsbaum/.sbt/1.0/staging/34fcacf7027b8ae3b2f8/intaglio/project
[info] loading settings for project root from build.sbt...
[info] loading settings for project locus4s-build from plugins.sbt...
[info] loading project definition from /Users/bbuchsbaum/.sbt/1.0/staging/05a8f1a231c171f1bca0/locus4s/project
[info] loading settings for project root from build.sbt...
[info] loading settings for project multivar-build from plugins.sbt...
[info] loading project definition from /Users/bbuchsbaum/.sbt/1.0/staging/55929e145617b909ca3a/multivar/project
[info] loading settings for project root from build.sbt...
[info] loading settings for project ravel-build from plugins.sbt...
[info] loading project definition from /Users/bbuchsbaum/.sbt/1.0/staging/57a292f3a6ded9e259cf/ravel/project
[info] loading settings for project root from build.sbt...
[info] loading settings for project reframe4s-build from plugins.sbt...
[info] loading project definition from /Users/bbuchsbaum/.sbt/1.0/staging/aa1fd63832323d604703/reframe4s/project
[info] loading settings for project root from build.sbt...
[info] loading settings for project zarr4s-build from plugins.sbt...
[info] loading project definition from /Users/bbuchsbaum/.sbt/1.0/staging/34c0071f90095ef07887/zarr4s/project
[info] loading settings for project root from build.sbt...
[info] resolving key references (237344 settings) ...
[info] set current project to scalafim (in build file:/private/tmp/scalafim-execution-20260929/diagnostics/)
[info] running scalafim.fmri.fit.SelectedPrecisionBenchmarkSmoke 2 resident none
selected-checksum=-0.45135330724036893
[success] Total time: 10 s, completed Sep 29, 2026, 8:30:27 p.m.
[info] running scalafim.fmri.fit.SelectedPrecisionBenchmarkSmoke 2 mapped-file none
selected-checksum=-0.45135330724036893
[success] Total time: 11 s, completed Sep 29, 2026, 8:30:38 p.m.
[info] running scalafim.fmri.fit.SelectedPrecisionBenchmarkSmoke 64 resident none
selected-checksum=-0.4565974697703291
[success] Total time: 11 s, completed Sep 29, 2026, 8:30:49 p.m.
[info] running scalafim.fmri.fit.SelectedPrecisionBenchmarkSmoke 64 mapped-file none
selected-checksum=-0.4565974697703291
[success] Total time: 11 s, completed Sep 29, 2026, 8:31:01 p.m.
