[sbt-warm] seeding base from template 92ee8c14565d87d5 (copy-on-write)
[info] entering thin client - BEEP WHIRR
[info] starting sbt server in the background
[info] use 'sbt shutdown' to shutdown the server
[info]  
[info] welcome to sbt 1.11.7 (Eclipse Adoptium Java 21.0.12.1)
[info] loading settings for project scalafim-umvpa-family-group-20261007-build from plugins.sbt...
[info] loading project definition from /private/tmp/scalafim-umvpa-family-group-20261007/project
[info] compiling 1 Scala source to /private/tmp/scalafim-umvpa-family-group-20261007/project/target/scala-2.12/sbt-1.0/classes ...
[info] done compiling
[info] loading settings for project root from build.sbt...
[info] loading settings for project alder-build from plugins.sbt...
[info] loading project definition from /Users/bbuchsbaum/.cache/scalafim-sbt/bases/5acc69395461c4c9/staging/70113493d2034afa26c1/alder/project
[info] loading settings for project root from build.sbt...
[info] loading settings for project bids4s-build from plugins.sbt...
[info] loading project definition from /Users/bbuchsbaum/.cache/scalafim-sbt/bases/5acc69395461c4c9/staging/77e7bdc71bddb8077fcd/bids4s/project
[info] loading settings for project root from build.sbt...
[info] loading settings for project gale-build from plugins.sbt...
[info] loading project definition from /Users/bbuchsbaum/.cache/scalafim-sbt/bases/5acc69395461c4c9/staging/5a90f48e170e9e640ee1/gale/project
[info] loading settings for project root from build.sbt...
[info] loading settings for project gale-build from plugins.sbt...
[info] loading project definition from /Users/bbuchsbaum/.cache/scalafim-sbt/bases/5acc69395461c4c9/staging/974a385afa33a2ff246a/gale/project
[info] loading settings for project root from build.sbt...
[info] loading settings for project graph4s-build from plugins.sbt...
[info] loading project definition from /Users/bbuchsbaum/.cache/scalafim-sbt/bases/5acc69395461c4c9/staging/b4b08747efd9a8151229/graph4s/project
[info] loading settings for project root from build.sbt...
[info] loading settings for project image4s-build from plugins.sbt...
[info] loading project definition from /Users/bbuchsbaum/.cache/scalafim-sbt/bases/5acc69395461c4c9/staging/995ff8e011f5a5221e44/image4s/project
[info] loading settings for project root from build.sbt...
[info] loading settings for project intaglio-build from plugins.sbt...
[info] loading project definition from /Users/bbuchsbaum/.cache/scalafim-sbt/bases/5acc69395461c4c9/staging/34fcacf7027b8ae3b2f8/intaglio/project
[info] loading settings for project root from build.sbt...
[info] loading settings for project linops4s-build from plugins.sbt...
[info] loading project definition from /Users/bbuchsbaum/.cache/scalafim-sbt/bases/5acc69395461c4c9/staging/cfabf5f1e5e2fb8fb176/linops4s/project
[info] loading settings for project root from build.sbt...
[info] loading settings for project locus4s-build from plugins.sbt...
[info] loading project definition from /Users/bbuchsbaum/.cache/scalafim-sbt/bases/5acc69395461c4c9/staging/b51ea69c1c3a30e37df3/locus4s/project
[info] loading settings for project root from build.sbt...
[info] loading settings for project multivar-build from plugins.sbt...
[info] loading project definition from /Users/bbuchsbaum/.cache/scalafim-sbt/bases/5acc69395461c4c9/staging/04c54b2d3f3921f04b0c/multivar/project
[info] loading settings for project root from build.sbt...
[info] loading settings for project ravel-build from plugins.sbt...
[info] loading project definition from /Users/bbuchsbaum/.cache/scalafim-sbt/bases/5acc69395461c4c9/staging/6c77ef03ad5f6b5be136/ravel/project
[info] loading settings for project root from build.sbt...
[info] loading settings for project ravel-build from plugins.sbt...
[info] loading project definition from /Users/bbuchsbaum/.cache/scalafim-sbt/bases/5acc69395461c4c9/staging/57a292f3a6ded9e259cf/ravel/project
[info] loading settings for project root from build.sbt...
[info] loading settings for project reframe4s-build from plugins.sbt...
[info] loading project definition from /Users/bbuchsbaum/.cache/scalafim-sbt/bases/5acc69395461c4c9/staging/1541cf1125bbd1a3cbc8/reframe4s/project
[info] compiling 1 Scala source to /Users/bbuchsbaum/.cache/scalafim-sbt/bases/5acc69395461c4c9/staging/1541cf1125bbd1a3cbc8/reframe4s/project/target/scala-2.12/sbt-1.0/classes ...
[info] done compiling
[info] loading settings for project root from build.sbt...
[info] loading settings for project resample4s-build from plugins.sbt...
[info] loading project definition from /Users/bbuchsbaum/.cache/scalafim-sbt/bases/5acc69395461c4c9/staging/3f5d01c7e6069e74a205/resample4s/project
[info] loading settings for project root from build.sbt...
[info] loading settings for project zarr4s-build from plugins.sbt...
[info] loading project definition from /Users/bbuchsbaum/.cache/scalafim-sbt/bases/5acc69395461c4c9/staging/34c0071f90095ef07887/zarr4s/project
[info] loading settings for project root from build.sbt...
[info] resolving key references (348114 settings) ...
[info] set scmInfo to https://github.com/canardlapin/scalafim
[info] set scmInfo to https://github.com/canardlapin/scalafim
[info] set scmInfo to https://github.com/canardlapin/scalafim
[info] set scmInfo to https://github.com/canardlapin/scalafim
[info] set scmInfo to https://github.com/canardlapin/scalafim
[info] set current project to scalafim (in build file:/private/tmp/scalafim-umvpa-family-group-20261007/)
[info] sbt server started at local:///Users/bbuchsbaum/.cache/scalafim-sbt/bases/5acc69395461c4c9/server/7deacdb0c7663550b596/sock
[info] started sbt server
[info] compiling 43 Scala sources to /Users/bbuchsbaum/.cache/scalafim-sbt/bases/5acc69395461c4c9/staging/57a292f3a6ded9e259cf/ravel/modules/core/jvm/target/scala-3.7.4/classes ...
[info] compiling 8 Scala sources to /Users/bbuchsbaum/.cache/scalafim-sbt/bases/5acc69395461c4c9/staging/b4b08747efd9a8151229/graph4s/core/.jvm/target/scala-3.7.4/classes ...
[info] compiling 20 Scala sources to /Users/bbuchsbaum/.cache/scalafim-sbt/bases/5acc69395461c4c9/staging/3f5d01c7e6069e74a205/resample4s/core/.jvm/target/scala-3.3.8/classes ...
[info] compiling 65 Scala sources to /Users/bbuchsbaum/.cache/scalafim-sbt/bases/5acc69395461c4c9/staging/974a385afa33a2ff246a/gale/core/jvm/target/scala-3.7.4/classes ...
[info] done compiling
[info] compiling 99 Scala sources to /Users/bbuchsbaum/.cache/scalafim-sbt/bases/5acc69395461c4c9/staging/04c54b2d3f3921f04b0c/multivar/modules/core/jvm/target/scala-3.7.4/classes ...
[info] done compiling
[info] compiling 11 Scala sources to /Users/bbuchsbaum/.cache/scalafim-sbt/bases/5acc69395461c4c9/staging/b51ea69c1c3a30e37df3/locus4s/modules/locus4s-core/jvm/target/scala-3.7.4/classes ...
[info] done compiling
[info] compiling 10 Scala sources to /Users/bbuchsbaum/.cache/scalafim-sbt/bases/5acc69395461c4c9/staging/3f5d01c7e6069e74a205/resample4s/designs/.jvm/target/scala-3.3.8/classes ...
[info] done compiling
[info] compiling 2 Scala sources to /Users/bbuchsbaum/.cache/scalafim-sbt/bases/5acc69395461c4c9/staging/b51ea69c1c3a30e37df3/locus4s/modules/locus4s-data/jvm/target/scala-3.7.4/classes ...
[info] done compiling
[info] compiling 5 Scala sources to /Users/bbuchsbaum/.cache/scalafim-sbt/bases/5acc69395461c4c9/staging/b4b08747efd9a8151229/graph4s/indexed/.jvm/target/scala-3.7.4/classes ...
[info] done compiling
[info] compiling 5 Scala sources to /private/tmp/scalafim-umvpa-family-group-20261007/modules/locus-data/jvm/target/scala-3.7.4/classes ...
[info] done compiling
[info] compiling 10 Scala sources to /private/tmp/scalafim-umvpa-family-group-20261007/modules/response/jvm/target/scala-3.7.4/classes ...
[info] done compiling
[info] compiling 6 Scala sources to /Users/bbuchsbaum/.cache/scalafim-sbt/bases/5acc69395461c4c9/staging/b4b08747efd9a8151229/graph4s/data/.jvm/target/scala-3.7.4/classes ...
[info] done compiling
[info] compiling 6 Scala sources to /Users/bbuchsbaum/.cache/scalafim-sbt/bases/5acc69395461c4c9/staging/3f5d01c7e6069e74a205/resample4s/api/.jvm/target/scala-3.3.8/classes ...
[info] done compiling
[info] compiling 4 Scala sources to /Users/bbuchsbaum/.cache/scalafim-sbt/bases/5acc69395461c4c9/staging/b4b08747efd9a8151229/graph4s/algorithms/.jvm/target/scala-3.7.4/classes ...
[info] done compiling
[info] done compiling
[info] compiling 12 Scala sources to /private/tmp/scalafim-umvpa-family-group-20261007/modules/pipeline/jvm/target/scala-3.7.4/classes ...
[info] done compiling
[info] done compiling
[info] done compiling
[info] compiling 28 Scala sources to /Users/bbuchsbaum/.cache/scalafim-sbt/bases/5acc69395461c4c9/staging/04c54b2d3f3921f04b0c/multivar/modules/inference/jvm/target/scala-3.7.4/classes ...
[info] done compiling
[info] compiling 57 Scala sources to /private/tmp/scalafim-umvpa-family-group-20261007/modules/mvpa/jvm/target/scala-3.7.4/classes ...
[info] done compiling
[success] elapsed time: 52 s
[0J[sbt-warm] mvpaJVM/compile: exit 0 in 151.6s
[info] compiling 33 Scala sources to /Users/bbuchsbaum/.cache/scalafim-sbt/bases/5acc69395461c4c9/staging/34c0071f90095ef07887/zarr4s/core/jvm/target/scala-3.7.4/classes ...
[info] compiling 52 Scala sources to /Users/bbuchsbaum/.cache/scalafim-sbt/bases/5acc69395461c4c9/staging/5a90f48e170e9e640ee1/gale/core/jvm/target/scala-3.7.4/classes ...
[info] compiling 6 Scala sources to /Users/bbuchsbaum/.cache/scalafim-sbt/bases/5acc69395461c4c9/staging/57a292f3a6ded9e259cf/ravel/modules/stencil/jvm/target/scala-3.7.4/classes ...
[info] done compiling
[info] compiling 5 Scala sources to /Users/bbuchsbaum/.cache/scalafim-sbt/bases/5acc69395461c4c9/staging/57a292f3a6ded9e259cf/ravel/modules/packed/jvm/target/scala-3.7.4/classes ...
[info] done compiling
[info] done compiling
[info] done compiling
[info] compiling 6 Scala sources to /Users/bbuchsbaum/.cache/scalafim-sbt/bases/5acc69395461c4c9/staging/995ff8e011f5a5221e44/image4s/modules/image4s-geometry/jvm/target/scala-3.7.4/classes ...
[info] done compiling
[info] compiling 14 Scala sources to /Users/bbuchsbaum/.cache/scalafim-sbt/bases/5acc69395461c4c9/staging/995ff8e011f5a5221e44/image4s/modules/image4s-core/jvm/target/scala-3.7.4/classes ...
[info] compiling 5 Scala sources to /Users/bbuchsbaum/.cache/scalafim-sbt/bases/5acc69395461c4c9/staging/1541cf1125bbd1a3cbc8/reframe4s/modules/reframe4s-core/jvm/target/scala-3.7.4/classes ...
[info] done compiling
[info] compiling 2 Scala sources to /Users/bbuchsbaum/.cache/scalafim-sbt/bases/5acc69395461c4c9/staging/1541cf1125bbd1a3cbc8/reframe4s/modules/reframe4s-lie/jvm/target/scala-3.7.4/classes ...
[info] done compiling
[info] done compiling
[info] compiling 5 Scala sources to /Users/bbuchsbaum/.cache/scalafim-sbt/bases/5acc69395461c4c9/staging/995ff8e011f5a5221e44/image4s/modules/image4s-locus/jvm/target/scala-3.7.4/classes ...
[info] compiling 7 Scala sources to /Users/bbuchsbaum/.cache/scalafim-sbt/bases/5acc69395461c4c9/staging/1541cf1125bbd1a3cbc8/reframe4s/modules/reframe4s-resample/jvm/target/scala-3.7.4/classes ...
[info] compiling 6 Scala sources to /Users/bbuchsbaum/.cache/scalafim-sbt/bases/5acc69395461c4c9/staging/995ff8e011f5a5221e44/image4s/modules/image4s-nifti/jvm/target/scala-3.7.4/classes ...
[info] compiling 11 Scala sources to /Users/bbuchsbaum/.cache/scalafim-sbt/bases/5acc69395461c4c9/staging/995ff8e011f5a5221e44/image4s/modules/image4s-ops-core/jvm/target/scala-3.7.4/classes ...
[info] done compiling
[info] compiling 3 Scala sources to /Users/bbuchsbaum/.cache/scalafim-sbt/bases/5acc69395461c4c9/staging/995ff8e011f5a5221e44/image4s/modules/image4s-filter/jvm/target/scala-3.7.4/classes ...
[info] done compiling
[info] compiling 8 Scala sources to /Users/bbuchsbaum/.cache/scalafim-sbt/bases/5acc69395461c4c9/staging/1541cf1125bbd1a3cbc8/reframe4s/modules/reframe4s-field/jvm/target/scala-3.7.4/classes ...
[info] done compiling
[info] done compiling
[info] done compiling
[info] done compiling
[info] compiling 52 Scala sources to /private/tmp/scalafim-umvpa-family-group-20261007/modules/image/jvm/target/scala-3.7.4/classes ...
[info] done compiling
[info] compiling 12 Scala sources to /private/tmp/scalafim-umvpa-family-group-20261007/modules/threshold/jvm/target/scala-3.7.4/classes ...
[info] compiling 28 Scala sources to /private/tmp/scalafim-umvpa-family-group-20261007/modules/transform/jvm/target/scala-3.7.4/classes ...
[info] done compiling
[info] done compiling
[info] compiling 47 Scala sources to /private/tmp/scalafim-umvpa-family-group-20261007/modules/surface/jvm/target/scala-3.7.4/classes ...
[info] done compiling
[info] compiling 30 Scala sources to /private/tmp/scalafim-umvpa-family-group-20261007/modules/spatial/jvm/target/scala-3.7.4/classes ...
[info] done compiling
[info] compiling 29 Scala sources to /private/tmp/scalafim-umvpa-family-group-20261007/modules/atlas/jvm/target/scala-3.7.4/classes ...
[info] done compiling
[info] compiling 4 Scala sources to /private/tmp/scalafim-umvpa-family-group-20261007/modules/mvpa-spatial/jvm/target/scala-3.7.4/classes ...
[info] done compiling
[success] elapsed time: 34 s
[0J[sbt-warm] mvpaSpatialJVM/compile: exit 0 in 34.3s
