[info] welcome to sbt 1.11.7 (Homebrew Java 25.0.1)
[info] loading settings for project image4s-atlas-epic-20261003-build from plugins.sbt...
[info] loading project definition from /private/tmp/image4s-atlas-epic-20261003/project
[info] loading settings for project root from build.sbt...
[info] loading settings for project gale-build from plugins.sbt...
[info] loading project definition from /private/tmp/atlas-epic-20261003/provider-sbt/staging/5a90f48e170e9e640ee1/gale/project
[info] loading settings for project root from build.sbt...
[info] loading settings for project intaglio-build from plugins.sbt...
[info] loading project definition from /private/tmp/atlas-epic-20261003/provider-sbt/staging/34fcacf7027b8ae3b2f8/intaglio/project
[info] loading settings for project root from build.sbt...
[info] loading settings for project locus4s-build from plugins.sbt...
[info] loading project definition from /private/tmp/atlas-epic-20261003/provider-sbt/staging/05a8f1a231c171f1bca0/locus4s/project
[info] loading settings for project root from build.sbt...
[info] loading settings for project ravel-build from plugins.sbt...
[info] loading project definition from /private/tmp/atlas-epic-20261003/provider-sbt/staging/57a292f3a6ded9e259cf/ravel/project
[info] loading settings for project root from build.sbt...
[info] resolving key references (68646 settings) ...
[info] set current project to image4s-root (in build file:/private/tmp/image4s-atlas-epic-20261003/)
[info] scalafmt: Formatting 1 Scala sources (/private/tmp/image4s-atlas-epic-20261003/modules/image4s-geometry/js)...
[info] scalafmt: Formatting 6 Scala sources (/private/tmp/image4s-atlas-epic-20261003/modules/image4s-geometry/js)...
[info] scalafmt: Formatting 6 Scala sources (/private/tmp/image4s-atlas-epic-20261003/modules/image4s-geometry/jvm)...
[info] scalafmt: Formatting 3 Scala sources (/private/tmp/image4s-atlas-epic-20261003/modules/image4s-geometry/jvm)...
[info] scalafmt: Reformatted 1 Scala sources
[info] scalafmt: Formatting 14 Scala sources (/private/tmp/image4s-atlas-epic-20261003/modules/image4s-core/jvm)...
[info] scalafmt: Reformatted 1 Scala sources
[info] scalafmt: Formatting 12 Scala sources (/private/tmp/image4s-atlas-epic-20261003/modules/image4s-core/jvm)...
[info] scalafmt: Reformatted 2 Scala sources
[info] scalafmt: Reformatted 2 Scala sources
[info] scalafmt: Formatting 9 Scala sources (/private/tmp/image4s-atlas-epic-20261003/modules/image4s-core/js)...
[info] scalafmt: Formatting 14 Scala sources (/private/tmp/image4s-atlas-epic-20261003/modules/image4s-core/js)...
[info] scalafmt: Formatting 6 Scala sources (/private/tmp/image4s-atlas-epic-20261003/modules/image4s-locus/jvm)...
[info] scalafmt: Formatting 5 Scala sources (/private/tmp/image4s-atlas-epic-20261003/modules/image4s-locus/jvm)...
[info] scalafmt: Formatting 1 Scala sources (/private/tmp/image4s-atlas-epic-20261003/modules/image4s-ops-core/jvm)...
[info] scalafmt: Formatting 11 Scala sources (/private/tmp/image4s-atlas-epic-20261003/modules/image4s-ops-core/jvm)...
[info] scalafmt: Formatting 3 Scala sources (/private/tmp/image4s-atlas-epic-20261003/modules/image4s-intaglio/jvm)...
[info] scalafmt: Formatting 5 Scala sources (/private/tmp/image4s-atlas-epic-20261003/modules/image4s-intaglio/jvm)...
[info] scalafmt: Formatting 6 Scala sources (/private/tmp/image4s-atlas-epic-20261003/modules/image4s-nifti/jvm)...
[info] scalafmt: Formatting 7 Scala sources (/private/tmp/image4s-atlas-epic-20261003/modules/image4s-nifti/jvm)...
[info] scalafmt: Formatting 1 Scala sources (/private/tmp/image4s-atlas-epic-20261003/modules/image4s-reference/jvm)...
[info] scalafmt: Formatting 1 Scala sources (/private/tmp/image4s-atlas-epic-20261003/modules/image4s-reference/jvm)...
[info] scalafmt: Formatting 1 Scala sources (/private/tmp/image4s-atlas-epic-20261003/modules/image4s-ops-core/js)...
[info] scalafmt: Formatting 11 Scala sources (/private/tmp/image4s-atlas-epic-20261003/modules/image4s-ops-core/js)...
[info] scalafmt: Formatting 3 Scala sources (/private/tmp/image4s-atlas-epic-20261003/modules/image4s-intaglio/js)...
[info] scalafmt: Formatting 3 Scala sources (/private/tmp/image4s-atlas-epic-20261003/modules/image4s-intaglio/js)...
[info] scalafmt: Formatting 1 Scala sources (/private/tmp/image4s-atlas-epic-20261003/modules/image4s-reference/js)...
[info] scalafmt: Formatting 1 Scala sources (/private/tmp/image4s-atlas-epic-20261003/modules/image4s-reference/js)...
[info] scalafmt: Formatting 5 Scala sources (/private/tmp/image4s-atlas-epic-20261003/modules/image4s-nifti/js)...
[info] scalafmt: Formatting 6 Scala sources (/private/tmp/image4s-atlas-epic-20261003/modules/image4s-nifti/js)...
[info] scalafmt: Reformatted 2 Scala sources
[info] scalafmt: Formatting 4 Scala sources (/private/tmp/image4s-atlas-epic-20261003/modules/image4s-locus/js)...
[info] scalafmt: Reformatted 2 Scala sources
[info] scalafmt: Formatting 5 Scala sources (/private/tmp/image4s-atlas-epic-20261003/modules/image4s-locus/js)...
[info] scalafmt: Reformatted 1 Scala sources
[info] scalafmt: Formatting 3 Scala sources (/private/tmp/image4s-atlas-epic-20261003/modules/image4s-filter/jvm)...
[info] scalafmt: Formatting 3 Scala sources (/private/tmp/image4s-atlas-epic-20261003/modules/image4s-filter/jvm)...
[info] scalafmt: Formatting 2 Scala sources (/private/tmp/image4s-atlas-epic-20261003/modules/image4s-morphology/jvm)...
[info] scalafmt: Reformatted 1 Scala sources
[info] scalafmt: Formatting 2 Scala sources (/private/tmp/image4s-atlas-epic-20261003/modules/image4s-morphology/jvm)...
[info] scalafmt: Formatting 5 Scala sources (/private/tmp/image4s-atlas-epic-20261003/modules/image4s-laws/jvm)...
[info] scalafmt: Formatting 4 Scala sources (/private/tmp/image4s-atlas-epic-20261003/modules/image4s-laws/jvm)...
[info] scalafmt: Formatting 3 Scala sources (/private/tmp/image4s-atlas-epic-20261003/modules/image4s-filter/js)...
[info] scalafmt: Formatting 2 Scala sources (/private/tmp/image4s-atlas-epic-20261003/modules/image4s-filter/js)...
[info] scalafmt: Formatting 1 Scala sources (/private/tmp/image4s-atlas-epic-20261003/modules/image4s-morphology/js)...
[info] scalafmt: Formatting 2 Scala sources (/private/tmp/image4s-atlas-epic-20261003/modules/image4s-morphology/js)...
[info] scalafmt: Formatting 3 Scala sources (/private/tmp/image4s-atlas-epic-20261003/modules/image4s-laws/js)...
[info] scalafmt: Formatting 5 Scala sources (/private/tmp/image4s-atlas-epic-20261003/modules/image4s-laws/js)...
[info] scalafmt: Formatting 5 Scala sources (/private/tmp/image4s-atlas-epic-20261003/modules/image4s-ops-laws/js)...
[info] scalafmt: Formatting 8 Scala sources (/private/tmp/image4s-atlas-epic-20261003/modules/image4s-ops-laws/jvm)...
[success] Total time: 33 s, completed Oct 3, 2026, 7:26:25 p.m.
[info] scalafmt: Formatting 2 Scala sources (/private/tmp/image4s-atlas-epic-20261003)...
[success] Total time: 0 s, completed Oct 3, 2026, 7:26:26 p.m.
[info] scalafmt: Checking 1 Scala sources (/private/tmp/image4s-atlas-epic-20261003/modules/image4s-geometry/js)...
[info] scalafmt: Checking 1 Scala sources (/private/tmp/image4s-atlas-epic-20261003/modules/image4s-nifti/jvm)...
[success] Total time: 3 s, completed Oct 3, 2026, 7:26:29 p.m.
[info] scalafmt: Checking 2 Scala sources (/private/tmp/image4s-atlas-epic-20261003)...
[success] Total time: 1 s, completed Oct 3, 2026, 7:26:29 p.m.
