Refreshing checks status every 30 seconds. Press Ctrl+C to quit.

Isolated allocation receipts	pass	2m58s	https://github.com/canardlapin/image4s/actions/runs/37161957719/job/111317070198	
Scalafmt	pass	1m3s	https://github.com/canardlapin/image4s/actions/runs/37161957719/job/111317070169	
JVM and Scala.js / JDK 17	pending	0	https://github.com/canardlapin/image4s/actions/runs/37161957719/job/111317070309	
JVM and Scala.js / JDK 21	pending	0	https://github.com/canardlapin/image4s/actions/runs/37161957719/job/111317070212	
Cursor Bugbot	pass	1m10s	https://cursor.com/docs/bugbot	
Executable Laika guide	pass	2m15s	https://github.com/canardlapin/image4s/actions/runs/37161957719/job/111317070197	
Immutable registry concurrency court	pass	1m35s	https://github.com/canardlapin/image4s/actions/runs/37161957719/job/111317070037	
Optimized Scala.js and Node NIfTI	pass	2m30s	https://github.com/canardlapin/image4s/actions/runs/37161957719/job/111317070243	
Version and binary compatibility policy	pass	48s	https://github.com/canardlapin/image4s/actions/runs/37161957719/job/111317070475	
Refreshing checks status every 30 seconds. Press Ctrl+C to quit.

Isolated allocation receipts	pass	2m58s	https://github.com/canardlapin/image4s/actions/runs/37161957719/job/111317070198	
Scalafmt	pass	1m3s	https://github.com/canardlapin/image4s/actions/runs/37161957719/job/111317070169	
JVM and Scala.js / JDK 17	pending	0	https://github.com/canardlapin/image4s/actions/runs/37161957719/job/111317070309	
JVM and Scala.js / JDK 21	pending	0	https://github.com/canardlapin/image4s/actions/runs/37161957719/job/111317070212	
Cursor Bugbot	pass	1m10s	https://cursor.com/docs/bugbot	
Executable Laika guide	pass	2m15s	https://github.com/canardlapin/image4s/actions/runs/37161957719/job/111317070197	
Immutable registry concurrency court	pass	1m35s	https://github.com/canardlapin/image4s/actions/runs/37161957719/job/111317070037	
Optimized Scala.js and Node NIfTI	pass	2m30s	https://github.com/canardlapin/image4s/actions/runs/37161957719/job/111317070243	
Version and binary compatibility policy	pass	48s	https://github.com/canardlapin/image4s/actions/runs/37161957719/job/111317070475	
Cursor Bugbot	pass	1m10s	https://cursor.com/docs/bugbot	
Executable Laika guide	pass	2m15s	https://github.com/canardlapin/image4s/actions/runs/37161957719/job/111317070197	
Immutable registry concurrency court	pass	1m35s	https://github.com/canardlapin/image4s/actions/runs/37161957719/job/111317070037	
Isolated allocation receipts	pass	2m58s	https://github.com/canardlapin/image4s/actions/runs/37161957719/job/111317070198	
JVM and Scala.js / JDK 17	pass	3m41s	https://github.com/canardlapin/image4s/actions/runs/37161957719/job/111317070309	
JVM and Scala.js / JDK 21	pass	3m55s	https://github.com/canardlapin/image4s/actions/runs/37161957719/job/111317070212	
Optimized Scala.js and Node NIfTI	pass	2m30s	https://github.com/canardlapin/image4s/actions/runs/37161957719/job/111317070243	
Scalafmt	pass	1m3s	https://github.com/canardlapin/image4s/actions/runs/37161957719/job/111317070169	
Version and binary compatibility policy	pass	48s	https://github.com/canardlapin/image4s/actions/runs/37161957719/job/111317070475	
Cursor Bugbot	pass	1m10s	https://cursor.com/docs/bugbot	
Executable Laika guide	pass	2m15s	https://github.com/canardlapin/image4s/actions/runs/37161957719/job/111317070197	
Immutable registry concurrency court	pass	1m35s	https://github.com/canardlapin/image4s/actions/runs/37161957719/job/111317070037	
Isolated allocation receipts	pass	2m58s	https://github.com/canardlapin/image4s/actions/runs/37161957719/job/111317070198	
JVM and Scala.js / JDK 17	pass	3m41s	https://github.com/canardlapin/image4s/actions/runs/37161957719/job/111317070309	
JVM and Scala.js / JDK 21	pass	3m55s	https://github.com/canardlapin/image4s/actions/runs/37161957719/job/111317070212	
Optimized Scala.js and Node NIfTI	pass	2m30s	https://github.com/canardlapin/image4s/actions/runs/37161957719/job/111317070243	
Scalafmt	pass	1m3s	https://github.com/canardlapin/image4s/actions/runs/37161957719/job/111317070169	
Version and binary compatibility policy	pass	48s	https://github.com/canardlapin/image4s/actions/runs/37161957719/job/111317070475	
