[info] [launcher] getting org.scala-sbt sbt 1.11.7  (this may take some time)...
[info] [launcher] getting Scala 2.12.20 (for sbt)...
[info] welcome to sbt 1.11.7 (Homebrew Java 25.0.1)
[info] loading settings for project image4s-atlas-epic-20261003-build from plugins.sbt...
[info] loading project definition from /private/tmp/image4s-atlas-epic-20261003/project
[info] loading settings for project root from build.sbt...
Cloning into '/private/tmp/atlas-epic-20261003/provider-sbt/staging/5a90f48e170e9e640ee1/gale'...
[info] loading settings for project gale-build from plugins.sbt...
[info] loading project definition from /private/tmp/atlas-epic-20261003/provider-sbt/staging/5a90f48e170e9e640ee1/gale/project
[info] loading settings for project root from build.sbt...
Cloning into '/private/tmp/atlas-epic-20261003/provider-sbt/staging/34fcacf7027b8ae3b2f8/intaglio'...
[info] loading settings for project intaglio-build from plugins.sbt...
[info] loading project definition from /private/tmp/atlas-epic-20261003/provider-sbt/staging/34fcacf7027b8ae3b2f8/intaglio/project
[info] loading settings for project root from build.sbt...
Cloning into '/private/tmp/atlas-epic-20261003/provider-sbt/staging/05a8f1a231c171f1bca0/locus4s'...
[info] loading settings for project locus4s-build from plugins.sbt...
[info] loading project definition from /private/tmp/atlas-epic-20261003/provider-sbt/staging/05a8f1a231c171f1bca0/locus4s/project
[info] loading settings for project root from build.sbt...
Cloning into '/private/tmp/atlas-epic-20261003/provider-sbt/staging/57a292f3a6ded9e259cf/ravel'...
[info] loading settings for project ravel-build from plugins.sbt...
[info] loading project definition from /private/tmp/atlas-epic-20261003/provider-sbt/staging/57a292f3a6ded9e259cf/ravel/project
[info] loading settings for project root from build.sbt...
[info] resolving key references (68646 settings) ...
[info] set current project to image4s-root (in build file:/private/tmp/image4s-atlas-epic-20261003/)
[info] compiling 43 Scala sources to /private/tmp/atlas-epic-20261003/provider-sbt/staging/57a292f3a6ded9e259cf/ravel/modules/core/jvm/target/scala-3.7.4/classes ...
[info] compiling 52 Scala sources to /private/tmp/atlas-epic-20261003/provider-sbt/staging/5a90f48e170e9e640ee1/gale/core/jvm/target/scala-3.7.4/classes ...
[info] done compiling
[info] compiling 6 Scala sources to /private/tmp/image4s-atlas-epic-20261003/modules/image4s-geometry/jvm/target/scala-3.7.4/classes ...
[info] done compiling
[info] compiling 5 Scala sources to /private/tmp/atlas-epic-20261003/provider-sbt/staging/57a292f3a6ded9e259cf/ravel/modules/packed/jvm/target/scala-3.7.4/classes ...
[info] done compiling
[info] done compiling
[info] compiling 14 Scala sources to /private/tmp/image4s-atlas-epic-20261003/modules/image4s-core/jvm/target/scala-3.7.4/classes ...
[info] done compiling
[info] compiling 6 Scala sources to /private/tmp/image4s-atlas-epic-20261003/modules/image4s-nifti/jvm/target/scala-3.7.4/classes ...
[info] done compiling
[info] compiling 7 Scala sources to /private/tmp/image4s-atlas-epic-20261003/modules/image4s-nifti/jvm/target/scala-3.7.4/test-classes ...
[info] done compiling
Test run image4s.nifti.NiftiSemanticSuite started
==> X image4s.nifti.NiftiSemanticSuite.signed INT8 labels preserve boundary bytes and refuse overflow 0.263s munit.FailException: modules/image4s-nifti/shared/src/test/scala/image4s/nifti/NiftiSemanticSuite.scala:1038 NIfTI label output requires UInt8, Int16, or Int32 storage, got Int8
1037:      case Right(result) => result
1038:      case Left(error) => fail(error.message)
1039:
    at munit.Assertions.fail(Assertions.scala:297)
    at munit.Assertions.fail$(Assertions.scala:20)
    at munit.FunSuite.fail(FunSuite.scala:12)
    at image4s.nifti.NiftiSemanticSuite.niftiRight(NiftiSemanticSuite.scala:1038)
    at image4s.nifti.NiftiSemanticSuite.$init$$$anonfun$11(NiftiSemanticSuite.scala:649)
image4s.nifti.NiftiSemanticSuite: finished 0.537s
Test run image4s.nifti.NiftiSemanticSuite finished: 1 failed, 0 ignored, 1 total 0.668s
[error] Failed: Total 1, Failed 1, Errors 0, Passed 0
[error] Failed tests:
[error] 	image4s.nifti.NiftiSemanticSuite
[error] (image4s-niftiJVM / Test / testOnly) sbt.TestsFailedException: Tests unsuccessful
[error] Total time: 124 s (0:02:04.0), completed Oct 3, 2026, 7:08:30 p.m.
