[info] welcome to sbt 1.11.7 (Homebrew Java 25.0.1)
[info] loading settings for project scalafim-atlas-epic-20261003-build from plugins.sbt...
[info] loading project definition from /private/tmp/scalafim-atlas-epic-20261003/project
[info] loading settings for project root from build.sbt...
[info] loading settings for project alder-build from plugins.sbt...
[info] loading project definition from /private/tmp/atlas-epic-20261003/consumer-warm/bases/ae07a7d707af9505/staging/2f5b3675f2cf2c4e96c3/alder/project
[info] loading settings for project root from build.sbt...
[info] loading settings for project bids4s-build from plugins.sbt...
[info] loading project definition from /private/tmp/atlas-epic-20261003/consumer-warm/bases/ae07a7d707af9505/staging/77e7bdc71bddb8077fcd/bids4s/project
[info] loading settings for project root from build.sbt...
[info] loading settings for project gale-build from plugins.sbt...
[info] loading project definition from /private/tmp/atlas-epic-20261003/consumer-warm/bases/ae07a7d707af9505/staging/5a90f48e170e9e640ee1/gale/project
[info] loading settings for project root from build.sbt...
[info] loading settings for project gale-build from plugins.sbt...
[info] loading project definition from /private/tmp/atlas-epic-20261003/consumer-warm/bases/ae07a7d707af9505/staging/449715b8ebc2010e6e23/gale/project
[info] loading settings for project root from build.sbt...
[info] loading settings for project graph4s-build from plugins.sbt...
[info] loading project definition from /private/tmp/atlas-epic-20261003/consumer-warm/bases/ae07a7d707af9505/staging/b4b08747efd9a8151229/graph4s/project
[info] loading settings for project root from build.sbt...
[info] loading settings for project image4s-build from plugins.sbt...
[info] loading project definition from /private/tmp/atlas-epic-20261003/consumer-warm/bases/ae07a7d707af9505/staging/d79d1afec9bc45383768/image4s/project
[info] loading settings for project root from build.sbt...
[info] loading settings for project intaglio-build from plugins.sbt...
[info] loading project definition from /private/tmp/atlas-epic-20261003/consumer-warm/bases/ae07a7d707af9505/staging/34fcacf7027b8ae3b2f8/intaglio/project
[info] loading settings for project root from build.sbt...
[info] loading settings for project linops4s-build from plugins.sbt...
[info] loading project definition from /private/tmp/atlas-epic-20261003/consumer-warm/bases/ae07a7d707af9505/staging/cfabf5f1e5e2fb8fb176/linops4s/project
[info] loading settings for project root from build.sbt...
[info] loading settings for project locus4s-build from plugins.sbt...
[info] loading project definition from /private/tmp/atlas-epic-20261003/consumer-warm/bases/ae07a7d707af9505/staging/05a8f1a231c171f1bca0/locus4s/project
[info] loading settings for project root from build.sbt...
[info] loading settings for project multivar-build from plugins.sbt...
[info] loading project definition from /private/tmp/atlas-epic-20261003/consumer-warm/bases/ae07a7d707af9505/staging/8a071d8f65817f0f368f/multivar/project
[info] loading settings for project root from build.sbt...
[info] loading settings for project ravel-build from plugins.sbt...
[info] loading project definition from /private/tmp/atlas-epic-20261003/consumer-warm/bases/ae07a7d707af9505/staging/57a292f3a6ded9e259cf/ravel/project
[info] loading settings for project root from build.sbt...
[info] loading settings for project reframe4s-build from plugins.sbt...
[info] loading project definition from /private/tmp/atlas-epic-20261003/consumer-warm/bases/ae07a7d707af9505/staging/aa1fd63832323d604703/reframe4s/project
[info] loading settings for project root from build.sbt...
[info] loading settings for project image4s-build from plugins.sbt...
[info] loading project definition from /private/tmp/atlas-epic-20261003/consumer-warm/bases/ae07a7d707af9505/staging/41e96dde036f148f012a/image4s/project
[info] loading settings for project root from build.sbt...
[info] loading settings for project resample4s-build from plugins.sbt...
[info] loading project definition from /private/tmp/atlas-epic-20261003/consumer-warm/bases/ae07a7d707af9505/staging/3f5d01c7e6069e74a205/resample4s/project
[info] loading settings for project root from build.sbt...
[info] loading settings for project zarr4s-build from plugins.sbt...
[info] loading project definition from /private/tmp/atlas-epic-20261003/consumer-warm/bases/ae07a7d707af9505/staging/34c0071f90095ef07887/zarr4s/project
[info] loading settings for project root from build.sbt...
[info] resolving key references (347459 settings) ...
[info] set current project to scalafim (in build file:/private/tmp/scalafim-atlas-epic-20261003/)
[info] compiling 11 Scala sources to /private/tmp/atlas-epic-20261003/consumer-warm/bases/ae07a7d707af9505/staging/05a8f1a231c171f1bca0/locus4s/modules/locus4s-core/js/target/scala-3.7.4/classes ...
[info] compiling 43 Scala sources to /private/tmp/atlas-epic-20261003/consumer-warm/bases/ae07a7d707af9505/staging/57a292f3a6ded9e259cf/ravel/modules/core/js/target/scala-3.7.4/classes ...
[info] compiling 53 Scala sources to /private/tmp/atlas-epic-20261003/consumer-warm/bases/ae07a7d707af9505/staging/449715b8ebc2010e6e23/gale/core/js/target/scala-3.7.4/classes ...
[info] compiling 52 Scala sources to /private/tmp/atlas-epic-20261003/consumer-warm/bases/ae07a7d707af9505/staging/5a90f48e170e9e640ee1/gale/core/js/target/scala-3.7.4/classes ...
[info] done compiling
[info] compiling 2 Scala sources to /private/tmp/atlas-epic-20261003/consumer-warm/bases/ae07a7d707af9505/staging/05a8f1a231c171f1bca0/locus4s/modules/locus4s-data/js/target/scala-3.7.4/classes ...
[info] done compiling
[info] compiling 5 Scala sources to /private/tmp/scalafim-atlas-epic-20261003/modules/locus-data/js/target/scala-3.7.4/classes ...
[info] done compiling
[info] done compiling
[info] done compiling
[info] compiling 6 Scala sources to /private/tmp/atlas-epic-20261003/consumer-warm/bases/ae07a7d707af9505/staging/d79d1afec9bc45383768/image4s/modules/image4s-geometry/js/target/scala-3.7.4/classes ...
[info] compiling 6 Scala sources to /private/tmp/atlas-epic-20261003/consumer-warm/bases/ae07a7d707af9505/staging/41e96dde036f148f012a/image4s/modules/image4s-geometry/js/target/scala-3.7.4/classes ...
[info] done compiling
[info] done compiling
[info] compiling 5 Scala sources to /private/tmp/atlas-epic-20261003/consumer-warm/bases/ae07a7d707af9505/staging/aa1fd63832323d604703/reframe4s/modules/reframe4s-core/js/target/scala-3.7.4/classes ...
[info] done compiling
[info] compiling 6 Scala sources to /private/tmp/atlas-epic-20261003/consumer-warm/bases/ae07a7d707af9505/staging/57a292f3a6ded9e259cf/ravel/modules/stencil/js/target/scala-3.7.4/classes ...
[info] compiling 5 Scala sources to /private/tmp/atlas-epic-20261003/consumer-warm/bases/ae07a7d707af9505/staging/57a292f3a6ded9e259cf/ravel/modules/packed/js/target/scala-3.7.4/classes ...
[info] done compiling
[info] done compiling
[info] compiling 14 Scala sources to /private/tmp/atlas-epic-20261003/consumer-warm/bases/ae07a7d707af9505/staging/d79d1afec9bc45383768/image4s/modules/image4s-core/js/target/scala-3.7.4/classes ...
[info] compiling 14 Scala sources to /private/tmp/atlas-epic-20261003/consumer-warm/bases/ae07a7d707af9505/staging/41e96dde036f148f012a/image4s/modules/image4s-core/js/target/scala-3.7.4/classes ...
[info] done compiling
[info] compiling 2 Scala sources to /private/tmp/atlas-epic-20261003/consumer-warm/bases/ae07a7d707af9505/staging/aa1fd63832323d604703/reframe4s/modules/reframe4s-lie/js/target/scala-3.7.4/classes ...
[info] done compiling
[info] done compiling
[info] compiling 5 Scala sources to /private/tmp/atlas-epic-20261003/consumer-warm/bases/ae07a7d707af9505/staging/aa1fd63832323d604703/reframe4s/modules/reframe4s-resample/js/target/scala-3.7.4/classes ...
[info] done compiling
[info] compiling 11 Scala sources to /private/tmp/atlas-epic-20261003/consumer-warm/bases/ae07a7d707af9505/staging/d79d1afec9bc45383768/image4s/modules/image4s-ops-core/js/target/scala-3.7.4/classes ...
[info] compiling 5 Scala sources to /private/tmp/atlas-epic-20261003/consumer-warm/bases/ae07a7d707af9505/staging/d79d1afec9bc45383768/image4s/modules/image4s-locus/js/target/scala-3.7.4/classes ...
[info] done compiling
[info] compiling 3 Scala sources to /private/tmp/atlas-epic-20261003/consumer-warm/bases/ae07a7d707af9505/staging/d79d1afec9bc45383768/image4s/modules/image4s-filter/js/target/scala-3.7.4/classes ...
[info] done compiling
[info] compiling 7 Scala sources to /private/tmp/atlas-epic-20261003/consumer-warm/bases/ae07a7d707af9505/staging/aa1fd63832323d604703/reframe4s/modules/reframe4s-field/js/target/scala-3.7.4/classes ...
[info] done compiling
[info] done compiling
[info] done compiling
[info] compiling 51 Scala sources to /private/tmp/scalafim-atlas-epic-20261003/modules/image/js/target/scala-3.7.4/classes ...
[info] done compiling
[info] compiling 61 Scala sources to /private/tmp/scalafim-atlas-epic-20261003/modules/image/js/target/scala-3.7.4/test-classes ...
[info] done compiling
[info] Fast optimizing /private/tmp/scalafim-atlas-epic-20261003/modules/image/js/target/scala-3.7.4/scalafim-image-test-fastopt
scalafim.image.SliceGeometrySuite:
  + world directions are finite, normalized, and orthogonal by construction 0.002s
  + canonical slice planes state the RAS display contract explicitly 0.000s
  + axis-aligned grids cover voxel-cell boundaries and roundtrip pixel centers 0.005s
  + screen mirroring changes presentation, never the world-space footprint 0.001s
  + oblique grids cover all transformed boundary corners 0.002s
  + orthogonal plans are named, share one cursor, and pass through it 0.001s
  + slice dimensions and pixel spacing reject invalid states 0.000s
scalafim.image.OwnerPreservingVolumeSuite:
  + typed unary operations preserve values and the exact owner 0.004s
scalafim.image.SearchlightCenterSuite:
  + equal centers hash equally across restored views of one grid owner 0.001s
scalafim.image.TypedImageCoreSuite:
  + provider Affine is finite homogeneous and invertible 0.002s
  + provider SampleSpace owns volume and series sampling metadata 0.002s
  + non-spatial refinements retain the exact image4s grid and frame 0.000s
  + image4s Sampled backs singleton-D3 plane, volume, and series views 0.002s
  + typed coordinate overloads keep voxel and world points separate 0.000s
  + regions canonicalize support while ordered selections reject duplicates 0.002s
  + exact grid indices validate coordinates before selected extraction 0.001s
scalafim.image.consumer.OwnerPreservingVolumeCompileSuite:
  + unary volume operations preserve the exact static owner 0.000s
  + a raw Sampled cannot claim a NeuroVolume owner 0.000s
  + a concrete owner cannot be erased without the explicit boundary 0.000s
external.consumer.ProviderCongruenceBoundaryCompileSuite:
  + deleted ScalaFIM congruence algebra cannot be imported 0.000s
  + external consumers use provider congruence and typed image errors directly 0.000s
  + provider sampling evidence cannot be substituted for a third endpoint 0.000s
scalafim.image.ProviderAdmissionSuite:
  + image4s-locus restores a grid domain and exposes a locus Field 0.002s
scalafim.image.NeuroVolumeRegressionSuite:
  + selected-volume scatter preserves indices and explicit fill 0.001s
  + SomeNeuroVolume.asLogical flags all non-zero values 0.001s
  + SomeNeuroVolume.asMask flags positive values only 0.000s
  + SomeNeuroVolume.asMask(indices) sets specified indices true 0.000s
  + native volume gather and scatter roundtrip on an exact selection 0.001s
  + dense semantic masks convert explicitly to and from exact regions 0.000s
  + exact selection rejects out-of-range voxel ordinals 0.000s
  + selected-volume construction rejects mismatched data and support lengths 0.000s
  + SomeNeuroVolume.asMatrix matches linear ordering 0.000s
  + mapValues maps label ids with numeric keys and defaults missing to 0 0.001s
  + mapValues accepts string keys when parseable and rejects non-numeric keys 0.001s
  + mapf produces expected size and respects mask 0.007s
  + selected-volume gather extracts values at exact voxel coordinates 0.001s
  + SomeNeuroVolume.toSeries produces a 4D SomeNeuroSeries with one volume 0.000s
  + SomeNeuroVolume.concatenate stacks volumes along time into a SomeNeuroSeries 0.001s
  + SomeNeuroVolume planes are zero-copy singleton-D3 image views 0.002s
scalafim.image.ResamplingPlanSuite:
  + identity plan matches existing nearest and linear resampling 0.014s
  + identity plan matches existing nearest and linear SomeNeuroSeries resampling 0.074s
  + Resample plan helpers build and execute morphism-aware plans 0.001s
  + affine translation plan samples shifted source voxels 0.001s
  + affine translation plan samples every SomeNeuroSeries volume 0.001s
  + dense displacement morphisms drive resampling plans 0.002s
  + affine scale plan delegates without coordinate materialization 0.000s
  + linear plan samples continuous source voxel coordinates 0.001s
  + outside value is explicit for out-of-bounds nearest and linear samples 0.001s
  + cubic plans execute and match existing identity tricubic resampling 0.003s
  + resampling plans can apply Jacobian and square-root Jacobian modulation 0.001s
  + coordinate-field rendition returns a provider map with preserved owners 0.001s
  + plan rejects volumes whose source grid differs from the planned source 0.001s
scalafim.image.SpaceUtilsSuite:
  + outputAlignedSpace returns identity-aligned space for identity affine 0.001s
  + outputAlignedSpace supports SomeSampleSpace and custom voxel sizes 0.001s
  + vox2outVox is an alias for outputAlignedSpace 0.001s
  + sliceToVolumeAffine embeds a 2D slice in a 3D volume 0.000s
  + deoblique builds axis-aligned target and supports gridset 0.002s
  + deoblique resamples SomeNeuroVolume to target grid 0.004s
scalafim.image.SliceSamplingSuite:
  + linear slice sampling exactly reproduces an analytic affine field 0.002s
  + nearest sampling preserves label values and the top-to-bottom row contract 0.001s
  + cubic sampling shares the kernel contract and reproduces a linear field 0.002s
  + outside values participate explicitly in interpolation 0.001s
  + validated sampling kernels agree with checked voxel access at every boundary 0.000s
  + display mirroring reverses pixels without changing sampled anatomy 0.000s
  + affine stepping agrees with direct world-to-voxel conversion 0.000s
  + plans reject a volume from a different source space 0.000s
  + mapped slice plans materialize nonlinear pullback coordinates once 0.002s
  + primitive dense-field slice mapping agrees with the typed morphism oracle 0.198s
scalafim.image.DomainValiditySuite:
  + selected windows validate that the selected center is the exact voxel 0.000s
  + exact searchlight materialization reports an excluded center 0.001s
  + exact searchlight support produces valid region-bound windows 0.000s
  + exact searchlight relations reject non-empty rows outside centers 0.000s
  + searchlight radii admit zero and reject negative or non-finite values 0.000s
scalafim.image.world.WorldLinkSuite:
  + one world links directly: coordinates carry over under a checked alignment 0.000s
  + different worlds, including two declared spaces with one label, do not link without a map 0.000s
  + a pullback-only link maps target points back and refuses the forward direction 0.000s
  + a link with both directions round-trips 0.000s
  + points of another owner of the link frame's key are rebound, other worlds are refused 0.000s
  + a mapped link needs at least one direction, and each map must join the link's frames 0.000s
scalafim.image.ValueSemanticsCompileSuite:
  + continuous values admit linear sampling 0.000s
  + mask values cannot enter continuous interpolation 0.000s
  + categorical values cannot enter continuous interpolation 0.000s
scalafim.image.VolumeSearchlightSuite:
  + radius zero is the identity relation 0.001s
  + metric balls are symmetric, monotone, and obey triangle composition 0.001s
  + closed metric balls include points exactly on the radius boundary 0.001s
  + exact cube, ellipsoid, and blobby geometries retain centered relations 0.001s
  + exact neighborhood shape policies reject invalid parameters 0.000s
  + relation rows materialize an exact selected window 0.001s
  + value support restricts materialization without changing metric geometry 0.000s
  + prepared native-volume execution reuses exact support and Ravel order 0.000s
scalafim.image.StatsMaskCompareSuite:
  + NeuroStats summarizes dense volumes 0.001s
  + temporalMean for dense SomeNeuroSeries matches row means 0.001s
  + temporalMean for selected series preserves exact support 0.001s
  + mask images and exact selected support convert only through named operations 0.001s
  + NeuroCompare builds logical volumes and vectors 0.001s
  + NeuroCompare preserves selected support 0.000s
  + NeuroStats summarizes SomeNeuroSeries temporal ranges 0.000s
scalafim.image.ExactVoxelRegionSuite:
  + region construction canonicalizes membership and implements set algebra 0.000s
  + checked region algebra rejects a same-size foreign grid owner 0.000s
  + ordered selections preserve feature order separately from membership 0.000s
  + selected-volume gather preserves order and rejects foreign owners 0.000s
  + selected series use position by time storage 0.001s
  + grid coordinate adapters validate bounds in the exact domain 0.000s
scalafim.image.world.PlacedProbeSuite:
  + a runtime-decoded GridSpec[?] packages only through Placed.of, not the singleton-typed Placed.apply 0.000s
  + an existential Sampled cannot be rebound through SamplingAlignment.exact, so plans re-wrap instead 0.000s
scalafim.image.WorldBoxSuite:
  + extrema, centre, diagonal and containment 0.000s
  + union and enclosing agree 0.000s
  + a grid's bounds enclose its voxel centres in its own frame 0.000s
  + boxes in different frames cannot be combined 0.000s
external.consumer.ProviderSampleSpaceBoundaryCompileSuite:
  + provider-state aliases are not part of the external SampleSpaces API 0.000s
  + the shortest volume and series paths return provider values directly 0.000s
scalafim.image.GridSpecFrameSuite:
  + a grid built in a static frame carries that frame in its type 0.000s
  + typed voxel/world entry points round-trip through frame-owned points 0.000s
  + WorldPoint.claimUnchecked claims a coordinate for exactly the named frame 0.000s
  + a GridSpec in one frame cannot be passed where another frame's grid is required 0.000s
  + a runtime-framed grid cannot be used as a statically framed one without binding 0.000s
  + a pullback between two frames cannot drive a plan between two others 0.000s
  + a frame-owned point cannot be passed as another frame's point 0.000s
  + Placed[GridSpec] binds a decoded-frame grid to the static template frame 0.000s
  + Placed.of packages a runtime-decoded GridSpec[?] and binds it to the static template frame 0.000s
  + Placed.of checks the value's runtime frame owner when its static frame type is wide 0.000s
  + worldAligned relates grids of one world space and refuses grids of different ones 0.000s
  + legacy world-aligned resampling surfaces a world mismatch instead of resampling across worlds 0.001s
  + typed plans resample within one static frame 0.000s
  + bind checks a runtime pullback's endpoints against the grids 0.001s
  + SampleSpaces.regular is the typed form of the spacing/origin vector constructor 0.000s
scalafim.image.MaskedLocalStatsSuite:
  + integral-window normalization matches an independent masked loop 0.003s
  + minimum nominal window fraction rejects undersupported boundaries 0.001s
  + physical channel gradients recover an analytic world covector on an oblique grid 0.002s
scalafim.image.NativeDenseImageSuite:
  + NeuroVolume is the exact Sampled object and Ravel owner 0.000s
  + whole-canonical access uses Ravel last-axis-fastest order 0.000s
  + canonical Scala arrays cross an explicitly copying boundary 0.000s
  + crop, flip, stride, and singleton planes remain immutable views 0.002s
  + explicit materialization creates a distinct whole-canonical owner 0.001s
  + NeuroSeries certifies one Time axis without a wrapper 0.000s
  + SomeNeuroSeries reports the exact non-Time-axis error 0.000s
  + NeuroSeries reports multiple Time axes without constructing rank-4 data 0.000s
  + volume planes report exact spatial-bound errors 0.000s
  + canonical series reshapes to voxel-by-time without copying values 0.000s
  + time selection and spatial series transforms preserve view layouts 0.001s
  + noncanonical series requires an explicit materialization before reshape 0.000s
external.consumer.ProviderTransformBoundaryCompileSuite:
  + the removed image transform hierarchy cannot be imported 0.000s
  + the image boundary consumes the provider spatial-map contract 0.000s
scalafim.image.FunctionalImageSuite:
  + mapValues and coordinate-aware volume mapping preserve geometry 0.000s
  + SomeNeuroSeries mapping distinguishes voxel coordinates from time samples 0.000s
  + checked zipExact rejects a different physical grid 0.000s
  + effectful traversal sequences failures without adding an image monad 0.002s
  + selected-series mapping retains exact selection and exposes coordinates 0.000s
  + region algebra and ordered selection compose without duplicate wrappers 0.000s
  + selected data requires an explicit missing-voxel policy 0.001s
scalafim.image.SubVectorSyntaxSuite:
  + SomeNeuroSeries apply overloads select one volume or a time subset 0.001s
  + selected series use exact support and contiguous position-time rows 0.001s
  + NeuroSeriesSeq supports explicit time selection 0.002s
  + NeuroSeriesSeq time selection preserves requested cross-block order and duplicates 0.002s
  + NeuroSeriesSeq selection agrees with the materialized-series oracle 0.032s
scalafim.image.VolumeDilationSuite:
  + bounded kernel agrees with independent all-pairs reference on a sheared grid 0.008s
  + empty assignment stays empty and foreign mask owners are checked 0.000s
  + world radius and bounds retain finite very large and very small scales 0.000s
scalafim.image.world.WorldSpaceSuite:
  + the same subject label in two datasets names two world spaces 0.001s
  + two boldrefs in one session are distinct unless task, run and geometry all agree 0.001s
  + declared spaces are fresh even when their labels match 0.000s
  + a declared space's identity is its token; the label is presentation only 0.000s
  + decoding malformed identifiers is a Left, never an exception 0.002s
  + a persisted geometry digest must be exactly canonical 0.001s
  + reference acquisitions reject blank BIDS entities 0.000s
  + unknown worlds have distinct persistent scopes and reject the legacy shared key 0.001s
  + encoding round-trips every world space, including awkward characters 0.001s
  + independently created frames of one world space align; different spaces do not 0.000s
  + a persisted world frame restores through the provider registry 0.000s
  + ephemeral and non-RAS frames are not world frames 0.000s
  + sample spaces relabel from unresolved into a world, but never across worlds 0.000s
  + downsampling and deobliquing preserve unknown and known source world scopes 0.002s
  + world relabelling refuses ephemeral LPS and non-millimetre coordinates 0.000s
  + generic nearest-neighbour resampling refuses independent unknown worlds 0.001s
scalafim.image.VolumeAdmissionSuite:
  + volume admission rejects a time axis 0.000s
  + volume admission rejects a channel axis 0.000s
  + volume admission rejects a echo axis 0.000s
  + volume admission rejects a phase-cycle axis 0.000s
  + spatial D3 admission retains the exact sample-space object 0.000s
  + an explicit provider spatial projection is admissible and retained 0.000s
  + the spatial-part helper remains an explicit projection boundary 0.000s
scalafim.image.ProviderAffineContractSuite:
  + provider affine and Gale matrix constructors copy borrowed input 0.000s
  + provider inverse and composition retain coordinate laws 0.000s
  + provider rejects non-affine, singular, and excessive residual inputs 0.000s
  + orientation and neuro affine extensions consume provider geometry 0.000s
scalafim.image.ProviderCongruenceContractSuite:
  + provider certificates retain their exact endpoint references 0.000s
  + persistent restore is admitted while a third owner remains outside the evidence 0.000s
  + distinct ephemeral frames are rejected even for identical geometry 0.000s
  + full sampling distinguishes axes that spatial congruence deliberately ignores 0.000s
  + series zip preserves the complete provider sampling mismatch 0.001s
  + exact and approximate provider congruence distinguish translation and reflection 0.000s
  + approximate full sampling retains exact axes and provider endpoints 0.000s
  + invalid congruence tolerances retain the provider error on both surfaces 0.000s
  + image arithmetic and volume concatenation reject another physical grid 0.000s
  + series mask extraction preserves same-owner coordinates 0.000s
  + series mask extraction rejects translated, reflected, and foreign live owners 0.000s
scalafim.image.CoreSuite:
  + Ravel indices expose logical axis coordinates independent of storage order 0.000s
  + SomeSampleSpace default affine matches spacing/origin 0.000s
  + SomeSampleSpace smart constructor reports invalid geometry directly 0.000s
  + SomeSampleSpace exposes typed 3D coordinate roundtrip 0.000s
  + SomeNeuroVolume arithmetic is elementwise 0.000s
  + Mask indices roundtrip 0.000s
  + ordered voxel selections use canonical grid ordinals 0.000s
  + SomeNeuroSeries volume and series 0.000s
  + SomeNeuroSeries subVector keeps spatial layout 0.000s
  + SomeNeuroVolume plane retains an affine-honest singleton-D3 view 0.001s
  + NeuroSeriesSeq indexes across runs 0.000s
  + SomeSampleSpace grid/index conversions 0.000s
  + typed spatial dims and voxel coords protect 3D indexing 0.000s
  + selected series retain position-first storage and contiguous time 0.001s
  + dense series gather and explicit fill scatter roundtrip 0.000s
  + selected series rows match the canonical dense voxel-time view 0.004s
  + selected series preserve explicit support order and dense parity 0.000s
  + selected-series fill policy is explicit for missing voxels 0.000s
  + selected-series union arithmetic requires an explicit fill policy 0.000s
  + Downsample byFactor uses box averaging 0.000s
  + Downsample updates affine by preserving center world coordinate 0.001s
  + Resample.nearest preserves data when spaces match 0.000s
  + Gaussian blur uses 0-padding at volume boundaries 0.003s
  + Gaussian blur respects mask (zeros outside mask) 0.001s
  + Bilateral filter handles missing mask 0.002s
  + Bilateral filter 4D is identity for zero windows 0.002s
  + Bilateral filter 4D preserves constant arrays without NaNs 0.002s
  + SomeNeuroSeries-SomeNeuroVolume arithmetic broadcasts spatially 0.001s
  + selected-series time concatenation uses an explicit union support 0.001s
  + Resample.trilinear preserves data when spaces match 0.000s
  + selected-series gather rejects a foreign support owner 0.000s
  + selected-series validity enforces position x time shape 0.000s
  + SomeNeuroSeries preserves input shape and linearization 0.001s
  + SomeNeuroSeries series at voxel matches ROI drop semantics 0.000s
scalafim.image.OwnershipSuite:
  + canonical array construction copies its input buffer 0.000s
  + canonical ingress retains one Sampled and Ravel value 0.000s
  + dense compatibility geometry is the sampled SampleSpace itself 0.000s
  + series volume selection is a zero-copy Ravel view 0.000s
  + component fields retain one image4s and Ravel value 0.001s
  + selected series retains one compact Ravel value and exact ordered support 0.001s
  + ordered selected support survives time selection and dense roundtrips 0.001s
  + checked dense reconstruction reports shape failures 0.000s
  + selected-volume construction copies mutable ingress into immutable storage 0.000s
  + selected windows add only a certified center to selected storage 0.000s
scalafim.image.ConnectedComponentsSuite:
  + components retain only one exact partial-surjection result 0.001s
  + connectivity policy distinguishes diagonal contact 0.000s
  + semantic mask input resolves through the exact grid owner 0.000s
  + empty masks produce the valid empty parcel domain 0.000s
  + foreign active-region owners fail closed 0.001s
scalafim.image.OwnerPreservingSeriesSuite:
  + typed shape-preserving operations preserve values and the exact owner 0.000s
  + provider and owner-erased crossings are explicit and zero-wrapper 0.000s
scalafim.image.KMeansParcellationSuite:
  + world-coordinate k-means returns one exact assignment 0.001s
  + one cluster is valid and has the whole active fiber 0.000s
  + invalid policy and foreign owners fail before fitting 0.000s
scalafim.image.GridDomainSuite:
  + 2x3x5x7 uses one canonical Ravel and GridDomain order 0.001s
  + same persistent grid key does not admit a foreign live owner 0.000s
  + versioned domain evidence restores through the same registry 0.000s
scalafim.image.consumer.OwnerPreservingSeriesCompileSuite:
  + shape-preserving series operations retain the exact static owner 0.000s
  + a raw Sampled cannot claim a NeuroSeries owner 0.000s
  + a concrete series owner cannot be erased implicitly 0.000s
  + time selection cannot claim the source sample-space owner 0.000s
scalafim.image.SliceOrientationOracleSuite:
  + all 48 signed axis permutations reslice every anatomical plane correctly 0.050s
  + deterministic oblique affine reslices reproduce a world-linear field 0.031s
scalafim.image.world.PlacedSuite:
  + a value decoded in a fresh MNI frame binds to the static template frame 0.000s
  + binding to a template the value does not live in fails 0.000s
  + only world frames can be packaged 0.000s
  + a value cannot be packaged with a frame it does not belong to 0.001s
  + a packaged value is not a template point until it is bound 0.000s
  + maps between different world frames cannot be composed out of order 0.000s
scalafim.image.SliceCompatibilityParitySuite:
  + ordinary and mapped plans accept one persistent grid restored through its registry 0.001s
  + ordinary and mapped plans reject distinct ephemeral frames with the same provider cause 0.000s
  + ordinary and mapped plans reject translated and reflected grids identically 0.000s
  + ordinary and mapped plans reject an unrelated third owner identically 0.000s
scalafim.image.CatsEffectSharedBoundarySuite:
  + shared Resource releases after success and failure 0.034s
  + shared Resource releases when its fiber is cancelled 0.002s
scalafim.image.OrientationResampleSuite:
  + findAnatomy3D returns expected orientation from axis abbreviations 0.000s
  + Orientation3D rejects duplicate anatomical axes before reorientation 0.000s
  + all 48 signed anatomical permutations round-trip through their matrices 0.002s
  + findAnatomy recovers orientation from identity matrix 0.000s
  + findAnatomyEither reports degenerate matrices as typed errors 0.000s
  + reorient updates SomeSampleSpace transform and axes 0.001s
  + SomeSampleSpace infers axes from trans when axes are not provided 0.000s
  + SampleSpaces retains provider axis records without ordinal reconstruction 0.001s
  + dropDim removes only the selected provider axis and retains the survivor 0.000s
  + parsed method names select internal interpolators 0.001s
  + engine parsing refuses unknown engines 0.000s
  + method and engine parsers report failures without throwing 0.001s
  + resampleTo accepts SomeNeuroVolume/SomeNeuroSeries targets (plus Ops syntax) 0.002s
scalafim.image.SeriesAxisSemanticsSuite:
  + time selection delegates every coordinate model to Axis.select 0.002s
  + time selection reports provider empty and bounds errors unchanged 0.000s
  + continuous regular concatenation preserves provider coordinates and values 0.000s
  + series concatenation exposes provider unit, kind, and discontinuity errors 0.001s
  + series concatenation rejects grid and metadata mismatches through typed errors 0.000s
  + axis concatenation exposes overlap and explicit append semantics 0.000s
  + series concatenation is associative for values and full axis records 0.000s
scalafim.image.world.ToolCoordinatesSuite:
  + every convention round-trips through RAS 0.020s
  + the LPS flip negates x and y only and is self-inverse 0.002s
  + FSL mirrors x exactly when the selected affine is neurological 0.000s
  + FSL selects the sform, then the qform, then scaling 0.001s
  + opposite active q/sform handedness is a typed refusal; historical compatibility must be explicit 0.000s
  + Torig is FreeSurfer's fixed LIA tkregister geometry; tkRAS to scanner is a translation only for LIA volumes 0.000s
  + between composes into and out of RAS 0.000s
scalafim.image.world.SpaceResolverSuite:
  + every NIfTI xform code is recognised; others are rejected 0.000s
  + every GIFTI coordinate-system name maps onto the NIfTI codes 0.000s
  + no evidence, or only unknown/scanner codes without context, is the unresolved space 0.000s
  + scanner and aligned codes with a native context resolve to that native space 0.000s
  + template codes alone are ambiguous, never guessed 0.000s
  + the BIDS space entity names the template and settles an MNI152 code 0.000s
  + native BIDS labels need a native context 0.000s
  + contradictory evidence is a typed conflict 0.000s
  + an explicit assertion settles ambiguous codes and refines native BIDS labels 0.000s
  + an assertion never overrides evidence that contradicts it 0.000s
  + resolveKnown refuses evidence that identifies no world space 0.000s
scalafim.image.SelectedImageSuite:
  + selected volume retains exact selection and compact Ravel order 0.000s
  + selected series are position-time with contiguous voxel rows 0.000s
  + require, drop, and fill make missing-support policy explicit 0.000s
  + selected arithmetic requires exact order or explicit support policies 0.000s
  + foreign domain owners fail closed 0.000s
  + selected series reject non-Time trailing axes 0.000s
scalafim.image.ProviderDimensionRefinementSuite:
  + dynamic D3 admission retains exact provider geometry, physical declarations and FIR axis 0.000s
  + D2 refusal preserves the ScalaFIM error and equal-looking D3 frames stay distinct 0.000s
external.consumer.ProviderAxisBoundaryCompileSuite:
  + the deleted ScalaFIM Axis and AxisSet types cannot be imported 0.000s
  + time-axis construction uses image4s Axis directly 0.000s
external.consumer.UnsafeSpaceRefinementCompileSuite:
  + deleted image-dimension wrapper names are absent from the public API 0.000s
  + exact provider views retain S while owner-erased views expose only SomeSampleSpace 0.000s
  + owner-erased views cannot recover S or call the deleted typedSpace wrapper 0.000s
  + external consumers cannot forge volume and series space refinements 0.000s
scalafim.image.NeuroImageErrorContractSuite:
  + the exhaustive classifier names every current NeuroImageError case 0.000s
  + wrong rank is NeuroImageError.InvalidRank 0.000s
  + shape mismatch retains the typed image4s cause 0.000s
  + linear mismatch is NeuroImageError.LinearSizeMismatch 0.000s
  + foreign volume sampling retains the typed image4s geometry cause 0.000s
  + noncanonical layout remains the typed Ravel error 0.000s
scalafim.image.KernelLayoutSuite:
  + view-safe kernels agree with whole-canonical 2x3x5x7 oracles 0.008s
scalafim.image.VolumeParcellationSuite:
  + one partial surjection is the exact support and fiber truth 0.000s
  + continuous rendering retains its precise sample owner and exact grid 0.000s
  + parcel series are parcel-major with contiguous time rows 0.000s
  + restricted reduction requires an explicit empty-parcel policy 0.000s
  + dynamic boundaries reject foreign voxel, parcel, and support owners 0.000s
  + grid and world centroids use the complete affine 0.000s
  + parcel neighborhoods are centered exact relations 0.001s
  + parcel neighborhood windows retain exact support and center position 0.000s
  + parcel constructors and geometry reject invalid policy 0.000s
scalafim.image.consumer.DynamicImageRefinementCompileSuite:
  + validated concrete images cross their intended dynamic boundaries 0.000s
  + a raw rank-3 Sampled cannot bypass the NeuroVolume admission boundary 0.000s
  + a raw rank-4 Sampled cannot bypass the NeuroSeries time-axis check 0.000s
scalafim.image.Image4sAdmissionSuite:
  + native scalar volume is already an image4s Sampled value 0.000s
external.consumer.ProviderSpaceBoundaryCompileSuite:
  + deleted VolumeSpace and SeriesSpace names cannot be imported 0.000s
  + deleted space unsafe constructors cannot be called 0.000s
  + external consumers construct canonical provider Grid and SampleSpace values 0.000s
scalafim.image.world.IdentifiersSuite:
  + identifiers trim surrounding whitespace 0.000s
  + blank identifiers are rejected with their label 0.000s
scalafim.image.SpatialCoordinatesSuite:
  + RAS and LPS conversions flip the first two axes 0.001s
  + tkRAS conversions translate by c_ras and roundtrip 0.000s
  + voxel/world affine conversions use continuous zero-based voxel coordinates 0.000s
  + typed spatial points use the same coordinate conversions 0.000s
  + provider construction reports singular affine directly 0.000s
  + GridSpec generates world coordinates in canonical last-axis-fastest order 0.000s
  + GridSpec exposes typed batch affine conversions 0.000s
  + GridSpec accepts typed spatial dims and reports invalid vector dims 0.000s
  + GridSpec bridges to SomeSampleSpace without changing affine coordinates 0.000s
scalafim.image.SpaceUtilsEitherSuite:
  + aligned-space construction reports invalid input as typed errors 0.001s
  + deoblique keeps the input's world space and rejects conflicting options 0.000s
[info] Passed: Total 359, Failed 0, Errors 0, Passed 359
[success] Total time: 57 s, completed Oct 3, 2026, 8:02:18 p.m.
[info] compiling 8 Scala sources to /private/tmp/atlas-epic-20261003/consumer-warm/bases/ae07a7d707af9505/staging/b4b08747efd9a8151229/graph4s/core/.js/target/scala-3.7.4/classes ...
[info] done compiling
[info] compiling 5 Scala sources to /private/tmp/atlas-epic-20261003/consumer-warm/bases/ae07a7d707af9505/staging/b4b08747efd9a8151229/graph4s/indexed/.js/target/scala-3.7.4/classes ...
[info] done compiling
[info] compiling 6 Scala sources to /private/tmp/atlas-epic-20261003/consumer-warm/bases/ae07a7d707af9505/staging/b4b08747efd9a8151229/graph4s/data/.js/target/scala-3.7.4/classes ...
[info] compiling 25 Scala sources to /private/tmp/scalafim-atlas-epic-20261003/modules/transform/js/target/scala-3.7.4/classes ...
[info] done compiling
[info] compiling 4 Scala sources to /private/tmp/atlas-epic-20261003/consumer-warm/bases/ae07a7d707af9505/staging/b4b08747efd9a8151229/graph4s/algorithms/.js/target/scala-3.7.4/classes ...
[info] done compiling
[info] compiling 32 Scala sources to /private/tmp/scalafim-atlas-epic-20261003/modules/surface/js/target/scala-3.7.4/classes ...
[info] done compiling
[info] done compiling
[info] compiling 25 Scala sources to /private/tmp/scalafim-atlas-epic-20261003/modules/spatial/js/target/scala-3.7.4/classes ...
[info] done compiling
[info] compiling 35 Scala sources to /private/tmp/scalafim-atlas-epic-20261003/modules/atlas/js/target/scala-3.7.4/classes ...
[info] done compiling
[info] compiling 34 Scala sources to /private/tmp/scalafim-atlas-epic-20261003/modules/atlas/js/target/scala-3.7.4/test-classes ...
[info] done compiling
[info] Fast optimizing /private/tmp/scalafim-atlas-epic-20261003/modules/atlas/js/target/scala-3.7.4/scalafim-atlas-test-fastopt
scalafim.atlas.AtlasDilationSuite:
  + nearest seeds, ties, retained exact owners and independent line fixture 0.047s
  + world radius honors anisotropic geometry; zero radius is identity 0.004s
  + mask is an exact destination restriction and cannot silently discard seeds 0.002s
scalafim.atlas.JulichVisualSuite:
  + anatomical visual selection retains exact assignments and parent evidence 0.020s
scalafim.atlas.AtlasRealizationSuite:
  + volume realization retains one direct partial surjection 0.002s
  + equal-size reordered and foreign parcel identities fail exact alignment 0.003s
  + retargeting a reordered parcel owner requires a certified bijection 0.003s
  + a volume realization rejects an image from a different live grid owner 0.001s
  + volume and bilateral surface share exact parcel identity 0.003s
scalafim.atlas.TemplateSampledCatalogSuite:
  + all published template surface densities normalize as surface spaces while catalog domains remain unsampled 0.001s
scalafim.atlas.MniTemplateBridgeSuite:
  + only the inspected TemplateFlow composite is admitted, by the SHA-256 of its bytes 0.001s
  + the admitted digest must still hold an affine and a field on the 2009c res-01 lattice 0.002s
  + the lattice check reads ITK's LPS size, origin, spacing and direction, and accepts only 2009c res-01 0.001s
  + stock MNI grids are TemplateFlow's, in their templates' frames, with persistent ids 0.000s
  + a dense warp without a forward map is pullback-executable only 0.027s
  + a supplied inverse makes the warp push points and admits routing through its inverse 0.016s
  + the standard manifest names the real TemplateFlow file and why the reverse step is planned 0.000s
scalafim.atlas.AtlasParityCorpusSuite:
  + parity fixture preserves non-contiguous atlas ids and metadata 0.004s
  + query and parcel reduction match neuroatlas parity fixture 0.003s
  + parcel-series reduction keeps non-contiguous ids in parcel order 0.003s
  + parcel-series reduction writes NaN when the mask misses the atlas 0.002s
  + overlap corpus matches Dice and Jaccard golden values 0.004s
  + fixture rejects duplicate metadata ids and unknown payload labels 0.002s
scalafim.atlas.AtlasExpandSuite:
  + coordinate-keyed neuroatlas oracle covers reordered, partial and background values 0.004s
  + expansion rejects foreign parcel owners at compilation 0.000s
scalafim.atlas.AtlasInvariantSuite:
  + reference constructors and updates reject contradictory types at compile time 0.001s
  + realizations cannot be implemented outside the checked construction boundary 0.000s
  + metadata updates preserve the concrete reference type and fixed spaces 0.000s
  + checked space parsing canonicalizes known aliases and refuses opposite kinds 0.000s
  + dynamic reference admission checks both coordinate and template kinds 0.000s
  + metadata stores checked values and rejects invalid strings at construction 0.000s
  + parcel imports reject duplicate, missing and unknown source IDs 0.002s
  + direct and extension queries use the atlas native coordinates by default 0.010s
  + selection preserves exact spatial ownership and records canonical parent evidence 0.003s
  + empty selection is a typed error and selection identity distinguishes actual assignments 0.002s
scalafim.atlas.AtlasGroupingSuite:
  + hemisphere grouping retains the parent parcel owner and distinguishes parcel from spatial weighting 0.003s
  + network grouping reports absent annotations or retains only known partial assignments 0.002s
  + grouping rejects a foreign live parcel owner and non-finite parcel values 0.003s
scalafim.atlas.AtlasQuotientSuite:
  + volume atlases expose exact fibers, parcel metadata, and display order 0.002s
  + metadata changes do not change extensional region identity 0.002s
  + network regions are fibers of the composed realization 0.001s
  + partial network annotations do not claim a total surjection 0.001s
  + surface atlases expose the same bilateral realization operations 0.003s
  + overlap requires exact grids unless alignment is explicitly requested 0.002s
  + one-pass standard reducers retain NaN and non-contiguous id semantics 0.001s
scalafim.atlas.ParcelMetricInteropProducerSuite:
ATLAS_METRIC_DOCUMENT={"format":"org.scalafim.atlas/parcel-metric/v1","payload":"{\"version\":1,\"schema\":{\"name\":\"β metric\",\"unit\":\"%\",\"attributes\":[[\"description\",\"café\"]]},\"parcelDomain\":{\"localId\":\"parcel-domain\",\"identity\":{\"descriptorId\":\"org.neuropublish.domain/finite-indexed\",\"descriptorVersion\":\"1\",\"size\":8,\"structuralFingerprint\":\"2fbed21ae080024351d243815e501114626ae9dc5e517abc840c107e04d9f7c8\",\"identityPreimage\":[78,80,85,68,79,77,49,0,38,0,0,0,111,114,103,46,110,101,117,114,111,112,117,98,108,105,115,104,46,100,111,109,97,105,110,47,102,105,110,105,116,101,45,105,110,100,101,120,101,100,1,0,0,0,49,8,0,0,0,0,0,0,0,-73,0,0,0,111,114,103,46,115,99,97,108,97,102,105,109,46,97,116,108,97,115,47,112,97,114,99,101,108,47,118,50,58,49,48,52,58,56,50,58,51,56,58,111,114,103,46,115,99,97,108,97,102,105,109,46,97,116,108,97,115,47,112,97,114,99,101,108,45,110,97,109,101,115,112,97,99,101,47,118,50,55,58,105,110,116,101,114,111,112,55,58,70,108,111,97,116,54,52,55,58,100,101,102,97,117,108,116,49,49,58,117,110,115,112,101,99,105,102,105,101,100,54,58,86,111,108,117,109,101,57,58,115,121,110,116,104,101,116,105,99,58,49,54,58,115,111,117,114,99,101,45,108,97,98,101,108,115,47,118,49,58,50,50,58,49,58,55,56,58,80,97,114,99,101,108,32,55,55,58,117,110,107,110,111,119,110,-71,0,0,0,111,114,103,46,115,99,97,108,97,102,105,109,46,97,116,108,97,115,47,112,97,114,99,101,108,47,118,50,58,49,48,52,58,56,50,58,51,56,58,111,114,103,46,115,99,97,108,97,102,105,109,46,97,116,108,97,115,47,112,97,114,99,101,108,45,110,97,109,101,115,112,97,99,101,47,118,50,55,58,105,110,116,101,114,111,112,55,58,70,108,111,97,116,54,52,55,58,100,101,102,97,117,108,116,49,49,58,117,110,115,112,101,99,105,102,105,101,100,54,58,86,111,108,117,109,101,57,58,115,121,110,116,104,101,116,105,99,58,49,54,58,115,111,117,114,99,101,45,108,97,98,101,108,115,47,118,49,58,50,52,58,50,58,49,57,57,58,80,97,114,99,101,108,32,49,57,55,58,117,110,107,110,111,119,110,-71,0,0,0,111,114,103,46,115,99,97,108,97,102,105,109,46,97,116,108,97,115,47,112,97,114,99,101,108,47,118,50,58,49,48,52,58,56,50,58,51,56,58,111,114,103,46,115,99,97,108,97,102,105,109,46,97,116,108,97,115,47,112,97,114,99,101,108,45,110,97,109,101,115,112,97,99,101,47,118,50,55,58,105,110,116,101,114,111,112,55,58,70,108,111,97,116,54,52,55,58,100,101,102,97,117,108,116,49,49,58,117,110,115,112,101,99,105,102,105,101,100,54,58,86,111,108,117,109,101,57,58,115,121,110,116,104,101,116,105,99,58,49,54,58,115,111,117,114,99,101,45,108,97,98,101,108,115,47,118,49,58,50,52,58,50,58,52,50,57,58,80,97,114,99,101,108,32,52,50,55,58,117,110,107,110,111,119,110,-71,0,0,0,111,114,103,46,115,99,97,108,97,102,105,109,46,97,116,108,97,115,47,112,97,114,99,101,108,47,118,50,58,49,48,52,58,56,50,58,51,56,58,111,114,103,46,115,99,97,108,97,102,105,109,46,97,116,108,97,115,47,112,97,114,99,101,108,45,110,97,109,101,115,112,97,99,101,47,118,50,55,58,105,110,116,101,114,111,112,55,58,70,108,111,97,116,54,52,55,58,100,101,102,97,117,108,116,49,49,58,117,110,115,112,101,99,105,102,105,101,100,54,58,86,111,108,117,109,101,57,58,115,121,110,116,104,101,116,105,99,58,49,54,58,115,111,117,114,99,101,45,108,97,98,101,108,115,47,118,49,58,50,52,58,50,58,54,51,57,58,80,97,114,99,101,108,32,54,51,55,58,117,110,107,110,111,119,110,-71,0,0,0,111,114,103,46,115,99,97,108,97,102,105,109,46,97,116,108,97,115,47,112,97,114,99,101,108,47,118,50,58,49,48,52,58,56,50,58,51,56,58,111,114,103,46,115,99,97,108,97,102,105,109,46,97,116,108,97,115,47,112,97,114,99,101,108,45,110,97,109,101,115,112,97,99,101,47,118,50,55,58,105,110,116,101,114,111,112,55,58,70,108,111,97,116,54,52,55,58,100,101,102,97,117,108,116,49,49,58,117,110,115,112,101,99,105,102,105,101,100,54,58,86,111,108,117,109,101,57,58,115,121,110,116,104,101,116,105,99,58,49,54,58,115,111,117,114,99,101,45,108,97,98,101,108,115,47,118,49,58,50,52,58,50,58,56,56,57,58,80,97,114,99,101,108,32,56,56,55,58,117,110,107,110,111,119,110,-68,0,0,0,111,114,103,46,115,99,97,108,97,102,105,109,46,97,116,108,97,115,47,112,97,114,99,101,108,47,118,50,58,49,48,52,58,56,50,58,51,56,58,111,114,103,46,115,99,97,108,97,102,105,109,46,97,116,108,97,115,47,112,97,114,99,101,108,45,110,97,109,101,115,112,97,99,101,47,118,50,55,58,105,110,116,101,114,111,112,55,58,70,108,111,97,116,54,52,55,58,100,101,102,97,117,108,116,49,49,58,117,110,115,112,101,99,105,102,105,101,100,54,58,86,111,108,117,109,101,57,58,115,121,110,116,104,101,116,105,99,58,49,54,58,115,111,117,114,99,101,45,108,97,98,101,108,115,47,118,49,58,50,55,58,51,58,49,48,49,49,48,58,80,97,114,99,101,108,32,49,48,49,55,58,117,110,107,110,111,119,110,-68,0,0,0,111,114,103,46,115,99,97,108,97,102,105,109,46,97,116,108,97,115,47,112,97,114,99,101,108,47,118,50,58,49,48,52,58,56,50,58,51,56,58,111,114,103,46,115,99,97,108,97,102,105,109,46,97,116,108,97,115,47,112,97,114,99,101,108,45,110,97,109,101,115,112,97,99,101,47,118,50,55,58,105,110,116,101,114,111,112,55,58,70,108,111,97,116,54,52,55,58,100,101,102,97,117,108,116,49,49,58,117,110,115,112,101,99,105,102,105,101,100,54,58,86,111,108,117,109,101,57,58,115,121,110,116,104,101,116,105,99,58,49,54,58,115,111,117,114,99,101,45,108,97,98,101,108,115,47,118,49,58,50,55,58,51,58,50,48,57,49,48,58,80,97,114,99,101,108,32,50,48,57,55,58,117,110,107,110,111,119,110,-68,0,0,0,111,114,103,46,115,99,97,108,97,102,105,109,46,97,116,108,97,115,47,112,97,114,99,101,108,47,118,50,58,49,48,52,58,56,50,58,51,56,58,111,114,103,46,115,99,97,108,97,102,105,109,46,97,116,108,97,115,47,112,97,114,99,101,108,45,110,97,109,101,115,112,97,99,101,47,118,50,55,58,105,110,116,101,114,111,112,55,58,70,108,111,97,116,54,52,55,58,100,101,102,97,117,108,116,49,49,58,117,110,115,112,101,99,105,102,105,101,100,54,58,86,111,108,117,109,101,57,58,115,121,110,116,104,101,116,105,99,58,49,54,58,115,111,117,114,99,101,45,108,97,98,101,108,115,47,118,49,58,50,55,58,51,58,51,54,48,49,48,58,80,97,114,99,101,108,32,51,54,48,55,58,117,110,107,110,111,119,110]},\"elementKeys\":[\"org.scalafim.atlas/parcel/v2:104:82:38:org.scalafim.atlas/parcel-namespace/v27:interop7:Float647:default11:unspecified6:Volume9:synthetic:16:source-labels/v1:22:1:78:Parcel 77:unknown\",\"org.scalafim.atlas/parcel/v2:104:82:38:org.scalafim.atlas/parcel-namespace/v27:interop7:Float647:default11:unspecified6:Volume9:synthetic:16:source-labels/v1:24:2:199:Parcel 197:unknown\",\"org.scalafim.atlas/parcel/v2:104:82:38:org.scalafim.atlas/parcel-namespace/v27:interop7:Float647:default11:unspecified6:Volume9:synthetic:16:source-labels/v1:24:2:429:Parcel 427:unknown\",\"org.scalafim.atlas/parcel/v2:104:82:38:org.scalafim.atlas/parcel-namespace/v27:interop7:Float647:default11:unspecified6:Volume9:synthetic:16:source-labels/v1:24:2:639:Parcel 637:unknown\",\"org.scalafim.atlas/parcel/v2:104:82:38:org.scalafim.atlas/parcel-namespace/v27:interop7:Float647:default11:unspecified6:Volume9:synthetic:16:source-labels/v1:24:2:889:Parcel 887:unknown\",\"org.scalafim.atlas/parcel/v2:104:82:38:org.scalafim.atlas/parcel-namespace/v27:interop7:Float647:default11:unspecified6:Volume9:synthetic:16:source-labels/v1:27:3:10110:Parcel 1017:unknown\",\"org.scalafim.atlas/parcel/v2:104:82:38:org.scalafim.atlas/parcel-namespace/v27:interop7:Float647:default11:unspecified6:Volume9:synthetic:16:source-labels/v1:27:3:20910:Parcel 2097:unknown\",\"org.scalafim.atlas/parcel/v2:104:82:38:org.scalafim.atlas/parcel-namespace/v27:interop7:Float647:default11:unspecified6:Volume9:synthetic:16:source-labels/v1:27:3:36010:Parcel 3607:unknown\"]},\"origin\":{\"provenance\":{\"localId\":\"atlas-provenance\",\"identity\":{\"family\":\"interop\",\"model\":\"Float64\",\"variant\":\"synthetic\",\"parcelVariant\":null,\"release\":null},\"declaredSupport\":{\"$type\":\"Volume\",\"templateSpaceId\":\"custom\",\"coordinateSpaceId\":\"custom\",\"voxelSizeMillimeters\":null,\"dimensions\":null},\"labels\":{\"encoding\":\"volume-integer-labels\",\"regionIds\":[7,19,42,63,88,101,209,360],\"backgroundSourceLabel\":0,\"labelTableArtifactId\":null,\"attributes\":[]},\"sourceArtifacts\":[{\"id\":\"descriptor_interop_float64\",\"role\":\"descriptor\",\"sourceName\":\"interop\",\"sourceRef\":\"synthetic\",\"sourceUri\":null,\"citationDoi\":null,\"license\":{\"$type\":\"Unspecified\",\"reason\":\"descriptor-only provenance; consult upstream source terms\"},\"digest\":null,\"notes\":null}],\"derivation\":[{\"$type\":\"DeclaredDescriptor\",\"details\":\"interop:Float64\"}],\"citations\":[],\"confidence\":\"uncertain\"},\"representation\":\"Volume\",\"identityPolicy\":\"SourceLabels\",\"source\":\"synthetic\",\"parcelMetadata\":[{\"key\":\"org.scalafim.atlas/parcel/v2:104:82:38:org.scalafim.atlas/parcel-namespace/v27:interop7:Float647:default11:unspecified6:Volume9:synthetic:16:source-labels/v1:22:1:78:Parcel 77:unknown\",\"id\":7,\"label\":\"Parcel 7\",\"fullLabel\":\"Parcel 7\",\"hemisphere\":null,\"network\":null,\"color\":null,\"attributes\":[]},{\"key\":\"org.scalafim.atlas/parcel/v2:104:82:38:org.scalafim.atlas/parcel-namespace/v27:interop7:Float647:default11:unspecified6:Volume9:synthetic:16:source-labels/v1:24:2:199:Parcel 197:unknown\",\"id\":19,\"label\":\"Parcel 19\",\"fullLabel\":\"Parcel 19\",\"hemisphere\":null,\"network\":null,\"color\":null,\"attributes\":[]},{\"key\":\"org.scalafim.atlas/parcel/v2:104:82:38:org.scalafim.atlas/parcel-namespace/v27:interop7:Float647:default11:unspecified6:Volume9:synthetic:16:source-labels/v1:24:2:429:Parcel 427:unknown\",\"id\":42,\"label\":\"Parcel 42\",\"fullLabel\":\"Parcel 42\",\"hemisphere\":null,\"network\":null,\"color\":null,\"attributes\":[]},{\"key\":\"org.scalafim.atlas/parcel/v2:104:82:38:org.scalafim.atlas/parcel-namespace/v27:interop7:Float647:default11:unspecified6:Volume9:synthetic:16:source-labels/v1:24:2:639:Parcel 637:unknown\",\"id\":63,\"label\":\"Parcel 63\",\"fullLabel\":\"Parcel 63\",\"hemisphere\":null,\"network\":null,\"color\":null,\"attributes\":[]},{\"key\":\"org.scalafim.atlas/parcel/v2:104:82:38:org.scalafim.atlas/parcel-namespace/v27:interop7:Float647:default11:unspecified6:Volume9:synthetic:16:source-labels/v1:24:2:889:Parcel 887:unknown\",\"id\":88,\"label\":\"Parcel 88\",\"fullLabel\":\"Parcel 88\",\"hemisphere\":null,\"network\":null,\"color\":null,\"attributes\":[]},{\"key\":\"org.scalafim.atlas/parcel/v2:104:82:38:org.scalafim.atlas/parcel-namespace/v27:interop7:Float647:default11:unspecified6:Volume9:synthetic:16:source-labels/v1:27:3:10110:Parcel 1017:unknown\",\"id\":101,\"label\":\"Parcel 101\",\"fullLabel\":\"Parcel 101\",\"hemisphere\":null,\"network\":null,\"color\":null,\"attributes\":[]},{\"key\":\"org.scalafim.atlas/parcel/v2:104:82:38:org.scalafim.atlas/parcel-namespace/v27:interop7:Float647:default11:unspecified6:Volume9:synthetic:16:source-labels/v1:27:3:20910:Parcel 2097:unknown\",\"id\":209,\"label\":\"Parcel 209\",\"fullLabel\":\"Parcel 209\",\"hemisphere\":null,\"network\":null,\"color\":null,\"attributes\":[]},{\"key\":\"org.scalafim.atlas/parcel/v2:104:82:38:org.scalafim.atlas/parcel-namespace/v27:interop7:Float647:default11:unspecified6:Volume9:synthetic:16:source-labels/v1:27:3:36010:Parcel 3607:unknown\",\"id\":360,\"label\":\"Parcel 360\",\"fullLabel\":\"Parcel 360\",\"hemisphere\":null,\"network\":null,\"color\":null,\"attributes\":[]}],\"displayOrder\":[\"org.scalafim.atlas/parcel/v2:104:82:38:org.scalafim.atlas/parcel-namespace/v27:interop7:Float647:default11:unspecified6:Volume9:synthetic:16:source-labels/v1:22:1:78:Parcel 77:unknown\",\"org.scalafim.atlas/parcel/v2:104:82:38:org.scalafim.atlas/parcel-namespace/v27:interop7:Float647:default11:unspecified6:Volume9:synthetic:16:source-labels/v1:24:2:199:Parcel 197:unknown\",\"org.scalafim.atlas/parcel/v2:104:82:38:org.scalafim.atlas/parcel-namespace/v27:interop7:Float647:default11:unspecified6:Volume9:synthetic:16:source-labels/v1:24:2:429:Parcel 427:unknown\",\"org.scalafim.atlas/parcel/v2:104:82:38:org.scalafim.atlas/parcel-namespace/v27:interop7:Float647:default11:unspecified6:Volume9:synthetic:16:source-labels/v1:24:2:639:Parcel 637:unknown\",\"org.scalafim.atlas/parcel/v2:104:82:38:org.scalafim.atlas/parcel-namespace/v27:interop7:Float647:default11:unspecified6:Volume9:synthetic:16:source-labels/v1:24:2:889:Parcel 887:unknown\",\"org.scalafim.atlas/parcel/v2:104:82:38:org.scalafim.atlas/parcel-namespace/v27:interop7:Float647:default11:unspecified6:Volume9:synthetic:16:source-labels/v1:27:3:10110:Parcel 1017:unknown\",\"org.scalafim.atlas/parcel/v2:104:82:38:org.scalafim.atlas/parcel-namespace/v27:interop7:Float647:default11:unspecified6:Volume9:synthetic:16:source-labels/v1:27:3:20910:Parcel 2097:unknown\",\"org.scalafim.atlas/parcel/v2:104:82:38:org.scalafim.atlas/parcel-namespace/v27:interop7:Float647:default11:unspecified6:Volume9:synthetic:16:source-labels/v1:27:3:36010:Parcel 3607:unknown\"],\"support\":[{\"$type\":\"Volume\",\"reference\":{\"descriptorId\":\"org.neuropublish.domain/volume-grid\",\"descriptorVersion\":\"1\",\"size\":8,\"structuralFingerprint\":\"a345ff7e400ba0778f068ee80772d281b4b0d09ad8880bc8aaf0b51b15e9c4f9\"},\"coordinateSpaceId\":\"custom\",\"shape\":[8,1,1]}],\"assignments\":[{\"source\":{\"descriptorId\":\"org.neuropublish.domain/volume-grid\",\"descriptorVersion\":\"1\",\"size\":8,\"structuralFingerprint\":\"a345ff7e400ba0778f068ee80772d281b4b0d09ad8880bc8aaf0b51b15e9c4f9\"},\"target\":{\"descriptorId\":\"org.neuropublish.domain/finite-indexed\",\"descriptorVersion\":\"1\",\"size\":8,\"structuralFingerprint\":\"2fbed21ae080024351d243815e501114626ae9dc5e517abc840c107e04d9f7c8\"},\"sha256\":\"ff1f6ee5d67458cfac950f62e93042e21fcb867e2234dcc8721801231064ad40\"}]},\"valueEncoding\":\"float64-ieee754-hex-v1\",\"values\":[\"0000000000000000\",\"8000000000000000\",\"7ff0000000000000\",\"fff0000000000000\",\"0000000000000001\",\"7fefffffffffffff\",\"7ff8000000000000\",\"bff4000000000000\"]}","sha256":"41380917ef067ebbd34b0e64ad0036ee90d8f60e2a6fd764d19b2c41ead8264e"}
  + produce the platform metric document 0.015s
scalafim.atlas.OlsenMtlRequestSuite:
  + Olsen mode selects only the audited hippocampal anatomical labels 0.001s
scalafim.atlas.AtlasPublicationSuite:
  + Schaefer variants define exact ordered parcel identity 0.004s
  + volume support identity includes the exact grid 0.002s
  + surface support identity includes ordered topology but not coordinates 0.003s
  + bilateral publication retains one quotient and explicit empty fibers 0.001s
  + foreign-producer v1 fixture matches fixed domain and assignment bytes 0.003s
  + publication admission recomputes fingerprints and identity preimages 0.001s
  + publication admission rejects malformed support and assignments 0.002s
  + checked constructors preserve typed invalid-payload failures 0.002s
scalafim.atlas.ParcelIdentitySuite:
  + Glasser source IDs with opposite hemispheres map to the same canonical anatomy 0.004s
  + canonical order survives source renumbering and metadata reordering 0.002s
  + source labels remain distinct when no canonical encoding is declared 0.004s
  + canonical anatomy and explicitly shared numeric labels are distinct identity schemes 0.002s
  + duplicate full keys fail before an assignment can be published 0.000s
  + missing, malformed, and conflicting hemisphere keys are typed failures 0.000s
  + a canonical Glasser policy cannot be applied to a different atlas family 0.000s
  + canonical domains restore in one registry with exact source-label converters 0.005s
  + canonical surface keys check payload hemisphere even when metadata omits it 0.001s
  + network membership and scalar summaries follow canonical parcel ordinals 0.001s
scalafim.atlas.ParcelFieldsSuite:
  + checked Glasser imports match independently generated R alignment outcomes 0.004s
  + source IDs use the declared encoding, including renumbered canonical domains 0.003s
  + full key import stores canonical order and derives target display metadata 0.001s
  + duplicates precede dropping unknown rows and missing fill is explicit 0.001s
  + aliases normalize before duplicate admission even when unknown keys are dropped 0.001s
  + persistent field transport is explicit and rejects unrelated or reordered domains 0.003s
  + record presentation statically requires the same parcel owner 0.000s
  + portable field reduction also retains the surface realization parcel owner 0.001s
scalafim.atlas.SpaceTransformGraphSuite:
  + the standard manifest populates one spatial graph over unsampled template domains 0.001s
  + the internal affine route matches FreeSurfer mni152.register.dat 0.001s
  + TemplateFlow warps stay planned and typed non-executable until an asset implements them 0.003s
  + assets on frames outside the catalog are rejected when the graph is built 0.000s
  + routes fall back to exact inverses only when no forward route exists 0.001s
  + available steps without provider maps are planned but not executable 0.000s
  + grid pullbacks come from fused affine routes, including inverse steps 0.002s
  + grid pullbacks reject grids outside the route's endpoint worlds 0.001s
  + an identity route over an uncatalogued space plans, but has no world for grid pullbacks 0.000s
scalafim.atlas.SurfaceAtlasSuite:
  + SurfaceAtlas wraps bilateral labeled surfaces with typed region lookup 0.001s
  + surface template and coordinate spaces remain distinct in provenance and publication 0.002s
  + SurfaceAtlas validates geometry hemispheres 0.000s
  + SurfaceAtlas requires non-zero payload labels and region ids to match 0.000s
  + SurfaceAtlas rejects unused label-table ids 0.000s
  + SurfaceAtlas requires lateral hemisphere access and exposes label metadata 0.001s
  + SurfaceAtlas exposes parcel units, distances, and boundary contacts per hemisphere 0.003s
scalafim.atlas.GraphDifferentialSuite:
  + region contact counts match an independent full-neighborhood oracle 0.003s
  + region adjacency lowers to canonical graph topology without changing the atlas API 0.002s
  + optimized contacts have exactly the relational quotient adjacency 0.004s
scalafim.atlas.FslAtlasRequestSuite:
  + named requests expose only pinned executable hard summaries 0.001s
  + pinned asset rejects missing integrity, mutable branch and unsafe cache names 0.000s
scalafim.atlas.AtlasProvenanceSuite:
  + AtlasRef converts to typed provenance with source artifacts, support, labels, and citations 0.000s
  + standard atlas provenance infers release metadata and readable summaries 0.001s
  + descriptor-only provenance is explicit and validation reports audit gaps 0.001s
  + loaded provenance records label filtering decisions 0.000s
  + license and voxel-size helpers round-trip legacy metadata 0.000s
  + source artifacts preserve restricted licenses and SHA digests in legacy export 0.000s
  + strict provenance validation flags missing source accounting 0.000s
scalafim.atlas.ParcelMetricSuite:
  + volume-to-surface restoration preserves origin and admits precise target fields 0.016s
  + origin namespace, ordering, schema and assignment evidence fail closed even with recomputed digest 0.055s
  + whole-payload integrity and independently retained digest detect value alteration 0.007s
  + decoded origins obey classified spaces and hard-label background admission 0.018s
  + unsorted source IDs preserve display order and canonical restoration 0.004s
  + foreign target domain, forged live owner and callback failures are explicit 0.009s
  + Float64 bit contract preserves signed zero, infinities, subnormals and finite extremes 0.006s
  + metric encoding rejects foreign field ownership at compilation 0.000s
scalafim.atlas.ParcelMetricInteropSuite:
  + actual JVM and Scala.js documents decode on either platform 0.029s
scalafim.atlas.SurfaceAtlasFieldsSuite:
  + bilateral scalar and series reductions retain the realization owner 0.001s
  + hemisphere selection is exact combined-vertex support and rejects a foreign owner 0.001s
scalafim.atlas.SubcorticalAtlasRequestSuite:
  + native subcortical requests retain immutable sources and do not advertise derived CIT168 laterality 0.001s
scalafim.atlas.AtlasCoreSuite:
  + Point3D is an atlas alias for image SpatialPoint 0.000s
  + registry resolves standard atlas aliases 0.000s
  + space transform plans include direct, identity, two-hop, and planned routes 0.003s
  + executable affine routes follow provider andThen order 0.001s
  + VolumeAtlas validates region ids and supports metadata subset 0.002s
  + query exact and radius lookups return atlas metadata 0.003s
  + reduceVolume and reduceVec summarize parcel data 0.003s
  + reduceVec preserves all parcels and writes NaN for parcels outside mask 0.001s
  + overlap and adjacency compute region relationships 0.002s
scalafim.atlas.HcpExRequestSuite:
  + HCPex request preserves native resolution-specific immutable assets 0.000s
scalafim.atlas.AtlasComposeSuite:
  + explicit overlap policies compose assignments and preserve the exact first owner 0.008s
  + equal network names are scoped by parent instead of silently grouped 0.003s
  + fully occluded parcels require a policy and compact ids cannot collapse distinct ancestry 0.004s
  + disjoint composition accepts separately admitted exact grids and large overlapping source ids 0.003s
  + composition rejects shifted, anisotropic, reshaped and foreign-frame grids and conflicting declarations 0.003s
  + equal cube dimensions do not admit permuted axes 0.001s
  + both scoped parent provenances survive publication, nested composition, selection and metric persistence 0.043s
  + origin validation rejects forged parent ancestry and correspondence with recomputed envelope digest 0.066s
  + actual neuroatlas second-parent precedence matches coordinate-keyed ancestry fixtures 0.007s
  + canonical Glasser ancestry is independent of source numbering and presentation order 0.012s
  + parent remaps reject foreign parcel indices at compile time 0.000s
  + review regressions reject nested nonzero background, surface encoding and foreign support 0.032s
  + composition selection history and recursive support binding cannot be removed or substituted 0.065s
scalafim.atlas.AtlasReductionSuite:
  + scalar and one-timepoint series share every missing and empty policy 0.013s
  + all-NaN is not empty support and custom skip receives an empty array 0.001s
  + mean and sum have explicit independent expectations under every NaN policy 0.001s
  + propagation bypasses callbacks and reject reports the selected parcel and time 0.001s
  + empty support fills or rejects before callbacks 0.001s
  + custom arrays are isolated across samples and lookups never rerun callbacks 0.001s
  + field results snapshot input values and custom failures remain typed 0.001s
  + scalar and series masks reject an independent equal-shaped grid owner 0.002s
scalafim.atlas.AtlasCoverageSuite:
  + registry normalizes aliases and reports unknown ids with available atlases 0.000s
  + region index normalizes labels, filters hemispheres, and rejects duplicate ids 0.000s
  + volume atlas construction rejects unknown and absent payload labels 0.001s
  + space transforms expose no-route and non-affine execution limits 0.000s
  + parcel records derive metadata and display order from the realization 0.001s
  + volume reductions match grouped oracle sums 0.001s
  + series reduction syntax respects typed reducers and masks 0.001s
  + overlap is symmetric by atlas order and self-overlap is identity 0.002s
  + adjacency connectivity is monotone from faces to corners 0.001s
  + query contracts cover exact lookup, invalid radii, and transform failures 0.001s
  + atlas error messages and provenance helper aliases remain explicit 0.000s
[info] Passed: Total 155, Failed 0, Errors 0, Passed 155
[success] Total time: 26 s, completed Oct 3, 2026, 8:02:45 p.m.
[info] compiling 21 Scala sources to /private/tmp/scalafim-atlas-epic-20261003/modules/connectivity/js/target/scala-3.7.4/classes ...
[info] done compiling
[info] compiling 2 Scala sources to /private/tmp/scalafim-atlas-epic-20261003/modules/atlas-workflows/js/target/scala-3.7.4/classes ...
[info] done compiling
[info] compiling 1 Scala source to /private/tmp/scalafim-atlas-epic-20261003/modules/atlas-workflows/js/target/scala-3.7.4/test-classes ...
[info] done compiling
[info] Fast optimizing /private/tmp/scalafim-atlas-epic-20261003/modules/atlas-workflows/js/target/scala-3.7.4/scalafim-atlas-workflows-test-fastopt
scalafim.atlas.workflows.AtlasWorkflowsSuite:
  + named masked extraction reaches canonical connectivity nodes with explicit timing 0.019s
  + same-sized foreign owners, duplicate batches and timing mismatches are refused 0.004s
  + affine nearest-label transport checks pull direction and returns completed evidence 0.016s
[info] Passed: Total 3, Failed 0, Errors 0, Passed 3
[success] Total time: 6 s, completed Oct 3, 2026, 8:02:51 p.m.
[info] compiling 26 Scala sources to /private/tmp/scalafim-atlas-epic-20261003/modules/mvpa/js/target/scala-3.7.4/classes ...
[info] done compiling
[info] compiling 3 Scala sources to /private/tmp/scalafim-atlas-epic-20261003/modules/mvpa-spatial/js/target/scala-3.7.4/classes ...
[info] done compiling
[info] compiling 4 Scala sources to /private/tmp/scalafim-atlas-epic-20261003/modules/mvpa-spatial/js/target/scala-3.7.4/test-classes ...
[info] done compiling
[info] Fast optimizing /private/tmp/scalafim-atlas-epic-20261003/modules/mvpa-spatial/js/target/scala-3.7.4/scalafim-fmri-mvpa-spatial-test-fastopt
scalafim.fmri.mvpa.spatial.LocusFeatureSetPlansSuite:
  + regions use ambient order while selections preserve explicit order 0.003s
  + parcellations become regional plans from quotient fibers 0.001s
  + centered locus searchlights become searchlight plans without geometry 0.001s
  + center inclusion is established before the MVPA adapter 0.000s
scalafim.fmri.mvpa.spatial.SpatialFeatureSetPlansSuite:
  + volume label maps become regional feature plans with linear voxel ordering 0.008s
  + volume atlas plans preserve atlas region ids and labels 0.011s
  + exact volume neighborhoods become searchlight plans in domain order 0.002s
  + searchlight mask plans run through the MVPA engine 0.003s
  + labeled surface parcels become deterministic regional plans 0.002s
  + typed spatial errors convert to MVPA compatibility errors 0.001s
  + exact searchlight construction rejects a missing center 0.001s
  + parcel key identity policy reports fragmented parcel id collisions 0.000s
scalafim.fmri.mvpa.spatial.PyMvpaSearchlightParitySuite:
  + physical-mm volume neighborhoods match native PyMVPA under a complete affine 0.009s
  + surface neighborhoods match independent Dijkstra geodesics, not chord spheres 0.004s
  + invalid geometry is typed and one local failure does not abort later centers 0.001s
[info] Passed: Total 15, Failed 0, Errors 0, Passed 15
[success] Total time: 6 s, completed Oct 3, 2026, 8:02:57 p.m.
