[info] welcome to sbt 1.11.7 (Homebrew Java 25.0.1)
[info] loading settings for project scalafim-atlas-epic-20261003-build from plugins.sbt...
[info] loading project definition from /private/tmp/scalafim-atlas-epic-20261003/project
[info] loading settings for project root from build.sbt...
[info] loading settings for project alder-build from plugins.sbt...
[info] loading project definition from /private/tmp/atlas-epic-20261003/consumer-warm/bases/ae07a7d707af9505/staging/2f5b3675f2cf2c4e96c3/alder/project
[info] loading settings for project root from build.sbt...
[info] loading settings for project bids4s-build from plugins.sbt...
[info] loading project definition from /private/tmp/atlas-epic-20261003/consumer-warm/bases/ae07a7d707af9505/staging/77e7bdc71bddb8077fcd/bids4s/project
[info] loading settings for project root from build.sbt...
[info] loading settings for project gale-build from plugins.sbt...
[info] loading project definition from /private/tmp/atlas-epic-20261003/consumer-warm/bases/ae07a7d707af9505/staging/5a90f48e170e9e640ee1/gale/project
[info] loading settings for project root from build.sbt...
[info] loading settings for project gale-build from plugins.sbt...
[info] loading project definition from /private/tmp/atlas-epic-20261003/consumer-warm/bases/ae07a7d707af9505/staging/449715b8ebc2010e6e23/gale/project
[info] loading settings for project root from build.sbt...
[info] loading settings for project graph4s-build from plugins.sbt...
[info] loading project definition from /private/tmp/atlas-epic-20261003/consumer-warm/bases/ae07a7d707af9505/staging/b4b08747efd9a8151229/graph4s/project
[info] loading settings for project root from build.sbt...
[info] loading settings for project image4s-build from plugins.sbt...
[info] loading project definition from /private/tmp/atlas-epic-20261003/consumer-warm/bases/ae07a7d707af9505/staging/d79d1afec9bc45383768/image4s/project
[info] loading settings for project root from build.sbt...
[info] loading settings for project intaglio-build from plugins.sbt...
[info] loading project definition from /private/tmp/atlas-epic-20261003/consumer-warm/bases/ae07a7d707af9505/staging/34fcacf7027b8ae3b2f8/intaglio/project
[info] loading settings for project root from build.sbt...
[info] loading settings for project linops4s-build from plugins.sbt...
[info] loading project definition from /private/tmp/atlas-epic-20261003/consumer-warm/bases/ae07a7d707af9505/staging/cfabf5f1e5e2fb8fb176/linops4s/project
[info] loading settings for project root from build.sbt...
[info] loading settings for project locus4s-build from plugins.sbt...
[info] loading project definition from /private/tmp/atlas-epic-20261003/consumer-warm/bases/ae07a7d707af9505/staging/05a8f1a231c171f1bca0/locus4s/project
[info] loading settings for project root from build.sbt...
[info] loading settings for project multivar-build from plugins.sbt...
[info] loading project definition from /private/tmp/atlas-epic-20261003/consumer-warm/bases/ae07a7d707af9505/staging/8a071d8f65817f0f368f/multivar/project
[info] loading settings for project root from build.sbt...
[info] loading settings for project ravel-build from plugins.sbt...
[info] loading project definition from /private/tmp/atlas-epic-20261003/consumer-warm/bases/ae07a7d707af9505/staging/57a292f3a6ded9e259cf/ravel/project
[info] loading settings for project root from build.sbt...
[info] loading settings for project reframe4s-build from plugins.sbt...
[info] loading project definition from /private/tmp/atlas-epic-20261003/consumer-warm/bases/ae07a7d707af9505/staging/aa1fd63832323d604703/reframe4s/project
[info] loading settings for project root from build.sbt...
[info] loading settings for project image4s-build from plugins.sbt...
[info] loading project definition from /private/tmp/atlas-epic-20261003/consumer-warm/bases/ae07a7d707af9505/staging/41e96dde036f148f012a/image4s/project
[info] loading settings for project root from build.sbt...
[info] loading settings for project resample4s-build from plugins.sbt...
[info] loading project definition from /private/tmp/atlas-epic-20261003/consumer-warm/bases/ae07a7d707af9505/staging/3f5d01c7e6069e74a205/resample4s/project
[info] loading settings for project root from build.sbt...
[info] loading settings for project zarr4s-build from plugins.sbt...
[info] loading project definition from /private/tmp/atlas-epic-20261003/consumer-warm/bases/ae07a7d707af9505/staging/34c0071f90095ef07887/zarr4s/project
[info] loading settings for project root from build.sbt...
[info] resolving key references (347459 settings) ...
[info] set current project to scalafim (in build file:/private/tmp/scalafim-atlas-epic-20261003/)
[success] Total time: 0 s, completed Oct 3, 2026, 8:03:40 p.m.
[success] Total time: 0 s, completed Oct 3, 2026, 8:03:40 p.m.
[info] compiling 12 Scala sources to /private/tmp/scalafim-atlas-epic-20261003/modules/pipeline/jvm/target/scala-3.7.4/classes ...
[info] done compiling
[success] Total time: 5 s, completed Oct 3, 2026, 8:03:45 p.m.
[info] compiling 12 Scala sources to /private/tmp/scalafim-atlas-epic-20261003/modules/pipeline/js/target/scala-3.7.4/classes ...
[info] done compiling
[success] Total time: 2 s, completed Oct 3, 2026, 8:03:48 p.m.
[success] Total time: 0 s, completed Oct 3, 2026, 8:03:48 p.m.
[info] compiling 10 Scala sources to /private/tmp/scalafim-atlas-epic-20261003/modules/response/js/target/scala-3.7.4/classes ...
[info] done compiling
[success] Total time: 3 s, completed Oct 3, 2026, 8:03:51 p.m.
[info] compiling 1 Scala source to /private/tmp/scalafim-atlas-epic-20261003/modules/response-laws/jvm/target/scala-3.7.4/classes ...
[info] done compiling
[success] Total time: 1 s, completed Oct 3, 2026, 8:03:52 p.m.
[info] compiling 1 Scala source to /private/tmp/scalafim-atlas-epic-20261003/modules/response-laws/js/target/scala-3.7.4/classes ...
[info] done compiling
[success] Total time: 1 s, completed Oct 3, 2026, 8:03:53 p.m.
[info] compiling 17 Scala sources to /private/tmp/scalafim-atlas-epic-20261003/modules/latent/jvm/target/scala-3.7.4/classes ...
[info] done compiling
[success] Total time: 6 s, completed Oct 3, 2026, 8:03:59 p.m.
[info] compiling 17 Scala sources to /private/tmp/scalafim-atlas-epic-20261003/modules/latent/js/target/scala-3.7.4/classes ...
[info] done compiling
[success] Total time: 5 s, completed Oct 3, 2026, 8:04:04 p.m.
[success] Total time: 0 s, completed Oct 3, 2026, 8:04:04 p.m.
[info] compiling 12 Scala sources to /private/tmp/scalafim-atlas-epic-20261003/modules/ar/js/target/scala-3.7.4/classes ...
[info] done compiling
[success] Total time: 2 s, completed Oct 3, 2026, 8:04:06 p.m.
[success] Total time: 0 s, completed Oct 3, 2026, 8:04:06 p.m.
[info] compiling 38 Scala sources to /private/tmp/scalafim-atlas-epic-20261003/modules/hrf/js/target/scala-3.7.4/classes ...
[info] done compiling
[success] Total time: 4 s, completed Oct 3, 2026, 8:04:10 p.m.
[info] compiling 2 Scala sources to /private/tmp/scalafim-atlas-epic-20261003/modules/hrf-laws/jvm/target/scala-3.7.4/classes ...
[info] done compiling
[success] Total time: 1 s, completed Oct 3, 2026, 8:04:11 p.m.
[info] compiling 2 Scala sources to /private/tmp/scalafim-atlas-epic-20261003/modules/hrf-laws/js/target/scala-3.7.4/classes ...
[info] done compiling
[success] Total time: 1 s, completed Oct 3, 2026, 8:04:12 p.m.
[info] compiling 1 Scala source to /private/tmp/scalafim-atlas-epic-20261003/modules/scenario-testkit/jvm/target/scala-3.7.4/classes ...
[info] done compiling
[success] Total time: 0 s, completed Oct 3, 2026, 8:04:12 p.m.
[info] compiling 1 Scala source to /private/tmp/scalafim-atlas-epic-20261003/modules/scenario-testkit/js/target/scala-3.7.4/classes ...
[info] done compiling
[success] Total time: 0 s, completed Oct 3, 2026, 8:04:13 p.m.
[success] Total time: 0 s, completed Oct 3, 2026, 8:04:13 p.m.
[info] compiling 27 Scala sources to /private/tmp/atlas-epic-20261003/consumer-warm/bases/ae07a7d707af9505/staging/34fcacf7027b8ae3b2f8/intaglio/modules/core/js/target/scala-3.4.2/classes ...
[info] done compiling
[info] compiling 46 Scala sources to /private/tmp/scalafim-atlas-epic-20261003/modules/design/js/target/scala-3.7.4/classes ...
[info] done compiling
[success] Total time: 23 s, completed Oct 3, 2026, 8:04:36 p.m.
[success] Total time: 3 s, completed Oct 3, 2026, 8:04:39 p.m.
[success] Total time: 3 s, completed Oct 3, 2026, 8:04:42 p.m.
[info] compiling 1 Scala source to /private/tmp/scalafim-atlas-epic-20261003/modules/provider-spike/jvm/target/scala-3.7.4/classes ...
[info] done compiling
[success] Total time: 1 s, completed Oct 3, 2026, 8:04:44 p.m.
[info] compiling 1 Scala source to /private/tmp/scalafim-atlas-epic-20261003/modules/provider-spike/js/target/scala-3.7.4/classes ...
[info] done compiling
[success] Total time: 1 s, completed Oct 3, 2026, 8:04:45 p.m.
[info] compiling 6 Scala sources to /private/tmp/scalafim-atlas-epic-20261003/modules/image-view/jvm/target/scala-3.7.4/classes ...
[info] done compiling
[success] Total time: 4 s, completed Oct 3, 2026, 8:04:49 p.m.
[info] compiling 6 Scala sources to /private/tmp/scalafim-atlas-epic-20261003/modules/image-view/js/target/scala-3.7.4/classes ...
[info] done compiling
[success] Total time: 4 s, completed Oct 3, 2026, 8:04:53 p.m.
[info] compiling 2 Scala sources to /private/tmp/atlas-epic-20261003/consumer-warm/bases/ae07a7d707af9505/staging/34fcacf7027b8ae3b2f8/intaglio/modules/canvas/js/target/scala-3.4.2/classes ...
[info] done compiling
[info] compiling 1 Scala source to /private/tmp/scalafim-atlas-epic-20261003/modules/image-view-canvas/js/target/scala-3.7.4/classes ...
[info] done compiling
[success] Total time: 3 s, completed Oct 3, 2026, 8:04:57 p.m.
[info] compiling 2 Scala sources to /private/tmp/atlas-epic-20261003/consumer-warm/bases/ae07a7d707af9505/staging/34fcacf7027b8ae3b2f8/intaglio/modules/java2d/jvm/target/scala-3.4.2/classes ...
[info] done compiling
[info] compiling 1 Scala source to /private/tmp/scalafim-atlas-epic-20261003/modules/image-view-java2d/jvm/target/scala-3.7.4/classes ...
[info] done compiling
[success] Total time: 3 s, completed Oct 3, 2026, 8:05:00 p.m.
[info] compiling 2 Scala sources to /private/tmp/atlas-epic-20261003/consumer-warm/bases/ae07a7d707af9505/staging/34fcacf7027b8ae3b2f8/intaglio/modules/javafx/jvm/target/scala-3.4.2/classes ...
[info] done compiling
[info] compiling 1 Scala source to /private/tmp/scalafim-atlas-epic-20261003/modules/image-view-javafx/jvm/target/scala-3.7.4/classes ...
[info] done compiling
[success] Total time: 3 s, completed Oct 3, 2026, 8:05:03 p.m.
[info] compiling 12 Scala sources to /private/tmp/scalafim-atlas-epic-20261003/modules/threshold/jvm/target/scala-3.7.4/classes ...
[info] done compiling
[success] Total time: 4 s, completed Oct 3, 2026, 8:05:07 p.m.
[info] compiling 12 Scala sources to /private/tmp/scalafim-atlas-epic-20261003/modules/threshold/js/target/scala-3.7.4/classes ...
[info] done compiling
[success] Total time: 4 s, completed Oct 3, 2026, 8:05:11 p.m.
[info] compiling 21 Scala sources to /private/tmp/atlas-epic-20261003/consumer-warm/bases/ae07a7d707af9505/staging/77e7bdc71bddb8077fcd/bids4s/modules/core/jvm/target/scala-3.3.8/classes ...
[info] done compiling
[info] compiling 26 Scala sources to /private/tmp/scalafim-atlas-epic-20261003/modules/motion/jvm/target/scala-3.7.4/classes ...
[info] done compiling
[success] Total time: 12 s, completed Oct 3, 2026, 8:05:23 p.m.
[info] compiling 18 Scala sources to /private/tmp/scalafim-atlas-epic-20261003/modules/motion/js/target/scala-3.7.4/classes ...
[info] done compiling
[success] Total time: 6 s, completed Oct 3, 2026, 8:05:29 p.m.
[success] Total time: 3 s, completed Oct 3, 2026, 8:05:32 p.m.
[success] Total time: 2 s, completed Oct 3, 2026, 8:05:34 p.m.
[info] compiling 18 Scala sources to /private/tmp/scalafim-atlas-epic-20261003/modules/surface-view/jvm/target/scala-3.7.4/classes ...
[info] done compiling
[success] Total time: 5 s, completed Oct 3, 2026, 8:05:39 p.m.
[info] compiling 18 Scala sources to /private/tmp/scalafim-atlas-epic-20261003/modules/surface-view/js/target/scala-3.7.4/classes ...
[info] done compiling
[success] Total time: 5 s, completed Oct 3, 2026, 8:05:44 p.m.
[info] compiling 3 Scala sources to /private/tmp/scalafim-atlas-epic-20261003/modules/surface-view-raster/jvm/target/scala-3.7.4/classes ...
[info] done compiling
[success] Total time: 3 s, completed Oct 3, 2026, 8:05:47 p.m.
[info] compiling 2 Scala sources to /private/tmp/scalafim-atlas-epic-20261003/modules/surface-view-raster/js/target/scala-3.7.4/classes ...
[info] done compiling
[success] Total time: 3 s, completed Oct 3, 2026, 8:05:50 p.m.
[info] compiling 6 Scala sources to /private/tmp/scalafim-atlas-epic-20261003/modules/surface-view-javafx/jvm/target/scala-3.7.4/classes ...
[info] done compiling
[success] Total time: 3 s, completed Oct 3, 2026, 8:05:54 p.m.
[info] compiling 5 Scala sources to /private/tmp/scalafim-atlas-epic-20261003/modules/surface-view-three/js/target/scala-3.7.4/classes ...
[info] done compiling
[success] Total time: 4 s, completed Oct 3, 2026, 8:05:57 p.m.
[info] compiling 1 Scala source to /private/tmp/scalafim-atlas-epic-20261003/modules/surface-view-connectivity/jvm/target/scala-3.7.4/classes ...
[info] done compiling
[success] Total time: 3 s, completed Oct 3, 2026, 8:06:00 p.m.
[info] compiling 1 Scala source to /private/tmp/scalafim-atlas-epic-20261003/modules/surface-view-connectivity/js/target/scala-3.7.4/classes ...
[info] done compiling
[success] Total time: 3 s, completed Oct 3, 2026, 8:06:04 p.m.
[info] compiling 7 Scala sources to /private/tmp/scalafim-atlas-epic-20261003/examples/surface-view/jvm/target/scala-3.7.4/classes ...
[info] done compiling
[success] Total time: 3 s, completed Oct 3, 2026, 8:06:07 p.m.
[info] compiling 7 Scala sources to /private/tmp/scalafim-atlas-epic-20261003/examples/surface-view/js/target/scala-3.7.4/classes ...
[info] done compiling
[success] Total time: 4 s, completed Oct 3, 2026, 8:06:10 p.m.
[success] Total time: 3 s, completed Oct 3, 2026, 8:06:13 p.m.
[success] Total time: 3 s, completed Oct 3, 2026, 8:06:16 p.m.
[success] Total time: 2 s, completed Oct 3, 2026, 8:06:18 p.m.
[success] Total time: 3 s, completed Oct 3, 2026, 8:06:21 p.m.
[success] Total time: 3 s, completed Oct 3, 2026, 8:06:23 p.m.
[success] Total time: 2 s, completed Oct 3, 2026, 8:06:26 p.m.
[info] compiling 7 Scala sources to /private/tmp/scalafim-atlas-epic-20261003/modules/archive/jvm/target/scala-3.7.4/classes ...
[info] done compiling
[success] Total time: 1 s, completed Oct 3, 2026, 8:06:27 p.m.
[info] compiling 6 Scala sources to /private/tmp/scalafim-atlas-epic-20261003/modules/archive/js/target/scala-3.7.4/classes ...
[info] done compiling
[success] Total time: 1 s, completed Oct 3, 2026, 8:06:28 p.m.
[info] compiling 9 Scala sources to /private/tmp/scalafim-atlas-epic-20261003/modules/estimates/jvm/target/scala-3.7.4/classes ...
[info] done compiling
[success] Total time: 3 s, completed Oct 3, 2026, 8:06:31 p.m.
[info] compiling 9 Scala sources to /private/tmp/scalafim-atlas-epic-20261003/modules/estimates/js/target/scala-3.7.4/classes ...
[info] done compiling
[success] Total time: 3 s, completed Oct 3, 2026, 8:06:34 p.m.
[info] compiling 5 Scala sources to /private/tmp/scalafim-atlas-epic-20261003/modules/estimates-io/jvm/target/scala-3.7.4/classes ...
[info] done compiling
[success] Total time: 5 s, completed Oct 3, 2026, 8:06:40 p.m.
[info] compiling 2 Scala sources to /private/tmp/scalafim-atlas-epic-20261003/modules/estimates-io/js/target/scala-3.7.4/classes ...
[info] done compiling
[success] Total time: 5 s, completed Oct 3, 2026, 8:06:45 p.m.
[info] compiling 17 Scala sources to /private/tmp/scalafim-atlas-epic-20261003/modules/group/jvm/target/scala-3.7.4/classes ...
[info] done compiling
[info] compiling 2 Scala sources to /private/tmp/scalafim-atlas-epic-20261003/modules/fit-estimates/jvm/target/scala-3.7.4/classes ...
[info] done compiling
[success] Total time: 5 s, completed Oct 3, 2026, 8:06:50 p.m.
[info] compiling 17 Scala sources to /private/tmp/scalafim-atlas-epic-20261003/modules/dataset/js/target/scala-3.7.4/classes ...
[info] done compiling
[info] compiling 9 Scala sources to /private/tmp/scalafim-atlas-epic-20261003/modules/model/js/target/scala-3.7.4/classes ...
[info] compiling 17 Scala sources to /private/tmp/scalafim-atlas-epic-20261003/modules/group/js/target/scala-3.7.4/classes ...
[info] done compiling
[info] done compiling
[info] compiling 64 Scala sources to /private/tmp/scalafim-atlas-epic-20261003/modules/fit/js/target/scala-3.7.4/classes ...
[info] done compiling
[info] compiling 2 Scala sources to /private/tmp/scalafim-atlas-epic-20261003/modules/fit-estimates/js/target/scala-3.7.4/classes ...
[info] done compiling
[success] Total time: 12 s, completed Oct 3, 2026, 8:07:02 p.m.
[info] compiling 14 Scala sources to /private/tmp/scalafim-atlas-epic-20261003/modules/archive-lna/jvm/target/scala-3.7.4/classes ...
[info] done compiling
[success] Total time: 3 s, completed Oct 3, 2026, 8:07:06 p.m.
[info] compiling 10 Scala sources to /private/tmp/scalafim-atlas-epic-20261003/modules/archive-lna/js/target/scala-3.7.4/classes ...
[info] done compiling
[success] Total time: 4 s, completed Oct 3, 2026, 8:07:09 p.m.
[info] compiling 33 Scala sources to /private/tmp/atlas-epic-20261003/consumer-warm/bases/ae07a7d707af9505/staging/34c0071f90095ef07887/zarr4s/core/jvm/target/scala-3.7.4/classes ...
[info] done compiling
[info] compiling 10 Scala sources to /private/tmp/scalafim-atlas-epic-20261003/modules/archive-zarr/jvm/target/scala-3.7.4/classes ...
[info] done compiling
[info] compiling 30 Scala sources to /private/tmp/scalafim-atlas-epic-20261003/modules/interop-archived-response/jvm/target/scala-3.7.4/classes ...
[info] done compiling
[success] Total time: 7 s, completed Oct 3, 2026, 8:07:17 p.m.
[info] compiling 30 Scala sources to /private/tmp/atlas-epic-20261003/consumer-warm/bases/ae07a7d707af9505/staging/34c0071f90095ef07887/zarr4s/core/js/target/scala-3.7.4/classes ...
[info] done compiling
[info] compiling 9 Scala sources to /private/tmp/scalafim-atlas-epic-20261003/modules/archive-zarr/js/target/scala-3.7.4/classes ...
[info] done compiling
[info] compiling 24 Scala sources to /private/tmp/scalafim-atlas-epic-20261003/modules/interop-archived-response/js/target/scala-3.7.4/classes ...
[info] done compiling
[success] Total time: 6 s, completed Oct 3, 2026, 8:07:23 p.m.
[success] Total time: 2 s, completed Oct 3, 2026, 8:07:25 p.m.
[success] Total time: 2 s, completed Oct 3, 2026, 8:07:27 p.m.
[success] Total time: 3 s, completed Oct 3, 2026, 8:07:30 p.m.
[success] Total time: 2 s, completed Oct 3, 2026, 8:07:32 p.m.
[success] Total time: 3 s, completed Oct 3, 2026, 8:07:35 p.m.
[success] Total time: 3 s, completed Oct 3, 2026, 8:07:38 p.m.
[success] Total time: 3 s, completed Oct 3, 2026, 8:07:40 p.m.
[success] Total time: 3 s, completed Oct 3, 2026, 8:07:43 p.m.
[success] Total time: 0 s, completed Oct 3, 2026, 8:07:43 p.m.
[success] Total time: 0 s, completed Oct 3, 2026, 8:07:43 p.m.
[info] compiling 97 Scala sources to /private/tmp/atlas-epic-20261003/consumer-warm/bases/ae07a7d707af9505/staging/8a071d8f65817f0f368f/multivar/modules/core/jvm/target/scala-3.7.4/classes ...
[info] done compiling
[info] compiling 8 Scala sources to /private/tmp/scalafim-atlas-epic-20261003/modules/mvpa-fit/jvm/target/scala-3.7.4/classes ...
[info] done compiling
[success] Total time: 9 s, completed Oct 3, 2026, 8:07:52 p.m.
[info] compiling 97 Scala sources to /private/tmp/atlas-epic-20261003/consumer-warm/bases/ae07a7d707af9505/staging/8a071d8f65817f0f368f/multivar/modules/core/js/target/scala-3.7.4/classes ...
[info] done compiling
[info] compiling 8 Scala sources to /private/tmp/scalafim-atlas-epic-20261003/modules/mvpa-fit/js/target/scala-3.7.4/classes ...
[info] done compiling
[success] Total time: 10 s, completed Oct 3, 2026, 8:08:01 p.m.
[success] Total time: 0 s, completed Oct 3, 2026, 8:08:02 p.m.
[success] Total time: 0 s, completed Oct 3, 2026, 8:08:02 p.m.
[success] Total time: 3 s, completed Oct 3, 2026, 8:08:05 p.m.
[success] Total time: 3 s, completed Oct 3, 2026, 8:08:07 p.m.
[info] compiling 2 Scala sources to /private/tmp/scalafim-atlas-epic-20261003/modules/mvpa-dataset/jvm/target/scala-3.7.4/classes ...
[info] done compiling
[success] Total time: 3 s, completed Oct 3, 2026, 8:08:10 p.m.
[info] compiling 2 Scala sources to /private/tmp/scalafim-atlas-epic-20261003/modules/mvpa-dataset/js/target/scala-3.7.4/classes ...
[info] done compiling
[success] Total time: 3 s, completed Oct 3, 2026, 8:08:13 p.m.
[success] Total time: 2 s, completed Oct 3, 2026, 8:08:16 p.m.
[success] Total time: 2 s, completed Oct 3, 2026, 8:08:18 p.m.
[info] compiling 15 Scala sources to /private/tmp/atlas-epic-20261003/consumer-warm/bases/ae07a7d707af9505/staging/2f5b3675f2cf2c4e96c3/alder/kernel/.jvm/target/scala-3.7.4/classes ...
[info] compiling 20 Scala sources to /private/tmp/atlas-epic-20261003/consumer-warm/bases/ae07a7d707af9505/staging/3f5d01c7e6069e74a205/resample4s/core/.jvm/target/scala-3.3.8/classes ...
[info] done compiling
[info] done compiling
[info] compiling 15 Scala sources to /private/tmp/atlas-epic-20261003/consumer-warm/bases/ae07a7d707af9505/staging/2f5b3675f2cf2c4e96c3/alder/data/.jvm/target/scala-3.7.4/classes ...
[info] compiling 10 Scala sources to /private/tmp/atlas-epic-20261003/consumer-warm/bases/ae07a7d707af9505/staging/3f5d01c7e6069e74a205/resample4s/designs/.jvm/target/scala-3.3.8/classes ...
[info] done compiling
[info] done compiling
[success] Total time: 7 s, completed Oct 3, 2026, 8:08:25 p.m.
[info] compiling 20 Scala sources to /private/tmp/atlas-epic-20261003/consumer-warm/bases/ae07a7d707af9505/staging/3f5d01c7e6069e74a205/resample4s/core/.js/target/scala-3.3.8/classes ...
[info] compiling 15 Scala sources to /private/tmp/atlas-epic-20261003/consumer-warm/bases/ae07a7d707af9505/staging/2f5b3675f2cf2c4e96c3/alder/kernel/.js/target/scala-3.7.4/classes ...
[info] done compiling
[info] done compiling
[info] compiling 10 Scala sources to /private/tmp/atlas-epic-20261003/consumer-warm/bases/ae07a7d707af9505/staging/3f5d01c7e6069e74a205/resample4s/designs/.js/target/scala-3.3.8/classes ...
[info] compiling 15 Scala sources to /private/tmp/atlas-epic-20261003/consumer-warm/bases/ae07a7d707af9505/staging/2f5b3675f2cf2c4e96c3/alder/data/.js/target/scala-3.7.4/classes ...
[info] done compiling
[info] done compiling
[success] Total time: 4 s, completed Oct 3, 2026, 8:08:29 p.m.
[success] Total time: 2 s, completed Oct 3, 2026, 8:08:31 p.m.
[success] Total time: 2 s, completed Oct 3, 2026, 8:08:33 p.m.
[info] compiling 8 Scala sources to /private/tmp/scalafim-atlas-epic-20261003/modules/fmri-workflow/jvm/target/scala-3.7.4/classes ...
[info] done compiling
[success] Total time: 4 s, completed Oct 3, 2026, 8:08:37 p.m.
[info] compiling 18 Scala sources to /private/tmp/atlas-epic-20261003/consumer-warm/bases/ae07a7d707af9505/staging/77e7bdc71bddb8077fcd/bids4s/modules/core/js/target/scala-3.3.8/classes ...
[info] done compiling
[info] compiling 6 Scala sources to /private/tmp/scalafim-atlas-epic-20261003/modules/fmri-workflow/js/target/scala-3.7.4/classes ...
[info] done compiling
[success] Total time: 4 s, completed Oct 3, 2026, 8:08:41 p.m.
[success] Total time: 0 s, completed Oct 3, 2026, 8:08:41 p.m.
[success] Total time: 0 s, completed Oct 3, 2026, 8:08:41 p.m.
[info] compiling 7 Scala sources to /private/tmp/scalafim-atlas-epic-20261003/modules/dataset-zarr/jvm/target/scala-3.7.4/classes ...
[info] done compiling
[success] Total time: 4 s, completed Oct 3, 2026, 8:08:45 p.m.
[info] compiling 3 Scala sources to /private/tmp/scalafim-atlas-epic-20261003/modules/dataset-zarr/js/target/scala-3.7.4/classes ...
[info] done compiling
[success] Total time: 3 s, completed Oct 3, 2026, 8:08:48 p.m.
