[info] welcome to sbt 1.11.7 (Homebrew Java 25.0.1)
[info] loading settings for project scalafim-atlas-epic-20261003-build from plugins.sbt...
[info] loading project definition from /private/tmp/scalafim-atlas-epic-20261003/project
[info] loading settings for project root from build.sbt...
[info] loading settings for project alder-build from plugins.sbt...
[info] loading project definition from /private/tmp/atlas-epic-20261003/consumer-warm/bases/ae07a7d707af9505/staging/2f5b3675f2cf2c4e96c3/alder/project
[info] loading settings for project root from build.sbt...
[info] loading settings for project bids4s-build from plugins.sbt...
[info] loading project definition from /private/tmp/atlas-epic-20261003/consumer-warm/bases/ae07a7d707af9505/staging/77e7bdc71bddb8077fcd/bids4s/project
[info] loading settings for project root from build.sbt...
[info] loading settings for project gale-build from plugins.sbt...
[info] loading project definition from /private/tmp/atlas-epic-20261003/consumer-warm/bases/ae07a7d707af9505/staging/5a90f48e170e9e640ee1/gale/project
[info] loading settings for project root from build.sbt...
[info] loading settings for project gale-build from plugins.sbt...
[info] loading project definition from /private/tmp/atlas-epic-20261003/consumer-warm/bases/ae07a7d707af9505/staging/449715b8ebc2010e6e23/gale/project
[info] loading settings for project root from build.sbt...
[info] loading settings for project graph4s-build from plugins.sbt...
[info] loading project definition from /private/tmp/atlas-epic-20261003/consumer-warm/bases/ae07a7d707af9505/staging/b4b08747efd9a8151229/graph4s/project
[info] loading settings for project root from build.sbt...
[info] loading settings for project image4s-build from plugins.sbt...
[info] loading project definition from /private/tmp/atlas-epic-20261003/consumer-warm/bases/ae07a7d707af9505/staging/d79d1afec9bc45383768/image4s/project
[info] loading settings for project root from build.sbt...
[info] loading settings for project intaglio-build from plugins.sbt...
[info] loading project definition from /private/tmp/atlas-epic-20261003/consumer-warm/bases/ae07a7d707af9505/staging/34fcacf7027b8ae3b2f8/intaglio/project
[info] loading settings for project root from build.sbt...
[info] loading settings for project linops4s-build from plugins.sbt...
[info] loading project definition from /private/tmp/atlas-epic-20261003/consumer-warm/bases/ae07a7d707af9505/staging/cfabf5f1e5e2fb8fb176/linops4s/project
[info] loading settings for project root from build.sbt...
[info] loading settings for project locus4s-build from plugins.sbt...
[info] loading project definition from /private/tmp/atlas-epic-20261003/consumer-warm/bases/ae07a7d707af9505/staging/05a8f1a231c171f1bca0/locus4s/project
[info] loading settings for project root from build.sbt...
[info] loading settings for project multivar-build from plugins.sbt...
[info] loading project definition from /private/tmp/atlas-epic-20261003/consumer-warm/bases/ae07a7d707af9505/staging/8a071d8f65817f0f368f/multivar/project
[info] loading settings for project root from build.sbt...
[info] loading settings for project ravel-build from plugins.sbt...
[info] loading project definition from /private/tmp/atlas-epic-20261003/consumer-warm/bases/ae07a7d707af9505/staging/57a292f3a6ded9e259cf/ravel/project
[info] loading settings for project root from build.sbt...
[info] loading settings for project reframe4s-build from plugins.sbt...
[info] loading project definition from /private/tmp/atlas-epic-20261003/consumer-warm/bases/ae07a7d707af9505/staging/aa1fd63832323d604703/reframe4s/project
[info] loading settings for project root from build.sbt...
[info] loading settings for project image4s-build from plugins.sbt...
[info] loading project definition from /private/tmp/atlas-epic-20261003/consumer-warm/bases/ae07a7d707af9505/staging/41e96dde036f148f012a/image4s/project
[info] loading settings for project root from build.sbt...
[info] loading settings for project resample4s-build from plugins.sbt...
[info] loading project definition from /private/tmp/atlas-epic-20261003/consumer-warm/bases/ae07a7d707af9505/staging/3f5d01c7e6069e74a205/resample4s/project
[info] loading settings for project root from build.sbt...
[info] loading settings for project zarr4s-build from plugins.sbt...
[info] loading project definition from /private/tmp/atlas-epic-20261003/consumer-warm/bases/ae07a7d707af9505/staging/34c0071f90095ef07887/zarr4s/project
[info] loading settings for project root from build.sbt...
[info] resolving key references (347459 settings) ...
[info] set current project to scalafim (in build file:/private/tmp/scalafim-atlas-epic-20261003/)
ATLAS_METRIC_DOCUMENT={"format":"org.scalafim.atlas/parcel-metric/v1","payload":"{\"version\":1,\"schema\":{\"name\":\"β metric\",\"unit\":\"%\",\"attributes\":[[\"description\",\"café\"]]},\"parcelDomain\":{\"localId\":\"parcel-domain\",\"identity\":{\"descriptorId\":\"org.neuropublish.domain/finite-indexed\",\"descriptorVersion\":\"1\",\"size\":8,\"structuralFingerprint\":\"2fbed21ae080024351d243815e501114626ae9dc5e517abc840c107e04d9f7c8\",\"identityPreimage\":[78,80,85,68,79,77,49,0,38,0,0,0,111,114,103,46,110,101,117,114,111,112,117,98,108,105,115,104,46,100,111,109,97,105,110,47,102,105,110,105,116,101,45,105,110,100,101,120,101,100,1,0,0,0,49,8,0,0,0,0,0,0,0,-73,0,0,0,111,114,103,46,115,99,97,108,97,102,105,109,46,97,116,108,97,115,47,112,97,114,99,101,108,47,118,50,58,49,48,52,58,56,50,58,51,56,58,111,114,103,46,115,99,97,108,97,102,105,109,46,97,116,108,97,115,47,112,97,114,99,101,108,45,110,97,109,101,115,112,97,99,101,47,118,50,55,58,105,110,116,101,114,111,112,55,58,70,108,111,97,116,54,52,55,58,100,101,102,97,117,108,116,49,49,58,117,110,115,112,101,99,105,102,105,101,100,54,58,86,111,108,117,109,101,57,58,115,121,110,116,104,101,116,105,99,58,49,54,58,115,111,117,114,99,101,45,108,97,98,101,108,115,47,118,49,58,50,50,58,49,58,55,56,58,80,97,114,99,101,108,32,55,55,58,117,110,107,110,111,119,110,-71,0,0,0,111,114,103,46,115,99,97,108,97,102,105,109,46,97,116,108,97,115,47,112,97,114,99,101,108,47,118,50,58,49,48,52,58,56,50,58,51,56,58,111,114,103,46,115,99,97,108,97,102,105,109,46,97,116,108,97,115,47,112,97,114,99,101,108,45,110,97,109,101,115,112,97,99,101,47,118,50,55,58,105,110,116,101,114,111,112,55,58,70,108,111,97,116,54,52,55,58,100,101,102,97,117,108,116,49,49,58,117,110,115,112,101,99,105,102,105,101,100,54,58,86,111,108,117,109,101,57,58,115,121,110,116,104,101,116,105,99,58,49,54,58,115,111,117,114,99,101,45,108,97,98,101,108,115,47,118,49,58,50,52,58,50,58,49,57,57,58,80,97,114,99,101,108,32,49,57,55,58,117,110,107,110,111,119,110,-71,0,0,0,111,114,103,46,115,99,97,108,97,102,105,109,46,97,116,108,97,115,47,112,97,114,99,101,108,47,118,50,58,49,48,52,58,56,50,58,51,56,58,111,114,103,46,115,99,97,108,97,102,105,109,46,97,116,108,97,115,47,112,97,114,99,101,108,45,110,97,109,101,115,112,97,99,101,47,118,50,55,58,105,110,116,101,114,111,112,55,58,70,108,111,97,116,54,52,55,58,100,101,102,97,117,108,116,49,49,58,117,110,115,112,101,99,105,102,105,101,100,54,58,86,111,108,117,109,101,57,58,115,121,110,116,104,101,116,105,99,58,49,54,58,115,111,117,114,99,101,45,108,97,98,101,108,115,47,118,49,58,50,52,58,50,58,52,50,57,58,80,97,114,99,101,108,32,52,50,55,58,117,110,107,110,111,119,110,-71,0,0,0,111,114,103,46,115,99,97,108,97,102,105,109,46,97,116,108,97,115,47,112,97,114,99,101,108,47,118,50,58,49,48,52,58,56,50,58,51,56,58,111,114,103,46,115,99,97,108,97,102,105,109,46,97,116,108,97,115,47,112,97,114,99,101,108,45,110,97,109,101,115,112,97,99,101,47,118,50,55,58,105,110,116,101,114,111,112,55,58,70,108,111,97,116,54,52,55,58,100,101,102,97,117,108,116,49,49,58,117,110,115,112,101,99,105,102,105,101,100,54,58,86,111,108,117,109,101,57,58,115,121,110,116,104,101,116,105,99,58,49,54,58,115,111,117,114,99,101,45,108,97,98,101,108,115,47,118,49,58,50,52,58,50,58,54,51,57,58,80,97,114,99,101,108,32,54,51,55,58,117,110,107,110,111,119,110,-71,0,0,0,111,114,103,46,115,99,97,108,97,102,105,109,46,97,116,108,97,115,47,112,97,114,99,101,108,47,118,50,58,49,48,52,58,56,50,58,51,56,58,111,114,103,46,115,99,97,108,97,102,105,109,46,97,116,108,97,115,47,112,97,114,99,101,108,45,110,97,109,101,115,112,97,99,101,47,118,50,55,58,105,110,116,101,114,111,112,55,58,70,108,111,97,116,54,52,55,58,100,101,102,97,117,108,116,49,49,58,117,110,115,112,101,99,105,102,105,101,100,54,58,86,111,108,117,109,101,57,58,115,121,110,116,104,101,116,105,99,58,49,54,58,115,111,117,114,99,101,45,108,97,98,101,108,115,47,118,49,58,50,52,58,50,58,56,56,57,58,80,97,114,99,101,108,32,56,56,55,58,117,110,107,110,111,119,110,-68,0,0,0,111,114,103,46,115,99,97,108,97,102,105,109,46,97,116,108,97,115,47,112,97,114,99,101,108,47,118,50,58,49,48,52,58,56,50,58,51,56,58,111,114,103,46,115,99,97,108,97,102,105,109,46,97,116,108,97,115,47,112,97,114,99,101,108,45,110,97,109,101,115,112,97,99,101,47,118,50,55,58,105,110,116,101,114,111,112,55,58,70,108,111,97,116,54,52,55,58,100,101,102,97,117,108,116,49,49,58,117,110,115,112,101,99,105,102,105,101,100,54,58,86,111,108,117,109,101,57,58,115,121,110,116,104,101,116,105,99,58,49,54,58,115,111,117,114,99,101,45,108,97,98,101,108,115,47,118,49,58,50,55,58,51,58,49,48,49,49,48,58,80,97,114,99,101,108,32,49,48,49,55,58,117,110,107,110,111,119,110,-68,0,0,0,111,114,103,46,115,99,97,108,97,102,105,109,46,97,116,108,97,115,47,112,97,114,99,101,108,47,118,50,58,49,48,52,58,56,50,58,51,56,58,111,114,103,46,115,99,97,108,97,102,105,109,46,97,116,108,97,115,47,112,97,114,99,101,108,45,110,97,109,101,115,112,97,99,101,47,118,50,55,58,105,110,116,101,114,111,112,55,58,70,108,111,97,116,54,52,55,58,100,101,102,97,117,108,116,49,49,58,117,110,115,112,101,99,105,102,105,101,100,54,58,86,111,108,117,109,101,57,58,115,121,110,116,104,101,116,105,99,58,49,54,58,115,111,117,114,99,101,45,108,97,98,101,108,115,47,118,49,58,50,55,58,51,58,50,48,57,49,48,58,80,97,114,99,101,108,32,50,48,57,55,58,117,110,107,110,111,119,110,-68,0,0,0,111,114,103,46,115,99,97,108,97,102,105,109,46,97,116,108,97,115,47,112,97,114,99,101,108,47,118,50,58,49,48,52,58,56,50,58,51,56,58,111,114,103,46,115,99,97,108,97,102,105,109,46,97,116,108,97,115,47,112,97,114,99,101,108,45,110,97,109,101,115,112,97,99,101,47,118,50,55,58,105,110,116,101,114,111,112,55,58,70,108,111,97,116,54,52,55,58,100,101,102,97,117,108,116,49,49,58,117,110,115,112,101,99,105,102,105,101,100,54,58,86,111,108,117,109,101,57,58,115,121,110,116,104,101,116,105,99,58,49,54,58,115,111,117,114,99,101,45,108,97,98,101,108,115,47,118,49,58,50,55,58,51,58,51,54,48,49,48,58,80,97,114,99,101,108,32,51,54,48,55,58,117,110,107,110,111,119,110]},\"elementKeys\":[\"org.scalafim.atlas/parcel/v2:104:82:38:org.scalafim.atlas/parcel-namespace/v27:interop7:Float647:default11:unspecified6:Volume9:synthetic:16:source-labels/v1:22:1:78:Parcel 77:unknown\",\"org.scalafim.atlas/parcel/v2:104:82:38:org.scalafim.atlas/parcel-namespace/v27:interop7:Float647:default11:unspecified6:Volume9:synthetic:16:source-labels/v1:24:2:199:Parcel 197:unknown\",\"org.scalafim.atlas/parcel/v2:104:82:38:org.scalafim.atlas/parcel-namespace/v27:interop7:Float647:default11:unspecified6:Volume9:synthetic:16:source-labels/v1:24:2:429:Parcel 427:unknown\",\"org.scalafim.atlas/parcel/v2:104:82:38:org.scalafim.atlas/parcel-namespace/v27:interop7:Float647:default11:unspecified6:Volume9:synthetic:16:source-labels/v1:24:2:639:Parcel 637:unknown\",\"org.scalafim.atlas/parcel/v2:104:82:38:org.scalafim.atlas/parcel-namespace/v27:interop7:Float647:default11:unspecified6:Volume9:synthetic:16:source-labels/v1:24:2:889:Parcel 887:unknown\",\"org.scalafim.atlas/parcel/v2:104:82:38:org.scalafim.atlas/parcel-namespace/v27:interop7:Float647:default11:unspecified6:Volume9:synthetic:16:source-labels/v1:27:3:10110:Parcel 1017:unknown\",\"org.scalafim.atlas/parcel/v2:104:82:38:org.scalafim.atlas/parcel-namespace/v27:interop7:Float647:default11:unspecified6:Volume9:synthetic:16:source-labels/v1:27:3:20910:Parcel 2097:unknown\",\"org.scalafim.atlas/parcel/v2:104:82:38:org.scalafim.atlas/parcel-namespace/v27:interop7:Float647:default11:unspecified6:Volume9:synthetic:16:source-labels/v1:27:3:36010:Parcel 3607:unknown\"]},\"origin\":{\"provenance\":{\"localId\":\"atlas-provenance\",\"identity\":{\"family\":\"interop\",\"model\":\"Float64\",\"variant\":\"synthetic\",\"parcelVariant\":null,\"release\":null},\"declaredSupport\":{\"$type\":\"Volume\",\"templateSpaceId\":\"custom\",\"coordinateSpaceId\":\"custom\",\"voxelSizeMillimeters\":null,\"dimensions\":null},\"labels\":{\"encoding\":\"volume-integer-labels\",\"regionIds\":[7,19,42,63,88,101,209,360],\"backgroundSourceLabel\":0,\"labelTableArtifactId\":null,\"attributes\":[]},\"sourceArtifacts\":[{\"id\":\"descriptor_interop_float64\",\"role\":\"descriptor\",\"sourceName\":\"interop\",\"sourceRef\":\"synthetic\",\"sourceUri\":null,\"citationDoi\":null,\"license\":{\"$type\":\"Unspecified\",\"reason\":\"descriptor-only provenance; consult upstream source terms\"},\"digest\":null,\"notes\":null}],\"derivation\":[{\"$type\":\"DeclaredDescriptor\",\"details\":\"interop:Float64\"}],\"citations\":[],\"confidence\":\"uncertain\"},\"representation\":\"Volume\",\"identityPolicy\":\"SourceLabels\",\"source\":\"synthetic\",\"parcelMetadata\":[{\"key\":\"org.scalafim.atlas/parcel/v2:104:82:38:org.scalafim.atlas/parcel-namespace/v27:interop7:Float647:default11:unspecified6:Volume9:synthetic:16:source-labels/v1:22:1:78:Parcel 77:unknown\",\"id\":7,\"label\":\"Parcel 7\",\"fullLabel\":\"Parcel 7\",\"hemisphere\":null,\"network\":null,\"color\":null,\"attributes\":[]},{\"key\":\"org.scalafim.atlas/parcel/v2:104:82:38:org.scalafim.atlas/parcel-namespace/v27:interop7:Float647:default11:unspecified6:Volume9:synthetic:16:source-labels/v1:24:2:199:Parcel 197:unknown\",\"id\":19,\"label\":\"Parcel 19\",\"fullLabel\":\"Parcel 19\",\"hemisphere\":null,\"network\":null,\"color\":null,\"attributes\":[]},{\"key\":\"org.scalafim.atlas/parcel/v2:104:82:38:org.scalafim.atlas/parcel-namespace/v27:interop7:Float647:default11:unspecified6:Volume9:synthetic:16:source-labels/v1:24:2:429:Parcel 427:unknown\",\"id\":42,\"label\":\"Parcel 42\",\"fullLabel\":\"Parcel 42\",\"hemisphere\":null,\"network\":null,\"color\":null,\"attributes\":[]},{\"key\":\"org.scalafim.atlas/parcel/v2:104:82:38:org.scalafim.atlas/parcel-namespace/v27:interop7:Float647:default11:unspecified6:Volume9:synthetic:16:source-labels/v1:24:2:639:Parcel 637:unknown\",\"id\":63,\"label\":\"Parcel 63\",\"fullLabel\":\"Parcel 63\",\"hemisphere\":null,\"network\":null,\"color\":null,\"attributes\":[]},{\"key\":\"org.scalafim.atlas/parcel/v2:104:82:38:org.scalafim.atlas/parcel-namespace/v27:interop7:Float647:default11:unspecified6:Volume9:synthetic:16:source-labels/v1:24:2:889:Parcel 887:unknown\",\"id\":88,\"label\":\"Parcel 88\",\"fullLabel\":\"Parcel 88\",\"hemisphere\":null,\"network\":null,\"color\":null,\"attributes\":[]},{\"key\":\"org.scalafim.atlas/parcel/v2:104:82:38:org.scalafim.atlas/parcel-namespace/v27:interop7:Float647:default11:unspecified6:Volume9:synthetic:16:source-labels/v1:27:3:10110:Parcel 1017:unknown\",\"id\":101,\"label\":\"Parcel 101\",\"fullLabel\":\"Parcel 101\",\"hemisphere\":null,\"network\":null,\"color\":null,\"attributes\":[]},{\"key\":\"org.scalafim.atlas/parcel/v2:104:82:38:org.scalafim.atlas/parcel-namespace/v27:interop7:Float647:default11:unspecified6:Volume9:synthetic:16:source-labels/v1:27:3:20910:Parcel 2097:unknown\",\"id\":209,\"label\":\"Parcel 209\",\"fullLabel\":\"Parcel 209\",\"hemisphere\":null,\"network\":null,\"color\":null,\"attributes\":[]},{\"key\":\"org.scalafim.atlas/parcel/v2:104:82:38:org.scalafim.atlas/parcel-namespace/v27:interop7:Float647:default11:unspecified6:Volume9:synthetic:16:source-labels/v1:27:3:36010:Parcel 3607:unknown\",\"id\":360,\"label\":\"Parcel 360\",\"fullLabel\":\"Parcel 360\",\"hemisphere\":null,\"network\":null,\"color\":null,\"attributes\":[]}],\"displayOrder\":[\"org.scalafim.atlas/parcel/v2:104:82:38:org.scalafim.atlas/parcel-namespace/v27:interop7:Float647:default11:unspecified6:Volume9:synthetic:16:source-labels/v1:22:1:78:Parcel 77:unknown\",\"org.scalafim.atlas/parcel/v2:104:82:38:org.scalafim.atlas/parcel-namespace/v27:interop7:Float647:default11:unspecified6:Volume9:synthetic:16:source-labels/v1:24:2:199:Parcel 197:unknown\",\"org.scalafim.atlas/parcel/v2:104:82:38:org.scalafim.atlas/parcel-namespace/v27:interop7:Float647:default11:unspecified6:Volume9:synthetic:16:source-labels/v1:24:2:429:Parcel 427:unknown\",\"org.scalafim.atlas/parcel/v2:104:82:38:org.scalafim.atlas/parcel-namespace/v27:interop7:Float647:default11:unspecified6:Volume9:synthetic:16:source-labels/v1:24:2:639:Parcel 637:unknown\",\"org.scalafim.atlas/parcel/v2:104:82:38:org.scalafim.atlas/parcel-namespace/v27:interop7:Float647:default11:unspecified6:Volume9:synthetic:16:source-labels/v1:24:2:889:Parcel 887:unknown\",\"org.scalafim.atlas/parcel/v2:104:82:38:org.scalafim.atlas/parcel-namespace/v27:interop7:Float647:default11:unspecified6:Volume9:synthetic:16:source-labels/v1:27:3:10110:Parcel 1017:unknown\",\"org.scalafim.atlas/parcel/v2:104:82:38:org.scalafim.atlas/parcel-namespace/v27:interop7:Float647:default11:unspecified6:Volume9:synthetic:16:source-labels/v1:27:3:20910:Parcel 2097:unknown\",\"org.scalafim.atlas/parcel/v2:104:82:38:org.scalafim.atlas/parcel-namespace/v27:interop7:Float647:default11:unspecified6:Volume9:synthetic:16:source-labels/v1:27:3:36010:Parcel 3607:unknown\"],\"support\":[{\"$type\":\"Volume\",\"reference\":{\"descriptorId\":\"org.neuropublish.domain/volume-grid\",\"descriptorVersion\":\"1\",\"size\":8,\"structuralFingerprint\":\"a345ff7e400ba0778f068ee80772d281b4b0d09ad8880bc8aaf0b51b15e9c4f9\"},\"coordinateSpaceId\":\"custom\",\"shape\":[8,1,1]}],\"assignments\":[{\"source\":{\"descriptorId\":\"org.neuropublish.domain/volume-grid\",\"descriptorVersion\":\"1\",\"size\":8,\"structuralFingerprint\":\"a345ff7e400ba0778f068ee80772d281b4b0d09ad8880bc8aaf0b51b15e9c4f9\"},\"target\":{\"descriptorId\":\"org.neuropublish.domain/finite-indexed\",\"descriptorVersion\":\"1\",\"size\":8,\"structuralFingerprint\":\"2fbed21ae080024351d243815e501114626ae9dc5e517abc840c107e04d9f7c8\"},\"sha256\":\"ff1f6ee5d67458cfac950f62e93042e21fcb867e2234dcc8721801231064ad40\"}]},\"valueEncoding\":\"float64-ieee754-hex-v1\",\"values\":[\"0000000000000000\",\"8000000000000000\",\"7ff0000000000000\",\"fff0000000000000\",\"0000000000000001\",\"7fefffffffffffff\",\"7ff8000000000000\",\"bff4000000000000\"]}","sha256":"41380917ef067ebbd34b0e64ad0036ee90d8f60e2a6fd764d19b2c41ead8264e"}
scalafim.atlas.ParcelMetricInteropProducerSuite:
  + produce the platform metric document 0.772s
[info] Passed: Total 1, Failed 0, Errors 0, Passed 1
[success] Total time: 16 s, completed Oct 3, 2026, 7:58:06 p.m.
scalafim.fmri.mvpa.spatial.PyMvpaSearchlightParitySuite:
  + physical-mm volume neighborhoods match native PyMVPA under a complete affine 0.347s
  + surface neighborhoods match independent Dijkstra geodesics, not chord spheres 0.278s
  + invalid geometry is typed and one local failure does not abort later centers 0.011s
scalafim.fmri.mvpa.spatial.SpatialFeatureSetPlansSuite:
  + volume label maps become regional feature plans with linear voxel ordering 0.062s
  + volume atlas plans preserve atlas region ids and labels 0.195s
  + exact volume neighborhoods become searchlight plans in domain order 0.003s
  + searchlight mask plans run through the MVPA engine 0.068s
  + labeled surface parcels become deterministic regional plans 0.045s
  + typed spatial errors convert to MVPA compatibility errors 0.021s
  + exact searchlight construction rejects a missing center 0.003s
  + parcel key identity policy reports fragmented parcel id collisions 0.005s
scalafim.fmri.mvpa.spatial.LocusFeatureSetPlansSuite:
  + regions use ambient order while selections preserve explicit order 0.002s
  + parcellations become regional plans from quotient fibers 0.003s
  + centered locus searchlights become searchlight plans without geometry 0.006s
  + center inclusion is established before the MVPA adapter 0.002s
[info] Passed: Total 15, Failed 0, Errors 0, Passed 15
[success] Total time: 8 s, completed Oct 3, 2026, 7:58:14 p.m.
[info] compiling 6 Scala sources to /private/tmp/scalafim-atlas-epic-20261003/examples/atlas-jvm/target/scala-3.7.4/classes ...
[info] done compiling
[info] compiling 1 Scala source to /private/tmp/scalafim-atlas-epic-20261003/examples/atlas-jvm/target/scala-3.7.4/test-classes ...
[info] done compiling
scalafim.examples.atlas.AtlasExamplesSmokeSuite:
  + parcel metrics persist and expand through the original assignment 0.942s
  + standard descriptor example lists volume and surface atlases 0.03s
  + toy atlas query returns typed region metadata 0.023s
  + toy parcel reduction preserves region ids and means 0.026s
  + atlas-to-MVPA example preserves atlas labels and feature counts 0.042s
  + loader summary works for already constructed atlases 0.008s
[info] Passed: Total 6, Failed 0, Errors 0, Passed 6
[success] Total time: 28 s, completed Oct 3, 2026, 7:58:42 p.m.
[info] compiling 38 Scala sources to /private/tmp/scalafim-atlas-epic-20261003/modules/hrf/jvm/target/scala-3.7.4/classes ...
[info] compiling 27 Scala sources to /private/tmp/atlas-epic-20261003/consumer-warm/bases/ae07a7d707af9505/staging/34fcacf7027b8ae3b2f8/intaglio/modules/core/jvm/target/scala-3.4.2/classes ...
[info] compiling 12 Scala sources to /private/tmp/scalafim-atlas-epic-20261003/modules/ar/jvm/target/scala-3.7.4/classes ...
[info] compiling 10 Scala sources to /private/tmp/scalafim-atlas-epic-20261003/modules/response/jvm/target/scala-3.7.4/classes ...
[info] done compiling
[info] done compiling
[info] done compiling
[info] compiling 20 Scala sources to /private/tmp/scalafim-atlas-epic-20261003/modules/dataset/jvm/target/scala-3.7.4/classes ...
[info] done compiling
[info] done compiling
[info] compiling 46 Scala sources to /private/tmp/scalafim-atlas-epic-20261003/modules/design/jvm/target/scala-3.7.4/classes ...
[info] done compiling
[info] compiling 9 Scala sources to /private/tmp/scalafim-atlas-epic-20261003/modules/model/jvm/target/scala-3.7.4/classes ...
[info] done compiling
[info] compiling 66 Scala sources to /private/tmp/scalafim-atlas-epic-20261003/modules/fit/jvm/target/scala-3.7.4/classes ...
[info] done compiling
[info] compiling 2 Scala sources to /private/tmp/scalafim-atlas-epic-20261003/examples/workflows-jvm/target/scala-3.7.4/classes ...
[info] done compiling
[info] compiling 2 Scala sources to /private/tmp/scalafim-atlas-epic-20261003/examples/workflows-jvm/target/scala-3.7.4/test-classes ...
[info] done compiling
scalafim.examples.workflows.AtlasMvpaWorkflowSuite:
  + atlas workflow builds regional MVPA feature plan from atlas labels 0.389s
  + atlas workflow runs cross-validated classification per region 0.104s
[info] Passed: Total 2, Failed 0, Errors 0, Passed 2
[success] Total time: 103 s (0:01:43.0), completed Oct 3, 2026, 8:00:26 p.m.
