0x1.6666666666666p0
0x1.0666666666666p2
0x1.199999999999ap2
0x1.6333333333333p3
0x1.ap3
0x1.bcccccccccccdp3
0x1.ep3
0x1.9666666666666p4
0x1.d19999999999ap4
0x1.e4ccccccccccdp4
0x1.fp4
0x1.1a66666666666p5
0x1.24p5
0x1.2cp5
0x1.4e66666666666p5
0x1.5f33333333333p5
0x1.7a66666666666p5
0x1.ba66666666666p5
0x1.bb33333333333p5
0x1.ce66666666666p5
0x1.de66666666666p5
0x1.2266666666666p6
0x1.399999999999ap6
0x1.3b9999999999ap6
0x1.4066666666666p6
0x1.4533333333333p6
0x1.4f33333333333p6
0x1.5733333333333p6
0x1.62ccccccccccdp6
0x1.6accccccccccdp6
0x1.7cccccccccccdp6
0x1.859999999999ap6
0x1.8cp6
0x1.a4p6
0x1.b933333333333p6
0x1.bap6
0x1.c2ccccccccccdp6
0x1.c466666666666p6
0x1.c8p6
0x1.d933333333333p6
0x1.f39999999999ap6
0x1.00ccccccccccdp7
0x1.0f33333333333p7
0x1.1166666666666p7
0x1.139999999999ap7
0x1.17p7
0x1.17ccccccccccdp7
0x1.1a33333333333p7
0x1.1b66666666666p7
0x1.1c33333333333p7
0x1.2533333333333p7
0x1.2ep7
0x1.3133333333333p7
0x1.35ccccccccccdp7
0x1.3866666666666p7
0x1.3b33333333333p7
0x1.3cp7
0x1.4533333333333p7
0x1.469999999999ap7
0x1.47p7
0x1.4b9999999999ap7
0x1.54ccccccccccdp7
0x1.5866666666666p7
0x1.6033333333333p7
0x1.6733333333333p7
0x1.6a9999999999ap7
0x1.6d9999999999ap7
0x1.6fccccccccccdp7
0x1.709999999999ap7
0x1.719999999999ap7
0x1.7733333333333p7
0x1.789999999999ap7
0x1.799999999999ap7
0x1.7cccccccccccdp7
0x1.7f66666666666p7
0x1.83ccccccccccdp7
0x1.8d66666666666p7
0x1.96ccccccccccdp7
0x1.9933333333333p7
0x1.9b9999999999ap7
0x1.9dccccccccccdp7
0x1.9e9999999999ap7
0x1.a466666666666p7
0x1.a79999999999ap7
0x1.aap7
0x1.aaccccccccccdp7
0x1.ac9999999999ap7
0x1.ae66666666666p7
0x1.aeccccccccccdp7
0x1.b166666666666p7
0x1.b633333333333p7
0x1.b733333333333p7
0x1.b866666666666p7
0x1.c7p7
0x1.c966666666666p7
0x1.d79999999999ap7
0x1.e466666666666p7
0x1.e4ccccccccccdp7
0x1.eap7
0x1.ebp7
0x1.f29999999999ap7
0x1.fd66666666666p7
0x1.00ccccccccccdp8
0x1.01p8
0x1.019999999999ap8
0x1.041999999999ap8
0x1.058p8
0x1.08b3333333333p8
0x1.08e6666666666p8
0x1.0933333333333p8
0x1.0b8p8
0x1.1033333333333p8
0x1.11e6666666666p8
0x1.1366666666666p8
0x1.138p8
0x1.15ccccccccccdp8
0x1.169999999999ap8
0x1.16b3333333333p8
0x1.1b8p8
0x1.1bccccccccccdp8
0x1.1ep8
0x1.1e4cccccccccdp8
0x1.1e4cccccccccdp8
0x1.228p8
0x1.23p8
0x1.23ccccccccccdp8
0x1.258p8
0x1.25b3333333333p8
0x1.29e6666666666p8
0x1.2cb3333333333p8
0x1.2d4cccccccccdp8
0x1.2f66666666666p8
0x1.30ccccccccccdp8
0x1.32ccccccccccdp8
0x1.33b3333333333p8
0x1.348p8
0x1.364cccccccccdp8
0x1.384cccccccccdp8
0x1.39b3333333333p8
0x1.3c8p8
0x1.42p8
0x1.43b3333333333p8
0x1.469999999999ap8
0x1.4a66666666666p8
0x1.4dp8
0x1.4d33333333333p8
0x1.4fe6666666666p8
0x1.5066666666666p8
0x1.56p8
0x1.57ccccccccccdp8
0x1.589999999999ap8
0x1.58ccccccccccdp8
0x1.59p8
0x1.5a9999999999ap8
0x1.5ae6666666666p8
0x1.5b8p8
0x1.5dccccccccccdp8
0x1.61e6666666666p8
0x1.639999999999ap8
0x1.64p8
0x1.65b3333333333p8
0x1.6666666666666p8
0x1.6d1999999999ap8
0x1.6d1999999999ap8
0x1.6d66666666666p8
0x1.6d8p8
0x1.6d9999999999ap8
0x1.71ccccccccccdp8
0x1.72b3333333333p8
0x1.73ccccccccccdp8
0x1.74p8
0x1.749999999999ap8
0x1.7833333333333p8
0x1.7a33333333333p8
0x1.7e8p8
0x1.7eb3333333333p8
0x1.7eccccccccccdp8
0x1.81p8
0x1.849999999999ap8
0x1.8566666666666p8
0x1.85b3333333333p8
0x1.86p8
0x1.871999999999ap8
0x1.871999999999ap8
0x1.87e6666666666p8
0x1.88b3333333333p8
0x1.89ccccccccccdp8
0x1.8ab3333333333p8
0x1.8b8p8
0x1.8fp8
0x1.901999999999ap8
0x1.93ccccccccccdp8
0x1.9433333333333p8
0x1.9633333333333p8
0x1.9866666666666p8
0x1.98b3333333333p8
0x1.98e6666666666p8
0x1.9a33333333333p8
0x1.9bccccccccccdp8
0x1.9be6666666666p8
0x1.9dccccccccccdp8
0x1.9e4cccccccccdp8
0x1.a033333333333p8
0x1.a066666666666p8
0x1.a14cccccccccdp8
0x1.a466666666666p8
0x1.a566666666666p8
0x1.a5e6666666666p8
0x1.a7p8
0x1.aa66666666666p8
0x1.ab9999999999ap8
0x1.ae8p8
0x1.b266666666666p8
0x1.b28p8
0x1.b44cccccccccdp8
0x1.b466666666666p8
0x1.b5p8
0x1.b533333333333p8
0x1.b5ccccccccccdp8
0x1.b69999999999ap8
0x1.b8e6666666666p8
0x1.b966666666666p8
0x1.bbb3333333333p8
0x1.bc1999999999ap8
0x1.be4cccccccccdp8
0x1.c31999999999ap8
0x1.c4b3333333333p8
0x1.c566666666666p8
0x1.c69999999999ap8
0x1.c71999999999ap8
0x1.c7b3333333333p8
0x1.cd33333333333p8
0x1.cep8
0x1.cfp8
0x1.cf8p8
0x1.d766666666666p8
0x1.d88p8
0x1.dcp8
0x1.e2e6666666666p8
0x1.e2e6666666666p8
0x1.e4e6666666666p8
0x1.e78p8
0x1.e9b3333333333p8
0x1.eb33333333333p8
0x1.ec9999999999ap8
0x1.ecccccccccccdp8
0x1.ef8p8
0x1.f09999999999ap8
0x1.f19999999999ap8
0x1.f21999999999ap8
0x1.fb1999999999ap8
0x1.fdb3333333333p8
0x1.ff1999999999ap8
0x1.01a6666666666p9
0x1.03e6666666666p9
0x1.044cccccccccdp9
0x1.04e6666666666p9
0x1.06f3333333333p9
0x1.07cp9
0x1.084cccccccccdp9
0x1.094p9
0x1.0973333333333p9
0x1.0b66666666666p9
0x1.0b9999999999ap9
0x1.0cb3333333333p9
0x1.0d26666666666p9
0x1.0e73333333333p9
0x1.0f0cccccccccdp9
0x1.0f8p9
0x1.108p9
0x1.109999999999ap9
0x1.111999999999ap9
0x1.115999999999ap9
0x1.11f3333333333p9
0x1.1226666666666p9
0x1.128p9
0x1.12ccccccccccdp9
0x1.1333333333333p9
0x1.134p9
0x1.1366666666666p9
0x1.1526666666666p9
0x1.158cccccccccdp9
0x1.1666666666666p9
0x1.168cccccccccdp9
0x1.169999999999ap9
0x1.174cccccccccdp9
0x1.17a6666666666p9
0x1.195999999999ap9
0x1.19f3333333333p9
0x1.1a33333333333p9
0x1.1accccccccccdp9
0x1.1ae6666666666p9
0x1.1b4cccccccccdp9
0x1.1d4p9
0x1.1d9999999999ap9
0x1.1eccccccccccdp9
0x1.1f33333333333p9
0x1.1f4p9
0x1.1f73333333333p9
0x1.1f8cccccccccdp9
