[info] welcome to sbt 1.11.7 (Homebrew Java 25.0.1)
[info] loading settings for project candidate-build from plugins.sbt...
[info] loading project definition from /private/tmp/scalafim-stp-guide-20261001/candidate/project
[info] loading settings for project root from build.sbt...
[info] loading settings for project alder-build from plugins.sbt...
[info] loading project definition from /Users/bbuchsbaum/.sbt/1.0/staging/2f5b3675f2cf2c4e96c3/alder/project
[info] loading settings for project root from build.sbt...
[info] loading settings for project bids4s-build from plugins.sbt...
[info] loading project definition from /Users/bbuchsbaum/.sbt/1.0/staging/77e7bdc71bddb8077fcd/bids4s/project
[info] loading settings for project root from build.sbt...
[info] loading settings for project gale-build from plugins.sbt...
[info] loading project definition from /Users/bbuchsbaum/.sbt/1.0/staging/5a90f48e170e9e640ee1/gale/project
[info] loading settings for project root from build.sbt...
[info] loading settings for project gale-build from plugins.sbt...
[info] loading project definition from /Users/bbuchsbaum/.sbt/1.0/staging/449715b8ebc2010e6e23/gale/project
[info] loading settings for project root from build.sbt...
[info] loading settings for project graph4s-build from plugins.sbt...
[info] loading project definition from /Users/bbuchsbaum/.sbt/1.0/staging/b4b08747efd9a8151229/graph4s/project
[info] loading settings for project root from build.sbt...
[info] loading settings for project image4s-build from plugins.sbt...
[info] loading project definition from /Users/bbuchsbaum/.sbt/1.0/staging/41e96dde036f148f012a/image4s/project
[info] loading settings for project root from build.sbt...
[info] loading settings for project intaglio-build from plugins.sbt...
[info] loading project definition from /Users/bbuchsbaum/.sbt/1.0/staging/34fcacf7027b8ae3b2f8/intaglio/project
[info] loading settings for project root from build.sbt...
[info] loading settings for project linops4s-build from plugins.sbt...
[info] loading project definition from /Users/bbuchsbaum/.sbt/1.0/staging/cfabf5f1e5e2fb8fb176/linops4s/project
[info] loading settings for project root from build.sbt...
[info] loading settings for project locus4s-build from plugins.sbt...
[info] loading project definition from /Users/bbuchsbaum/.sbt/1.0/staging/05a8f1a231c171f1bca0/locus4s/project
[info] loading settings for project root from build.sbt...
[info] loading settings for project multivar-build from plugins.sbt...
[info] loading project definition from /Users/bbuchsbaum/.sbt/1.0/staging/8a071d8f65817f0f368f/multivar/project
[info] loading settings for project root from build.sbt...
[info] loading settings for project ravel-build from plugins.sbt...
[info] loading project definition from /Users/bbuchsbaum/.sbt/1.0/staging/57a292f3a6ded9e259cf/ravel/project
[info] loading settings for project root from build.sbt...
[info] loading settings for project reframe4s-build from plugins.sbt...
[info] loading project definition from /Users/bbuchsbaum/.sbt/1.0/staging/aa1fd63832323d604703/reframe4s/project
[info] loading settings for project root from build.sbt...
[info] loading settings for project resample4s-build from plugins.sbt...
[info] loading project definition from /Users/bbuchsbaum/.sbt/1.0/staging/3f5d01c7e6069e74a205/resample4s/project
[info] loading settings for project root from build.sbt...
[info] loading settings for project zarr4s-build from plugins.sbt...
[info] loading project definition from /Users/bbuchsbaum/.sbt/1.0/staging/34c0071f90095ef07887/zarr4s/project
[info] loading settings for project root from build.sbt...
[info] resolving key references (322631 settings) ...
[info] set current project to scalafim (in build file:/private/tmp/scalafim-stp-guide-20261001/candidate/)
[success] Total time: 0 s, completed Oct 1, 2026, 10:11:14 a.m.
[success] Total time: 0 s, completed Oct 1, 2026, 10:11:15 a.m.
[info] compiling 12 Scala sources to /private/tmp/scalafim-stp-guide-20261001/candidate/modules/pipeline/jvm/target/scala-3.7.4/classes ...
[info] done compiling
[success] Total time: 6 s, completed Oct 1, 2026, 10:11:20 a.m.
[info] compiling 12 Scala sources to /private/tmp/scalafim-stp-guide-20261001/candidate/modules/pipeline/js/target/scala-3.7.4/classes ...
[info] done compiling
[success] Total time: 3 s, completed Oct 1, 2026, 10:11:23 a.m.
[info] compiling 10 Scala sources to /private/tmp/scalafim-stp-guide-20261001/candidate/modules/response/jvm/target/scala-3.7.4/classes ...
[info] done compiling
[success] Total time: 2 s, completed Oct 1, 2026, 10:11:25 a.m.
[info] compiling 10 Scala sources to /private/tmp/scalafim-stp-guide-20261001/candidate/modules/response/js/target/scala-3.7.4/classes ...
[info] done compiling
[success] Total time: 2 s, completed Oct 1, 2026, 10:11:27 a.m.
[info] compiling 1 Scala source to /private/tmp/scalafim-stp-guide-20261001/candidate/modules/response-laws/jvm/target/scala-3.7.4/classes ...
[info] done compiling
[success] Total time: 1 s, completed Oct 1, 2026, 10:11:28 a.m.
[info] compiling 1 Scala source to /private/tmp/scalafim-stp-guide-20261001/candidate/modules/response-laws/js/target/scala-3.7.4/classes ...
[info] done compiling
[success] Total time: 1 s, completed Oct 1, 2026, 10:11:28 a.m.
[info] compiling 17 Scala sources to /private/tmp/scalafim-stp-guide-20261001/candidate/modules/latent/jvm/target/scala-3.7.4/classes ...
[info] done compiling
[success] Total time: 5 s, completed Oct 1, 2026, 10:11:34 a.m.
[info] compiling 17 Scala sources to /private/tmp/scalafim-stp-guide-20261001/candidate/modules/latent/js/target/scala-3.7.4/classes ...
[info] done compiling
[success] Total time: 6 s, completed Oct 1, 2026, 10:11:40 a.m.
[info] compiling 8 Scala sources to /private/tmp/scalafim-stp-guide-20261001/candidate/modules/ar/jvm/target/scala-3.7.4/classes ...
[info] done compiling
[success] Total time: 1 s, completed Oct 1, 2026, 10:11:41 a.m.
[info] compiling 8 Scala sources to /private/tmp/scalafim-stp-guide-20261001/candidate/modules/ar/js/target/scala-3.7.4/classes ...
[info] done compiling
[success] Total time: 1 s, completed Oct 1, 2026, 10:11:42 a.m.
[info] compiling 36 Scala sources to /private/tmp/scalafim-stp-guide-20261001/candidate/modules/hrf/jvm/target/scala-3.7.4/classes ...
[info] done compiling
[success] Total time: 2 s, completed Oct 1, 2026, 10:11:44 a.m.
[info] compiling 36 Scala sources to /private/tmp/scalafim-stp-guide-20261001/candidate/modules/hrf/js/target/scala-3.7.4/classes ...
[info] done compiling
[success] Total time: 2 s, completed Oct 1, 2026, 10:11:47 a.m.
[info] compiling 2 Scala sources to /private/tmp/scalafim-stp-guide-20261001/candidate/modules/hrf-laws/jvm/target/scala-3.7.4/classes ...
[info] done compiling
[success] Total time: 0 s, completed Oct 1, 2026, 10:11:47 a.m.
[info] compiling 2 Scala sources to /private/tmp/scalafim-stp-guide-20261001/candidate/modules/hrf-laws/js/target/scala-3.7.4/classes ...
[info] done compiling
[success] Total time: 0 s, completed Oct 1, 2026, 10:11:48 a.m.
[success] Total time: 0 s, completed Oct 1, 2026, 10:11:48 a.m.
[success] Total time: 0 s, completed Oct 1, 2026, 10:11:48 a.m.
[info] compiling 42 Scala sources to /private/tmp/scalafim-stp-guide-20261001/candidate/modules/design/jvm/target/scala-3.7.4/classes ...
[info] done compiling
[success] Total time: 4 s, completed Oct 1, 2026, 10:11:52 a.m.
[info] compiling 42 Scala sources to /private/tmp/scalafim-stp-guide-20261001/candidate/modules/design/js/target/scala-3.7.4/classes ...
[info] done compiling
[success] Total time: 5 s, completed Oct 1, 2026, 10:11:56 a.m.
[success] Total time: 3 s, completed Oct 1, 2026, 10:11:59 a.m.
[success] Total time: 2 s, completed Oct 1, 2026, 10:12:02 a.m.
[info] compiling 1 Scala source to /private/tmp/scalafim-stp-guide-20261001/candidate/modules/provider-spike/jvm/target/scala-3.7.4/classes ...
[info] done compiling
[success] Total time: 1 s, completed Oct 1, 2026, 10:12:03 a.m.
[info] compiling 1 Scala source to /private/tmp/scalafim-stp-guide-20261001/candidate/modules/provider-spike/js/target/scala-3.7.4/classes ...
[info] done compiling
[success] Total time: 1 s, completed Oct 1, 2026, 10:12:05 a.m.
[info] compiling 6 Scala sources to /private/tmp/scalafim-stp-guide-20261001/candidate/modules/image-view/jvm/target/scala-3.7.4/classes ...
[info] done compiling
[success] Total time: 3 s, completed Oct 1, 2026, 10:12:07 a.m.
[info] compiling 6 Scala sources to /private/tmp/scalafim-stp-guide-20261001/candidate/modules/image-view/js/target/scala-3.7.4/classes ...
[info] done compiling
[success] Total time: 3 s, completed Oct 1, 2026, 10:12:10 a.m.
[info] compiling 1 Scala source to /private/tmp/scalafim-stp-guide-20261001/candidate/modules/image-view-canvas/js/target/scala-3.7.4/classes ...
[info] done compiling
[success] Total time: 2 s, completed Oct 1, 2026, 10:12:13 a.m.
[info] compiling 1 Scala source to /private/tmp/scalafim-stp-guide-20261001/candidate/modules/image-view-java2d/jvm/target/scala-3.7.4/classes ...
[info] done compiling
[success] Total time: 3 s, completed Oct 1, 2026, 10:12:15 a.m.
[info] compiling 1 Scala source to /private/tmp/scalafim-stp-guide-20261001/candidate/modules/image-view-javafx/jvm/target/scala-3.7.4/classes ...
[info] done compiling
[success] Total time: 2 s, completed Oct 1, 2026, 10:12:17 a.m.
[info] compiling 12 Scala sources to /private/tmp/scalafim-stp-guide-20261001/candidate/modules/threshold/jvm/target/scala-3.7.4/classes ...
[info] done compiling
[success] Total time: 2 s, completed Oct 1, 2026, 10:12:20 a.m.
[info] compiling 12 Scala sources to /private/tmp/scalafim-stp-guide-20261001/candidate/modules/threshold/js/target/scala-3.7.4/classes ...
[info] done compiling
[success] Total time: 3 s, completed Oct 1, 2026, 10:12:23 a.m.
[info] compiling 26 Scala sources to /private/tmp/scalafim-stp-guide-20261001/candidate/modules/motion/jvm/target/scala-3.7.4/classes ...
[info] done compiling
[success] Total time: 3 s, completed Oct 1, 2026, 10:12:25 a.m.
[info] compiling 18 Scala sources to /private/tmp/scalafim-stp-guide-20261001/candidate/modules/motion/js/target/scala-3.7.4/classes ...
[info] done compiling
[success] Total time: 3 s, completed Oct 1, 2026, 10:12:28 a.m.
[success] Total time: 2 s, completed Oct 1, 2026, 10:12:31 a.m.
[success] Total time: 2 s, completed Oct 1, 2026, 10:12:33 a.m.
[success] Total time: 2 s, completed Oct 1, 2026, 10:12:35 a.m.
[success] Total time: 2 s, completed Oct 1, 2026, 10:12:37 a.m.
[info] compiling 3 Scala sources to /private/tmp/scalafim-stp-guide-20261001/candidate/modules/surface-view-raster/jvm/target/scala-3.7.4/classes ...
[info] done compiling
[success] Total time: 2 s, completed Oct 1, 2026, 10:12:39 a.m.
[info] compiling 2 Scala sources to /private/tmp/scalafim-stp-guide-20261001/candidate/modules/surface-view-raster/js/target/scala-3.7.4/classes ...
[info] done compiling
[success] Total time: 2 s, completed Oct 1, 2026, 10:12:41 a.m.
[info] compiling 6 Scala sources to /private/tmp/scalafim-stp-guide-20261001/candidate/modules/surface-view-javafx/jvm/target/scala-3.7.4/classes ...
[info] done compiling
[success] Total time: 3 s, completed Oct 1, 2026, 10:12:44 a.m.
[info] compiling 5 Scala sources to /private/tmp/scalafim-stp-guide-20261001/candidate/modules/surface-view-three/js/target/scala-3.7.4/classes ...
[info] done compiling
[success] Total time: 3 s, completed Oct 1, 2026, 10:12:47 a.m.
[info] compiling 21 Scala sources to /private/tmp/scalafim-stp-guide-20261001/candidate/modules/connectivity/jvm/target/scala-3.7.4/classes ...
[info] done compiling
[info] compiling 1 Scala source to /private/tmp/scalafim-stp-guide-20261001/candidate/modules/surface-view-connectivity/jvm/target/scala-3.7.4/classes ...
[info] done compiling
[success] Total time: 2 s, completed Oct 1, 2026, 10:12:50 a.m.
[info] compiling 21 Scala sources to /private/tmp/scalafim-stp-guide-20261001/candidate/modules/connectivity/js/target/scala-3.7.4/classes ...
[info] done compiling
[info] compiling 1 Scala source to /private/tmp/scalafim-stp-guide-20261001/candidate/modules/surface-view-connectivity/js/target/scala-3.7.4/classes ...
[info] done compiling
[success] Total time: 3 s, completed Oct 1, 2026, 10:12:53 a.m.
[info] compiling 7 Scala sources to /private/tmp/scalafim-stp-guide-20261001/candidate/examples/surface-view/jvm/target/scala-3.7.4/classes ...
[info] done compiling
[success] Total time: 3 s, completed Oct 1, 2026, 10:12:55 a.m.
[info] compiling 7 Scala sources to /private/tmp/scalafim-stp-guide-20261001/candidate/examples/surface-view/js/target/scala-3.7.4/classes ...
[info] done compiling
[success] Total time: 3 s, completed Oct 1, 2026, 10:12:58 a.m.
[success] Total time: 3 s, completed Oct 1, 2026, 10:13:01 a.m.
[success] Total time: 7 s, completed Oct 1, 2026, 10:13:08 a.m.
[info] compiling 30 Scala sources to /private/tmp/scalafim-stp-guide-20261001/candidate/modules/spatial/jvm/target/scala-3.7.4/classes ...
[info] done compiling
[success] Total time: 9 s, completed Oct 1, 2026, 10:13:17 a.m.
[info] compiling 25 Scala sources to /private/tmp/scalafim-stp-guide-20261001/candidate/modules/spatial/js/target/scala-3.7.4/classes ...
[info] done compiling
[success] Total time: 11 s, completed Oct 1, 2026, 10:13:28 a.m.
[info] compiling 29 Scala sources to /private/tmp/scalafim-stp-guide-20261001/candidate/modules/atlas/jvm/target/scala-3.7.4/classes ...
[info] done compiling
[success] Total time: 12 s, completed Oct 1, 2026, 10:13:41 a.m.
[info] compiling 20 Scala sources to /private/tmp/scalafim-stp-guide-20261001/candidate/modules/atlas/js/target/scala-3.7.4/classes ...
[info] done compiling
[success] Total time: 13 s, completed Oct 1, 2026, 10:13:53 a.m.
[info] compiling 7 Scala sources to /private/tmp/scalafim-stp-guide-20261001/candidate/modules/archive/jvm/target/scala-3.7.4/classes ...
[info] done compiling
[success] Total time: 4 s, completed Oct 1, 2026, 10:13:57 a.m.
[info] compiling 6 Scala sources to /private/tmp/scalafim-stp-guide-20261001/candidate/modules/archive/js/target/scala-3.7.4/classes ...
[info] done compiling
[success] Total time: 3 s, completed Oct 1, 2026, 10:14:00 a.m.
[info] compiling 9 Scala sources to /private/tmp/scalafim-stp-guide-20261001/candidate/modules/estimates/jvm/target/scala-3.7.4/classes ...
[info] done compiling
[success] Total time: 7 s, completed Oct 1, 2026, 10:14:07 a.m.
[info] compiling 9 Scala sources to /private/tmp/scalafim-stp-guide-20261001/candidate/modules/estimates/js/target/scala-3.7.4/classes ...
[info] done compiling
[success] Total time: 5 s, completed Oct 1, 2026, 10:14:13 a.m.
[info] compiling 5 Scala sources to /private/tmp/scalafim-stp-guide-20261001/candidate/modules/estimates-io/jvm/target/scala-3.7.4/classes ...
[info] done compiling
[success] Total time: 16 s, completed Oct 1, 2026, 10:14:29 a.m.
[info] waiting for lock on /Users/bbuchsbaum/.ivy2/.sbt.ivy.lock to be available...
[info] waiting for lock on /Users/bbuchsbaum/.ivy2/.sbt.ivy.lock to be available...
[info] waiting for lock on /Users/bbuchsbaum/.ivy2/.sbt.ivy.lock to be available...
[info] waiting for lock on /Users/bbuchsbaum/.ivy2/.sbt.ivy.lock to be available...
[info] waiting for lock on /Users/bbuchsbaum/.ivy2/.sbt.ivy.lock to be available...
[info] waiting for lock on /Users/bbuchsbaum/.ivy2/.sbt.ivy.lock to be available...
[info] waiting for lock on /Users/bbuchsbaum/.ivy2/.sbt.ivy.lock to be available...
[info] waiting for lock on /Users/bbuchsbaum/.ivy2/.sbt.ivy.lock to be available...
[info] waiting for lock on /Users/bbuchsbaum/.ivy2/.sbt.ivy.lock to be available...
[info] waiting for lock on /Users/bbuchsbaum/.ivy2/.sbt.ivy.lock to be available...
[info] waiting for lock on /Users/bbuchsbaum/.ivy2/.sbt.ivy.lock to be available...
[info] waiting for lock on /Users/bbuchsbaum/.ivy2/.sbt.ivy.lock to be available...
[info] compiling 2 Scala sources to /private/tmp/scalafim-stp-guide-20261001/candidate/modules/estimates-io/js/target/scala-3.7.4/classes ...
[info] done compiling
[success] Total time: 8 s, completed Oct 1, 2026, 10:14:37 a.m.
[info] compiling 20 Scala sources to /private/tmp/scalafim-stp-guide-20261001/candidate/modules/dataset/jvm/target/scala-3.7.4/classes ...
[info] done compiling
[info] compiling 9 Scala sources to /private/tmp/scalafim-stp-guide-20261001/candidate/modules/model/jvm/target/scala-3.7.4/classes ...
[info] compiling 17 Scala sources to /private/tmp/scalafim-stp-guide-20261001/candidate/modules/group/jvm/target/scala-3.7.4/classes ...
[info] done compiling
[info] done compiling
[info] compiling 59 Scala sources to /private/tmp/scalafim-stp-guide-20261001/candidate/modules/fit/jvm/target/scala-3.7.4/classes ...
[info] done compiling
[info] compiling 2 Scala sources to /private/tmp/scalafim-stp-guide-20261001/candidate/modules/fit-estimates/jvm/target/scala-3.7.4/classes ...
[info] done compiling
[success] Total time: 15 s, completed Oct 1, 2026, 10:14:52 a.m.
[info] compiling 17 Scala sources to /private/tmp/scalafim-stp-guide-20261001/candidate/modules/dataset/js/target/scala-3.7.4/classes ...
[info] done compiling
[info] compiling 9 Scala sources to /private/tmp/scalafim-stp-guide-20261001/candidate/modules/model/js/target/scala-3.7.4/classes ...
[info] compiling 17 Scala sources to /private/tmp/scalafim-stp-guide-20261001/candidate/modules/group/js/target/scala-3.7.4/classes ...
[info] done compiling
[info] done compiling
[info] compiling 57 Scala sources to /private/tmp/scalafim-stp-guide-20261001/candidate/modules/fit/js/target/scala-3.7.4/classes ...
[info] done compiling
[info] compiling 2 Scala sources to /private/tmp/scalafim-stp-guide-20261001/candidate/modules/fit-estimates/js/target/scala-3.7.4/classes ...
[info] done compiling
[success] Total time: 11 s, completed Oct 1, 2026, 10:15:03 a.m.
[info] compiling 14 Scala sources to /private/tmp/scalafim-stp-guide-20261001/candidate/modules/archive-lna/jvm/target/scala-3.7.4/classes ...
[info] done compiling
[success] Total time: 3 s, completed Oct 1, 2026, 10:15:06 a.m.
[info] compiling 10 Scala sources to /private/tmp/scalafim-stp-guide-20261001/candidate/modules/archive-lna/js/target/scala-3.7.4/classes ...
[info] done compiling
[success] Total time: 3 s, completed Oct 1, 2026, 10:15:09 a.m.
[info] compiling 10 Scala sources to /private/tmp/scalafim-stp-guide-20261001/candidate/modules/archive-zarr/jvm/target/scala-3.7.4/classes ...
[info] done compiling
[info] compiling 30 Scala sources to /private/tmp/scalafim-stp-guide-20261001/candidate/modules/interop-archived-response/jvm/target/scala-3.7.4/classes ...
[info] done compiling
[success] Total time: 4 s, completed Oct 1, 2026, 10:15:13 a.m.
[info] compiling 9 Scala sources to /private/tmp/scalafim-stp-guide-20261001/candidate/modules/archive-zarr/js/target/scala-3.7.4/classes ...
[info] done compiling
[info] compiling 24 Scala sources to /private/tmp/scalafim-stp-guide-20261001/candidate/modules/interop-archived-response/js/target/scala-3.7.4/classes ...
[info] done compiling
[success] Total time: 5 s, completed Oct 1, 2026, 10:15:18 a.m.
[success] Total time: 3 s, completed Oct 1, 2026, 10:15:21 a.m.
[info] waiting for lock on /Users/bbuchsbaum/.ivy2/.sbt.ivy.lock to be available...
[success] Total time: 3 s, completed Oct 1, 2026, 10:15:23 a.m.
[success] Total time: 3 s, completed Oct 1, 2026, 10:15:26 a.m.
[success] Total time: 3 s, completed Oct 1, 2026, 10:15:29 a.m.
[success] Total time: 3 s, completed Oct 1, 2026, 10:15:33 a.m.
[success] Total time: 2 s, completed Oct 1, 2026, 10:15:35 a.m.
[success] Total time: 4 s, completed Oct 1, 2026, 10:15:39 a.m.
[success] Total time: 3 s, completed Oct 1, 2026, 10:15:42 a.m.
[info] compiling 26 Scala sources to /private/tmp/scalafim-stp-guide-20261001/candidate/modules/mvpa/jvm/target/scala-3.7.4/classes ...
[info] done compiling
[success] Total time: 1 s, completed Oct 1, 2026, 10:15:43 a.m.
[info] compiling 26 Scala sources to /private/tmp/scalafim-stp-guide-20261001/candidate/modules/mvpa/js/target/scala-3.7.4/classes ...
[info] done compiling
[success] Total time: 1 s, completed Oct 1, 2026, 10:15:44 a.m.
[info] compiling 8 Scala sources to /private/tmp/scalafim-stp-guide-20261001/candidate/modules/mvpa-fit/jvm/target/scala-3.7.4/classes ...
[info] done compiling
[success] Total time: 4 s, completed Oct 1, 2026, 10:15:49 a.m.
[info] compiling 8 Scala sources to /private/tmp/scalafim-stp-guide-20261001/candidate/modules/mvpa-fit/js/target/scala-3.7.4/classes ...
[info] done compiling
[success] Total time: 5 s, completed Oct 1, 2026, 10:15:54 a.m.
[success] Total time: 0 s, completed Oct 1, 2026, 10:15:55 a.m.
[success] Total time: 0 s, completed Oct 1, 2026, 10:15:55 a.m.
[info] waiting for lock on /Users/bbuchsbaum/.ivy2/.sbt.ivy.lock to be available...
[info] waiting for lock on /Users/bbuchsbaum/.ivy2/.sbt.ivy.lock to be available...
[info] waiting for lock on /Users/bbuchsbaum/.ivy2/.sbt.ivy.lock to be available...
[info] waiting for lock on /Users/bbuchsbaum/.ivy2/.sbt.ivy.lock to be available...
[info] waiting for lock on /Users/bbuchsbaum/.ivy2/.sbt.ivy.lock to be available...
[info] waiting for lock on /Users/bbuchsbaum/.ivy2/.sbt.ivy.lock to be available...
[info] waiting for lock on /Users/bbuchsbaum/.ivy2/.sbt.ivy.lock to be available...
[info] waiting for lock on /Users/bbuchsbaum/.ivy2/.sbt.ivy.lock to be available...
[info] waiting for lock on /Users/bbuchsbaum/.ivy2/.sbt.ivy.lock to be available...
[info] waiting for lock on /Users/bbuchsbaum/.ivy2/.sbt.ivy.lock to be available...
[info] waiting for lock on /Users/bbuchsbaum/.ivy2/.sbt.ivy.lock to be available...
[info] compiling 2 Scala sources to /private/tmp/scalafim-stp-guide-20261001/candidate/modules/mvpa-dataset/jvm/target/scala-3.7.4/classes ...
[info] done compiling
[success] Total time: 4 s, completed Oct 1, 2026, 10:15:59 a.m.
[info] compiling 2 Scala sources to /private/tmp/scalafim-stp-guide-20261001/candidate/modules/mvpa-dataset/js/target/scala-3.7.4/classes ...
[info] done compiling
[success] Total time: 5 s, completed Oct 1, 2026, 10:16:03 a.m.
[info] compiling 3 Scala sources to /private/tmp/scalafim-stp-guide-20261001/candidate/modules/mvpa-spatial/jvm/target/scala-3.7.4/classes ...
[info] done compiling
[success] Total time: 5 s, completed Oct 1, 2026, 10:16:08 a.m.
[info] compiling 3 Scala sources to /private/tmp/scalafim-stp-guide-20261001/candidate/modules/mvpa-spatial/js/target/scala-3.7.4/classes ...
[info] done compiling
[success] Total time: 4 s, completed Oct 1, 2026, 10:16:12 a.m.
[success] Total time: 1 s, completed Oct 1, 2026, 10:16:13 a.m.
[success] Total time: 1 s, completed Oct 1, 2026, 10:16:14 a.m.
[success] Total time: 3 s, completed Oct 1, 2026, 10:16:17 a.m.
[success] Total time: 3 s, completed Oct 1, 2026, 10:16:20 a.m.
[info] compiling 8 Scala sources to /private/tmp/scalafim-stp-guide-20261001/candidate/modules/fmri-workflow/jvm/target/scala-3.7.4/classes ...
[info] done compiling
[success] Total time: 5 s, completed Oct 1, 2026, 10:16:24 a.m.
[info] compiling 6 Scala sources to /private/tmp/scalafim-stp-guide-20261001/candidate/modules/fmri-workflow/js/target/scala-3.7.4/classes ...
[info] done compiling
[success] Total time: 4 s, completed Oct 1, 2026, 10:16:28 a.m.
[success] Total time: 0 s, completed Oct 1, 2026, 10:16:28 a.m.
[success] Total time: 0 s, completed Oct 1, 2026, 10:16:28 a.m.
[info] compiling 7 Scala sources to /private/tmp/scalafim-stp-guide-20261001/candidate/modules/dataset-zarr/jvm/target/scala-3.7.4/classes ...
[info] done compiling
[success] Total time: 3 s, completed Oct 1, 2026, 10:16:32 a.m.
[info] compiling 3 Scala sources to /private/tmp/scalafim-stp-guide-20261001/candidate/modules/dataset-zarr/js/target/scala-3.7.4/classes ...
[info] done compiling
[success] Total time: 3 s, completed Oct 1, 2026, 10:16:35 a.m.
