[info] welcome to sbt 1.11.7 (Homebrew Java 25.0.1)
[info] loading settings for project work-build from plugins.sbt...
[info] loading project definition from /private/tmp/scalafim-lwu-diagnostics-20260930/work/project
[info] loading settings for project root from build.sbt...
[info] loading settings for project bids4s-build from plugins.sbt...
[info] loading project definition from /Users/bbuchsbaum/.sbt/1.0/staging/77e7bdc71bddb8077fcd/bids4s/project
[info] loading settings for project root from build.sbt...
[info] loading settings for project gale-build from plugins.sbt...
[info] loading project definition from /Users/bbuchsbaum/.sbt/1.0/staging/5a3fe250684692aa42c1/gale/project
[info] loading settings for project root from build.sbt...
[info] loading settings for project graph4s-build from plugins.sbt...
[info] loading project definition from /Users/bbuchsbaum/.sbt/1.0/staging/b4b08747efd9a8151229/graph4s/project
[info] loading settings for project root from build.sbt...
[info] loading settings for project gale-build from plugins.sbt...
[info] loading project definition from /Users/bbuchsbaum/.sbt/1.0/staging/5a90f48e170e9e640ee1/gale/project
[info] loading settings for project root from build.sbt...
[info] loading settings for project image4s-build from plugins.sbt...
[info] loading project definition from /Users/bbuchsbaum/.sbt/1.0/staging/cd3a5082f5d2990355dd/image4s/project
[info] loading settings for project root from build.sbt...
[info] loading settings for project intaglio-build from plugins.sbt...
[info] loading project definition from /Users/bbuchsbaum/.sbt/1.0/staging/34fcacf7027b8ae3b2f8/intaglio/project
[info] loading settings for project root from build.sbt...
[info] loading settings for project locus4s-build from plugins.sbt...
[info] loading project definition from /Users/bbuchsbaum/.sbt/1.0/staging/05a8f1a231c171f1bca0/locus4s/project
[info] loading settings for project root from build.sbt...
[info] loading settings for project multivar-build from plugins.sbt...
[info] loading project definition from /Users/bbuchsbaum/.sbt/1.0/staging/55929e145617b909ca3a/multivar/project
[info] loading settings for project root from build.sbt...
[info] loading settings for project ravel-build from plugins.sbt...
[info] loading project definition from /Users/bbuchsbaum/.sbt/1.0/staging/57a292f3a6ded9e259cf/ravel/project
[info] loading settings for project root from build.sbt...
[info] loading settings for project reframe4s-build from plugins.sbt...
[info] loading project definition from /Users/bbuchsbaum/.sbt/1.0/staging/aa1fd63832323d604703/reframe4s/project
[info] loading settings for project root from build.sbt...
[info] loading settings for project image4s-build from plugins.sbt...
[info] loading project definition from /Users/bbuchsbaum/.sbt/1.0/staging/41e96dde036f148f012a/image4s/project
[info] loading settings for project root from build.sbt...
[info] loading settings for project zarr4s-build from plugins.sbt...
[info] loading project definition from /Users/bbuchsbaum/.sbt/1.0/staging/34c0071f90095ef07887/zarr4s/project
[info] loading settings for project root from build.sbt...
[info] resolving key references (261806 settings) ...
[info] set current project to scalafim (in build file:/private/tmp/scalafim-lwu-diagnostics-20260930/work/)
[info] compiling 2 Scala sources to /private/tmp/scalafim-lwu-diagnostics-20260930/work/modules/first-level-laws/js/target/scala-3.7.4/test-classes ...
[info] done compiling
[warn] multiple main classes detected: run 'show discoveredMainClasses' to see the list
[info] Fast optimizing /private/tmp/scalafim-lwu-diagnostics-20260930/work/modules/first-level-laws/js/target/scala-3.7.4/scalafim-fmri-first-level-laws-test-fastopt
scalafim.fmri.laws.profile.LwuConditionDiagnosticSuite:
  + historical LWU diagnostic retains fit, input availability and all work fields 8.319s
[info] Passed: Total 1, Failed 0, Errors 0, Passed 1
[success] Total time: 30 s, completed Sep 30, 2026, 3:45:42 p.m.
[info] Defining firstLevelLawsJS / Test / mainClass
[info] The new value will be used by firstLevelLawsJS / Test / bspBuildTargetRun, firstLevelLawsJS / Test / packageBin / packageOptions and 2 others.
[info] 	Run `last` for details.
[info] Reapplying settings...
[info] set current project to scalafim (in build file:/private/tmp/scalafim-lwu-diagnostics-20260930/work/)
[info] Defining firstLevelLawsJS / Test / scalaJSUseMainModuleInitializer
[info] The new value will be used by firstLevelLawsJS / Test / run, firstLevelLawsJS / Test / scalaJSModuleInitializers
[info] Reapplying settings...
[info] set current project to scalafim (in build file:/private/tmp/scalafim-lwu-diagnostics-20260930/work/)
[info] Defining firstLevelLawsJS / Test / scalaJSUseTestModuleInitializer
[info] The new value will be used by firstLevelLawsJS / Test / loadedTestFrameworks, firstLevelLawsJS / Test / scalaJSModuleInitializers
[info] Reapplying settings...
[info] set current project to scalafim (in build file:/private/tmp/scalafim-lwu-diagnostics-20260930/work/)
[error] Expected whitespace character
[error] Expected '/'
[error] firstLevelLawsJS/Test/run --historical-dev --verify-original-counts
[error]                           ^
