[info] welcome to sbt 1.11.7 (Homebrew Java 25.0.1)
[info] loading settings for project scalafim-umvpa-20260930-wave3-build from plugins.sbt...
[info] loading project definition from /private/tmp/scalafim-umvpa-20260930-wave3/project
[info] loading settings for project root from build.sbt...
[info] loading settings for project alder-fixed-rows-build from plugins.sbt...
[info] loading project definition from /private/tmp/scalafim-umvpa-20260929/alder-fixed-rows/project
[info] loading settings for project root from build.sbt...
[info] loading settings for project bids4s-build from plugins.sbt...
[info] loading project definition from /private/tmp/scalafim-umvpa-20260929/sbt-global/staging/77e7bdc71bddb8077fcd/bids4s/project
[info] loading settings for project root from build.sbt...
[info] loading settings for project gale-build from plugins.sbt...
[info] loading project definition from /private/tmp/scalafim-umvpa-20260929/sbt-global/staging/5a90f48e170e9e640ee1/gale/project
[info] loading settings for project root from build.sbt...
[info] loading settings for project graph4s-build from plugins.sbt...
[info] loading project definition from /private/tmp/scalafim-umvpa-20260929/sbt-global/staging/b4b08747efd9a8151229/graph4s/project
[info] loading settings for project root from build.sbt...
[info] loading settings for project image4s-build from plugins.sbt...
[info] loading project definition from /private/tmp/scalafim-umvpa-20260929/sbt-global/staging/41e96dde036f148f012a/image4s/project
[info] loading settings for project root from build.sbt...
[info] loading settings for project intaglio-build from plugins.sbt...
[info] loading project definition from /private/tmp/scalafim-umvpa-20260929/sbt-global/staging/34fcacf7027b8ae3b2f8/intaglio/project
[info] loading settings for project root from build.sbt...
[info] loading settings for project linops4s-build from plugins.sbt...
[info] loading project definition from /private/tmp/scalafim-umvpa-20260929/sbt-global/staging/cfabf5f1e5e2fb8fb176/linops4s/project
[info] loading settings for project root from build.sbt...
[info] loading settings for project locus4s-build from plugins.sbt...
[info] loading project definition from /private/tmp/scalafim-umvpa-20260929/sbt-global/staging/05a8f1a231c171f1bca0/locus4s/project
[info] loading settings for project root from build.sbt...
[info] loading settings for project multivar-build from plugins.sbt...
[info] loading project definition from /private/tmp/scalafim-umvpa-20260929/sbt-global/staging/8a071d8f65817f0f368f/multivar/project
[info] loading settings for project root from build.sbt...
[info] loading settings for project ravel-build from plugins.sbt...
[info] loading project definition from /private/tmp/scalafim-umvpa-20260929/sbt-global/staging/57a292f3a6ded9e259cf/ravel/project
[info] loading settings for project root from build.sbt...
[info] loading settings for project reframe4s-build from plugins.sbt...
[info] loading project definition from /private/tmp/scalafim-umvpa-20260929/sbt-global/staging/35134e4fbd77703f1507/reframe4s/project
[info] loading settings for project root from build.sbt...
[info] loading settings for project resample4s-build from plugins.sbt...
[info] loading project definition from /private/tmp/scalafim-umvpa-20260929/sbt-global/staging/3f5d01c7e6069e74a205/resample4s/project
[info] loading settings for project root from build.sbt...
[info] loading settings for project zarr4s-build from plugins.sbt...
[info] loading project definition from /private/tmp/scalafim-umvpa-20260929/sbt-global/staging/34c0071f90095ef07887/zarr4s/project
[info] loading settings for project root from build.sbt...
[info] resolving key references (303158 settings) ...
[info] set current project to scalafim (in build file:/private/tmp/scalafim-umvpa-20260930-wave3/)
[success] Total time: 1 s, completed Sep 30, 2026, 7:21:38 a.m.
[success] Total time: 0 s, completed Sep 30, 2026, 7:21:39 a.m.
[success] Total time: 1 s, completed Sep 30, 2026, 7:21:40 a.m.
[success] Total time: 1 s, completed Sep 30, 2026, 7:21:40 a.m.
[success] Total time: 0 s, completed Sep 30, 2026, 7:21:41 a.m.
[success] Total time: 0 s, completed Sep 30, 2026, 7:21:41 a.m.
[info] compiling 1 Scala source to /private/tmp/scalafim-umvpa-20260930-wave3/modules/response-laws/jvm/target/scala-3.7.4/classes ...
[info] done compiling
[success] Total time: 5 s, completed Sep 30, 2026, 7:21:46 a.m.
[info] waiting for lock on /Users/bbuchsbaum/.ivy2/.sbt.ivy.lock to be available...
[info] waiting for lock on /Users/bbuchsbaum/.ivy2/.sbt.ivy.lock to be available...
[info] compiling 1 Scala source to /private/tmp/scalafim-umvpa-20260930-wave3/modules/response-laws/js/target/scala-3.7.4/classes ...
[info] done compiling
[success] Total time: 3 s, completed Sep 30, 2026, 7:21:50 a.m.
[info] compiling 17 Scala sources to /private/tmp/scalafim-umvpa-20260930-wave3/modules/latent/jvm/target/scala-3.7.4/classes ...
[info] done compiling
[success] Total time: 14 s, completed Sep 30, 2026, 7:22:04 a.m.
[info] compiling 17 Scala sources to /private/tmp/scalafim-umvpa-20260930-wave3/modules/latent/js/target/scala-3.7.4/classes ...
[info] done compiling
[success] Total time: 10 s, completed Sep 30, 2026, 7:22:14 a.m.
[success] Total time: 0 s, completed Sep 30, 2026, 7:22:15 a.m.
[success] Total time: 0 s, completed Sep 30, 2026, 7:22:15 a.m.
[success] Total time: 0 s, completed Sep 30, 2026, 7:22:15 a.m.
[success] Total time: 0 s, completed Sep 30, 2026, 7:22:15 a.m.
[info] compiling 2 Scala sources to /private/tmp/scalafim-umvpa-20260930-wave3/modules/hrf-laws/jvm/target/scala-3.7.4/classes ...
[info] done compiling
[success] Total time: 1 s, completed Sep 30, 2026, 7:22:16 a.m.
[info] compiling 2 Scala sources to /private/tmp/scalafim-umvpa-20260930-wave3/modules/hrf-laws/js/target/scala-3.7.4/classes ...
[info] done compiling
[success] Total time: 1 s, completed Sep 30, 2026, 7:22:17 a.m.
[info] compiling 1 Scala source to /private/tmp/scalafim-umvpa-20260930-wave3/modules/scenario-testkit/jvm/target/scala-3.7.4/classes ...
[info] done compiling
[success] Total time: 0 s, completed Sep 30, 2026, 7:22:17 a.m.
[info] compiling 1 Scala source to /private/tmp/scalafim-umvpa-20260930-wave3/modules/scenario-testkit/js/target/scala-3.7.4/classes ...
[info] done compiling
[success] Total time: 0 s, completed Sep 30, 2026, 7:22:18 a.m.
[success] Total time: 1 s, completed Sep 30, 2026, 7:22:19 a.m.
[success] Total time: 1 s, completed Sep 30, 2026, 7:22:19 a.m.
[success] Total time: 3 s, completed Sep 30, 2026, 7:22:22 a.m.
[success] Total time: 3 s, completed Sep 30, 2026, 7:22:25 a.m.
[info] compiling 1 Scala source to /private/tmp/scalafim-umvpa-20260930-wave3/modules/provider-spike/jvm/target/scala-3.7.4/classes ...
[info] done compiling
[success] Total time: 2 s, completed Sep 30, 2026, 7:22:26 a.m.
[info] compiling 1 Scala source to /private/tmp/scalafim-umvpa-20260930-wave3/modules/provider-spike/js/target/scala-3.7.4/classes ...
[info] done compiling
[success] Total time: 2 s, completed Sep 30, 2026, 7:22:28 a.m.
[info] compiling 5 Scala sources to /private/tmp/scalafim-umvpa-20260930-wave3/modules/image-view/jvm/target/scala-3.7.4/classes ...
[info] done compiling
[success] Total time: 4 s, completed Sep 30, 2026, 7:22:33 a.m.
[info] compiling 5 Scala sources to /private/tmp/scalafim-umvpa-20260930-wave3/modules/image-view/js/target/scala-3.7.4/classes ...
[info] done compiling
[success] Total time: 4 s, completed Sep 30, 2026, 7:22:37 a.m.
[info] compiling 1 Scala source to /private/tmp/scalafim-umvpa-20260930-wave3/modules/image-view-canvas/js/target/scala-3.7.4/classes ...
[info] done compiling
[success] Total time: 3 s, completed Sep 30, 2026, 7:22:40 a.m.
[info] compiling 1 Scala source to /private/tmp/scalafim-umvpa-20260930-wave3/modules/image-view-java2d/jvm/target/scala-3.7.4/classes ...
[info] done compiling
[success] Total time: 3 s, completed Sep 30, 2026, 7:22:43 a.m.
[info] compiling 1 Scala source to /private/tmp/scalafim-umvpa-20260930-wave3/modules/image-view-javafx/jvm/target/scala-3.7.4/classes ...
[info] done compiling
[success] Total time: 3 s, completed Sep 30, 2026, 7:22:46 a.m.
[info] compiling 11 Scala sources to /private/tmp/scalafim-umvpa-20260930-wave3/modules/threshold/jvm/target/scala-3.7.4/classes ...
[info] done compiling
[success] Total time: 3 s, completed Sep 30, 2026, 7:22:49 a.m.
[info] compiling 11 Scala sources to /private/tmp/scalafim-umvpa-20260930-wave3/modules/threshold/js/target/scala-3.7.4/classes ...
[info] done compiling
[success] Total time: 4 s, completed Sep 30, 2026, 7:22:53 a.m.
[info] compiling 26 Scala sources to /private/tmp/scalafim-umvpa-20260930-wave3/modules/motion/jvm/target/scala-3.7.4/classes ...
[info] done compiling
[success] Total time: 5 s, completed Sep 30, 2026, 7:22:58 a.m.
[info] compiling 18 Scala sources to /private/tmp/scalafim-umvpa-20260930-wave3/modules/motion/js/target/scala-3.7.4/classes ...
[info] done compiling
[success] Total time: 4 s, completed Sep 30, 2026, 7:23:02 a.m.
[info] compiling 26 Scala sources to /private/tmp/scalafim-umvpa-20260930-wave3/modules/surface/jvm/target/scala-3.7.4/classes ...
[info] done compiling
[success] Total time: 5 s, completed Sep 30, 2026, 7:23:07 a.m.
[info] compiling 26 Scala sources to /private/tmp/scalafim-umvpa-20260930-wave3/modules/surface/js/target/scala-3.7.4/classes ...
[info] done compiling
[success] Total time: 6 s, completed Sep 30, 2026, 7:23:13 a.m.
[info] compiling 15 Scala sources to /private/tmp/scalafim-umvpa-20260930-wave3/modules/surface-view/jvm/target/scala-3.7.4/classes ...
[info] done compiling
[success] Total time: 6 s, completed Sep 30, 2026, 7:23:19 a.m.
[info] compiling 15 Scala sources to /private/tmp/scalafim-umvpa-20260930-wave3/modules/surface-view/js/target/scala-3.7.4/classes ...
[info] done compiling
[success] Total time: 6 s, completed Sep 30, 2026, 7:23:25 a.m.
[info] compiling 3 Scala sources to /private/tmp/scalafim-umvpa-20260930-wave3/modules/surface-view-raster/jvm/target/scala-3.7.4/classes ...
[info] done compiling
[success] Total time: 3 s, completed Sep 30, 2026, 7:23:28 a.m.
[info] compiling 2 Scala sources to /private/tmp/scalafim-umvpa-20260930-wave3/modules/surface-view-raster/js/target/scala-3.7.4/classes ...
[info] done compiling
[success] Total time: 3 s, completed Sep 30, 2026, 7:23:31 a.m.
[info] compiling 6 Scala sources to /private/tmp/scalafim-umvpa-20260930-wave3/modules/surface-view-javafx/jvm/target/scala-3.7.4/classes ...
[info] done compiling
[success] Total time: 4 s, completed Sep 30, 2026, 7:23:35 a.m.
[info] compiling 5 Scala sources to /private/tmp/scalafim-umvpa-20260930-wave3/modules/surface-view-three/js/target/scala-3.7.4/classes ...
[info] done compiling
[success] Total time: 5 s, completed Sep 30, 2026, 7:23:40 a.m.
[info] compiling 21 Scala sources to /private/tmp/scalafim-umvpa-20260930-wave3/modules/connectivity/jvm/target/scala-3.7.4/classes ...
[info] done compiling
[info] compiling 1 Scala source to /private/tmp/scalafim-umvpa-20260930-wave3/modules/surface-view-connectivity/jvm/target/scala-3.7.4/classes ...
[info] done compiling
[success] Total time: 4 s, completed Sep 30, 2026, 7:23:44 a.m.
[info] compiling 21 Scala sources to /private/tmp/scalafim-umvpa-20260930-wave3/modules/connectivity/js/target/scala-3.7.4/classes ...
[info] done compiling
[info] compiling 1 Scala source to /private/tmp/scalafim-umvpa-20260930-wave3/modules/surface-view-connectivity/js/target/scala-3.7.4/classes ...
[info] done compiling
[success] Total time: 5 s, completed Sep 30, 2026, 7:23:49 a.m.
[info] compiling 7 Scala sources to /private/tmp/scalafim-umvpa-20260930-wave3/examples/surface-view/jvm/target/scala-3.7.4/classes ...
[info] done compiling
[success] Total time: 4 s, completed Sep 30, 2026, 7:23:52 a.m.
[info] compiling 7 Scala sources to /private/tmp/scalafim-umvpa-20260930-wave3/examples/surface-view/js/target/scala-3.7.4/classes ...
[info] done compiling
[success] Total time: 5 s, completed Sep 30, 2026, 7:23:57 a.m.
[info] compiling 28 Scala sources to /private/tmp/scalafim-umvpa-20260930-wave3/modules/spatial/jvm/target/scala-3.7.4/classes ...
[info] done compiling
[success] Total time: 6 s, completed Sep 30, 2026, 7:24:04 a.m.
[info] compiling 22 Scala sources to /private/tmp/scalafim-umvpa-20260930-wave3/modules/spatial/js/target/scala-3.7.4/classes ...
[info] done compiling
[success] Total time: 5 s, completed Sep 30, 2026, 7:24:09 a.m.
[info] compiling 25 Scala sources to /private/tmp/scalafim-umvpa-20260930-wave3/modules/atlas/jvm/target/scala-3.7.4/classes ...
[info] done compiling
[success] Total time: 6 s, completed Sep 30, 2026, 7:24:15 a.m.
[info] compiling 17 Scala sources to /private/tmp/scalafim-umvpa-20260930-wave3/modules/atlas/js/target/scala-3.7.4/classes ...
[info] done compiling
[success] Total time: 5 s, completed Sep 30, 2026, 7:24:19 a.m.
[info] compiling 7 Scala sources to /private/tmp/scalafim-umvpa-20260930-wave3/modules/archive/jvm/target/scala-3.7.4/classes ...
[info] done compiling
[success] Total time: 1 s, completed Sep 30, 2026, 7:24:21 a.m.
[info] compiling 6 Scala sources to /private/tmp/scalafim-umvpa-20260930-wave3/modules/archive/js/target/scala-3.7.4/classes ...
[info] done compiling
[success] Total time: 1 s, completed Sep 30, 2026, 7:24:22 a.m.
[info] compiling 9 Scala sources to /private/tmp/scalafim-umvpa-20260930-wave3/modules/estimates/jvm/target/scala-3.7.4/classes ...
[info] done compiling
[success] Total time: 3 s, completed Sep 30, 2026, 7:24:25 a.m.
[info] compiling 9 Scala sources to /private/tmp/scalafim-umvpa-20260930-wave3/modules/estimates/js/target/scala-3.7.4/classes ...
[info] done compiling
[success] Total time: 3 s, completed Sep 30, 2026, 7:24:29 a.m.
[info] compiling 5 Scala sources to /private/tmp/scalafim-umvpa-20260930-wave3/modules/estimates-io/jvm/target/scala-3.7.4/classes ...
[info] done compiling
[success] Total time: 6 s, completed Sep 30, 2026, 7:24:35 a.m.
[info] compiling 2 Scala sources to /private/tmp/scalafim-umvpa-20260930-wave3/modules/estimates-io/js/target/scala-3.7.4/classes ...
[info] done compiling
[success] Total time: 9 s, completed Sep 30, 2026, 7:24:44 a.m.
[info] compiling 16 Scala sources to /private/tmp/scalafim-umvpa-20260930-wave3/modules/group/jvm/target/scala-3.7.4/classes ...
[info] done compiling
[info] compiling 2 Scala sources to /private/tmp/scalafim-umvpa-20260930-wave3/modules/fit-estimates/jvm/target/scala-3.7.4/classes ...
[info] done compiling
[success] Total time: 7 s, completed Sep 30, 2026, 7:24:51 a.m.
[info] compiling 16 Scala sources to /private/tmp/scalafim-umvpa-20260930-wave3/modules/group/js/target/scala-3.7.4/classes ...
[info] done compiling
[info] compiling 2 Scala sources to /private/tmp/scalafim-umvpa-20260930-wave3/modules/fit-estimates/js/target/scala-3.7.4/classes ...
[info] done compiling
[success] Total time: 7 s, completed Sep 30, 2026, 7:24:58 a.m.
[info] compiling 14 Scala sources to /private/tmp/scalafim-umvpa-20260930-wave3/modules/archive-lna/jvm/target/scala-3.7.4/classes ...
[info] done compiling
[success] Total time: 5 s, completed Sep 30, 2026, 7:25:03 a.m.
[info] compiling 10 Scala sources to /private/tmp/scalafim-umvpa-20260930-wave3/modules/archive-lna/js/target/scala-3.7.4/classes ...
[info] done compiling
[success] Total time: 4 s, completed Sep 30, 2026, 7:25:08 a.m.
[info] compiling 10 Scala sources to /private/tmp/scalafim-umvpa-20260930-wave3/modules/archive-zarr/jvm/target/scala-3.7.4/classes ...
[info] done compiling
[info] compiling 30 Scala sources to /private/tmp/scalafim-umvpa-20260930-wave3/modules/interop-archived-response/jvm/target/scala-3.7.4/classes ...
[info] done compiling
[success] Total time: 15 s, completed Sep 30, 2026, 7:25:22 a.m.
[info] compiling 9 Scala sources to /private/tmp/scalafim-umvpa-20260930-wave3/modules/archive-zarr/js/target/scala-3.7.4/classes ...
[info] done compiling
[info] compiling 24 Scala sources to /private/tmp/scalafim-umvpa-20260930-wave3/modules/interop-archived-response/js/target/scala-3.7.4/classes ...
[info] done compiling
[success] Total time: 10 s, completed Sep 30, 2026, 7:25:32 a.m.
[success] Total time: 4 s, completed Sep 30, 2026, 7:25:37 a.m.
[success] Total time: 4 s, completed Sep 30, 2026, 7:25:41 a.m.
[success] Total time: 3 s, completed Sep 30, 2026, 7:25:44 a.m.
[success] Total time: 3 s, completed Sep 30, 2026, 7:25:47 a.m.
[success] Total time: 3 s, completed Sep 30, 2026, 7:25:50 a.m.
[success] Total time: 3 s, completed Sep 30, 2026, 7:25:53 a.m.
[success] Total time: 7 s, completed Sep 30, 2026, 7:26:00 a.m.
[success] Total time: 4 s, completed Sep 30, 2026, 7:26:04 a.m.
[success] Total time: 2 s, completed Sep 30, 2026, 7:26:06 a.m.
[success] Total time: 2 s, completed Sep 30, 2026, 7:26:08 a.m.
[success] Total time: 5 s, completed Sep 30, 2026, 7:26:13 a.m.
[success] Total time: 4 s, completed Sep 30, 2026, 7:26:17 a.m.
[success] Total time: 0 s, completed Sep 30, 2026, 7:26:17 a.m.
[success] Total time: 0 s, completed Sep 30, 2026, 7:26:18 a.m.
[success] Total time: 5 s, completed Sep 30, 2026, 7:26:22 a.m.
[success] Total time: 3 s, completed Sep 30, 2026, 7:26:25 a.m.
[info] compiling 5 Scala sources to /private/tmp/scalafim-umvpa-20260930-wave3/modules/mvpa-spatial/jvm/target/scala-3.7.4/classes ...
[info] done compiling
[success] Total time: 7 s, completed Sep 30, 2026, 7:26:33 a.m.
[info] compiling 5 Scala sources to /private/tmp/scalafim-umvpa-20260930-wave3/modules/mvpa-spatial/js/target/scala-3.7.4/classes ...
[info] done compiling
[success] Total time: 6 s, completed Sep 30, 2026, 7:26:39 a.m.
[success] Total time: 1 s, completed Sep 30, 2026, 7:26:40 a.m.
[success] Total time: 1 s, completed Sep 30, 2026, 7:26:41 a.m.
[success] Total time: 3 s, completed Sep 30, 2026, 7:26:44 a.m.
[success] Total time: 2 s, completed Sep 30, 2026, 7:26:46 a.m.
[info] compiling 8 Scala sources to /private/tmp/scalafim-umvpa-20260930-wave3/modules/fmri-workflow/jvm/target/scala-3.7.4/classes ...
[info] done compiling
[success] Total time: 6 s, completed Sep 30, 2026, 7:26:53 a.m.
[info] compiling 6 Scala sources to /private/tmp/scalafim-umvpa-20260930-wave3/modules/fmri-workflow/js/target/scala-3.7.4/classes ...
[info] done compiling
[success] Total time: 5 s, completed Sep 30, 2026, 7:26:58 a.m.
[success] Total time: 0 s, completed Sep 30, 2026, 7:26:58 a.m.
[success] Total time: 0 s, completed Sep 30, 2026, 7:26:58 a.m.
[info] compiling 7 Scala sources to /private/tmp/scalafim-umvpa-20260930-wave3/modules/dataset-zarr/jvm/target/scala-3.7.4/classes ...
[info] done compiling
[success] Total time: 4 s, completed Sep 30, 2026, 7:27:02 a.m.
[info] compiling 3 Scala sources to /private/tmp/scalafim-umvpa-20260930-wave3/modules/dataset-zarr/js/target/scala-3.7.4/classes ...
[info] done compiling
[success] Total time: 5 s, completed Sep 30, 2026, 7:27:07 a.m.
