[info] welcome to sbt 1.11.7 (Homebrew Java 25.0.1)
[info] loading settings for project scalafim-umvpa-20260930-wave3-build from plugins.sbt...
[info] loading project definition from /private/tmp/scalafim-umvpa-20260930-wave3/project
[info] loading settings for project root from build.sbt...
[info] loading settings for project alder-fixed-rows-build from plugins.sbt...
[info] loading project definition from /private/tmp/scalafim-umvpa-20260929/alder-fixed-rows/project
[info] loading settings for project root from build.sbt...
[info] loading settings for project bids4s-build from plugins.sbt...
[info] loading project definition from /private/tmp/scalafim-umvpa-20260929/sbt-global/staging/77e7bdc71bddb8077fcd/bids4s/project
[info] loading settings for project root from build.sbt...
[info] loading settings for project gale-build from plugins.sbt...
[info] loading project definition from /private/tmp/scalafim-umvpa-20260929/sbt-global/staging/5a90f48e170e9e640ee1/gale/project
[info] loading settings for project root from build.sbt...
[info] loading settings for project graph4s-build from plugins.sbt...
[info] loading project definition from /private/tmp/scalafim-umvpa-20260929/sbt-global/staging/b4b08747efd9a8151229/graph4s/project
[info] loading settings for project root from build.sbt...
[info] loading settings for project image4s-build from plugins.sbt...
[info] loading project definition from /private/tmp/scalafim-umvpa-20260929/sbt-global/staging/41e96dde036f148f012a/image4s/project
[info] loading settings for project root from build.sbt...
[info] loading settings for project intaglio-build from plugins.sbt...
[info] loading project definition from /private/tmp/scalafim-umvpa-20260929/sbt-global/staging/34fcacf7027b8ae3b2f8/intaglio/project
[info] loading settings for project root from build.sbt...
[info] loading settings for project linops4s-build from plugins.sbt...
[info] loading project definition from /private/tmp/scalafim-umvpa-20260929/sbt-global/staging/cfabf5f1e5e2fb8fb176/linops4s/project
[info] loading settings for project root from build.sbt...
[info] loading settings for project locus4s-build from plugins.sbt...
[info] loading project definition from /private/tmp/scalafim-umvpa-20260929/sbt-global/staging/05a8f1a231c171f1bca0/locus4s/project
[info] loading settings for project root from build.sbt...
[info] loading settings for project multivar-build from plugins.sbt...
[info] loading project definition from /private/tmp/scalafim-umvpa-20260929/sbt-global/staging/8a071d8f65817f0f368f/multivar/project
[info] loading settings for project root from build.sbt...
[info] loading settings for project ravel-build from plugins.sbt...
[info] loading project definition from /private/tmp/scalafim-umvpa-20260929/sbt-global/staging/57a292f3a6ded9e259cf/ravel/project
[info] loading settings for project root from build.sbt...
[info] loading settings for project reframe4s-build from plugins.sbt...
[info] loading project definition from /private/tmp/scalafim-umvpa-20260929/sbt-global/staging/35134e4fbd77703f1507/reframe4s/project
[info] loading settings for project root from build.sbt...
[info] loading settings for project resample4s-build from plugins.sbt...
[info] loading project definition from /private/tmp/scalafim-umvpa-20260929/sbt-global/staging/3f5d01c7e6069e74a205/resample4s/project
[info] loading settings for project root from build.sbt...
[info] loading settings for project zarr4s-build from plugins.sbt...
[info] loading project definition from /private/tmp/scalafim-umvpa-20260929/sbt-global/staging/34c0071f90095ef07887/zarr4s/project
[info] loading settings for project root from build.sbt...
[info] resolving key references (303158 settings) ...
[info] set current project to scalafim (in build file:/private/tmp/scalafim-umvpa-20260930-wave3/)
[info] compiling 3 Scala sources to /private/tmp/scalafim-umvpa-20260930-wave3/modules/mvpa-dataset/jvm/target/scala-3.7.4/test-classes ...
[info] done compiling
scalafim.fmri.mvpa.dataset.MvpaDatasetViewSuite:
  + dataset view preserves selected timepoints, matrix orientation, and global feature indices 0.267s
  + OpenedDatasetMvpaExecutor builds patterns from the effectful attachment boundary 0.42s
  + derived pattern rows support beta-like estimates without pretending to be timepoints 0.119s
  + sample metadata builds categorical responses and labeled leave-one-block-out folds 0.01s
  + labeled dataset view source drives the MVPA engine without losing alignment 0.005s
  + labeled view refuses unlabeled samples before classifier workflows 0.006s
  + metadata contract failures are explicit ADT values 0.017s
scalafim.fmri.mvpa.dataset.predictive.AlderPredictiveAdmissionSuite:
  + native mapping retains the complete ordered scientific key map 0.049s
  + duplicate native ids are refused before a provider root exists 0.006s
  + materialization is budgeted before a matrix read 0.006s
  + fixed training fits a public Alder artifact with only training ids in its audit 0.061s
  + test-role data cannot typecheck as a learner fitting population 0.001s
  + public transform is target-blind and cross-fitted feature preparation excludes each held target 0.316s
  + target-blind transform inputs have no target member at compile time 0.001s
  + large dimensions use Long budget arithmetic and actual materialized binding refuses overspend 0.001s
  + native-table budget refusal precedes poison evidence reads 0.017s
scalafim.fmri.mvpa.dataset.predictive.NativeReadPolicySuite:
  + rectangular batches retain all values and read every native column once 0.012s
  + metadata, axis, provenance, and value identities bind the training fingerprint 0.023s
  + preflight refusal performs zero reads and large dimensions overflow safely 0.004s
  + poison single-application sources reject replay before callbacks, but one full-width application is admitted 0.006s
  + failed blocks preserve prior returned and copied cell totals 0.006s
[info] Passed: Total 21, Failed 0, Errors 0, Passed 21
[success] Total time: 24 s, completed Sep 30, 2026, 7:15:15 a.m.
