[info] welcome to sbt 1.11.7 (Homebrew Java 25.0.1)
[info] loading settings for project scalafim-umvpa-20260930-wave3-build from plugins.sbt...
[info] loading project definition from /private/tmp/scalafim-umvpa-20260930-wave3/project
[info] loading settings for project root from build.sbt...
[info] loading settings for project alder-fixed-rows-build from plugins.sbt...
[info] loading project definition from /private/tmp/scalafim-umvpa-20260929/alder-fixed-rows/project
[info] loading settings for project root from build.sbt...
[info] loading settings for project bids4s-build from plugins.sbt...
[info] loading project definition from /private/tmp/scalafim-umvpa-20260929/sbt-global/staging/77e7bdc71bddb8077fcd/bids4s/project
[info] loading settings for project root from build.sbt...
[info] loading settings for project gale-build from plugins.sbt...
[info] loading project definition from /private/tmp/scalafim-umvpa-20260929/sbt-global/staging/5a90f48e170e9e640ee1/gale/project
[info] loading settings for project root from build.sbt...
[info] loading settings for project graph4s-build from plugins.sbt...
[info] loading project definition from /private/tmp/scalafim-umvpa-20260929/sbt-global/staging/b4b08747efd9a8151229/graph4s/project
[info] loading settings for project root from build.sbt...
[info] loading settings for project image4s-build from plugins.sbt...
[info] loading project definition from /private/tmp/scalafim-umvpa-20260929/sbt-global/staging/41e96dde036f148f012a/image4s/project
[info] loading settings for project root from build.sbt...
[info] loading settings for project intaglio-build from plugins.sbt...
[info] loading project definition from /private/tmp/scalafim-umvpa-20260929/sbt-global/staging/34fcacf7027b8ae3b2f8/intaglio/project
[info] loading settings for project root from build.sbt...
[info] loading settings for project linops4s-build from plugins.sbt...
[info] loading project definition from /private/tmp/scalafim-umvpa-20260929/sbt-global/staging/cfabf5f1e5e2fb8fb176/linops4s/project
[info] loading settings for project root from build.sbt...
[info] loading settings for project locus4s-build from plugins.sbt...
[info] loading project definition from /private/tmp/scalafim-umvpa-20260929/sbt-global/staging/05a8f1a231c171f1bca0/locus4s/project
[info] loading settings for project root from build.sbt...
[info] loading settings for project multivar-build from plugins.sbt...
[info] loading project definition from /private/tmp/scalafim-umvpa-20260929/sbt-global/staging/8a071d8f65817f0f368f/multivar/project
[info] loading settings for project root from build.sbt...
[info] loading settings for project ravel-build from plugins.sbt...
[info] loading project definition from /private/tmp/scalafim-umvpa-20260929/sbt-global/staging/57a292f3a6ded9e259cf/ravel/project
[info] loading settings for project root from build.sbt...
[info] loading settings for project reframe4s-build from plugins.sbt...
[info] loading project definition from /private/tmp/scalafim-umvpa-20260929/sbt-global/staging/35134e4fbd77703f1507/reframe4s/project
[info] loading settings for project root from build.sbt...
[info] loading settings for project resample4s-build from plugins.sbt...
[info] loading project definition from /private/tmp/scalafim-umvpa-20260929/sbt-global/staging/3f5d01c7e6069e74a205/resample4s/project
[info] loading settings for project root from build.sbt...
[info] loading settings for project zarr4s-build from plugins.sbt...
[info] loading project definition from /private/tmp/scalafim-umvpa-20260929/sbt-global/staging/34c0071f90095ef07887/zarr4s/project
[info] loading settings for project root from build.sbt...
[info] resolving key references (303158 settings) ...
[info] set current project to scalafim (in build file:/private/tmp/scalafim-umvpa-20260930-wave3/)
[info] compiling 3 Scala sources to /private/tmp/scalafim-umvpa-20260930-wave3/modules/mvpa-dataset/jvm/target/scala-3.7.4/classes ...
[error] -- [E007] Type Mismatch Error: /private/tmp/scalafim-umvpa-20260930-wave3/modules/mvpa-dataset/shared/src/main/scala/scalafim/fmri/mvpa/dataset/predictive/AlderPredictiveAdmission.scala:276:37 
[error] 276 |        _ <- copyBlocks(observations.patterns, observations.columns, inputValues, "inputs")
[error]     |                        ^^^^^^^^^^^^^^^^^^^^^
[error]     |Found:    (observations.patterns : multivar.core.Table[S, N])
[error]     |Required: multivar.core.Lin[multivar.core.Dual[?], multivar.core.Primal[?]]
[error]     |
[error]     |where:    N is a type in method materializeNativeTables with bounds <: multivar.core.SemanticSpace
[error]     |          S is a type in method materializeNativeTables with bounds <: multivar.core.SemanticSpace
[error]     |
[error]     | longer explanation available when compiling with `-explain`
[error] one error found
[error] (mvpaDatasetJVM / Compile / compileIncremental) Compilation failed
[error] Total time: 41 s, completed Sep 30, 2026, 6:56:12 a.m.
