[info] welcome to sbt 1.11.7 (Homebrew Java 25.0.1)
[info] loading settings for project scalafim-umvpa-20260930-queries-build from plugins.sbt...
[info] loading project definition from /private/tmp/scalafim-umvpa-20260930-queries/project
[info] loading settings for project root from build.sbt...
[info] loading settings for project alder-build from plugins.sbt...
[info] loading project definition from /private/tmp/scalafim-umvpa-20260929/sbt-global/staging/2f5b3675f2cf2c4e96c3/alder/project
[info] loading settings for project root from build.sbt...
[info] loading settings for project bids4s-build from plugins.sbt...
[info] loading project definition from /private/tmp/scalafim-umvpa-20260929/sbt-global/staging/77e7bdc71bddb8077fcd/bids4s/project
[info] loading settings for project root from build.sbt...
[info] loading settings for project gale-build from plugins.sbt...
[info] loading project definition from /private/tmp/scalafim-umvpa-20260929/sbt-global/staging/5a90f48e170e9e640ee1/gale/project
[info] loading settings for project root from build.sbt...
[info] loading settings for project graph4s-build from plugins.sbt...
[info] loading project definition from /private/tmp/scalafim-umvpa-20260929/sbt-global/staging/b4b08747efd9a8151229/graph4s/project
[info] loading settings for project root from build.sbt...
[info] loading settings for project image4s-build from plugins.sbt...
[info] loading project definition from /private/tmp/scalafim-umvpa-20260929/sbt-global/staging/41e96dde036f148f012a/image4s/project
[info] loading settings for project root from build.sbt...
[info] loading settings for project intaglio-build from plugins.sbt...
[info] loading project definition from /private/tmp/scalafim-umvpa-20260929/sbt-global/staging/34fcacf7027b8ae3b2f8/intaglio/project
[info] loading settings for project root from build.sbt...
[info] loading settings for project linops4s-build from plugins.sbt...
[info] loading project definition from /private/tmp/scalafim-umvpa-20260929/sbt-global/staging/cfabf5f1e5e2fb8fb176/linops4s/project
[info] loading settings for project root from build.sbt...
[info] loading settings for project locus4s-build from plugins.sbt...
[info] loading project definition from /private/tmp/scalafim-umvpa-20260929/sbt-global/staging/05a8f1a231c171f1bca0/locus4s/project
[info] loading settings for project root from build.sbt...
[info] loading settings for project multivar-build from plugins.sbt...
[info] loading project definition from /private/tmp/scalafim-umvpa-20260929/sbt-global/staging/8a071d8f65817f0f368f/multivar/project
[info] loading settings for project root from build.sbt...
[info] loading settings for project ravel-build from plugins.sbt...
[info] loading project definition from /private/tmp/scalafim-umvpa-20260929/sbt-global/staging/57a292f3a6ded9e259cf/ravel/project
[info] loading settings for project root from build.sbt...
[info] loading settings for project reframe4s-build from plugins.sbt...
[info] loading project definition from /private/tmp/scalafim-umvpa-20260929/sbt-global/staging/35134e4fbd77703f1507/reframe4s/project
[info] loading settings for project root from build.sbt...
[info] loading settings for project resample4s-build from plugins.sbt...
[info] loading project definition from /private/tmp/scalafim-umvpa-20260929/sbt-global/staging/3f5d01c7e6069e74a205/resample4s/project
[info] loading settings for project root from build.sbt...
[info] loading settings for project zarr4s-build from plugins.sbt...
[info] loading project definition from /private/tmp/scalafim-umvpa-20260929/sbt-global/staging/34c0071f90095ef07887/zarr4s/project
[info] loading settings for project root from build.sbt...
[info] resolving key references (303158 settings) ...
[info] set current project to scalafim (in build file:/private/tmp/scalafim-umvpa-20260930-queries/)
[success] Total time: 1 s, completed Sep 30, 2026, 7:06:22 a.m.
[success] Total time: 0 s, completed Sep 30, 2026, 7:06:22 a.m.
[success] Total time: 1 s, completed Sep 30, 2026, 7:06:23 a.m.
[success] Total time: 1 s, completed Sep 30, 2026, 7:06:23 a.m.
[success] Total time: 0 s, completed Sep 30, 2026, 7:06:24 a.m.
[success] Total time: 0 s, completed Sep 30, 2026, 7:06:24 a.m.
[info] compiling 1 Scala source to /private/tmp/scalafim-umvpa-20260930-queries/modules/response-laws/jvm/target/scala-3.7.4/classes ...
[info] done compiling
[success] Total time: 4 s, completed Sep 30, 2026, 7:06:28 a.m.
[info] compiling 1 Scala source to /private/tmp/scalafim-umvpa-20260930-queries/modules/response-laws/js/target/scala-3.7.4/classes ...
[info] done compiling
[success] Total time: 2 s, completed Sep 30, 2026, 7:06:30 a.m.
[info] compiling 40 Scala sources to /private/tmp/scalafim-umvpa-20260930-queries/modules/image/jvm/target/scala-3.7.4/classes ...
[info] done compiling
[info] compiling 17 Scala sources to /private/tmp/scalafim-umvpa-20260930-queries/modules/latent/jvm/target/scala-3.7.4/classes ...
[info] done compiling
[success] Total time: 18 s, completed Sep 30, 2026, 7:06:48 a.m.
[info] compiling 38 Scala sources to /private/tmp/scalafim-umvpa-20260930-queries/modules/image/js/target/scala-3.7.4/classes ...
[info] done compiling
[info] compiling 17 Scala sources to /private/tmp/scalafim-umvpa-20260930-queries/modules/latent/js/target/scala-3.7.4/classes ...
[info] done compiling
[success] Total time: 14 s, completed Sep 30, 2026, 7:07:02 a.m.
[info] compiling 8 Scala sources to /private/tmp/scalafim-umvpa-20260930-queries/modules/ar/jvm/target/scala-3.7.4/classes ...
[info] done compiling
[success] Total time: 1 s, completed Sep 30, 2026, 7:07:03 a.m.
[info] compiling 8 Scala sources to /private/tmp/scalafim-umvpa-20260930-queries/modules/ar/js/target/scala-3.7.4/classes ...
[info] done compiling
[success] Total time: 1 s, completed Sep 30, 2026, 7:07:05 a.m.
[info] compiling 36 Scala sources to /private/tmp/scalafim-umvpa-20260930-queries/modules/hrf/jvm/target/scala-3.7.4/classes ...
[info] done compiling
[success] Total time: 3 s, completed Sep 30, 2026, 7:07:08 a.m.
[info] compiling 36 Scala sources to /private/tmp/scalafim-umvpa-20260930-queries/modules/hrf/js/target/scala-3.7.4/classes ...
[info] done compiling
[success] Total time: 3 s, completed Sep 30, 2026, 7:07:11 a.m.
[info] compiling 2 Scala sources to /private/tmp/scalafim-umvpa-20260930-queries/modules/hrf-laws/jvm/target/scala-3.7.4/classes ...
[info] done compiling
[success] Total time: 1 s, completed Sep 30, 2026, 7:07:12 a.m.
[info] compiling 2 Scala sources to /private/tmp/scalafim-umvpa-20260930-queries/modules/hrf-laws/js/target/scala-3.7.4/classes ...
[info] done compiling
[success] Total time: 1 s, completed Sep 30, 2026, 7:07:13 a.m.
[info] compiling 1 Scala source to /private/tmp/scalafim-umvpa-20260930-queries/modules/scenario-testkit/jvm/target/scala-3.7.4/classes ...
[info] done compiling
[success] Total time: 1 s, completed Sep 30, 2026, 7:07:13 a.m.
[info] compiling 1 Scala source to /private/tmp/scalafim-umvpa-20260930-queries/modules/scenario-testkit/js/target/scala-3.7.4/classes ...
[info] done compiling
[success] Total time: 1 s, completed Sep 30, 2026, 7:07:14 a.m.
[info] compiling 41 Scala sources to /private/tmp/scalafim-umvpa-20260930-queries/modules/design/jvm/target/scala-3.7.4/classes ...
[info] done compiling
[success] Total time: 7 s, completed Sep 30, 2026, 7:07:21 a.m.
[info] compiling 41 Scala sources to /private/tmp/scalafim-umvpa-20260930-queries/modules/design/js/target/scala-3.7.4/classes ...
[info] done compiling
[success] Total time: 8 s, completed Sep 30, 2026, 7:07:28 a.m.
[success] Total time: 3 s, completed Sep 30, 2026, 7:07:31 a.m.
[info] waiting for lock on /Users/bbuchsbaum/.ivy2/.sbt.ivy.lock to be available...
[info] waiting for lock on /Users/bbuchsbaum/.ivy2/.sbt.ivy.lock to be available...
[success] Total time: 2 s, completed Sep 30, 2026, 7:07:33 a.m.
[info] compiling 1 Scala source to /private/tmp/scalafim-umvpa-20260930-queries/modules/provider-spike/jvm/target/scala-3.7.4/classes ...
[info] done compiling
[success] Total time: 1 s, completed Sep 30, 2026, 7:07:34 a.m.
[info] waiting for lock on /Users/bbuchsbaum/.ivy2/.sbt.ivy.lock to be available...
[info] waiting for lock on /Users/bbuchsbaum/.ivy2/.sbt.ivy.lock to be available...
[info] waiting for lock on /Users/bbuchsbaum/.ivy2/.sbt.ivy.lock to be available...
[info] waiting for lock on /Users/bbuchsbaum/.ivy2/.sbt.ivy.lock to be available...
[info] waiting for lock on /Users/bbuchsbaum/.ivy2/.sbt.ivy.lock to be available...
[info] waiting for lock on /Users/bbuchsbaum/.ivy2/.sbt.ivy.lock to be available...
[info] waiting for lock on /Users/bbuchsbaum/.ivy2/.sbt.ivy.lock to be available...
[info] compiling 1 Scala source to /private/tmp/scalafim-umvpa-20260930-queries/modules/provider-spike/js/target/scala-3.7.4/classes ...
[info] done compiling
[success] Total time: 1 s, completed Sep 30, 2026, 7:07:36 a.m.
[info] compiling 5 Scala sources to /private/tmp/scalafim-umvpa-20260930-queries/modules/image-view/jvm/target/scala-3.7.4/classes ...
[info] done compiling
[success] Total time: 3 s, completed Sep 30, 2026, 7:07:39 a.m.
[info] compiling 5 Scala sources to /private/tmp/scalafim-umvpa-20260930-queries/modules/image-view/js/target/scala-3.7.4/classes ...
[info] done compiling
[success] Total time: 3 s, completed Sep 30, 2026, 7:07:42 a.m.
[info] compiling 1 Scala source to /private/tmp/scalafim-umvpa-20260930-queries/modules/image-view-canvas/js/target/scala-3.7.4/classes ...
[info] done compiling
[success] Total time: 3 s, completed Sep 30, 2026, 7:07:45 a.m.
[info] compiling 1 Scala source to /private/tmp/scalafim-umvpa-20260930-queries/modules/image-view-java2d/jvm/target/scala-3.7.4/classes ...
[info] done compiling
[success] Total time: 3 s, completed Sep 30, 2026, 7:07:47 a.m.
[info] compiling 1 Scala source to /private/tmp/scalafim-umvpa-20260930-queries/modules/image-view-javafx/jvm/target/scala-3.7.4/classes ...
[info] done compiling
[success] Total time: 3 s, completed Sep 30, 2026, 7:07:50 a.m.
[info] compiling 11 Scala sources to /private/tmp/scalafim-umvpa-20260930-queries/modules/threshold/jvm/target/scala-3.7.4/classes ...
[info] done compiling
[success] Total time: 4 s, completed Sep 30, 2026, 7:07:54 a.m.
[info] compiling 11 Scala sources to /private/tmp/scalafim-umvpa-20260930-queries/modules/threshold/js/target/scala-3.7.4/classes ...
[info] done compiling
[success] Total time: 3 s, completed Sep 30, 2026, 7:07:57 a.m.
[info] compiling 26 Scala sources to /private/tmp/scalafim-umvpa-20260930-queries/modules/motion/jvm/target/scala-3.7.4/classes ...
[info] done compiling
[success] Total time: 4 s, completed Sep 30, 2026, 7:08:01 a.m.
[info] compiling 18 Scala sources to /private/tmp/scalafim-umvpa-20260930-queries/modules/motion/js/target/scala-3.7.4/classes ...
[info] done compiling
[success] Total time: 4 s, completed Sep 30, 2026, 7:08:05 a.m.
[info] compiling 26 Scala sources to /private/tmp/scalafim-umvpa-20260930-queries/modules/surface/jvm/target/scala-3.7.4/classes ...
[info] done compiling
[success] Total time: 4 s, completed Sep 30, 2026, 7:08:09 a.m.
[info] compiling 26 Scala sources to /private/tmp/scalafim-umvpa-20260930-queries/modules/surface/js/target/scala-3.7.4/classes ...
[info] done compiling
[success] Total time: 4 s, completed Sep 30, 2026, 7:08:14 a.m.
[info] compiling 15 Scala sources to /private/tmp/scalafim-umvpa-20260930-queries/modules/surface-view/jvm/target/scala-3.7.4/classes ...
[info] done compiling
[success] Total time: 5 s, completed Sep 30, 2026, 7:08:19 a.m.
[info] compiling 15 Scala sources to /private/tmp/scalafim-umvpa-20260930-queries/modules/surface-view/js/target/scala-3.7.4/classes ...
[info] done compiling
[success] Total time: 5 s, completed Sep 30, 2026, 7:08:24 a.m.
[info] compiling 3 Scala sources to /private/tmp/scalafim-umvpa-20260930-queries/modules/surface-view-raster/jvm/target/scala-3.7.4/classes ...
[info] done compiling
[success] Total time: 4 s, completed Sep 30, 2026, 7:08:28 a.m.
[info] compiling 2 Scala sources to /private/tmp/scalafim-umvpa-20260930-queries/modules/surface-view-raster/js/target/scala-3.7.4/classes ...
[info] done compiling
[success] Total time: 3 s, completed Sep 30, 2026, 7:08:32 a.m.
[info] compiling 6 Scala sources to /private/tmp/scalafim-umvpa-20260930-queries/modules/surface-view-javafx/jvm/target/scala-3.7.4/classes ...
[info] done compiling
[success] Total time: 3 s, completed Sep 30, 2026, 7:08:35 a.m.
[info] compiling 5 Scala sources to /private/tmp/scalafim-umvpa-20260930-queries/modules/surface-view-three/js/target/scala-3.7.4/classes ...
[info] done compiling
[success] Total time: 3 s, completed Sep 30, 2026, 7:08:38 a.m.
[info] waiting for lock on /Users/bbuchsbaum/.ivy2/.sbt.ivy.lock to be available...
[info] waiting for lock on /Users/bbuchsbaum/.ivy2/.sbt.ivy.lock to be available...
[info] compiling 21 Scala sources to /private/tmp/scalafim-umvpa-20260930-queries/modules/connectivity/jvm/target/scala-3.7.4/classes ...
[info] done compiling
[info] compiling 1 Scala source to /private/tmp/scalafim-umvpa-20260930-queries/modules/surface-view-connectivity/jvm/target/scala-3.7.4/classes ...
[info] done compiling
[success] Total time: 4 s, completed Sep 30, 2026, 7:08:42 a.m.
[info] compiling 21 Scala sources to /private/tmp/scalafim-umvpa-20260930-queries/modules/connectivity/js/target/scala-3.7.4/classes ...
[info] done compiling
[info] compiling 1 Scala source to /private/tmp/scalafim-umvpa-20260930-queries/modules/surface-view-connectivity/js/target/scala-3.7.4/classes ...
[info] done compiling
[success] Total time: 4 s, completed Sep 30, 2026, 7:08:46 a.m.
[info] compiling 7 Scala sources to /private/tmp/scalafim-umvpa-20260930-queries/examples/surface-view/jvm/target/scala-3.7.4/classes ...
[info] done compiling
[success] Total time: 3 s, completed Sep 30, 2026, 7:08:49 a.m.
[info] compiling 7 Scala sources to /private/tmp/scalafim-umvpa-20260930-queries/examples/surface-view/js/target/scala-3.7.4/classes ...
[info] done compiling
[success] Total time: 4 s, completed Sep 30, 2026, 7:08:53 a.m.
[info] compiling 28 Scala sources to /private/tmp/scalafim-umvpa-20260930-queries/modules/spatial/jvm/target/scala-3.7.4/classes ...
[info] done compiling
[success] Total time: 5 s, completed Sep 30, 2026, 7:08:58 a.m.
[info] compiling 22 Scala sources to /private/tmp/scalafim-umvpa-20260930-queries/modules/spatial/js/target/scala-3.7.4/classes ...
[info] done compiling
[success] Total time: 4 s, completed Sep 30, 2026, 7:09:03 a.m.
[info] compiling 25 Scala sources to /private/tmp/scalafim-umvpa-20260930-queries/modules/atlas/jvm/target/scala-3.7.4/classes ...
[info] done compiling
[success] Total time: 4 s, completed Sep 30, 2026, 7:09:06 a.m.
[info] compiling 17 Scala sources to /private/tmp/scalafim-umvpa-20260930-queries/modules/atlas/js/target/scala-3.7.4/classes ...
[info] done compiling
[success] Total time: 4 s, completed Sep 30, 2026, 7:09:10 a.m.
[info] compiling 7 Scala sources to /private/tmp/scalafim-umvpa-20260930-queries/modules/archive/jvm/target/scala-3.7.4/classes ...
[info] done compiling
[success] Total time: 1 s, completed Sep 30, 2026, 7:09:11 a.m.
[info] compiling 6 Scala sources to /private/tmp/scalafim-umvpa-20260930-queries/modules/archive/js/target/scala-3.7.4/classes ...
[info] done compiling
[success] Total time: 1 s, completed Sep 30, 2026, 7:09:12 a.m.
[info] compiling 9 Scala sources to /private/tmp/scalafim-umvpa-20260930-queries/modules/estimates/jvm/target/scala-3.7.4/classes ...
[info] done compiling
[success] Total time: 3 s, completed Sep 30, 2026, 7:09:15 a.m.
[info] compiling 9 Scala sources to /private/tmp/scalafim-umvpa-20260930-queries/modules/estimates/js/target/scala-3.7.4/classes ...
[info] done compiling
[success] Total time: 3 s, completed Sep 30, 2026, 7:09:18 a.m.
[info] compiling 5 Scala sources to /private/tmp/scalafim-umvpa-20260930-queries/modules/estimates-io/jvm/target/scala-3.7.4/classes ...
[info] done compiling
[success] Total time: 6 s, completed Sep 30, 2026, 7:09:24 a.m.
[info] compiling 2 Scala sources to /private/tmp/scalafim-umvpa-20260930-queries/modules/estimates-io/js/target/scala-3.7.4/classes ...
[info] done compiling
[success] Total time: 6 s, completed Sep 30, 2026, 7:09:29 a.m.
[info] compiling 20 Scala sources to /private/tmp/scalafim-umvpa-20260930-queries/modules/dataset/jvm/target/scala-3.7.4/classes ...
[info] done compiling
[info] compiling 16 Scala sources to /private/tmp/scalafim-umvpa-20260930-queries/modules/group/jvm/target/scala-3.7.4/classes ...
[info] compiling 9 Scala sources to /private/tmp/scalafim-umvpa-20260930-queries/modules/model/jvm/target/scala-3.7.4/classes ...
[info] done compiling
[info] done compiling
[info] compiling 57 Scala sources to /private/tmp/scalafim-umvpa-20260930-queries/modules/fit/jvm/target/scala-3.7.4/classes ...
[info] done compiling
[info] compiling 2 Scala sources to /private/tmp/scalafim-umvpa-20260930-queries/modules/fit-estimates/jvm/target/scala-3.7.4/classes ...
[info] done compiling
[success] Total time: 13 s, completed Sep 30, 2026, 7:09:42 a.m.
[info] compiling 17 Scala sources to /private/tmp/scalafim-umvpa-20260930-queries/modules/dataset/js/target/scala-3.7.4/classes ...
[info] done compiling
[info] compiling 9 Scala sources to /private/tmp/scalafim-umvpa-20260930-queries/modules/model/js/target/scala-3.7.4/classes ...
[info] compiling 16 Scala sources to /private/tmp/scalafim-umvpa-20260930-queries/modules/group/js/target/scala-3.7.4/classes ...
[info] done compiling
[info] done compiling
[info] compiling 55 Scala sources to /private/tmp/scalafim-umvpa-20260930-queries/modules/fit/js/target/scala-3.7.4/classes ...
[info] done compiling
[info] compiling 2 Scala sources to /private/tmp/scalafim-umvpa-20260930-queries/modules/fit-estimates/js/target/scala-3.7.4/classes ...
[info] done compiling
[success] Total time: 11 s, completed Sep 30, 2026, 7:09:53 a.m.
[info] compiling 14 Scala sources to /private/tmp/scalafim-umvpa-20260930-queries/modules/archive-lna/jvm/target/scala-3.7.4/classes ...
[info] done compiling
[success] Total time: 4 s, completed Sep 30, 2026, 7:09:57 a.m.
[info] compiling 10 Scala sources to /private/tmp/scalafim-umvpa-20260930-queries/modules/archive-lna/js/target/scala-3.7.4/classes ...
[info] done compiling
[success] Total time: 3 s, completed Sep 30, 2026, 7:10:01 a.m.
[info] compiling 10 Scala sources to /private/tmp/scalafim-umvpa-20260930-queries/modules/archive-zarr/jvm/target/scala-3.7.4/classes ...
[info] done compiling
[info] compiling 30 Scala sources to /private/tmp/scalafim-umvpa-20260930-queries/modules/interop-archived-response/jvm/target/scala-3.7.4/classes ...
[info] done compiling
[success] Total time: 6 s, completed Sep 30, 2026, 7:10:07 a.m.
[info] compiling 9 Scala sources to /private/tmp/scalafim-umvpa-20260930-queries/modules/archive-zarr/js/target/scala-3.7.4/classes ...
[info] done compiling
[info] compiling 24 Scala sources to /private/tmp/scalafim-umvpa-20260930-queries/modules/interop-archived-response/js/target/scala-3.7.4/classes ...
[info] done compiling
[success] Total time: 6 s, completed Sep 30, 2026, 7:10:13 a.m.
[success] Total time: 4 s, completed Sep 30, 2026, 7:10:17 a.m.
[success] Total time: 3 s, completed Sep 30, 2026, 7:10:20 a.m.
[success] Total time: 3 s, completed Sep 30, 2026, 7:10:23 a.m.
[success] Total time: 3 s, completed Sep 30, 2026, 7:10:27 a.m.
[success] Total time: 3 s, completed Sep 30, 2026, 7:10:30 a.m.
[success] Total time: 4 s, completed Sep 30, 2026, 7:10:34 a.m.
[success] Total time: 4 s, completed Sep 30, 2026, 7:10:38 a.m.
[info] waiting for lock on /Users/bbuchsbaum/.ivy2/.sbt.ivy.lock to be available...
[success] Total time: 6 s, completed Sep 30, 2026, 7:10:44 a.m.
[success] Total time: 3 s, completed Sep 30, 2026, 7:10:47 a.m.
[success] Total time: 2 s, completed Sep 30, 2026, 7:10:49 a.m.
[info] compiling 9 Scala sources to /private/tmp/scalafim-umvpa-20260930-queries/modules/mvpa-fit/jvm/target/scala-3.7.4/classes ...
[info] done compiling
[success] Total time: 9 s, completed Sep 30, 2026, 7:10:58 a.m.
[info] compiling 9 Scala sources to /private/tmp/scalafim-umvpa-20260930-queries/modules/mvpa-fit/js/target/scala-3.7.4/classes ...
[info] done compiling
[success] Total time: 7 s, completed Sep 30, 2026, 7:11:05 a.m.
[success] Total time: 1 s, completed Sep 30, 2026, 7:11:06 a.m.
[success] Total time: 1 s, completed Sep 30, 2026, 7:11:07 a.m.
[info] compiling 2 Scala sources to /private/tmp/scalafim-umvpa-20260930-queries/modules/mvpa-dataset/jvm/target/scala-3.7.4/classes ...
[info] done compiling
[success] Total time: 5 s, completed Sep 30, 2026, 7:11:13 a.m.
[info] compiling 2 Scala sources to /private/tmp/scalafim-umvpa-20260930-queries/modules/mvpa-dataset/js/target/scala-3.7.4/classes ...
[info] done compiling
[success] Total time: 6 s, completed Sep 30, 2026, 7:11:19 a.m.
[info] compiling 5 Scala sources to /private/tmp/scalafim-umvpa-20260930-queries/modules/mvpa-spatial/jvm/target/scala-3.7.4/classes ...
[info] done compiling
[success] Total time: 8 s, completed Sep 30, 2026, 7:11:27 a.m.
[info] compiling 5 Scala sources to /private/tmp/scalafim-umvpa-20260930-queries/modules/mvpa-spatial/js/target/scala-3.7.4/classes ...
[info] done compiling
[success] Total time: 7 s, completed Sep 30, 2026, 7:11:34 a.m.
[success] Total time: 1 s, completed Sep 30, 2026, 7:11:35 a.m.
[success] Total time: 1 s, completed Sep 30, 2026, 7:11:37 a.m.
[success] Total time: 3 s, completed Sep 30, 2026, 7:11:40 a.m.
[success] Total time: 3 s, completed Sep 30, 2026, 7:11:43 a.m.
[info] compiling 8 Scala sources to /private/tmp/scalafim-umvpa-20260930-queries/modules/fmri-workflow/jvm/target/scala-3.7.4/classes ...
[info] done compiling
[success] Total time: 8 s, completed Sep 30, 2026, 7:11:52 a.m.
[info] compiling 6 Scala sources to /private/tmp/scalafim-umvpa-20260930-queries/modules/fmri-workflow/js/target/scala-3.7.4/classes ...
[info] done compiling
[success] Total time: 7 s, completed Sep 30, 2026, 7:11:59 a.m.
[success] Total time: 0 s, completed Sep 30, 2026, 7:11:59 a.m.
[success] Total time: 0 s, completed Sep 30, 2026, 7:11:59 a.m.
[info] compiling 7 Scala sources to /private/tmp/scalafim-umvpa-20260930-queries/modules/dataset-zarr/jvm/target/scala-3.7.4/classes ...
[info] done compiling
[success] Total time: 5 s, completed Sep 30, 2026, 7:12:05 a.m.
[info] compiling 3 Scala sources to /private/tmp/scalafim-umvpa-20260930-queries/modules/dataset-zarr/js/target/scala-3.7.4/classes ...
[info] done compiling
[success] Total time: 5 s, completed Sep 30, 2026, 7:12:10 a.m.
