[info] welcome to sbt 1.11.7 (Homebrew Java 25.0.1)
[info] loading settings for project candidate-build from plugins.sbt...
[info] loading project definition from /private/tmp/scalafim-p707-fsl-real-20260930/candidate/project
[info] loading settings for project root from build.sbt...
[info] loading settings for project alder-build from plugins.sbt...
[info] loading project definition from /Users/bbuchsbaum/.sbt/1.0/staging/2f5b3675f2cf2c4e96c3/alder/project
[info] loading settings for project root from build.sbt...
[info] loading settings for project bids4s-build from plugins.sbt...
[info] loading project definition from /Users/bbuchsbaum/.sbt/1.0/staging/77e7bdc71bddb8077fcd/bids4s/project
[info] loading settings for project root from build.sbt...
[info] loading settings for project gale-build from plugins.sbt...
[info] loading project definition from /Users/bbuchsbaum/.sbt/1.0/staging/5a90f48e170e9e640ee1/gale/project
[info] loading settings for project root from build.sbt...
[info] loading settings for project gale-build from plugins.sbt...
[info] loading project definition from /Users/bbuchsbaum/.sbt/1.0/staging/449715b8ebc2010e6e23/gale/project
[info] loading settings for project root from build.sbt...
[info] loading settings for project graph4s-build from plugins.sbt...
[info] loading project definition from /Users/bbuchsbaum/.sbt/1.0/staging/b4b08747efd9a8151229/graph4s/project
[info] loading settings for project root from build.sbt...
[info] loading settings for project image4s-build from plugins.sbt...
[info] loading project definition from /Users/bbuchsbaum/.sbt/1.0/staging/41e96dde036f148f012a/image4s/project
[info] loading settings for project root from build.sbt...
[info] loading settings for project intaglio-build from plugins.sbt...
[info] loading project definition from /Users/bbuchsbaum/.sbt/1.0/staging/34fcacf7027b8ae3b2f8/intaglio/project
[info] loading settings for project root from build.sbt...
[info] loading settings for project linops4s-build from plugins.sbt...
[info] loading project definition from /Users/bbuchsbaum/.sbt/1.0/staging/cfabf5f1e5e2fb8fb176/linops4s/project
[info] loading settings for project root from build.sbt...
[info] loading settings for project locus4s-build from plugins.sbt...
[info] loading project definition from /Users/bbuchsbaum/.sbt/1.0/staging/05a8f1a231c171f1bca0/locus4s/project
[info] loading settings for project root from build.sbt...
[info] loading settings for project multivar-build from plugins.sbt...
[info] loading project definition from /Users/bbuchsbaum/.sbt/1.0/staging/8a071d8f65817f0f368f/multivar/project
[info] loading settings for project root from build.sbt...
[info] loading settings for project ravel-build from plugins.sbt...
[info] loading project definition from /Users/bbuchsbaum/.sbt/1.0/staging/57a292f3a6ded9e259cf/ravel/project
[info] loading settings for project root from build.sbt...
[info] loading settings for project reframe4s-build from plugins.sbt...
[info] loading project definition from /Users/bbuchsbaum/.sbt/1.0/staging/aa1fd63832323d604703/reframe4s/project
[info] loading settings for project root from build.sbt...
[info] loading settings for project resample4s-build from plugins.sbt...
[info] loading project definition from /Users/bbuchsbaum/.sbt/1.0/staging/3f5d01c7e6069e74a205/resample4s/project
[info] loading settings for project root from build.sbt...
[info] loading settings for project zarr4s-build from plugins.sbt...
[info] loading project definition from /Users/bbuchsbaum/.sbt/1.0/staging/34c0071f90095ef07887/zarr4s/project
[info] loading settings for project root from build.sbt...
[info] resolving key references (322631 settings) ...
[info] set current project to scalafim (in build file:/private/tmp/scalafim-p707-fsl-real-20260930/candidate/)
[success] Total time: 0 s, completed Sep 30, 2026, 7:47:07 p.m.
[success] Total time: 0 s, completed Sep 30, 2026, 7:47:07 p.m.
[info] compiling 12 Scala sources to /private/tmp/scalafim-p707-fsl-real-20260930/candidate/modules/pipeline/jvm/target/scala-3.7.4/classes ...
[info] done compiling
[success] Total time: 5 s, completed Sep 30, 2026, 7:47:12 p.m.
[info] compiling 12 Scala sources to /private/tmp/scalafim-p707-fsl-real-20260930/candidate/modules/pipeline/js/target/scala-3.7.4/classes ...
[info] done compiling
[success] Total time: 3 s, completed Sep 30, 2026, 7:47:15 p.m.
[info] compiling 10 Scala sources to /private/tmp/scalafim-p707-fsl-real-20260930/candidate/modules/response/jvm/target/scala-3.7.4/classes ...
[info] done compiling
[success] Total time: 2 s, completed Sep 30, 2026, 7:47:17 p.m.
[info] compiling 10 Scala sources to /private/tmp/scalafim-p707-fsl-real-20260930/candidate/modules/response/js/target/scala-3.7.4/classes ...
[info] done compiling
[success] Total time: 2 s, completed Sep 30, 2026, 7:47:19 p.m.
[info] compiling 1 Scala source to /private/tmp/scalafim-p707-fsl-real-20260930/candidate/modules/response-laws/jvm/target/scala-3.7.4/classes ...
[info] done compiling
[success] Total time: 1 s, completed Sep 30, 2026, 7:47:19 p.m.
[info] compiling 1 Scala source to /private/tmp/scalafim-p707-fsl-real-20260930/candidate/modules/response-laws/js/target/scala-3.7.4/classes ...
[info] done compiling
[success] Total time: 1 s, completed Sep 30, 2026, 7:47:20 p.m.
[info] compiling 17 Scala sources to /private/tmp/scalafim-p707-fsl-real-20260930/candidate/modules/latent/jvm/target/scala-3.7.4/classes ...
[info] done compiling
[success] Total time: 4 s, completed Sep 30, 2026, 7:47:24 p.m.
[info] compiling 17 Scala sources to /private/tmp/scalafim-p707-fsl-real-20260930/candidate/modules/latent/js/target/scala-3.7.4/classes ...
[info] done compiling
[success] Total time: 4 s, completed Sep 30, 2026, 7:47:28 p.m.
[info] compiling 8 Scala sources to /private/tmp/scalafim-p707-fsl-real-20260930/candidate/modules/ar/jvm/target/scala-3.7.4/classes ...
[info] done compiling
[success] Total time: 1 s, completed Sep 30, 2026, 7:47:29 p.m.
[info] compiling 8 Scala sources to /private/tmp/scalafim-p707-fsl-real-20260930/candidate/modules/ar/js/target/scala-3.7.4/classes ...
[info] done compiling
[success] Total time: 1 s, completed Sep 30, 2026, 7:47:30 p.m.
[info] compiling 36 Scala sources to /private/tmp/scalafim-p707-fsl-real-20260930/candidate/modules/hrf/jvm/target/scala-3.7.4/classes ...
[info] done compiling
[success] Total time: 2 s, completed Sep 30, 2026, 7:47:32 p.m.
[info] compiling 36 Scala sources to /private/tmp/scalafim-p707-fsl-real-20260930/candidate/modules/hrf/js/target/scala-3.7.4/classes ...
[info] done compiling
[success] Total time: 2 s, completed Sep 30, 2026, 7:47:34 p.m.
[info] compiling 2 Scala sources to /private/tmp/scalafim-p707-fsl-real-20260930/candidate/modules/hrf-laws/jvm/target/scala-3.7.4/classes ...
[info] done compiling
[success] Total time: 0 s, completed Sep 30, 2026, 7:47:34 p.m.
[info] compiling 2 Scala sources to /private/tmp/scalafim-p707-fsl-real-20260930/candidate/modules/hrf-laws/js/target/scala-3.7.4/classes ...
[info] done compiling
[success] Total time: 0 s, completed Sep 30, 2026, 7:47:34 p.m.
[success] Total time: 0 s, completed Sep 30, 2026, 7:47:34 p.m.
[success] Total time: 0 s, completed Sep 30, 2026, 7:47:34 p.m.
[info] compiling 42 Scala sources to /private/tmp/scalafim-p707-fsl-real-20260930/candidate/modules/design/jvm/target/scala-3.7.4/classes ...
[info] done compiling
[success] Total time: 4 s, completed Sep 30, 2026, 7:47:38 p.m.
[info] compiling 42 Scala sources to /private/tmp/scalafim-p707-fsl-real-20260930/candidate/modules/design/js/target/scala-3.7.4/classes ...
[info] done compiling
[success] Total time: 4 s, completed Sep 30, 2026, 7:47:43 p.m.
[success] Total time: 2 s, completed Sep 30, 2026, 7:47:45 p.m.
[success] Total time: 2 s, completed Sep 30, 2026, 7:47:47 p.m.
[info] compiling 1 Scala source to /private/tmp/scalafim-p707-fsl-real-20260930/candidate/modules/provider-spike/jvm/target/scala-3.7.4/classes ...
[info] done compiling
[success] Total time: 1 s, completed Sep 30, 2026, 7:47:48 p.m.
[info] compiling 1 Scala source to /private/tmp/scalafim-p707-fsl-real-20260930/candidate/modules/provider-spike/js/target/scala-3.7.4/classes ...
[info] done compiling
[success] Total time: 1 s, completed Sep 30, 2026, 7:47:49 p.m.
[info] compiling 6 Scala sources to /private/tmp/scalafim-p707-fsl-real-20260930/candidate/modules/image-view/jvm/target/scala-3.7.4/classes ...
[info] done compiling
[success] Total time: 3 s, completed Sep 30, 2026, 7:47:52 p.m.
[info] compiling 6 Scala sources to /private/tmp/scalafim-p707-fsl-real-20260930/candidate/modules/image-view/js/target/scala-3.7.4/classes ...
[info] done compiling
[success] Total time: 3 s, completed Sep 30, 2026, 7:47:55 p.m.
[info] compiling 1 Scala source to /private/tmp/scalafim-p707-fsl-real-20260930/candidate/modules/image-view-canvas/js/target/scala-3.7.4/classes ...
[info] done compiling
[success] Total time: 2 s, completed Sep 30, 2026, 7:47:57 p.m.
[info] compiling 1 Scala source to /private/tmp/scalafim-p707-fsl-real-20260930/candidate/modules/image-view-java2d/jvm/target/scala-3.7.4/classes ...
[info] done compiling
[success] Total time: 2 s, completed Sep 30, 2026, 7:47:59 p.m.
[info] compiling 1 Scala source to /private/tmp/scalafim-p707-fsl-real-20260930/candidate/modules/image-view-javafx/jvm/target/scala-3.7.4/classes ...
[info] done compiling
[success] Total time: 2 s, completed Sep 30, 2026, 7:48:01 p.m.
[info] compiling 12 Scala sources to /private/tmp/scalafim-p707-fsl-real-20260930/candidate/modules/threshold/jvm/target/scala-3.7.4/classes ...
[info] done compiling
[success] Total time: 2 s, completed Sep 30, 2026, 7:48:03 p.m.
[info] compiling 12 Scala sources to /private/tmp/scalafim-p707-fsl-real-20260930/candidate/modules/threshold/js/target/scala-3.7.4/classes ...
[info] done compiling
[success] Total time: 2 s, completed Sep 30, 2026, 7:48:05 p.m.
[info] compiling 26 Scala sources to /private/tmp/scalafim-p707-fsl-real-20260930/candidate/modules/motion/jvm/target/scala-3.7.4/classes ...
[info] done compiling
[success] Total time: 3 s, completed Sep 30, 2026, 7:48:08 p.m.
[info] compiling 18 Scala sources to /private/tmp/scalafim-p707-fsl-real-20260930/candidate/modules/motion/js/target/scala-3.7.4/classes ...
[info] done compiling
[success] Total time: 2 s, completed Sep 30, 2026, 7:48:10 p.m.
[info] compiling 33 Scala sources to /private/tmp/scalafim-p707-fsl-real-20260930/candidate/modules/surface/jvm/target/scala-3.7.4/classes ...
[info] done compiling
[success] Total time: 3 s, completed Sep 30, 2026, 7:48:13 p.m.
[info] compiling 31 Scala sources to /private/tmp/scalafim-p707-fsl-real-20260930/candidate/modules/surface/js/target/scala-3.7.4/classes ...
[info] done compiling
[success] Total time: 4 s, completed Sep 30, 2026, 7:48:18 p.m.
[info] compiling 18 Scala sources to /private/tmp/scalafim-p707-fsl-real-20260930/candidate/modules/surface-view/jvm/target/scala-3.7.4/classes ...
[info] done compiling
[success] Total time: 3 s, completed Sep 30, 2026, 7:48:21 p.m.
[info] compiling 18 Scala sources to /private/tmp/scalafim-p707-fsl-real-20260930/candidate/modules/surface-view/js/target/scala-3.7.4/classes ...
[info] done compiling
[success] Total time: 3 s, completed Sep 30, 2026, 7:48:24 p.m.
[info] compiling 3 Scala sources to /private/tmp/scalafim-p707-fsl-real-20260930/candidate/modules/surface-view-raster/jvm/target/scala-3.7.4/classes ...
[info] done compiling
[success] Total time: 2 s, completed Sep 30, 2026, 7:48:26 p.m.
[info] compiling 2 Scala sources to /private/tmp/scalafim-p707-fsl-real-20260930/candidate/modules/surface-view-raster/js/target/scala-3.7.4/classes ...
[info] done compiling
[success] Total time: 2 s, completed Sep 30, 2026, 7:48:29 p.m.
[info] compiling 6 Scala sources to /private/tmp/scalafim-p707-fsl-real-20260930/candidate/modules/surface-view-javafx/jvm/target/scala-3.7.4/classes ...
[info] done compiling
[success] Total time: 3 s, completed Sep 30, 2026, 7:48:31 p.m.
[info] compiling 5 Scala sources to /private/tmp/scalafim-p707-fsl-real-20260930/candidate/modules/surface-view-three/js/target/scala-3.7.4/classes ...
[info] done compiling
[success] Total time: 3 s, completed Sep 30, 2026, 7:48:34 p.m.
[info] compiling 21 Scala sources to /private/tmp/scalafim-p707-fsl-real-20260930/candidate/modules/connectivity/jvm/target/scala-3.7.4/classes ...
[info] done compiling
[info] compiling 1 Scala source to /private/tmp/scalafim-p707-fsl-real-20260930/candidate/modules/surface-view-connectivity/jvm/target/scala-3.7.4/classes ...
[info] done compiling
[success] Total time: 3 s, completed Sep 30, 2026, 7:48:37 p.m.
[info] compiling 21 Scala sources to /private/tmp/scalafim-p707-fsl-real-20260930/candidate/modules/connectivity/js/target/scala-3.7.4/classes ...
[info] done compiling
[info] compiling 1 Scala source to /private/tmp/scalafim-p707-fsl-real-20260930/candidate/modules/surface-view-connectivity/js/target/scala-3.7.4/classes ...
[info] done compiling
[success] Total time: 3 s, completed Sep 30, 2026, 7:48:40 p.m.
[info] compiling 7 Scala sources to /private/tmp/scalafim-p707-fsl-real-20260930/candidate/examples/surface-view/jvm/target/scala-3.7.4/classes ...
[info] done compiling
[success] Total time: 2 s, completed Sep 30, 2026, 7:48:42 p.m.
[info] compiling 7 Scala sources to /private/tmp/scalafim-p707-fsl-real-20260930/candidate/examples/surface-view/js/target/scala-3.7.4/classes ...
[info] done compiling
[success] Total time: 3 s, completed Sep 30, 2026, 7:48:45 p.m.
[success] Total time: 2 s, completed Sep 30, 2026, 7:48:47 p.m.
[success] Total time: 2 s, completed Sep 30, 2026, 7:48:49 p.m.
[info] compiling 30 Scala sources to /private/tmp/scalafim-p707-fsl-real-20260930/candidate/modules/spatial/jvm/target/scala-3.7.4/classes ...
[info] done compiling
[success] Total time: 4 s, completed Sep 30, 2026, 7:48:54 p.m.
[info] compiling 25 Scala sources to /private/tmp/scalafim-p707-fsl-real-20260930/candidate/modules/spatial/js/target/scala-3.7.4/classes ...
[info] done compiling
[success] Total time: 4 s, completed Sep 30, 2026, 7:48:57 p.m.
[info] compiling 29 Scala sources to /private/tmp/scalafim-p707-fsl-real-20260930/candidate/modules/atlas/jvm/target/scala-3.7.4/classes ...
[info] done compiling
[success] Total time: 4 s, completed Sep 30, 2026, 7:49:01 p.m.
[info] compiling 20 Scala sources to /private/tmp/scalafim-p707-fsl-real-20260930/candidate/modules/atlas/js/target/scala-3.7.4/classes ...
[info] done compiling
[success] Total time: 4 s, completed Sep 30, 2026, 7:49:05 p.m.
[info] compiling 7 Scala sources to /private/tmp/scalafim-p707-fsl-real-20260930/candidate/modules/archive/jvm/target/scala-3.7.4/classes ...
[info] done compiling
[success] Total time: 1 s, completed Sep 30, 2026, 7:49:05 p.m.
[info] compiling 6 Scala sources to /private/tmp/scalafim-p707-fsl-real-20260930/candidate/modules/archive/js/target/scala-3.7.4/classes ...
[info] done compiling
[success] Total time: 1 s, completed Sep 30, 2026, 7:49:06 p.m.
[info] compiling 9 Scala sources to /private/tmp/scalafim-p707-fsl-real-20260930/candidate/modules/estimates/jvm/target/scala-3.7.4/classes ...
[info] done compiling
[success] Total time: 2 s, completed Sep 30, 2026, 7:49:08 p.m.
[info] compiling 9 Scala sources to /private/tmp/scalafim-p707-fsl-real-20260930/candidate/modules/estimates/js/target/scala-3.7.4/classes ...
[info] done compiling
[success] Total time: 2 s, completed Sep 30, 2026, 7:49:11 p.m.
[info] compiling 5 Scala sources to /private/tmp/scalafim-p707-fsl-real-20260930/candidate/modules/estimates-io/jvm/target/scala-3.7.4/classes ...
[info] done compiling
[success] Total time: 5 s, completed Sep 30, 2026, 7:49:15 p.m.
[info] compiling 2 Scala sources to /private/tmp/scalafim-p707-fsl-real-20260930/candidate/modules/estimates-io/js/target/scala-3.7.4/classes ...
[info] done compiling
[success] Total time: 4 s, completed Sep 30, 2026, 7:49:20 p.m.
[info] compiling 20 Scala sources to /private/tmp/scalafim-p707-fsl-real-20260930/candidate/modules/dataset/jvm/target/scala-3.7.4/classes ...
[info] done compiling
[info] compiling 9 Scala sources to /private/tmp/scalafim-p707-fsl-real-20260930/candidate/modules/model/jvm/target/scala-3.7.4/classes ...
[info] compiling 17 Scala sources to /private/tmp/scalafim-p707-fsl-real-20260930/candidate/modules/group/jvm/target/scala-3.7.4/classes ...
[info] done compiling
[info] done compiling
[info] compiling 59 Scala sources to /private/tmp/scalafim-p707-fsl-real-20260930/candidate/modules/fit/jvm/target/scala-3.7.4/classes ...
[info] done compiling
[info] compiling 2 Scala sources to /private/tmp/scalafim-p707-fsl-real-20260930/candidate/modules/fit-estimates/jvm/target/scala-3.7.4/classes ...
[info] done compiling
[success] Total time: 11 s, completed Sep 30, 2026, 7:49:30 p.m.
[info] compiling 17 Scala sources to /private/tmp/scalafim-p707-fsl-real-20260930/candidate/modules/dataset/js/target/scala-3.7.4/classes ...
[info] done compiling
[info] compiling 17 Scala sources to /private/tmp/scalafim-p707-fsl-real-20260930/candidate/modules/group/js/target/scala-3.7.4/classes ...
[info] compiling 9 Scala sources to /private/tmp/scalafim-p707-fsl-real-20260930/candidate/modules/model/js/target/scala-3.7.4/classes ...
[info] done compiling
[info] done compiling
[info] compiling 57 Scala sources to /private/tmp/scalafim-p707-fsl-real-20260930/candidate/modules/fit/js/target/scala-3.7.4/classes ...
[info] done compiling
[info] compiling 2 Scala sources to /private/tmp/scalafim-p707-fsl-real-20260930/candidate/modules/fit-estimates/js/target/scala-3.7.4/classes ...
[info] done compiling
[success] Total time: 13 s, completed Sep 30, 2026, 7:49:43 p.m.
[info] compiling 14 Scala sources to /private/tmp/scalafim-p707-fsl-real-20260930/candidate/modules/archive-lna/jvm/target/scala-3.7.4/classes ...
[info] done compiling
[success] Total time: 4 s, completed Sep 30, 2026, 7:49:47 p.m.
[info] compiling 10 Scala sources to /private/tmp/scalafim-p707-fsl-real-20260930/candidate/modules/archive-lna/js/target/scala-3.7.4/classes ...
[info] done compiling
[success] Total time: 4 s, completed Sep 30, 2026, 7:49:51 p.m.
[info] compiling 10 Scala sources to /private/tmp/scalafim-p707-fsl-real-20260930/candidate/modules/archive-zarr/jvm/target/scala-3.7.4/classes ...
[info] done compiling
[info] compiling 30 Scala sources to /private/tmp/scalafim-p707-fsl-real-20260930/candidate/modules/interop-archived-response/jvm/target/scala-3.7.4/classes ...
[info] done compiling
[success] Total time: 8 s, completed Sep 30, 2026, 7:49:58 p.m.
[info] compiling 9 Scala sources to /private/tmp/scalafim-p707-fsl-real-20260930/candidate/modules/archive-zarr/js/target/scala-3.7.4/classes ...
[info] done compiling
[info] compiling 24 Scala sources to /private/tmp/scalafim-p707-fsl-real-20260930/candidate/modules/interop-archived-response/js/target/scala-3.7.4/classes ...
[info] done compiling
[success] Total time: 5 s, completed Sep 30, 2026, 7:50:03 p.m.
[success] Total time: 2 s, completed Sep 30, 2026, 7:50:06 p.m.
[success] Total time: 2 s, completed Sep 30, 2026, 7:50:08 p.m.
[success] Total time: 2 s, completed Sep 30, 2026, 7:50:10 p.m.
[success] Total time: 2 s, completed Sep 30, 2026, 7:50:11 p.m.
[success] Total time: 2 s, completed Sep 30, 2026, 7:50:14 p.m.
[success] Total time: 2 s, completed Sep 30, 2026, 7:50:16 p.m.
[success] Total time: 2 s, completed Sep 30, 2026, 7:50:18 p.m.
[success] Total time: 2 s, completed Sep 30, 2026, 7:50:20 p.m.
[info] compiling 26 Scala sources to /private/tmp/scalafim-p707-fsl-real-20260930/candidate/modules/mvpa/jvm/target/scala-3.7.4/classes ...
[info] done compiling
[success] Total time: 1 s, completed Sep 30, 2026, 7:50:21 p.m.
[info] compiling 26 Scala sources to /private/tmp/scalafim-p707-fsl-real-20260930/candidate/modules/mvpa/js/target/scala-3.7.4/classes ...
[info] done compiling
[success] Total time: 1 s, completed Sep 30, 2026, 7:50:22 p.m.
[info] compiling 8 Scala sources to /private/tmp/scalafim-p707-fsl-real-20260930/candidate/modules/mvpa-fit/jvm/target/scala-3.7.4/classes ...
[info] done compiling
[success] Total time: 3 s, completed Sep 30, 2026, 7:50:26 p.m.
[info] compiling 8 Scala sources to /private/tmp/scalafim-p707-fsl-real-20260930/candidate/modules/mvpa-fit/js/target/scala-3.7.4/classes ...
[info] done compiling
[success] Total time: 3 s, completed Sep 30, 2026, 7:50:29 p.m.
[success] Total time: 0 s, completed Sep 30, 2026, 7:50:29 p.m.
[success] Total time: 0 s, completed Sep 30, 2026, 7:50:29 p.m.
[info] compiling 2 Scala sources to /private/tmp/scalafim-p707-fsl-real-20260930/candidate/modules/mvpa-dataset/jvm/target/scala-3.7.4/classes ...
[info] done compiling
[success] Total time: 3 s, completed Sep 30, 2026, 7:50:32 p.m.
[info] compiling 2 Scala sources to /private/tmp/scalafim-p707-fsl-real-20260930/candidate/modules/mvpa-dataset/js/target/scala-3.7.4/classes ...
[info] done compiling
[success] Total time: 4 s, completed Sep 30, 2026, 7:50:36 p.m.
[info] compiling 3 Scala sources to /private/tmp/scalafim-p707-fsl-real-20260930/candidate/modules/mvpa-spatial/jvm/target/scala-3.7.4/classes ...
[info] done compiling
[success] Total time: 4 s, completed Sep 30, 2026, 7:50:39 p.m.
[info] compiling 3 Scala sources to /private/tmp/scalafim-p707-fsl-real-20260930/candidate/modules/mvpa-spatial/js/target/scala-3.7.4/classes ...
[info] done compiling
[success] Total time: 3 s, completed Sep 30, 2026, 7:50:42 p.m.
[success] Total time: 1 s, completed Sep 30, 2026, 7:50:43 p.m.
[success] Total time: 1 s, completed Sep 30, 2026, 7:50:43 p.m.
[success] Total time: 2 s, completed Sep 30, 2026, 7:50:46 p.m.
[success] Total time: 2 s, completed Sep 30, 2026, 7:50:48 p.m.
[info] compiling 8 Scala sources to /private/tmp/scalafim-p707-fsl-real-20260930/candidate/modules/fmri-workflow/jvm/target/scala-3.7.4/classes ...
[info] done compiling
[success] Total time: 3 s, completed Sep 30, 2026, 7:50:51 p.m.
[info] compiling 6 Scala sources to /private/tmp/scalafim-p707-fsl-real-20260930/candidate/modules/fmri-workflow/js/target/scala-3.7.4/classes ...
[info] done compiling
[success] Total time: 3 s, completed Sep 30, 2026, 7:50:54 p.m.
[success] Total time: 0 s, completed Sep 30, 2026, 7:50:54 p.m.
[success] Total time: 0 s, completed Sep 30, 2026, 7:50:54 p.m.
[info] compiling 7 Scala sources to /private/tmp/scalafim-p707-fsl-real-20260930/candidate/modules/dataset-zarr/jvm/target/scala-3.7.4/classes ...
[info] done compiling
[success] Total time: 3 s, completed Sep 30, 2026, 7:50:57 p.m.
[info] compiling 3 Scala sources to /private/tmp/scalafim-p707-fsl-real-20260930/candidate/modules/dataset-zarr/js/target/scala-3.7.4/classes ...
[info] done compiling
[success] Total time: 3 s, completed Sep 30, 2026, 7:51:00 p.m.
