[info] welcome to sbt 1.11.7 (Homebrew Java 25.0.1)
[info] loading settings for project candidate-build from plugins.sbt...
[info] loading project definition from /private/tmp/scalafim-p707-fsl-real-20260930/candidate/project
[info] compiling 1 Scala source to /private/tmp/scalafim-p707-fsl-real-20260930/candidate/project/target/scala-2.12/sbt-1.0/classes ...
[info] done compiling
[info] loading settings for project root from build.sbt...
[info] loading settings for project alder-build from plugins.sbt...
[info] loading project definition from /Users/bbuchsbaum/.sbt/1.0/staging/2f5b3675f2cf2c4e96c3/alder/project
[info] loading settings for project root from build.sbt...
[info] loading settings for project bids4s-build from plugins.sbt...
[info] loading project definition from /Users/bbuchsbaum/.sbt/1.0/staging/77e7bdc71bddb8077fcd/bids4s/project
[info] loading settings for project root from build.sbt...
[info] loading settings for project gale-build from plugins.sbt...
[info] loading project definition from /Users/bbuchsbaum/.sbt/1.0/staging/5a90f48e170e9e640ee1/gale/project
[info] loading settings for project root from build.sbt...
[info] loading settings for project gale-build from plugins.sbt...
[info] loading project definition from /Users/bbuchsbaum/.sbt/1.0/staging/449715b8ebc2010e6e23/gale/project
[info] loading settings for project root from build.sbt...
[info] loading settings for project graph4s-build from plugins.sbt...
[info] loading project definition from /Users/bbuchsbaum/.sbt/1.0/staging/b4b08747efd9a8151229/graph4s/project
[info] loading settings for project root from build.sbt...
[info] loading settings for project image4s-build from plugins.sbt...
[info] loading project definition from /Users/bbuchsbaum/.sbt/1.0/staging/41e96dde036f148f012a/image4s/project
[info] loading settings for project root from build.sbt...
[info] loading settings for project intaglio-build from plugins.sbt...
[info] loading project definition from /Users/bbuchsbaum/.sbt/1.0/staging/34fcacf7027b8ae3b2f8/intaglio/project
[info] loading settings for project root from build.sbt...
[info] loading settings for project linops4s-build from plugins.sbt...
[info] loading project definition from /Users/bbuchsbaum/.sbt/1.0/staging/cfabf5f1e5e2fb8fb176/linops4s/project
[info] loading settings for project root from build.sbt...
[info] loading settings for project locus4s-build from plugins.sbt...
[info] loading project definition from /Users/bbuchsbaum/.sbt/1.0/staging/05a8f1a231c171f1bca0/locus4s/project
[info] loading settings for project root from build.sbt...
[info] loading settings for project multivar-build from plugins.sbt...
[info] loading project definition from /Users/bbuchsbaum/.sbt/1.0/staging/8a071d8f65817f0f368f/multivar/project
[info] loading settings for project root from build.sbt...
[info] loading settings for project ravel-build from plugins.sbt...
[info] loading project definition from /Users/bbuchsbaum/.sbt/1.0/staging/57a292f3a6ded9e259cf/ravel/project
[info] loading settings for project root from build.sbt...
[info] loading settings for project reframe4s-build from plugins.sbt...
[info] loading project definition from /Users/bbuchsbaum/.sbt/1.0/staging/aa1fd63832323d604703/reframe4s/project
[info] loading settings for project root from build.sbt...
[info] loading settings for project resample4s-build from plugins.sbt...
[info] loading project definition from /Users/bbuchsbaum/.sbt/1.0/staging/3f5d01c7e6069e74a205/resample4s/project
[info] loading settings for project root from build.sbt...
[info] loading settings for project zarr4s-build from plugins.sbt...
[info] loading project definition from /Users/bbuchsbaum/.sbt/1.0/staging/34c0071f90095ef07887/zarr4s/project
[info] loading settings for project root from build.sbt...
[info] resolving key references (322631 settings) ...
[info] set current project to scalafim (in build file:/private/tmp/scalafim-p707-fsl-real-20260930/candidate/)
[info] compiling 1 Scala source to /private/tmp/scalafim-p707-fsl-real-20260930/candidate/modules/scenario-testkit/jvm/target/scala-3.7.4/classes ...
[info] compiling 6 Scala sources to /private/tmp/scalafim-p707-fsl-real-20260930/candidate/modules/locus-data/jvm/target/scala-3.7.4/classes ...
[info] done compiling
[info] done compiling
[info] compiling 52 Scala sources to /private/tmp/scalafim-p707-fsl-real-20260930/candidate/modules/image/jvm/target/scala-3.7.4/classes ...
[info] done compiling
[info] compiling 28 Scala sources to /private/tmp/scalafim-p707-fsl-real-20260930/candidate/modules/transform/jvm/target/scala-3.7.4/classes ...
[info] done compiling
[info] compiling 44 Scala sources to /private/tmp/scalafim-p707-fsl-real-20260930/candidate/modules/transform/jvm/target/scala-3.7.4/test-classes ...
[error] -- [E007] Type Mismatch Error: /private/tmp/scalafim-p707-fsl-real-20260930/candidate/modules/transform/shared/src/test/scala/scalafim/transform/scenarios/FslRealChainScenarioSuite.scala:66:41 
[error] 66 |    val materialized = chain.materialize(targetGrid)
[error]    |                                         ^^^^^^^^^^
[error]    |    Found:    (targetGrid :
[error]    |      image4s.geometry.Grid[image4s.geometry.Frame[image4s.geometry.D3],
[error]    |        image4s.geometry.D3]
[error]    |    )
[error]    |    Required: image4s.geometry.Grid[
[error]    |      (FslRealChainScenarioSuite.this.standard :
[error]    |        image4s.geometry.Frame[image4s.geometry.D3]),
[error]    |    image4s.geometry.D3]
[error]    |
[error]    | longer explanation available when compiling with `-explain`
[error] -- [E007] Type Mismatch Error: /private/tmp/scalafim-p707-fsl-real-20260930/candidate/modules/transform/shared/src/test/scala/scalafim/transform/scenarios/FslRealChainScenarioSuite.scala:67:33 
[error] 67 |    val sampled = chain.resample(image, targetGrid, Interpolation.Linear, BoundaryPolicy.Constant(0.0))
[error]    |                                 ^^^^^
[error]    |Found:    (image :
[error]    |  image4s.Sampled[
[error]    |    ?
[error]    |       <:
[error]    |        image4s.SampleSpace[image4s.geometry.Frame[image4s.geometry.D3],
[error]    |          image4s.geometry.D3]
[error]    |    ,
[error]    |  Double, image4s.Continuous, ravel.Rank[(3 : Int)]]
[error]    |)
[error]    |Required: image4s.ContinuousImage[Space, Double, R]
[error]    |
[error]    |where:    R     is a type variable with constraint <: ravel.AnyRank
[error]    |          Space is a type variable with constraint <: image4s.SampleSpace[
[error]    |  (FslRealChainScenarioSuite.this.func :
[error]    |    image4s.geometry.Frame[image4s.geometry.D3]),
[error]    |image4s.geometry.D3]
[error]    |
[error]    | longer explanation available when compiling with `-explain`
[error] -- [E007] Type Mismatch Error: /private/tmp/scalafim-p707-fsl-real-20260930/candidate/modules/transform/shared/src/test/scala/scalafim/transform/scenarios/FslRealChainScenarioSuite.scala:67:40 
[error] 67 |    val sampled = chain.resample(image, targetGrid, Interpolation.Linear, BoundaryPolicy.Constant(0.0))
[error]    |                                        ^^^^^^^^^^
[error]    |    Found:    (targetGrid :
[error]    |      image4s.geometry.Grid[image4s.geometry.Frame[image4s.geometry.D3],
[error]    |        image4s.geometry.D3]
[error]    |    )
[error]    |    Required: image4s.geometry.Grid[
[error]    |      (FslRealChainScenarioSuite.this.standard :
[error]    |        image4s.geometry.Frame[image4s.geometry.D3]),
[error]    |    image4s.geometry.D3]
[error]    |
[error]    | longer explanation available when compiling with `-explain`
[error] -- [E007] Type Mismatch Error: /private/tmp/scalafim-p707-fsl-real-20260930/candidate/modules/transform/shared/src/test/scala/scalafim/transform/scenarios/FslRealChainScenarioSuite.scala:68:39 
[error] 68 |    val flirtSampled = linear.resample(image, highresGrid, Interpolation.Linear, BoundaryPolicy.Constant(0.0))
[error]    |                                       ^^^^^
[error]    |Found:    (image :
[error]    |  image4s.Sampled[
[error]    |    ?
[error]    |       <:
[error]    |        image4s.SampleSpace[image4s.geometry.Frame[image4s.geometry.D3],
[error]    |          image4s.geometry.D3]
[error]    |    ,
[error]    |  Double, image4s.Continuous, ravel.Rank[(3 : Int)]]
[error]    |)
[error]    |Required: image4s.ContinuousImage[Space, Double, R]
[error]    |
[error]    |where:    R     is a type variable with constraint <: ravel.AnyRank
[error]    |          Space is a type variable with constraint <: image4s.SampleSpace[
[error]    |  (FslRealChainScenarioSuite.this.func :
[error]    |    image4s.geometry.Frame[image4s.geometry.D3]),
[error]    |image4s.geometry.D3]
[error]    |
[error]    | longer explanation available when compiling with `-explain`
[error] -- [E007] Type Mismatch Error: /private/tmp/scalafim-p707-fsl-real-20260930/candidate/modules/transform/shared/src/test/scala/scalafim/transform/scenarios/FslRealChainScenarioSuite.scala:68:46 
[error] 68 |    val flirtSampled = linear.resample(image, highresGrid, Interpolation.Linear, BoundaryPolicy.Constant(0.0))
[error]    |                                              ^^^^^^^^^^^
[error]    |    Found:    (highresGrid :
[error]    |      image4s.geometry.Grid[image4s.geometry.Frame[image4s.geometry.D3],
[error]    |        image4s.geometry.D3]
[error]    |    )
[error]    |    Required: image4s.geometry.Grid[
[error]    |      (FslRealChainScenarioSuite.this.highres :
[error]    |        image4s.geometry.Frame[image4s.geometry.D3]),
[error]    |    image4s.geometry.D3]
[error]    |
[error]    | longer explanation available when compiling with `-explain`
[error] 5 errors found
[error] (transformJVM / Test / compileIncremental) Compilation failed
[error] Total time: 19 s, completed Sep 30, 2026, 7:30:01 p.m.
