[info] entering thin client - BEEP WHIRR
[info] starting sbt server in the background
[info] use 'sbt shutdown' to shutdown the server
[info]  
[info] welcome to sbt 1.11.7 (Eclipse Adoptium Java 21.0.12.1)
[info] loading settings for project scalafim-umvpa-family-group-20261007-build from plugins.sbt...
[info] loading project definition from /private/tmp/scalafim-umvpa-family-group-20261007/project
[info] loading settings for project root from build.sbt...
[info] loading settings for project alder-build from plugins.sbt...
[info] loading project definition from /Users/bbuchsbaum/.cache/scalafim-sbt/bases/5acc69395461c4c9/staging/70113493d2034afa26c1/alder/project
[info] loading settings for project root from build.sbt...
[info] loading settings for project bids4s-build from plugins.sbt...
[info] loading project definition from /Users/bbuchsbaum/.cache/scalafim-sbt/bases/5acc69395461c4c9/staging/77e7bdc71bddb8077fcd/bids4s/project
[info] loading settings for project root from build.sbt...
[info] loading settings for project gale-build from plugins.sbt...
[info] loading project definition from /Users/bbuchsbaum/.cache/scalafim-sbt/bases/5acc69395461c4c9/staging/5a90f48e170e9e640ee1/gale/project
[info] loading settings for project root from build.sbt...
[info] loading settings for project gale-build from plugins.sbt...
[info] loading project definition from /Users/bbuchsbaum/.cache/scalafim-sbt/bases/5acc69395461c4c9/staging/974a385afa33a2ff246a/gale/project
[info] loading settings for project root from build.sbt...
[info] loading settings for project graph4s-build from plugins.sbt...
[info] loading project definition from /Users/bbuchsbaum/.cache/scalafim-sbt/bases/5acc69395461c4c9/staging/b4b08747efd9a8151229/graph4s/project
[info] loading settings for project root from build.sbt...
[info] loading settings for project image4s-build from plugins.sbt...
[info] loading project definition from /Users/bbuchsbaum/.cache/scalafim-sbt/bases/5acc69395461c4c9/staging/995ff8e011f5a5221e44/image4s/project
[info] loading settings for project root from build.sbt...
[info] loading settings for project intaglio-build from plugins.sbt...
[info] loading project definition from /Users/bbuchsbaum/.cache/scalafim-sbt/bases/5acc69395461c4c9/staging/34fcacf7027b8ae3b2f8/intaglio/project
[info] loading settings for project root from build.sbt...
[info] loading settings for project linops4s-build from plugins.sbt...
[info] loading project definition from /Users/bbuchsbaum/.cache/scalafim-sbt/bases/5acc69395461c4c9/staging/cfabf5f1e5e2fb8fb176/linops4s/project
[info] loading settings for project root from build.sbt...
[info] loading settings for project locus4s-build from plugins.sbt...
[info] loading project definition from /Users/bbuchsbaum/.cache/scalafim-sbt/bases/5acc69395461c4c9/staging/b51ea69c1c3a30e37df3/locus4s/project
[info] loading settings for project root from build.sbt...
[info] loading settings for project multivar-build from plugins.sbt...
[info] loading project definition from /Users/bbuchsbaum/.cache/scalafim-sbt/bases/5acc69395461c4c9/staging/04c54b2d3f3921f04b0c/multivar/project
[info] loading settings for project root from build.sbt...
[info] loading settings for project ravel-build from plugins.sbt...
[info] loading project definition from /Users/bbuchsbaum/.cache/scalafim-sbt/bases/5acc69395461c4c9/staging/6c77ef03ad5f6b5be136/ravel/project
[info] loading settings for project root from build.sbt...
[info] loading settings for project ravel-build from plugins.sbt...
[info] loading project definition from /Users/bbuchsbaum/.cache/scalafim-sbt/bases/5acc69395461c4c9/staging/57a292f3a6ded9e259cf/ravel/project
[info] loading settings for project root from build.sbt...
[info] loading settings for project reframe4s-build from plugins.sbt...
[info] loading project definition from /Users/bbuchsbaum/.cache/scalafim-sbt/bases/5acc69395461c4c9/staging/1541cf1125bbd1a3cbc8/reframe4s/project
[info] loading settings for project root from build.sbt...
[info] loading settings for project resample4s-build from plugins.sbt...
[info] loading project definition from /Users/bbuchsbaum/.cache/scalafim-sbt/bases/5acc69395461c4c9/staging/3f5d01c7e6069e74a205/resample4s/project
[info] loading settings for project root from build.sbt...
[info] loading settings for project zarr4s-build from plugins.sbt...
[info] loading project definition from /Users/bbuchsbaum/.cache/scalafim-sbt/bases/5acc69395461c4c9/staging/34c0071f90095ef07887/zarr4s/project
[info] loading settings for project root from build.sbt...
[info] resolving key references (348114 settings) ...
[info] set scmInfo to https://github.com/canardlapin/scalafim
[info] set scmInfo to https://github.com/canardlapin/scalafim
[info] set scmInfo to https://github.com/canardlapin/scalafim
[info] set scmInfo to https://github.com/canardlapin/scalafim
[info] set scmInfo to https://github.com/canardlapin/scalafim
[info] set current project to scalafim (in build file:/private/tmp/scalafim-umvpa-family-group-20261007/)
[info] sbt server started at local:///Users/bbuchsbaum/.cache/scalafim-sbt/bases/5acc69395461c4c9/server/7deacdb0c7663550b596/sock
[info] started sbt server
[info] compiling 5 Scala sources to /private/tmp/scalafim-umvpa-family-group-20261007/modules/mvpa/jvm/target/scala-3.7.4/test-classes ...
[info] done compiling
scalafim.fmri.mvpa.inference.CalibrationProtocolSuite:
  + raw UTF-8 SHA/64-bit roots and named provider child streams match external fixtures 0.083s
  + root digest is not the existing length-framed axis digest 0.035s
  + published resample seed-path fixture agrees independently 0.001s
  + worker ordering, retries and plan capacity cannot alter immutable assignments 0.049s
  + frozen phase counts preserve exact datasets and resampling budgets 0.001s
  + full dotted scenario and ordinal have a portable collision-resistant internal binding 0.049s
  + a thrown assigned-case evaluation becomes one failed record and later cases still run 0.006s
  + initial statistic adapter refuses confirmation before any matrix payload parsing 0.007s
scalafim.fmri.mvpa.inference.FixedRepresentationInferenceSuite:
  + serialized independent rank coordinates retain the actual nuisance and candidate scope 0.633s
[info] Passed: Total 9, Failed 0, Errors 0, Passed 9
[success] elapsed time: 16 s
[0J[sbt-warm] mvpaJVM/testOnly *CalibrationProtocolSuite *FixedRepresentationInferenceSuite: exit 0 in 73.9s
[info] compiling 5 Scala sources to /private/tmp/scalafim-umvpa-family-group-20261007/modules/mvpa/js/target/scala-3.7.4/test-classes ...
[info] done compiling
[info] Fast optimizing /private/tmp/scalafim-umvpa-family-group-20261007/modules/mvpa/js/target/scala-3.7.4/scalafim-fmri-mvpa-test-fastopt
scalafim.fmri.mvpa.inference.FixedRepresentationInferenceSuite:
  + serialized independent rank coordinates retain the actual nuisance and candidate scope 0.050s
scalafim.fmri.mvpa.inference.CalibrationProtocolSuite:
  + raw UTF-8 SHA/64-bit roots and named provider child streams match external fixtures 0.007s
  + root digest is not the existing length-framed axis digest 0.003s
  + published resample seed-path fixture agrees independently 0.001s
  + worker ordering, retries and plan capacity cannot alter immutable assignments 0.002s
  + frozen phase counts preserve exact datasets and resampling budgets 0.000s
  + full dotted scenario and ordinal have a portable collision-resistant internal binding 0.001s
  + a thrown assigned-case evaluation becomes one failed record and later cases still run 0.003s
  + initial statistic adapter refuses confirmation before any matrix payload parsing 0.001s
[info] Passed: Total 9, Failed 0, Errors 0, Passed 9
[success] elapsed time: 20 s
[0J[sbt-warm] mvpaJS/testOnly *CalibrationProtocolSuite *FixedRepresentationInferenceSuite: exit 0 in 20.5s
