[info] welcome to sbt 1.11.7 (Homebrew Java 25.0.1)
[info] loading settings for project candidate-build from plugins.sbt...
[info] loading project definition from /private/tmp/scalafim-p707-surface-real-20261001/candidate/project
[info] loading settings for project root from build.sbt...
[info] loading settings for project alder-build from plugins.sbt...
[info] loading project definition from /Users/bbuchsbaum/.sbt/1.0/staging/2f5b3675f2cf2c4e96c3/alder/project
[info] loading settings for project root from build.sbt...
[info] loading settings for project bids4s-build from plugins.sbt...
[info] loading project definition from /Users/bbuchsbaum/.sbt/1.0/staging/77e7bdc71bddb8077fcd/bids4s/project
[info] loading settings for project root from build.sbt...
[info] loading settings for project gale-build from plugins.sbt...
[info] loading project definition from /Users/bbuchsbaum/.sbt/1.0/staging/5a90f48e170e9e640ee1/gale/project
[info] loading settings for project root from build.sbt...
[info] loading settings for project gale-build from plugins.sbt...
[info] loading project definition from /Users/bbuchsbaum/.sbt/1.0/staging/449715b8ebc2010e6e23/gale/project
[info] loading settings for project root from build.sbt...
[info] loading settings for project graph4s-build from plugins.sbt...
[info] loading project definition from /Users/bbuchsbaum/.sbt/1.0/staging/b4b08747efd9a8151229/graph4s/project
[info] loading settings for project root from build.sbt...
[info] loading settings for project image4s-build from plugins.sbt...
[info] loading project definition from /Users/bbuchsbaum/.sbt/1.0/staging/41e96dde036f148f012a/image4s/project
[info] loading settings for project root from build.sbt...
[info] loading settings for project intaglio-build from plugins.sbt...
[info] loading project definition from /Users/bbuchsbaum/.sbt/1.0/staging/34fcacf7027b8ae3b2f8/intaglio/project
[info] loading settings for project root from build.sbt...
[info] loading settings for project linops4s-build from plugins.sbt...
[info] loading project definition from /Users/bbuchsbaum/.sbt/1.0/staging/cfabf5f1e5e2fb8fb176/linops4s/project
[info] loading settings for project root from build.sbt...
[info] loading settings for project locus4s-build from plugins.sbt...
[info] loading project definition from /Users/bbuchsbaum/.sbt/1.0/staging/05a8f1a231c171f1bca0/locus4s/project
[info] loading settings for project root from build.sbt...
[info] loading settings for project multivar-build from plugins.sbt...
[info] loading project definition from /Users/bbuchsbaum/.sbt/1.0/staging/8a071d8f65817f0f368f/multivar/project
[info] loading settings for project root from build.sbt...
[info] loading settings for project ravel-build from plugins.sbt...
[info] loading project definition from /Users/bbuchsbaum/.sbt/1.0/staging/57a292f3a6ded9e259cf/ravel/project
[info] loading settings for project root from build.sbt...
[info] loading settings for project reframe4s-build from plugins.sbt...
[info] loading project definition from /Users/bbuchsbaum/.sbt/1.0/staging/aa1fd63832323d604703/reframe4s/project
[info] loading settings for project root from build.sbt...
[info] loading settings for project resample4s-build from plugins.sbt...
[info] loading project definition from /Users/bbuchsbaum/.sbt/1.0/staging/3f5d01c7e6069e74a205/resample4s/project
[info] loading settings for project root from build.sbt...
[info] loading settings for project zarr4s-build from plugins.sbt...
[info] loading project definition from /Users/bbuchsbaum/.sbt/1.0/staging/34c0071f90095ef07887/zarr4s/project
[info] loading settings for project root from build.sbt...
[info] resolving key references (322631 settings) ...
[info] set current project to scalafim (in build file:/private/tmp/scalafim-p707-surface-real-20261001/candidate/)
[info] compiling 2 Scala sources to /private/tmp/scalafim-p707-surface-real-20261001/candidate/modules/surface/jvm/target/scala-3.7.4/classes ...
[info] done compiling
[info] compiling 9 Scala sources to /private/tmp/scalafim-p707-surface-real-20261001/candidate/modules/surface/jvm/target/scala-3.7.4/classes ...
[info] done compiling
[info] compiling 30 Scala sources to /private/tmp/scalafim-p707-surface-real-20261001/candidate/modules/surface/jvm/target/scala-3.7.4/test-classes ...
[info] done compiling
scalafim.surface.SurfaceSearchlightSuite:
  + zero-radius metric balls are the identity relation 0.016s
  + geodesic metric balls are symmetric and monotone in radius 0.003s
  + metric-ball composition is contained by the summed radius 0.001s
  + metric balls use a closed radius boundary 0.001s
  + partial center support leaves every non-center relation row empty 0.001s
  + equal vertex counts do not excuse a topology mismatch 0.001s
  + local extraction is ordinary indexed-field restriction 0.002s
  + invalid radii are rejected before geometry work 0.0s
scalafim.surface.TriangleMeshEqualitySuite:
  + meshes built from separate arrays with the same content are equal and hash alike 0.001s
  + coordinates, face order and signed zero distinguish meshes 0.0s
  + surface geometries compare their meshes structurally 0.002s
  + a vertex mapping accepts a field on a separately loaded, identical geometry 0.002s
scalafim.surface.io.FreeSurferSurfaceReaderSuite:
  + readAscii handles std.8-style FreeSurfer ASCII surfaces 0.004s
  + read auto-detects ASCII and can infer right hemisphere 0.002s
  + readBinary loads triangle geometry and accepts explicit metadata 0.002s
  + readBinary rejects bad magic with a stable message 0.003s
  + readBinary rejects headers shorter than magic bytes 0.002s
  + readBinary rejects files without created-by and info lines 0.0s
  + readBinary rejects short reads with a stable message 0.001s
  + readAscii rejects malformed rows with a stable message 0.001s
  + readAscii surfaces TriangleMesh face-index validation 0.001s
  + read infers VeryInflated from HCP and TemplateFlow very-inflated file names 0.002s
scalafim.surface.SurfaceResamplingSuite:
  + sphere helpers recognise spheres and normalise their radius 0.006s
  + barycentric weights reconstruct a point on the query's own radial ray (never the antipodal face) 0.045s
  + nearest-vertex resampling of a mesh onto itself is the identity 0.027s
  + normalisations: element rows total one, sum conserves mass, and the inverse is the exact adjoint 0.01s
  + a linear field on the sphere is reproduced to within the triangle-sagitta error 0.008s
  + input of the wrong length is a typed failure 0.008s
scalafim.surface.SurfaceComponentsSuite:
  + connectedComponents labels active connected sets by decreasing size 0.01s
  + connectedComponents returns zero fields when no vertices pass threshold 0.001s
  + clusterThreshold keeps only clusters meeting minimum size 0.001s
  + SurfaceThreshold validates range order 0.0s
surface resampling parity: 104 rows share neurotransform's face; 2 neurotransform nearest-vertex fallbacks; far-side faces chosen by neurotransform: 56 of 162 rows
scalafim.surface.SurfaceResamplingParitySuite:
  + nearest-vertex plans are identical 0.008s
  + barycentric plans pick the same face as neurotransform unless it picks the far side of the sphere 0.017s
L_fsaverage164k_to_fsLR32k vs Workbench: ramp max 1.15e-07, saddle max 5.83e-08, hash max 5.47e-06 (1.0000 within 5.0E-5)
R_fsaverage164k_to_fsLR32k vs Workbench: ramp max 1.08e-07, saddle max 7.18e-08, hash max 6.10e-06 (1.0000 within 5.0E-5)
L_fsLR32k_to_fsaverage164k vs Workbench: ramp max 5.85e-07, saddle max 4.52e-07, hash max 2.36e-05 (1.0000 within 5.0E-5)
L_fsLR32k_to_fsLR164k vs Workbench: ramp max 3.68e-07, saddle max 3.43e-07, hash max 1.58e-05 (1.0000 within 5.0E-5)
L_fsaverage164k_to_fsaverage10k vs Workbench: ramp max 1.19e-07, saddle max 6.10e-08, hash max 5.43e-06 (1.0000 within 5.0E-5)
scalafim.surface.io.TemplateSphereFilesSuite:
  + the committed oracle matches its manifest and pins exactly the admitted spheres 0.013s
  + fsaverage 164k -> fsLR 32k on the fsaverage sphere matches Workbench, both hemispheres 4.71s
  + fsLR 32k -> fsaverage 164k on the fsaverage sphere matches Workbench 2.559s
  + fsLR 32k -> 164k on the fsLR sphere and fsaverage -> fsaverage5 match Workbench 3.465s
  + fsaverage5 and fsaverage6 are the nested vertex prefixes of fsaverage on its sphere 7.104s
  + every pinned sphere loads with its template's counts; other bytes are refused 2.194s
scalafim.surface.RibbonFillSuite:
  + ribbon weights match neurotransform cpp_ribbon_weights entry for entry 0.007s
  + surface-to-volume fill matches neurotransform backproject_surface_to_volume(method = "ribbon") 0.001s
  + rows sum to one, and a segment that never enters the grid samples to NaN 0.001s
  + the fill is the exact adjoint of volume-to-surface sampling 0.001s
  + ribbon mask of concentric spheres is the lattice shell between their radii 0.098s
  + the ribbon mask requires closed surfaces 0.002s
  + ribbon sampling of a radial volume recovers the mid-ribbon radius, and the mean fill of ones is one 0.036s
  + volume adapters keep the operator's grid and reject other grids 0.044s
  + ribbon inputs must share a frame: statically when frames are typed, at runtime when they are erased 0.002s
  + white and pial must be vertex-matched, and steps must be positive 0.001s
  + inner and outer roles are checked: hemispheres must agree and kinds must not be swapped 0.004s
  + lattice-aligned faces and edges fill exactly, with half-open faces 0.003s
  + a closed surface that extends past the grid along the ray axis still fills by parity 0.0s
scalafim.surface.SurfaceSamplingSuite:
  + SurfaceGeometryPair exposes a shared cortical domain 0.0s
  + midpoint path is a named policy that preserves midpoint sampling semantics 0.005s
  + white and pial paths sample endpoint surfaces 0.001s
  + surfaceToWorld transforms are applied before SomeSampleSpace coordinate lookup 0.0s
  + fractional thickness supports average aggregation 0.0s
  + mode aggregation chooses the most frequent sampled value 0.001s
  + normal-line sampling uses offsets around the midpoint 0.001s
  + masking can produce explicit empty samples 0.0s
  + volume-to-surface morphism wraps reusable sampling plans 0.002s
  + surface-to-surface morphism applies explicit target-to-source vertex maps 0.0s
  + out-of-bounds sample points produce empty samples 0.001s
  + sampling plans validate surface pairs, paths, and masks 0.001s
  + the sample tally observes every requested point exactly once 0.0s
  + non-finite volume values are tallied apart from accepted samples 0.001s
  + sample tallies must account for every requested sample 0.0s
  + eager nearest sampling has absolute half-up ties and support boundaries on axis 0 0.002s
  + eager nearest sampling has absolute half-up ties and support boundaries on axis 1 0.001s
  + eager nearest sampling has absolute half-up ties and support boundaries on axis 2 0.0s
scalafim.surface.SurfaceKindSuite:
  + a directly built Custom with the very-inflated spelling is not the canonical kind; parsing canonicalizes it 0.0s
  + every named kind has its canonical label and round trips through fromString 0.001s
  + VeryInflated is a distinct display kind whose canonical label is the TemplateFlow spelling 0.0s
  + GIFTI, TemplateFlow and HCP spellings of the very-inflated surface parse to VeryInflated 0.0s
  + a legacy Custom very-inflated label is restored as the named kind, not a parallel identity 0.0s
  + unnamed kinds remain Custom and preserve their spelling; blank kinds are rejected 0.001s
  + file-name inference recognizes TemplateFlow fsLR 32k surface names 0.0s
  + file-name inference reads HCP very_inflated as VeryInflated, never Inflated 0.0s
  + file-name inference keeps FreeSurfer conventions and the Custom fallback 0.001s
scalafim.surface.GraphDifferentialSuite:
  + thresholded surface components match induced generic graph components 0.106s
  + surface geodesics match graph shortest paths for default and custom weights 0.022s
  + MeshTopology graph interop preserves explicit indexing, edges, and distances 0.001s
  + unreachable surface geodesics correspond to graph NoPath 0.001s
scalafim.surface.SurfaceDataSuite:
  + SurfaceField stores indexed vertex values 0.0s
  + SurfaceField validates data length, uniqueness, and bounds 0.001s
  + SurfaceMatrix stores vertices by feature columns 0.001s
  + SurfaceRoi extracts a checked subset from a field 0.001s
  + LabeledSurface stores label data and table metadata 0.0s
  + SurfaceSet validates hemisphere and exact ordered topology while allowing new coordinates 0.003s
  + HemispherePair provides typed left/right containers 0.001s
scalafim.surface.io.GiftiReaderSuite:
  + parseString builds a typed GIFTI document with metadata and transforms 0.001s
  + external GIFTI DTD declarations are ignored without network access 0.001s
  + ASCII data arrays decode to numeric pointsets and triangles 0.001s
  + typed payload decoders preserve matrix indexing semantics 0.001s
  + Base64Binary data arrays decode with declared endian 0.0s
  + GZipBase64Binary data arrays decode after inflation 0.002s
  + GZipBase64Binary accepts the zlib stream emitted by FreeSurfer GIFTI 0.0s
  + label GIFTI parses label table and builds LabeledSurface 0.003s
  + external binary arrays are reported explicitly 0.002s
  + malformed external offsets are data-array errors 0.0s
  + malformed label keys are document errors 0.001s
scalafim.surface.TemplateSurfacesSuite:
  + stock template meshes carry their TemplateFlow counts and native registration 0.001s
  + a template sphere is admitted only with the template's counts, on a sphere, and on a registration it has 0.015s
  + meshes on different registration spheres cannot be planned against each other 0.0s
  + planning refuses hemispheres that differ 0.001s
  + a plan interpolates with unit rows, its adjoint is the exact transpose, and Sum conserves mass 0.159s
  + the pinned TemplateFlow spheres cover every mesh, hemisphere and published registration 0.0s
scalafim.surface.TemplatePlanTopologySuite:
  + fsaverage5 plan freezes endpoint topology and rejects a later face-order mutation 0.155s
scalafim.surface.scenarios.SurfaceChainScenarioSuite:
  + surface chain: scanner volume -> tkRAS ribbon -> registered sphere -> template meshes, commuting routes 0.084s
  + every convention mutation of the surface chain fails the scenario 0.156s
  + a tkRAS surface cannot be sampled on a scanner-space grid without moving it first 0.001s
scalafim.surface.io.GiftiSurfaceReaderSuite:
  + read extracts pointset, triangles, hemisphere, kind, and POINTSET transform 0.002s
  + read uses identity transform when CoordinateSystemTransformMatrix is absent 0.002s
  + read rejects malformed POINTSET shapes with stable messages 0.003s
  + read rejects malformed TRIANGLE data with stable messages 0.002s
  + read rejects missing POINTSET and TRIANGLE arrays 0.003s
  + read rejects malformed transform matrices 0.002s
  + geometry preserves the provider cause for a singular surface affine 0.002s
  + read accepts explicit hemisphere and kind metadata 0.002s
  + read accepts Base64Binary pointset and triangle arrays 0.001s
  + read honors ColumnMajorOrder matrix payloads 0.002s
scalafim.surface.SurfaceModuleSuite:
  + module metadata is available 0.001s
scalafim.surface.SurfaceCoreSuite:
  + Point3D is a surface alias for image SpatialPoint 0.001s
  + TriangleMesh builds a valid tetrahedron 0.0s
  + mesh topology identity ignores coordinates but preserves exact face ordering 0.001s
  + TriangleMesh rejects invalid shapes and indices 0.0s
  + SurfaceGeometry stores mesh metadata and a 4x4 surface-to-world transform 0.001s
  + SurfaceGeometry accepts only provider-validated D3 affines 0.001s
  + surface domains reject IO-only hemisphere tags 0.002s
  + surface tag parsers normalize common labels 0.0s
scalafim.surface.FramedSurfaceSuite:
  + stored coordinates and the geometry's surface-to-world placement are distinct declarations 0.004s
  + tkRAS surfaces reach scanner RAS through Norig * inverse(Torig) and back 0.003s
  + tkRAS -> scanner transport requires a tkRAS source and a same-subject scanner target 0.006s
  + transport reports non-finite results instead of throwing 0.002s
  + surfaces in different frames cannot be substituted for one another 0.0s
  + a surface placed in a runtime world binds to the static template frame with the same key 0.001s
scalafim.surface.MeshTopologySuite:
  + MeshTopology derives unique edges and neighbor rows 0.0s
  + MeshTopology computes Euclidean edge lengths 0.001s
  + MeshTopology computes face and mesh metrics 0.0s
  + MeshTopology computes unit vertex normals when possible 0.001s
  + MeshTopology handles open fragmented meshes 0.0s
  + MeshTopology carries a surface domain when built from geometry 0.001s
scalafim.surface.SurfaceGeodesicsSuite:
  + geodesic distance matrix matches tetrahedron edge distances 0.0s
  + distance matrix supports source and target subsets 0.001s
  + neighborsWithin includes self and vertices inside radius 0.001s
  + neighborsWithin uses a closed radius boundary 0.0s
  + euclidean metric ignores mesh paths 0.0s
  + spherical metric clamps cosine and returns finite distances 0.001s
  + unreachable vertices remain Infinity for geodesic metric 0.0s
  + cache policy stores and reuses distance matrices 0.001s
  + custom edge weights drive geodesic distances and cache keys 0.002s
  + geodesic input validation catches bad radius, vertices, and weights 0.001s
scalafim.surface.SurfaceLocusDomainSuite:
  + surface domain identity includes exact ordered topology 0.001s
  + full and sparse surface fields preserve their distinct support semantics 0.001s
  + legacy SurfaceRoi adapts to a region, restricted values, and annotation 0.001s
  + labeled surfaces become quotients with metadata and explicit display order 0.004s
  + a disconnected label remains one valid extensional quotient fiber 0.0s
  + runtime-loaded domains preserve the hidden semantic space type 0.0s
scalafim.surface.gifti.GiftiModelSuite:
  + typed attributes normalize known GIFTI codes 0.001s
  + unknown attributes preserve their source text 0.001s
  + data arrays expose shape and intent contracts 0.0s
  + label color conversion keeps GIFTI 0-1 color values explicit 0.001s
  + payload vectors and matrices expose typed shape semantics 0.0s
  + payload matrices make row-major and column-major order explicit 0.0s
  + documents provide typed array lookup and reject duplicate labels 0.001s
  + GIFTI XML parsing rejects entity declarations before expansion 0.0s
  + GIFTI payload sizing rejects dimension products before overflow 0.0s
scalafim.surface.scenarios.SurfaceRealChainScenarioSuite:
  + real volume ribbon -> fsaverage -> fsLR32k and direct route: clean bounded pass 0.022s
  + full-source contributor faces and independent radial weights match the public plans 0.008s
  + coordinate and vertex-order mutations fail the real scenario 0.015s
  + tkRAS surfaces cannot enter a scanner-space ribbon operator without placement 0.001s
  + raw tkRAS placement matches independent affine algebra and actual MGH-header precision 0.002s
  + shared fixture hashes and frozen target IDs close on both platforms 0.007s
scalafim.surface.SurfaceParcelsSuite:
  + boundary edges derive directly from mesh topology and endpoint labels 0.002s
  + units returns contiguous parcels in label order 0.002s
  + parcel operations reject equal-sized but topologically different meshes 0.0s
  + fragmented parcel policies error, keep largest, split, or merge 0.001s
  + ParcelKey validates split parcel parts 0.0s
  + centroid and geodesic medoid can select different parcel representatives 0.002s
  + geodesic medoid rejects merged disconnected parcel 0.0s
  + distance matrices are symmetric for centroid and minimum methods 0.003s
  + medoid distance matrix uses geodesic medoid representatives 0.001s
  + boundaryContacts counts shared mesh edges symmetrically 0.001s
  + ignoredLabels removes labels from parcel outputs and contacts 0.0s
[info] Passed: Total 185, Failed 0, Errors 0, Passed 185
[success] Total time: 33 s, completed Oct 1, 2026, 8:16:14 a.m.
[info] compiling 1 Scala source to /private/tmp/scalafim-p707-surface-real-20261001/candidate/modules/surface/js/target/scala-3.7.4/classes ...
[info] done compiling
[info] compiling 7 Scala sources to /private/tmp/scalafim-p707-surface-real-20261001/candidate/modules/surface/js/target/scala-3.7.4/classes ...
[info] done compiling
[info] compiling 26 Scala sources to /private/tmp/scalafim-p707-surface-real-20261001/candidate/modules/surface/js/target/scala-3.7.4/test-classes ...
[info] done compiling
[info] Fast optimizing /private/tmp/scalafim-p707-surface-real-20261001/candidate/modules/surface/js/target/scala-3.7.4/scalafim-surface-test-fastopt
scalafim.surface.SurfaceSamplingSuite:
  + SurfaceGeometryPair exposes a shared cortical domain 0.001s
  + midpoint path is a named policy that preserves midpoint sampling semantics 0.001s
  + white and pial paths sample endpoint surfaces 0.001s
  + surfaceToWorld transforms are applied before SomeSampleSpace coordinate lookup 0.000s
  + fractional thickness supports average aggregation 0.000s
  + mode aggregation chooses the most frequent sampled value 0.001s
  + normal-line sampling uses offsets around the midpoint 0.000s
  + masking can produce explicit empty samples 0.001s
  + volume-to-surface morphism wraps reusable sampling plans 0.000s
  + surface-to-surface morphism applies explicit target-to-source vertex maps 0.000s
  + out-of-bounds sample points produce empty samples 0.000s
  + sampling plans validate surface pairs, paths, and masks 0.001s
  + the sample tally observes every requested point exactly once 0.001s
  + non-finite volume values are tallied apart from accepted samples 0.000s
  + sample tallies must account for every requested sample 0.000s
  + eager nearest sampling has absolute half-up ties and support boundaries on axis 0 0.001s
  + eager nearest sampling has absolute half-up ties and support boundaries on axis 1 0.001s
  + eager nearest sampling has absolute half-up ties and support boundaries on axis 2 0.001s
scalafim.surface.SurfaceSearchlightSuite:
  + zero-radius metric balls are the identity relation 0.002s
  + geodesic metric balls are symmetric and monotone in radius 0.001s
  + metric-ball composition is contained by the summed radius 0.001s
  + metric balls use a closed radius boundary 0.000s
  + partial center support leaves every non-center relation row empty 0.000s
  + equal vertex counts do not excuse a topology mismatch 0.000s
  + local extraction is ordinary indexed-field restriction 0.000s
  + invalid radii are rejected before geometry work 0.000s
scalafim.surface.SurfaceResamplingSuite:
  + sphere helpers recognise spheres and normalise their radius 0.003s
  + barycentric weights reconstruct a point on the query's own radial ray (never the antipodal face) 0.028s
  + nearest-vertex resampling of a mesh onto itself is the identity 0.041s
  + normalisations: element rows total one, sum conserves mass, and the inverse is the exact adjoint 0.011s
  + a linear field on the sphere is reproduced to within the triangle-sagitta error 0.010s
  + input of the wrong length is a typed failure 0.008s
scalafim.surface.io.GiftiReaderJsSuite:
  + Scala.js reads a generated fsaverage5-scale compressed GIFTI surface 0.086s
  + Scala.js byte ingestion accepts an outer gzip stream 0.002s
  + Scala.js bounds compressed payloads by their declared shape 0.002s
  + Scala.js label ingestion preserves LabelTable and NODE_INDEX semantics 0.003s
scalafim.surface.SurfaceDataSuite:
  + SurfaceField stores indexed vertex values 0.000s
  + SurfaceField validates data length, uniqueness, and bounds 0.000s
  + SurfaceMatrix stores vertices by feature columns 0.000s
  + SurfaceRoi extracts a checked subset from a field 0.000s
  + LabeledSurface stores label data and table metadata 0.000s
  + SurfaceSet validates hemisphere and exact ordered topology while allowing new coordinates 0.001s
  + HemispherePair provides typed left/right containers 0.000s
scalafim.surface.SurfaceModuleSuite:
  + module metadata is available 0.000s
scalafim.surface.SurfaceKindSuite:
  + a directly built Custom with the very-inflated spelling is not the canonical kind; parsing canonicalizes it 0.000s
  + every named kind has its canonical label and round trips through fromString 0.000s
  + VeryInflated is a distinct display kind whose canonical label is the TemplateFlow spelling 0.000s
  + GIFTI, TemplateFlow and HCP spellings of the very-inflated surface parse to VeryInflated 0.000s
  + a legacy Custom very-inflated label is restored as the named kind, not a parallel identity 0.000s
  + unnamed kinds remain Custom and preserve their spelling; blank kinds are rejected 0.000s
  + file-name inference recognizes TemplateFlow fsLR 32k surface names 0.001s
  + file-name inference reads HCP very_inflated as VeryInflated, never Inflated 0.000s
  + file-name inference keeps FreeSurfer conventions and the Custom fallback 0.000s
scalafim.surface.SurfaceParcelsSuite:
  + boundary edges derive directly from mesh topology and endpoint labels 0.000s
  + units returns contiguous parcels in label order 0.000s
  + parcel operations reject equal-sized but topologically different meshes 0.000s
  + fragmented parcel policies error, keep largest, split, or merge 0.001s
  + ParcelKey validates split parcel parts 0.000s
  + centroid and geodesic medoid can select different parcel representatives 0.001s
  + geodesic medoid rejects merged disconnected parcel 0.000s
  + distance matrices are symmetric for centroid and minimum methods 0.001s
  + medoid distance matrix uses geodesic medoid representatives 0.000s
  + boundaryContacts counts shared mesh edges symmetrically 0.000s
  + ignoredLabels removes labels from parcel outputs and contacts 0.000s
scalafim.surface.TemplateSurfacesSuite:
  + stock template meshes carry their TemplateFlow counts and native registration 0.000s
  + a template sphere is admitted only with the template's counts, on a sphere, and on a registration it has 0.029s
  + meshes on different registration spheres cannot be planned against each other 0.001s
  + planning refuses hemispheres that differ 0.001s
  + a plan interpolates with unit rows, its adjoint is the exact transpose, and Sum conserves mass 0.604s
  + the pinned TemplateFlow spheres cover every mesh, hemisphere and published registration 0.001s
scalafim.surface.SurfaceLocusDomainSuite:
  + surface domain identity includes exact ordered topology 0.000s
  + full and sparse surface fields preserve their distinct support semantics 0.000s
  + legacy SurfaceRoi adapts to a region, restricted values, and annotation 0.000s
  + labeled surfaces become quotients with metadata and explicit display order 0.000s
  + a disconnected label remains one valid extensional quotient fiber 0.000s
  + runtime-loaded domains preserve the hidden semantic space type 0.000s
scalafim.surface.FramedSurfaceSuite:
  + stored coordinates and the geometry's surface-to-world placement are distinct declarations 0.001s
  + tkRAS surfaces reach scanner RAS through Norig * inverse(Torig) and back 0.002s
  + tkRAS -> scanner transport requires a tkRAS source and a same-subject scanner target 0.002s
  + transport reports non-finite results instead of throwing 0.000s
  + surfaces in different frames cannot be substituted for one another 0.000s
  + a surface placed in a runtime world binds to the static template frame with the same key 0.000s
scalafim.surface.SurfaceGeodesicsSuite:
  + geodesic distance matrix matches tetrahedron edge distances 0.000s
  + distance matrix supports source and target subsets 0.000s
  + neighborsWithin includes self and vertices inside radius 0.000s
  + neighborsWithin uses a closed radius boundary 0.000s
  + euclidean metric ignores mesh paths 0.000s
  + spherical metric clamps cosine and returns finite distances 0.000s
  + unreachable vertices remain Infinity for geodesic metric 0.000s
  + cache policy stores and reuses distance matrices 0.000s
  + custom edge weights drive geodesic distances and cache keys 0.000s
  + geodesic input validation catches bad radius, vertices, and weights 0.000s
scalafim.surface.SurfaceComponentsSuite:
  + connectedComponents labels active connected sets by decreasing size 0.001s
  + connectedComponents returns zero fields when no vertices pass threshold 0.000s
  + clusterThreshold keeps only clusters meeting minimum size 0.000s
  + SurfaceThreshold validates range order 0.000s
scalafim.surface.TriangleMeshEqualitySuite:
  + meshes built from separate arrays with the same content are equal and hash alike 0.000s
  + coordinates, face order and signed zero distinguish meshes 0.000s
  + surface geometries compare their meshes structurally 0.000s
  + a vertex mapping accepts a field on a separately loaded, identical geometry 0.000s
scalafim.surface.RibbonFillSuite:
  + ribbon weights match neurotransform cpp_ribbon_weights entry for entry 0.003s
  + surface-to-volume fill matches neurotransform backproject_surface_to_volume(method = "ribbon") 0.000s
  + rows sum to one, and a segment that never enters the grid samples to NaN 0.000s
  + the fill is the exact adjoint of volume-to-surface sampling 0.000s
  + ribbon mask of concentric spheres is the lattice shell between their radii 0.065s
  + the ribbon mask requires closed surfaces 0.000s
  + ribbon sampling of a radial volume recovers the mid-ribbon radius, and the mean fill of ones is one 0.033s
  + volume adapters keep the operator's grid and reject other grids 0.042s
  + ribbon inputs must share a frame: statically when frames are typed, at runtime when they are erased 0.000s
  + white and pial must be vertex-matched, and steps must be positive 0.001s
  + inner and outer roles are checked: hemispheres must agree and kinds must not be swapped 0.002s
  + lattice-aligned faces and edges fill exactly, with half-open faces 0.001s
  + a closed surface that extends past the grid along the ray axis still fills by parity 0.000s
scalafim.surface.GraphDifferentialSuite:
  + thresholded surface components match induced generic graph components 0.003s
  + surface geodesics match graph shortest paths for default and custom weights 0.003s
  + MeshTopology graph interop preserves explicit indexing, edges, and distances 0.001s
  + unreachable surface geodesics correspond to graph NoPath 0.000s
scalafim.surface.gifti.GiftiModelSuite:
  + typed attributes normalize known GIFTI codes 0.000s
  + unknown attributes preserve their source text 0.000s
  + data arrays expose shape and intent contracts 0.000s
  + label color conversion keeps GIFTI 0-1 color values explicit 0.000s
  + payload vectors and matrices expose typed shape semantics 0.000s
  + payload matrices make row-major and column-major order explicit 0.000s
  + documents provide typed array lookup and reject duplicate labels 0.000s
  + GIFTI XML parsing rejects entity declarations before expansion 0.000s
  + GIFTI payload sizing rejects dimension products before overflow 0.000s
scalafim.surface.TemplatePlanTopologySuite:
  + fsaverage5 plan freezes endpoint topology and rejects a later face-order mutation 0.666s
scalafim.surface.SurfaceCoreSuite:
  + Point3D is a surface alias for image SpatialPoint 0.000s
  + TriangleMesh builds a valid tetrahedron 0.001s
  + mesh topology identity ignores coordinates but preserves exact face ordering 0.000s
  + TriangleMesh rejects invalid shapes and indices 0.000s
  + SurfaceGeometry stores mesh metadata and a 4x4 surface-to-world transform 0.000s
  + SurfaceGeometry accepts only provider-validated D3 affines 0.000s
  + surface domains reject IO-only hemisphere tags 0.000s
  + surface tag parsers normalize common labels 0.000s
scalafim.surface.scenarios.SurfaceChainScenarioSuite:
  + surface chain: scanner volume -> tkRAS ribbon -> registered sphere -> template meshes, commuting routes 0.198s
  + every convention mutation of the surface chain fails the scenario 0.608s
  + a tkRAS surface cannot be sampled on a scanner-space grid without moving it first 0.000s
scalafim.surface.MeshTopologySuite:
  + MeshTopology derives unique edges and neighbor rows 0.000s
  + MeshTopology computes Euclidean edge lengths 0.000s
  + MeshTopology computes face and mesh metrics 0.000s
  + MeshTopology computes unit vertex normals when possible 0.000s
  + MeshTopology handles open fragmented meshes 0.000s
  + MeshTopology carries a surface domain when built from geometry 0.000s
scalafim.surface.scenarios.SurfaceRealChainScenarioSuite:
  + real volume ribbon -> fsaverage -> fsLR32k and direct route: clean bounded pass 0.023s
  + full-source contributor faces and independent radial weights match the public plans 0.006s
  + coordinate and vertex-order mutations fail the real scenario 0.017s
  + tkRAS surfaces cannot enter a scanner-space ribbon operator without placement 0.000s
  + raw tkRAS placement matches independent affine algebra and actual MGH-header precision 0.001s
  + shared fixture hashes and frozen target IDs close on both platforms 0.005s
[info] Passed: Total 150, Failed 0, Errors 0, Passed 150
[success] Total time: 14 s, completed Oct 1, 2026, 8:16:28 a.m.
[success] Total time: 0 s, completed Oct 1, 2026, 8:16:29 a.m.
[success] Total time: 0 s, completed Oct 1, 2026, 8:16:29 a.m.
[success] Total time: 0 s, completed Oct 1, 2026, 8:16:29 a.m.
[success] Total time: 0 s, completed Oct 1, 2026, 8:16:29 a.m.
[success] Total time: 0 s, completed Oct 1, 2026, 8:16:30 a.m.
[success] Total time: 0 s, completed Oct 1, 2026, 8:16:30 a.m.
[success] Total time: 0 s, completed Oct 1, 2026, 8:16:30 a.m.
[success] Total time: 0 s, completed Oct 1, 2026, 8:16:30 a.m.
[success] Total time: 2 s, completed Oct 1, 2026, 8:16:32 a.m.
[success] Total time: 2 s, completed Oct 1, 2026, 8:16:34 a.m.
[success] Total time: 0 s, completed Oct 1, 2026, 8:16:34 a.m.
[success] Total time: 0 s, completed Oct 1, 2026, 8:16:34 a.m.
[success] Total time: 0 s, completed Oct 1, 2026, 8:16:34 a.m.
[success] Total time: 0 s, completed Oct 1, 2026, 8:16:34 a.m.
[success] Total time: 0 s, completed Oct 1, 2026, 8:16:34 a.m.
[success] Total time: 0 s, completed Oct 1, 2026, 8:16:34 a.m.
[success] Total time: 0 s, completed Oct 1, 2026, 8:16:34 a.m.
[success] Total time: 0 s, completed Oct 1, 2026, 8:16:34 a.m.
[success] Total time: 0 s, completed Oct 1, 2026, 8:16:34 a.m.
[success] Total time: 0 s, completed Oct 1, 2026, 8:16:35 a.m.
[success] Total time: 2 s, completed Oct 1, 2026, 8:16:36 a.m.
[success] Total time: 2 s, completed Oct 1, 2026, 8:16:39 a.m.
[success] Total time: 0 s, completed Oct 1, 2026, 8:16:39 a.m.
[success] Total time: 0 s, completed Oct 1, 2026, 8:16:39 a.m.
[success] Total time: 2 s, completed Oct 1, 2026, 8:16:41 a.m.
[success] Total time: 2 s, completed Oct 1, 2026, 8:16:43 a.m.
[success] Total time: 2 s, completed Oct 1, 2026, 8:16:45 a.m.
[success] Total time: 2 s, completed Oct 1, 2026, 8:16:46 a.m.
[success] Total time: 2 s, completed Oct 1, 2026, 8:16:48 a.m.
[info] compiling 4 Scala sources to /private/tmp/scalafim-p707-surface-real-20261001/candidate/modules/threshold/jvm/target/scala-3.7.4/classes ...
[info] done compiling
[info] compiling 12 Scala sources to /private/tmp/scalafim-p707-surface-real-20261001/candidate/modules/threshold/jvm/target/scala-3.7.4/classes ...
[info] done compiling
[success] Total time: 3 s, completed Oct 1, 2026, 8:16:51 a.m.
[info] compiling 4 Scala sources to /private/tmp/scalafim-p707-surface-real-20261001/candidate/modules/threshold/js/target/scala-3.7.4/classes ...
[info] done compiling
[info] compiling 12 Scala sources to /private/tmp/scalafim-p707-surface-real-20261001/candidate/modules/threshold/js/target/scala-3.7.4/classes ...
[info] done compiling
[success] Total time: 3 s, completed Oct 1, 2026, 8:16:54 a.m.
[info] compiling 2 Scala sources to /private/tmp/scalafim-p707-surface-real-20261001/candidate/modules/motion/jvm/target/scala-3.7.4/classes ...
[info] done compiling
[success] Total time: 2 s, completed Oct 1, 2026, 8:16:57 a.m.
[info] compiling 2 Scala sources to /private/tmp/scalafim-p707-surface-real-20261001/candidate/modules/motion/js/target/scala-3.7.4/classes ...
[info] done compiling
[success] Total time: 2 s, completed Oct 1, 2026, 8:16:59 a.m.
[success] Total time: 2 s, completed Oct 1, 2026, 8:17:01 a.m.
[success] Total time: 2 s, completed Oct 1, 2026, 8:17:03 a.m.
[info] compiling 6 Scala sources to /private/tmp/scalafim-p707-surface-real-20261001/candidate/modules/surface-view/jvm/target/scala-3.7.4/classes ...
[info] done compiling
[success] Total time: 3 s, completed Oct 1, 2026, 8:17:06 a.m.
[info] compiling 6 Scala sources to /private/tmp/scalafim-p707-surface-real-20261001/candidate/modules/surface-view/js/target/scala-3.7.4/classes ...
[info] done compiling
[success] Total time: 5 s, completed Oct 1, 2026, 8:17:11 a.m.
[success] Total time: 2 s, completed Oct 1, 2026, 8:17:13 a.m.
[success] Total time: 2 s, completed Oct 1, 2026, 8:17:15 a.m.
[success] Total time: 2 s, completed Oct 1, 2026, 8:17:17 a.m.
[info] compiling 1 Scala source to /private/tmp/scalafim-p707-surface-real-20261001/candidate/modules/surface-view-three/js/target/scala-3.7.4/classes ...
[info] done compiling
[success] Total time: 3 s, completed Oct 1, 2026, 8:17:20 a.m.
[success] Total time: 2 s, completed Oct 1, 2026, 8:17:22 a.m.
[success] Total time: 2 s, completed Oct 1, 2026, 8:17:24 a.m.
[info] compiling 7 Scala sources to /private/tmp/scalafim-p707-surface-real-20261001/candidate/examples/surface-view/jvm/target/scala-3.7.4/classes ...
[info] done compiling
[success] Total time: 3 s, completed Oct 1, 2026, 8:17:27 a.m.
[info] compiling 7 Scala sources to /private/tmp/scalafim-p707-surface-real-20261001/candidate/examples/surface-view/js/target/scala-3.7.4/classes ...
[info] done compiling
[success] Total time: 3 s, completed Oct 1, 2026, 8:17:30 a.m.
[success] Total time: 2 s, completed Oct 1, 2026, 8:17:33 a.m.
[success] Total time: 2 s, completed Oct 1, 2026, 8:17:35 a.m.
[info] compiling 2 Scala sources to /private/tmp/scalafim-p707-surface-real-20261001/candidate/modules/spatial/jvm/target/scala-3.7.4/classes ...
[info] done compiling
[success] Total time: 3 s, completed Oct 1, 2026, 8:17:37 a.m.
[info] compiling 2 Scala sources to /private/tmp/scalafim-p707-surface-real-20261001/candidate/modules/spatial/js/target/scala-3.7.4/classes ...
[info] done compiling
[success] Total time: 3 s, completed Oct 1, 2026, 8:17:40 a.m.
[info] compiling 3 Scala sources to /private/tmp/scalafim-p707-surface-real-20261001/candidate/modules/atlas/jvm/target/scala-3.7.4/classes ...
[info] done compiling
[success] Total time: 3 s, completed Oct 1, 2026, 8:17:43 a.m.
[info] compiling 3 Scala sources to /private/tmp/scalafim-p707-surface-real-20261001/candidate/modules/atlas/js/target/scala-3.7.4/classes ...
[info] done compiling
[success] Total time: 3 s, completed Oct 1, 2026, 8:17:47 a.m.
[success] Total time: 0 s, completed Oct 1, 2026, 8:17:47 a.m.
[success] Total time: 0 s, completed Oct 1, 2026, 8:17:47 a.m.
[success] Total time: 2 s, completed Oct 1, 2026, 8:17:49 a.m.
[success] Total time: 2 s, completed Oct 1, 2026, 8:17:50 a.m.
[success] Total time: 2 s, completed Oct 1, 2026, 8:17:52 a.m.
[success] Total time: 2 s, completed Oct 1, 2026, 8:17:54 a.m.
[success] Total time: 2 s, completed Oct 1, 2026, 8:17:56 a.m.
[success] Total time: 2 s, completed Oct 1, 2026, 8:17:58 a.m.
[success] Total time: 2 s, completed Oct 1, 2026, 8:18:00 a.m.
[success] Total time: 2 s, completed Oct 1, 2026, 8:18:02 a.m.
[success] Total time: 2 s, completed Oct 1, 2026, 8:18:04 a.m.
[success] Total time: 2 s, completed Oct 1, 2026, 8:18:05 a.m.
[success] Total time: 2 s, completed Oct 1, 2026, 8:18:07 a.m.
[success] Total time: 2 s, completed Oct 1, 2026, 8:18:09 a.m.
[success] Total time: 2 s, completed Oct 1, 2026, 8:18:11 a.m.
[success] Total time: 2 s, completed Oct 1, 2026, 8:18:13 a.m.
[success] Total time: 3 s, completed Oct 1, 2026, 8:18:16 a.m.
[success] Total time: 2 s, completed Oct 1, 2026, 8:18:18 a.m.
[success] Total time: 2 s, completed Oct 1, 2026, 8:18:20 a.m.
[success] Total time: 2 s, completed Oct 1, 2026, 8:18:22 a.m.
[success] Total time: 0 s, completed Oct 1, 2026, 8:18:22 a.m.
[success] Total time: 0 s, completed Oct 1, 2026, 8:18:22 a.m.
[success] Total time: 2 s, completed Oct 1, 2026, 8:18:24 a.m.
[success] Total time: 2 s, completed Oct 1, 2026, 8:18:26 a.m.
[success] Total time: 0 s, completed Oct 1, 2026, 8:18:26 a.m.
[success] Total time: 0 s, completed Oct 1, 2026, 8:18:27 a.m.
[success] Total time: 2 s, completed Oct 1, 2026, 8:18:28 a.m.
[success] Total time: 2 s, completed Oct 1, 2026, 8:18:30 a.m.
[success] Total time: 2 s, completed Oct 1, 2026, 8:18:32 a.m.
[success] Total time: 2 s, completed Oct 1, 2026, 8:18:34 a.m.
[success] Total time: 0 s, completed Oct 1, 2026, 8:18:35 a.m.
[success] Total time: 0 s, completed Oct 1, 2026, 8:18:35 a.m.
[success] Total time: 2 s, completed Oct 1, 2026, 8:18:37 a.m.
[success] Total time: 2 s, completed Oct 1, 2026, 8:18:39 a.m.
[success] Total time: 2 s, completed Oct 1, 2026, 8:18:41 a.m.
[success] Total time: 2 s, completed Oct 1, 2026, 8:18:43 a.m.
[success] Total time: 0 s, completed Oct 1, 2026, 8:18:43 a.m.
[success] Total time: 0 s, completed Oct 1, 2026, 8:18:43 a.m.
[success] Total time: 2 s, completed Oct 1, 2026, 8:18:45 a.m.
[success] Total time: 2 s, completed Oct 1, 2026, 8:18:48 a.m.
