[info] welcome to sbt 1.11.7 (Homebrew Java 25.0.1)
[info] loading settings for project candidate-build from plugins.sbt...
[info] loading project definition from /private/tmp/scalafim-p707-surface-real-20261001/candidate/project
[info] loading settings for project root from build.sbt...
[info] loading settings for project alder-build from plugins.sbt...
[info] loading project definition from /Users/bbuchsbaum/.sbt/1.0/staging/2f5b3675f2cf2c4e96c3/alder/project
[info] loading settings for project root from build.sbt...
[info] loading settings for project bids4s-build from plugins.sbt...
[info] loading project definition from /Users/bbuchsbaum/.sbt/1.0/staging/77e7bdc71bddb8077fcd/bids4s/project
[info] loading settings for project root from build.sbt...
[info] loading settings for project gale-build from plugins.sbt...
[info] loading project definition from /Users/bbuchsbaum/.sbt/1.0/staging/5a90f48e170e9e640ee1/gale/project
[info] loading settings for project root from build.sbt...
[info] loading settings for project gale-build from plugins.sbt...
[info] loading project definition from /Users/bbuchsbaum/.sbt/1.0/staging/449715b8ebc2010e6e23/gale/project
[info] loading settings for project root from build.sbt...
[info] loading settings for project graph4s-build from plugins.sbt...
[info] loading project definition from /Users/bbuchsbaum/.sbt/1.0/staging/b4b08747efd9a8151229/graph4s/project
[info] loading settings for project root from build.sbt...
[info] loading settings for project image4s-build from plugins.sbt...
[info] loading project definition from /Users/bbuchsbaum/.sbt/1.0/staging/41e96dde036f148f012a/image4s/project
[info] loading settings for project root from build.sbt...
[info] loading settings for project intaglio-build from plugins.sbt...
[info] loading project definition from /Users/bbuchsbaum/.sbt/1.0/staging/34fcacf7027b8ae3b2f8/intaglio/project
[info] loading settings for project root from build.sbt...
[info] loading settings for project linops4s-build from plugins.sbt...
[info] loading project definition from /Users/bbuchsbaum/.sbt/1.0/staging/cfabf5f1e5e2fb8fb176/linops4s/project
[info] loading settings for project root from build.sbt...
[info] loading settings for project locus4s-build from plugins.sbt...
[info] loading project definition from /Users/bbuchsbaum/.sbt/1.0/staging/05a8f1a231c171f1bca0/locus4s/project
[info] loading settings for project root from build.sbt...
[info] loading settings for project multivar-build from plugins.sbt...
[info] loading project definition from /Users/bbuchsbaum/.sbt/1.0/staging/8a071d8f65817f0f368f/multivar/project
[info] loading settings for project root from build.sbt...
[info] loading settings for project ravel-build from plugins.sbt...
[info] loading project definition from /Users/bbuchsbaum/.sbt/1.0/staging/57a292f3a6ded9e259cf/ravel/project
[info] loading settings for project root from build.sbt...
[info] loading settings for project reframe4s-build from plugins.sbt...
[info] loading project definition from /Users/bbuchsbaum/.sbt/1.0/staging/aa1fd63832323d604703/reframe4s/project
[info] loading settings for project root from build.sbt...
[info] loading settings for project resample4s-build from plugins.sbt...
[info] loading project definition from /Users/bbuchsbaum/.sbt/1.0/staging/3f5d01c7e6069e74a205/resample4s/project
[info] loading settings for project root from build.sbt...
[info] loading settings for project zarr4s-build from plugins.sbt...
[info] loading project definition from /Users/bbuchsbaum/.sbt/1.0/staging/34c0071f90095ef07887/zarr4s/project
[info] loading settings for project root from build.sbt...
[info] resolving key references (322631 settings) ...
[info] set current project to scalafim (in build file:/private/tmp/scalafim-p707-surface-real-20261001/candidate/)
[info] compiling 1 Scala source to /private/tmp/scalafim-p707-surface-real-20261001/candidate/modules/surface/js/target/scala-3.7.4/test-classes ...
[info] done compiling
[info] Fast optimizing /private/tmp/scalafim-p707-surface-real-20261001/candidate/modules/surface/js/target/scala-3.7.4/scalafim-surface-test-fastopt
scalafim.surface.SurfaceModuleSuite:
  + module metadata is available 0.001s
scalafim.surface.GraphDifferentialSuite:
  + thresholded surface components match induced generic graph components 0.010s
  + surface geodesics match graph shortest paths for default and custom weights 0.006s
  + MeshTopology graph interop preserves explicit indexing, edges, and distances 0.001s
  + unreachable surface geodesics correspond to graph NoPath 0.001s
scalafim.surface.SurfaceSearchlightSuite:
  + zero-radius metric balls are the identity relation 0.002s
  + geodesic metric balls are symmetric and monotone in radius 0.001s
  + metric-ball composition is contained by the summed radius 0.001s
  + metric balls use a closed radius boundary 0.001s
  + partial center support leaves every non-center relation row empty 0.000s
  + equal vertex counts do not excuse a topology mismatch 0.000s
  + local extraction is ordinary indexed-field restriction 0.000s
  + invalid radii are rejected before geometry work 0.000s
scalafim.surface.SurfaceParcelsSuite:
  + boundary edges derive directly from mesh topology and endpoint labels 0.000s
  + units returns contiguous parcels in label order 0.001s
  + parcel operations reject equal-sized but topologically different meshes 0.000s
  + fragmented parcel policies error, keep largest, split, or merge 0.001s
  + ParcelKey validates split parcel parts 0.000s
  + centroid and geodesic medoid can select different parcel representatives 0.001s
  + geodesic medoid rejects merged disconnected parcel 0.000s
  + distance matrices are symmetric for centroid and minimum methods 0.001s
  + medoid distance matrix uses geodesic medoid representatives 0.001s
  + boundaryContacts counts shared mesh edges symmetrically 0.000s
  + ignoredLabels removes labels from parcel outputs and contacts 0.000s
scalafim.surface.scenarios.SurfaceRealChainScenarioSuite:
  + real volume ribbon -> fsaverage -> fsLR32k and direct route: clean bounded pass 0.075s
  + full-source contributor faces and independent radial weights match the public plans 0.008s
  + coordinate and vertex-order mutations fail the real scenario 0.029s
  + tkRAS surfaces cannot enter a scanner-space ribbon operator without placement 0.001s
  + raw tkRAS placement matches independent affine algebra and actual MGH-header precision 0.003s
  + shared fixture hashes and frozen target IDs close on both platforms 0.007s
scalafim.surface.MeshTopologySuite:
  + MeshTopology derives unique edges and neighbor rows 0.000s
  + MeshTopology computes Euclidean edge lengths 0.000s
  + MeshTopology computes face and mesh metrics 0.000s
  + MeshTopology computes unit vertex normals when possible 0.000s
  + MeshTopology handles open fragmented meshes 0.000s
  + MeshTopology carries a surface domain when built from geometry 0.000s
scalafim.surface.io.GiftiReaderJsSuite:
  + Scala.js reads a generated fsaverage5-scale compressed GIFTI surface 0.110s
  + Scala.js byte ingestion accepts an outer gzip stream 0.003s
  + Scala.js bounds compressed payloads by their declared shape 0.003s
  + Scala.js label ingestion preserves LabelTable and NODE_INDEX semantics 0.003s
scalafim.surface.FramedSurfaceSuite:
  + stored coordinates and the geometry's surface-to-world placement are distinct declarations 0.003s
  + tkRAS surfaces reach scanner RAS through Norig * inverse(Torig) and back 0.003s
  + tkRAS -> scanner transport requires a tkRAS source and a same-subject scanner target 0.003s
  + transport reports non-finite results instead of throwing 0.000s
  + surfaces in different frames cannot be substituted for one another 0.001s
  + a surface placed in a runtime world binds to the static template frame with the same key 0.000s
scalafim.surface.TemplatePlanTopologySuite:
  + fsaverage5 plan freezes endpoint topology and rejects a later face-order mutation 0.910s
scalafim.surface.SurfaceLocusDomainSuite:
  + surface domain identity includes exact ordered topology 0.001s
  + full and sparse surface fields preserve their distinct support semantics 0.000s
  + legacy SurfaceRoi adapts to a region, restricted values, and annotation 0.000s
  + labeled surfaces become quotients with metadata and explicit display order 0.001s
  + a disconnected label remains one valid extensional quotient fiber 0.000s
  + runtime-loaded domains preserve the hidden semantic space type 0.000s
scalafim.surface.SurfaceCoreSuite:
  + Point3D is a surface alias for image SpatialPoint 0.000s
  + TriangleMesh builds a valid tetrahedron 0.000s
  + mesh topology identity ignores coordinates but preserves exact face ordering 0.000s
  + TriangleMesh rejects invalid shapes and indices 0.000s
  + SurfaceGeometry stores mesh metadata and a 4x4 surface-to-world transform 0.000s
  + SurfaceGeometry accepts only provider-validated D3 affines 0.000s
  + surface domains reject IO-only hemisphere tags 0.000s
  + surface tag parsers normalize common labels 0.000s
scalafim.surface.SurfaceResamplingSuite:
  + sphere helpers recognise spheres and normalise their radius 0.003s
  + barycentric weights reconstruct a point on the query's own radial ray (never the antipodal face) 0.039s
  + nearest-vertex resampling of a mesh onto itself is the identity 0.056s
  + normalisations: element rows total one, sum conserves mass, and the inverse is the exact adjoint 0.016s
  + a linear field on the sphere is reproduced to within the triangle-sagitta error 0.014s
  + input of the wrong length is a typed failure 0.013s
scalafim.surface.TriangleMeshEqualitySuite:
  + meshes built from separate arrays with the same content are equal and hash alike 0.000s
  + coordinates, face order and signed zero distinguish meshes 0.000s
  + surface geometries compare their meshes structurally 0.000s
  + a vertex mapping accepts a field on a separately loaded, identical geometry 0.000s
scalafim.surface.SurfaceGeodesicsSuite:
  + geodesic distance matrix matches tetrahedron edge distances 0.000s
  + distance matrix supports source and target subsets 0.000s
  + neighborsWithin includes self and vertices inside radius 0.000s
  + neighborsWithin uses a closed radius boundary 0.000s
  + euclidean metric ignores mesh paths 0.000s
  + spherical metric clamps cosine and returns finite distances 0.000s
  + unreachable vertices remain Infinity for geodesic metric 0.000s
  + cache policy stores and reuses distance matrices 0.000s
  + custom edge weights drive geodesic distances and cache keys 0.000s
  + geodesic input validation catches bad radius, vertices, and weights 0.000s
scalafim.surface.RibbonFillSuite:
  + ribbon weights match neurotransform cpp_ribbon_weights entry for entry 0.003s
  + surface-to-volume fill matches neurotransform backproject_surface_to_volume(method = "ribbon") 0.000s
  + rows sum to one, and a segment that never enters the grid samples to NaN 0.000s
  + the fill is the exact adjoint of volume-to-surface sampling 0.000s
  + ribbon mask of concentric spheres is the lattice shell between their radii 0.092s
  + the ribbon mask requires closed surfaces 0.000s
  + ribbon sampling of a radial volume recovers the mid-ribbon radius, and the mean fill of ones is one 0.041s
  + volume adapters keep the operator's grid and reject other grids 0.062s
  + ribbon inputs must share a frame: statically when frames are typed, at runtime when they are erased 0.000s
  + white and pial must be vertex-matched, and steps must be positive 0.002s
  + inner and outer roles are checked: hemispheres must agree and kinds must not be swapped 0.003s
  + lattice-aligned faces and edges fill exactly, with half-open faces 0.001s
  + a closed surface that extends past the grid along the ray axis still fills by parity 0.000s
scalafim.surface.TemplateSurfacesSuite:
  + stock template meshes carry their TemplateFlow counts and native registration 0.000s
  + a template sphere is admitted only with the template's counts, on a sphere, and on a registration it has 0.042s
  + meshes on different registration spheres cannot be planned against each other 0.000s
  + planning refuses hemispheres that differ 0.002s
  + a plan interpolates with unit rows, its adjoint is the exact transpose, and Sum conserves mass 0.873s
  + the pinned TemplateFlow spheres cover every mesh, hemisphere and published registration 0.001s
scalafim.surface.gifti.GiftiModelSuite:
  + typed attributes normalize known GIFTI codes 0.000s
  + unknown attributes preserve their source text 0.000s
  + data arrays expose shape and intent contracts 0.000s
  + label color conversion keeps GIFTI 0-1 color values explicit 0.000s
  + payload vectors and matrices expose typed shape semantics 0.000s
  + payload matrices make row-major and column-major order explicit 0.000s
  + documents provide typed array lookup and reject duplicate labels 0.000s
  + GIFTI XML parsing rejects entity declarations before expansion 0.000s
  + GIFTI payload sizing rejects dimension products before overflow 0.000s
scalafim.surface.SurfaceDataSuite:
  + SurfaceField stores indexed vertex values 0.000s
  + SurfaceField validates data length, uniqueness, and bounds 0.000s
  + SurfaceMatrix stores vertices by feature columns 0.000s
  + SurfaceRoi extracts a checked subset from a field 0.000s
  + LabeledSurface stores label data and table metadata 0.000s
  + SurfaceSet validates hemisphere and exact ordered topology while allowing new coordinates 0.001s
  + HemispherePair provides typed left/right containers 0.000s
scalafim.surface.scenarios.SurfaceChainScenarioSuite:
  + surface chain: scanner volume -> tkRAS ribbon -> registered sphere -> template meshes, commuting routes 0.267s
  + every convention mutation of the surface chain fails the scenario 0.817s
  + a tkRAS surface cannot be sampled on a scanner-space grid without moving it first 0.000s
scalafim.surface.SurfaceComponentsSuite:
  + connectedComponents labels active connected sets by decreasing size 0.001s
  + connectedComponents returns zero fields when no vertices pass threshold 0.000s
  + clusterThreshold keeps only clusters meeting minimum size 0.000s
  + SurfaceThreshold validates range order 0.000s
scalafim.surface.SurfaceSamplingSuite:
  + SurfaceGeometryPair exposes a shared cortical domain 0.000s
  + midpoint path is a named policy that preserves midpoint sampling semantics 0.001s
  + white and pial paths sample endpoint surfaces 0.000s
  + surfaceToWorld transforms are applied before SomeSampleSpace coordinate lookup 0.000s
  + fractional thickness supports average aggregation 0.000s
  + mode aggregation chooses the most frequent sampled value 0.001s
  + normal-line sampling uses offsets around the midpoint 0.000s
  + masking can produce explicit empty samples 0.000s
  + volume-to-surface morphism wraps reusable sampling plans 0.000s
  + surface-to-surface morphism applies explicit target-to-source vertex maps 0.000s
  + out-of-bounds sample points produce empty samples 0.000s
  + sampling plans validate surface pairs, paths, and masks 0.000s
  + the sample tally observes every requested point exactly once 0.000s
  + non-finite volume values are tallied apart from accepted samples 0.000s
  + sample tallies must account for every requested sample 0.000s
  + eager nearest sampling has absolute half-up ties and support boundaries on axis 0 0.000s
  + eager nearest sampling has absolute half-up ties and support boundaries on axis 1 0.000s
  + eager nearest sampling has absolute half-up ties and support boundaries on axis 2 0.000s
[info] Passed: Total 141, Failed 0, Errors 0, Passed 141
[success] Total time: 18 s, completed Oct 1, 2026, 8:01:53 a.m.
