[info] welcome to sbt 1.11.7 (Homebrew Java 25.0.1)
[info] loading settings for project scalafim-stp-fsl-chain-20260930-build from plugins.sbt...
[info] loading project definition from /private/tmp/scalafim-stp-fsl-chain-20260930/project
[info] loading settings for project root from build.sbt...
[info] loading settings for project alder-build from plugins.sbt...
[info] loading project definition from /Users/bbuchsbaum/.sbt/1.0/staging/2f5b3675f2cf2c4e96c3/alder/project
[info] loading settings for project root from build.sbt...
[info] loading settings for project bids4s-build from plugins.sbt...
[info] loading project definition from /Users/bbuchsbaum/.sbt/1.0/staging/77e7bdc71bddb8077fcd/bids4s/project
[info] loading settings for project root from build.sbt...
[info] loading settings for project gale-build from plugins.sbt...
[info] loading project definition from /Users/bbuchsbaum/.sbt/1.0/staging/5a90f48e170e9e640ee1/gale/project
[info] loading settings for project root from build.sbt...
[info] loading settings for project gale-build from plugins.sbt...
[info] loading project definition from /Users/bbuchsbaum/.sbt/1.0/staging/449715b8ebc2010e6e23/gale/project
[info] loading settings for project root from build.sbt...
[info] loading settings for project graph4s-build from plugins.sbt...
[info] loading project definition from /Users/bbuchsbaum/.sbt/1.0/staging/b4b08747efd9a8151229/graph4s/project
[info] loading settings for project root from build.sbt...
[info] loading settings for project image4s-build from plugins.sbt...
[info] loading project definition from /Users/bbuchsbaum/.sbt/1.0/staging/41e96dde036f148f012a/image4s/project
[info] loading settings for project root from build.sbt...
[info] loading settings for project intaglio-build from plugins.sbt...
[info] loading project definition from /Users/bbuchsbaum/.sbt/1.0/staging/34fcacf7027b8ae3b2f8/intaglio/project
[info] loading settings for project root from build.sbt...
[info] loading settings for project linops4s-build from plugins.sbt...
[info] loading project definition from /Users/bbuchsbaum/.sbt/1.0/staging/cfabf5f1e5e2fb8fb176/linops4s/project
[info] loading settings for project root from build.sbt...
[info] loading settings for project locus4s-build from plugins.sbt...
[info] loading project definition from /Users/bbuchsbaum/.sbt/1.0/staging/05a8f1a231c171f1bca0/locus4s/project
[info] loading settings for project root from build.sbt...
[info] loading settings for project multivar-build from plugins.sbt...
[info] loading project definition from /Users/bbuchsbaum/.sbt/1.0/staging/8a071d8f65817f0f368f/multivar/project
[info] loading settings for project root from build.sbt...
[info] loading settings for project ravel-build from plugins.sbt...
[info] loading project definition from /Users/bbuchsbaum/.sbt/1.0/staging/57a292f3a6ded9e259cf/ravel/project
[info] loading settings for project root from build.sbt...
[info] loading settings for project reframe4s-build from plugins.sbt...
[info] loading project definition from /Users/bbuchsbaum/.sbt/1.0/staging/aa1fd63832323d604703/reframe4s/project
[info] loading settings for project root from build.sbt...
[info] loading settings for project resample4s-build from plugins.sbt...
[info] loading project definition from /Users/bbuchsbaum/.sbt/1.0/staging/3f5d01c7e6069e74a205/resample4s/project
[info] loading settings for project root from build.sbt...
[info] loading settings for project zarr4s-build from plugins.sbt...
[info] loading project definition from /Users/bbuchsbaum/.sbt/1.0/staging/34c0071f90095ef07887/zarr4s/project
[info] loading settings for project root from build.sbt...
[info] resolving key references (322631 settings) ...
[info] set current project to scalafim (in build file:/private/tmp/scalafim-stp-fsl-chain-20260930/)
[info] compiling 36 Scala sources to /private/tmp/scalafim-stp-fsl-chain-20260930/modules/hrf/jvm/target/scala-3.7.4/classes ...
[info] compiling 10 Scala sources to /private/tmp/scalafim-stp-fsl-chain-20260930/modules/response/jvm/target/scala-3.7.4/classes ...
[info] compiling 8 Scala sources to /private/tmp/scalafim-stp-fsl-chain-20260930/modules/ar/jvm/target/scala-3.7.4/classes ...
[info] compiling 12 Scala sources to /private/tmp/scalafim-stp-fsl-chain-20260930/modules/pipeline/jvm/target/scala-3.7.4/classes ...
[info] done compiling
[info] done compiling
[info] done compiling
[info] done compiling
[info] compiling 42 Scala sources to /private/tmp/scalafim-stp-fsl-chain-20260930/modules/design/jvm/target/scala-3.7.4/classes ...
[info] compiling 20 Scala sources to /private/tmp/scalafim-stp-fsl-chain-20260930/modules/dataset/jvm/target/scala-3.7.4/classes ...
[info] done compiling
[info] done compiling
[info] compiling 9 Scala sources to /private/tmp/scalafim-stp-fsl-chain-20260930/modules/model/jvm/target/scala-3.7.4/classes ...
[info] done compiling
[info] compiling 59 Scala sources to /private/tmp/scalafim-stp-fsl-chain-20260930/modules/fit/jvm/target/scala-3.7.4/classes ...
[info] done compiling
[info] compiling 72 Scala sources to /private/tmp/scalafim-stp-fsl-chain-20260930/modules/fit/jvm/target/scala-3.7.4/test-classes ...
[info] done compiling
scalafim.fmri.fit.ImageMapsSuite:
  + Dense fit coefficient and SE maps preserve full voxel placement 0.654s
  + image maps place selected voxels into their original image locations 0.01s
  + typed result manifest coefficient maps adapt to existing image maps 0.036s
  + image map adapters retain source identity and reject another world with identical geometry 0.01s
  + standard-error image maps omit coefficients outside the inference scope 0.007s
  + t and F contrast statistics map into image space 0.023s
[info] Passed: Total 6, Failed 0, Errors 0, Passed 6
[success] Total time: 101 s (0:01:41.0), completed Sep 30, 2026, 8:05:54 a.m.
