$R
[1] "R version 4.3.3 (2024-02-29)"

$seed
[1] 20261007

$null_datasets
[1] 10000

$one_sided_critical
[1] 1.6448536269514715

$two_sided_critical
[1] 1.9599639845400536

$weights
[1] 0.125 0.125 0.125 0.125 0.125 0.125 0.125 0.125

$improvement
[1]  4.4999999999999991 12.7499999999999964

$gradient
                    [,1]                 [,2]                [,3]
[1,] 0.15849364905389063 -0.15849364905389041 0.15849364905389063
[2,] 0.64951905283832900  0.86602540378443815 0.64951905283832900
                     [,4]                 [,5]                 [,6]
[1,] -0.15849364905389063  0.59150635094610959 -0.59150635094610959
[2,]  0.86602540378443826 -0.64951905283832867 -0.86602540378443826
                     [,7]                 [,8]                 [,9]
[1,]  0.59150635094610937 -0.59150635094610937 -0.59150635094610937
[2,] -0.64951905283832900 -0.86602540378443837  0.64951905283832900
                   [,10]                [,11]               [,12]
[1,] 0.59150635094610937 -0.59150635094610937 0.59150635094610970
[2,] 0.86602540378443837  0.64951905283832889 0.86602540378443837
                    [,13]                [,14]                [,15]
[1,] -0.15849364905389063  0.15849364905389063 -0.15849364905389063
[2,] -0.64951905283832889 -0.86602540378443826 -0.64951905283832878
                    [,16]
[1,]  0.15849364905389063
[2,] -0.86602540378443793

$covariance
                     [,1]                 [,2]
[1,]  0.28874999999999990 -0.20999999999999966
[2,] -0.20999999999999966  1.75874999999999915

$standard_error
[1] 0.53735463150511686 1.32617872098748402

$confidence_lower
[1]  3.4468042753241779 10.1507374698011361

$confidence_upper
[1]  5.5531957246758203 15.3492625301988568

$candidate_reject
[1] TRUE TRUE

$null_rejections
[1] 458 475

$null_interval_coverage
[1] 9490 9533

$variance_ratio
[1] 0.9844026829619652 0.9721790784514297

$weights
[1] 0.083333333333333329 0.083333333333333329 0.083333333333333329
[4] 0.083333333333333329 0.083333333333333329 0.083333333333333329
[7] 0.250000000000000000 0.250000000000000000

$improvement
[1]  3.3066243270259346 12.1726497308103703

$gradient
                    [,1]                 [,2]                [,3]
[1,] 0.10566243270259375 -0.10566243270259359 0.10566243270259375
[2,] 0.43301270189221930  0.57735026918962540 0.43301270189221930
                     [,4]                 [,5]                 [,6]
[1,] -0.10566243270259375  0.39433756729740638 -0.39433756729740638
[2,]  0.57735026918962551 -0.43301270189221908 -0.57735026918962551
                     [,7]                 [,8]                 [,9]
[1,]  0.39433756729740621 -0.39433756729740621 -0.39433756729740621
[2,] -0.43301270189221930 -0.57735026918962551  0.43301270189221930
                   [,10]                [,11]               [,12]
[1,] 0.39433756729740621 -0.39433756729740621 0.39433756729740643
[2,] 0.57735026918962551  0.43301270189221924 0.57735026918962551
                    [,13]                [,14]                [,15]
[1,] -0.31698729810778126  0.31698729810778126 -0.31698729810778126
[2,] -1.29903810567665778 -1.73205080756887653 -1.29903810567665756
                    [,16]
[1,]  0.31698729810778126
[2,] -1.73205080756887586

$covariance
                     [,1]                 [,2]
[1,] 0.162720146361994111 0.043316150746190815
[2,] 0.043316150746190829 2.344999999999997975

$standard_error
[1] 0.40338585295222501 1.53133928311135481

$confidence_lower
[1] 2.5160025833666033 9.1712798878007291

$confidence_upper
[1]  4.0972460706852658 15.1740195738200114

$candidate_reject
[1] TRUE TRUE

$null_rejections
[1] 530 524

$null_interval_coverage
[1] 9479 9462

$variance_ratio
[1] 1.0149839198473822 1.0146660280132935

$within_unit_row_factor
[1] 0.25

$within_unit_mean_covariance
                     [,1]                [,2]
[1,] 0.168093085897722400 0.06466763263361644
[2,] 0.064667632633616454 2.58927083333333163

$standard_error
[1] 0.4099915680812502 1.6091211369357286

$lower95
[1] 2.5030556196215827 9.0188302556541977

$upper95
[1]  4.1101930344302868 15.3264692059665428

$offset_outcome
[1] 1e+08

$rounded_difference
[1] 2e+08

$exact_affine_difference
[1] 199999999

$known_variance
[1] 4

$lower95
[1] 199999995.08007205

$upper95
[1] 200000002.91992795

$offset_pipeline_rows
[1] 8

$known_variance
[1] 0.5

$standard_error
[1] 0.70710678118654757

$z
[1] 282842711.06040543

$lower95
[1] 199999997.61409616

$upper95
[1] 200000000.38590384

$negative_offset_improvement
[1] -200000001

