java.io.IOException: org.scalasbt.ipcsocket.NativeErrorException: Error 61: Connection refused; starting a new server
[info] entering thin client - BEEP WHIRR
[info] starting sbt server in the background
[info] use 'sbt shutdown' to shutdown the server
[info]  
[info] welcome to sbt 1.11.7 (Eclipse Adoptium Java 21.0.12.1)
[info] loading settings for project scalafim-build from plugins.sbt...
[info] loading project definition from /Users/bbuchsbaum/code/scala/scalafim/project
[info] loading settings for project root from build.sbt...
[info] loading settings for project alder-build from plugins.sbt...
[info] loading project definition from /Users/bbuchsbaum/.cache/scalafim-sbt/bases/1afc292237c3fa1b/staging/70113493d2034afa26c1/alder/project
[info] loading settings for project root from build.sbt...
[info] loading settings for project bids4s-build from plugins.sbt...
[info] loading project definition from /Users/bbuchsbaum/.cache/scalafim-sbt/bases/1afc292237c3fa1b/staging/77e7bdc71bddb8077fcd/bids4s/project
[info] loading settings for project root from build.sbt...
[info] loading settings for project gale-build from plugins.sbt...
[info] loading project definition from /Users/bbuchsbaum/.cache/scalafim-sbt/bases/1afc292237c3fa1b/staging/5a90f48e170e9e640ee1/gale/project
[info] loading settings for project root from build.sbt...
[info] loading settings for project gale-build from plugins.sbt...
[info] loading project definition from /Users/bbuchsbaum/.cache/scalafim-sbt/bases/1afc292237c3fa1b/staging/974a385afa33a2ff246a/gale/project
[info] loading settings for project root from build.sbt...
[info] loading settings for project graph4s-build from plugins.sbt...
[info] loading project definition from /Users/bbuchsbaum/.cache/scalafim-sbt/bases/1afc292237c3fa1b/staging/b4b08747efd9a8151229/graph4s/project
[info] loading settings for project root from build.sbt...
[info] loading settings for project image4s-build from plugins.sbt...
[info] loading project definition from /Users/bbuchsbaum/.cache/scalafim-sbt/bases/1afc292237c3fa1b/staging/995ff8e011f5a5221e44/image4s/project
[info] loading settings for project root from build.sbt...
[info] loading settings for project intaglio-build from plugins.sbt...
[info] loading project definition from /Users/bbuchsbaum/.cache/scalafim-sbt/bases/1afc292237c3fa1b/staging/34fcacf7027b8ae3b2f8/intaglio/project
[info] loading settings for project root from build.sbt...
[info] loading settings for project linops4s-build from plugins.sbt...
[info] loading project definition from /Users/bbuchsbaum/.cache/scalafim-sbt/bases/1afc292237c3fa1b/staging/cfabf5f1e5e2fb8fb176/linops4s/project
[info] loading settings for project root from build.sbt...
[info] loading settings for project locus4s-build from plugins.sbt...
[info] loading project definition from /Users/bbuchsbaum/.cache/scalafim-sbt/bases/1afc292237c3fa1b/staging/b51ea69c1c3a30e37df3/locus4s/project
[info] loading settings for project root from build.sbt...
[info] loading settings for project multivar-build from plugins.sbt...
[info] loading project definition from /Users/bbuchsbaum/.cache/scalafim-sbt/bases/1afc292237c3fa1b/staging/04c54b2d3f3921f04b0c/multivar/project
[info] loading settings for project root from build.sbt...
[info] loading settings for project ravel-build from plugins.sbt...
[info] loading project definition from /Users/bbuchsbaum/.cache/scalafim-sbt/bases/1afc292237c3fa1b/staging/6c77ef03ad5f6b5be136/ravel/project
[info] loading settings for project root from build.sbt...
[info] loading settings for project ravel-build from plugins.sbt...
[info] loading project definition from /Users/bbuchsbaum/.cache/scalafim-sbt/bases/1afc292237c3fa1b/staging/57a292f3a6ded9e259cf/ravel/project
[info] loading settings for project root from build.sbt...
[info] loading settings for project reframe4s-build from plugins.sbt...
[info] loading project definition from /Users/bbuchsbaum/.cache/scalafim-sbt/bases/1afc292237c3fa1b/staging/1541cf1125bbd1a3cbc8/reframe4s/project
[info] loading settings for project root from build.sbt...
[info] loading settings for project resample4s-build from plugins.sbt...
[info] loading project definition from /Users/bbuchsbaum/.cache/scalafim-sbt/bases/1afc292237c3fa1b/staging/3f5d01c7e6069e74a205/resample4s/project
[info] loading settings for project root from build.sbt...
[info] loading settings for project zarr4s-build from plugins.sbt...
[info] loading project definition from /Users/bbuchsbaum/.cache/scalafim-sbt/bases/1afc292237c3fa1b/staging/34c0071f90095ef07887/zarr4s/project
[info] loading settings for project root from build.sbt...
[info] resolving key references (346319 settings) ...
[info] set scmInfo to https://github.com/canardlapin/scalafim
[info] set scmInfo to https://github.com/canardlapin/scalafim
[info] set scmInfo to https://github.com/canardlapin/scalafim
[info] set scmInfo to https://github.com/canardlapin/scalafim
[info] set scmInfo to https://github.com/canardlapin/scalafim
[info] set current project to scalafim (in build file:/Users/bbuchsbaum/code/scala/scalafim/)
[info] sbt server started at local:///Users/bbuchsbaum/.cache/scalafim-sbt/bases/1afc292237c3fa1b/server/84a8fcbe212f32c215bc/sock
[info] started sbt server
[info] compiling 65 Scala sources to /Users/bbuchsbaum/.cache/scalafim-sbt/bases/1afc292237c3fa1b/staging/974a385afa33a2ff246a/gale/core/jvm/target/scala-3.7.4/classes ...
[info] done compiling
[info] compiling 3 Scala sources to /Users/bbuchsbaum/code/scala/scalafim/modules/mvpa/jvm/target/scala-3.7.4/classes ...
[info] done compiling
[info] compiling 61 Scala sources to /Users/bbuchsbaum/code/scala/scalafim/modules/mvpa/jvm/target/scala-3.7.4/test-classes ...
[error] -- [E173] Reference Error: /Users/bbuchsbaum/code/scala/scalafim/modules/mvpa/shared/src/test/scala/scalafim/fmri/mvpa/pattern/SubjectCoordinatesSuite.scala:22:28 
[error] 22 |  private val plan = PlanId.derived(EstimandId("subject-coordinates-suite"), Vector(AxisSignature.unsafe("0" * 64)),
[error]    |                     ^^^^^^^^^^^^^^
[error]    |method derived cannot be accessed as a member of scalafim.fmri.mvpa.analysis.PlanId.type from class SubjectCoordinatesSuite.
[error]    |  private[analysis] method derived can only be accessed from package scalafim.fmri.mvpa.analysis in package scalafim.fmri.mvpa.
[error] one error found
[error] elapsed time: 28 s
[error] (mvpaJVM / Test / compileIncremental) Compilation failed
[0J[sbt-warm] mvpaJVM/testOnly *SubjectCoordinatesSuite: exit 1 in 59.7s
