WARNING: Using incubator modules: jdk.incubator.vector
WARNING: Using incubator modules: jdk.incubator.vector
[info] welcome to sbt 1.11.7 (Eclipse Adoptium Java 21.0.12.1)
[info] loading settings for project scalafim-paired-residual-gale-20261006-build from plugins.sbt...
[info] loading project definition from /private/tmp/scalafim-paired-residual-gale-20261006/project
[info] loading settings for project root from build.sbt...
[info] loading settings for project ravel-build from plugins.sbt...
[info] loading project definition from /private/tmp/scalafim-paired-residual-gale-build-20261006/global/staging/6c77ef03ad5f6b5be136/ravel/project
[info] loading settings for project root from build.sbt...
[info] resolving key references (31736 settings) ...
[info] set current project to gale (in build file:/private/tmp/scalafim-paired-residual-gale-20261006/)
[info] compiling 65 Scala sources to /private/tmp/scalafim-paired-residual-gale-20261006/core/js/target/scala-3.7.4/classes ...
[info] done compiling
[info] compiling 106 Scala sources to /private/tmp/scalafim-paired-residual-gale-20261006/core/js/target/scala-3.7.4/test-classes ...
[info] done compiling
[info] Fast optimizing /private/tmp/scalafim-paired-residual-gale-20261006/core/js/target/scala-3.7.4/gale-core-test-fastopt
Test run gale.numeric.PairedSquaredResidualComparisonSuite started
gale.numeric.PairedSquaredResidualComparisonSuite: finished 0.051s
Test run gale.numeric.PairedSquaredResidualComparisonSuite finished: 0 failed, 0 ignored, 23 total 0.051s
[info] Passed: Total 23, Failed 0, Errors 0, Passed 23
[success] Total time: 24 s, completed Oct 6, 2026, 2:14:36 p.m.
