[info] welcome to sbt 1.11.7 (Homebrew Java 25.0.1)
[info] loading settings for project work-build from plugins.sbt...
[info] loading project definition from /private/tmp/scalafim-lwu-repair-design-20260930/work/project
[info] loading settings for project root from build.sbt...
[info] loading settings for project bids4s-build from plugins.sbt...
[info] loading project definition from /Users/bbuchsbaum/.sbt/1.0/staging/77e7bdc71bddb8077fcd/bids4s/project
[info] loading settings for project root from build.sbt...
[info] loading settings for project gale-build from plugins.sbt...
[info] loading project definition from /Users/bbuchsbaum/.sbt/1.0/staging/5a3fe250684692aa42c1/gale/project
[info] loading settings for project root from build.sbt...
[info] loading settings for project graph4s-build from plugins.sbt...
[info] loading project definition from /Users/bbuchsbaum/.sbt/1.0/staging/b4b08747efd9a8151229/graph4s/project
[info] loading settings for project root from build.sbt...
[info] loading settings for project gale-build from plugins.sbt...
[info] loading project definition from /Users/bbuchsbaum/.sbt/1.0/staging/5a90f48e170e9e640ee1/gale/project
[info] loading settings for project root from build.sbt...
[info] loading settings for project image4s-build from plugins.sbt...
[info] loading project definition from /Users/bbuchsbaum/.sbt/1.0/staging/cd3a5082f5d2990355dd/image4s/project
[info] loading settings for project root from build.sbt...
[info] loading settings for project intaglio-build from plugins.sbt...
[info] loading project definition from /Users/bbuchsbaum/.sbt/1.0/staging/34fcacf7027b8ae3b2f8/intaglio/project
[info] loading settings for project root from build.sbt...
[info] loading settings for project locus4s-build from plugins.sbt...
[info] loading project definition from /Users/bbuchsbaum/.sbt/1.0/staging/05a8f1a231c171f1bca0/locus4s/project
[info] loading settings for project root from build.sbt...
[info] loading settings for project multivar-build from plugins.sbt...
[info] loading project definition from /Users/bbuchsbaum/.sbt/1.0/staging/55929e145617b909ca3a/multivar/project
[info] loading settings for project root from build.sbt...
[info] loading settings for project ravel-build from plugins.sbt...
[info] loading project definition from /Users/bbuchsbaum/.sbt/1.0/staging/57a292f3a6ded9e259cf/ravel/project
[info] loading settings for project root from build.sbt...
[info] loading settings for project reframe4s-build from plugins.sbt...
[info] loading project definition from /Users/bbuchsbaum/.sbt/1.0/staging/aa1fd63832323d604703/reframe4s/project
[info] loading settings for project root from build.sbt...
[info] loading settings for project image4s-build from plugins.sbt...
[info] loading project definition from /Users/bbuchsbaum/.sbt/1.0/staging/41e96dde036f148f012a/image4s/project
[info] loading settings for project root from build.sbt...
[info] loading settings for project zarr4s-build from plugins.sbt...
[info] loading project definition from /Users/bbuchsbaum/.sbt/1.0/staging/34c0071f90095ef07887/zarr4s/project
[info] loading settings for project root from build.sbt...
[info] resolving key references (261806 settings) ...
[info] set current project to scalafim (in build file:/private/tmp/scalafim-lwu-repair-design-20260930/work/)
[info] compiling 6 Scala sources to /private/tmp/scalafim-lwu-repair-design-20260930/work/modules/archive/js/target/scala-3.7.4/classes ...
[info] done compiling
[info] compiling 10 Scala sources to /private/tmp/scalafim-lwu-repair-design-20260930/work/modules/estimates/js/target/scala-3.7.4/classes ...
[info] done compiling
[info] compiling 17 Scala sources to /private/tmp/scalafim-lwu-repair-design-20260930/work/modules/group/js/target/scala-3.7.4/classes ...
[info] done compiling
[info] compiling 6 Scala sources to /private/tmp/scalafim-lwu-repair-design-20260930/work/modules/fmri-workflow/js/target/scala-3.7.4/classes ...
[info] done compiling
[info] compiling 3 Scala sources to /private/tmp/scalafim-lwu-repair-design-20260930/work/modules/fmri-workflow/js/target/scala-3.7.4/test-classes ...
[info] done compiling
[info] Fast optimizing /private/tmp/scalafim-lwu-repair-design-20260930/work/modules/fmri-workflow/js/target/scala-3.7.4/scalafim-fmri-workflow-test-fastopt
scalafim.fmri.workflow.AnalysisPlanSuite:
  + compile produces deterministic subject and group jobs from pure descriptors 0.017s
  + preflight accumulates independent structural errors without reading payloads 0.002s
  + one-unit-per-subject policy rejects repeated session units 0.004s
  + first-level-only plans compile with an explicit warning 0.001s
  + empty catalogs fail preflight before job construction 0.000s
scalafim.fmri.workflow.BidsStudyCompilerSuite:
  + compiler groups exact fMRIPrep entities into deterministic multi-run units 0.089s
  + compiler accumulates missing header, metadata, and companion failures 0.001s
  + one-unit-per-run grouping preserves the run in unit identity 0.005s
  + confound-free recipes ignore ambiguous confound tables 0.004s
  + mask policies distinguish common, intersected, and explicit artifacts 0.009s
  + compiler reports incompatible geometry and duplicate run identities 0.006s
  + compiler preserves provider frame failures for mask geometry 0.002s
  + catalog reports empty matches, missing entities, and invalid unit identities 0.002s
  + participant-table coverage reports missing and duplicate subjects 0.002s
  + checked compilation preserves deterministic BIDS diagnostics and valid legacy parity 0.005s
scalafim.fmri.workflow.WorkflowTypesSuite:
  + workflow identifiers and artifact locations validate at construction 0.000s
  + contrast recipes reject degenerate rows and lower to fit contrasts 0.001s
  + catalog construction rejects invalid run layout and duplicate units 0.001s
  + group workflow validates terms and output formats stay open 0.000s
[info] Passed: Total 19, Failed 0, Errors 0, Passed 19
[success] Total time: 26 s, completed Oct 1, 2026, 10:17:41 a.m.
