[info] welcome to sbt 1.11.7 (Homebrew Java 25.0.1)
[info] loading settings for project work-build from plugins.sbt...
[info] loading project definition from /private/tmp/scalafim-lwu-repair-design-20260930/work/project
[info] loading settings for project root from build.sbt...
[info] loading settings for project bids4s-build from plugins.sbt...
[info] loading project definition from /Users/bbuchsbaum/.sbt/1.0/staging/77e7bdc71bddb8077fcd/bids4s/project
[info] loading settings for project root from build.sbt...
[info] loading settings for project gale-build from plugins.sbt...
[info] loading project definition from /Users/bbuchsbaum/.sbt/1.0/staging/5a3fe250684692aa42c1/gale/project
[info] loading settings for project root from build.sbt...
[info] loading settings for project graph4s-build from plugins.sbt...
[info] loading project definition from /Users/bbuchsbaum/.sbt/1.0/staging/b4b08747efd9a8151229/graph4s/project
[info] loading settings for project root from build.sbt...
[info] loading settings for project gale-build from plugins.sbt...
[info] loading project definition from /Users/bbuchsbaum/.sbt/1.0/staging/5a90f48e170e9e640ee1/gale/project
[info] loading settings for project root from build.sbt...
[info] loading settings for project image4s-build from plugins.sbt...
[info] loading project definition from /Users/bbuchsbaum/.sbt/1.0/staging/cd3a5082f5d2990355dd/image4s/project
[info] loading settings for project root from build.sbt...
[info] loading settings for project intaglio-build from plugins.sbt...
[info] loading project definition from /Users/bbuchsbaum/.sbt/1.0/staging/34fcacf7027b8ae3b2f8/intaglio/project
[info] loading settings for project root from build.sbt...
[info] loading settings for project locus4s-build from plugins.sbt...
[info] loading project definition from /Users/bbuchsbaum/.sbt/1.0/staging/05a8f1a231c171f1bca0/locus4s/project
[info] loading settings for project root from build.sbt...
[info] loading settings for project multivar-build from plugins.sbt...
[info] loading project definition from /Users/bbuchsbaum/.sbt/1.0/staging/55929e145617b909ca3a/multivar/project
[info] loading settings for project root from build.sbt...
[info] loading settings for project ravel-build from plugins.sbt...
[info] loading project definition from /Users/bbuchsbaum/.sbt/1.0/staging/57a292f3a6ded9e259cf/ravel/project
[info] loading settings for project root from build.sbt...
[info] loading settings for project reframe4s-build from plugins.sbt...
[info] loading project definition from /Users/bbuchsbaum/.sbt/1.0/staging/aa1fd63832323d604703/reframe4s/project
[info] loading settings for project root from build.sbt...
[info] loading settings for project image4s-build from plugins.sbt...
[info] loading project definition from /Users/bbuchsbaum/.sbt/1.0/staging/41e96dde036f148f012a/image4s/project
[info] loading settings for project root from build.sbt...
[info] loading settings for project zarr4s-build from plugins.sbt...
[info] loading project definition from /Users/bbuchsbaum/.sbt/1.0/staging/34c0071f90095ef07887/zarr4s/project
[info] loading settings for project root from build.sbt...
[info] resolving key references (261806 settings) ...
[info] set current project to scalafim (in build file:/private/tmp/scalafim-lwu-repair-design-20260930/work/)
[info] Defining firstLevelLawsJS / Test / unmanagedSources
[info] The new value will be used by firstLevelLawsJS / Test / bspBuildTargetSourcesItem, firstLevelLawsJS / Test / scalafmt and 2 others.
[info] 	Run `last` for details.
[info] Reapplying settings...
[info] set current project to scalafim (in build file:/private/tmp/scalafim-lwu-repair-design-20260930/work/)
[info] compiling 1 Scala source to /private/tmp/scalafim-lwu-repair-design-20260930/work/modules/first-level-laws/js/target/scala-3.7.4/test-classes ...
[info] done compiling
[warn] multiple main classes detected: run 'show discoveredMainClasses' to see the list
[info] Fast optimizing /private/tmp/scalafim-lwu-repair-design-20260930/work/modules/first-level-laws/js/target/scala-3.7.4/scalafim-fmri-first-level-laws-test-fastopt
scalafim.fmri.laws.profile.TangentAccuracyOnlySuite:
[milestone] Gaussian basis rank 19, K = 57, nuisance rank 6
[milestone] Gaussian SNR 1.00: admitted 96.0%, p95 |peak-oracle| 0.0004 s, p95 |FWHM-oracle| 0.0012 s, p95 rel amp 2.00e-04; per voxel nodes 72.0 jets 4.21 exact 0.03; oracle beaten under the exact kernel in 174/192 admitted voxels
[milestone] Gaussian SNR 0.50: admitted 97.5%, p95 |peak-oracle| 0.0006 s, p95 |FWHM-oracle| 0.0017 s, p95 rel amp 3.89e-04; per voxel nodes 72.0 jets 4.22 exact 0.01; oracle beaten under the exact kernel in 116/195 admitted voxels
[milestone] Gaussian SNR 0.25: admitted 87.0%, p95 |peak-oracle| 0.0012 s, p95 |FWHM-oracle| 0.0038 s, p95 rel amp 8.70e-04; per voxel nodes 71.4 jets 4.32 exact 0.00; oracle beaten under the exact kernel in 60/174 admitted voxels
[milestone] Gaussian SNR 0.25 admission 87.0% (reported, not gated)
  + Gaussian: accuracy gates on the frozen C0 cohorts 431.527s
[milestone] LWU basis rank 23, K = 69
[milestone] LWU SNR 1.00: admitted 89.0%, p95 |peak-oracle| 0.0000 s, p95 |FWHM-oracle| 0.0100 s, p95 rel amp 3.19e-04; per voxel nodes 163.1 jets 4.48 exact 0.07; oracle beaten under the exact kernel in 87/89 admitted voxels
[milestone] LWU budget: 13x9x7 bank, 6 Newton steps, 8 jets, 2 exact evaluations, 4 candidate attempts per iteration
[milestone] LWU admission 89.0% at SNR 1.00 is below 95%: unmet; refusal categories require per-voxel diagnostics
[milestone] LWU SNR 0.50: admitted 82.0%, p95 |peak-oracle| 0.0100 s, p95 |FWHM-oracle| 0.0100 s, p95 rel amp 4.50e-04; per voxel nodes 161.3 jets 4.45 exact 0.02; oracle beaten under the exact kernel in 79/82 admitted voxels
[milestone] LWU budget: 13x9x7 bank, 6 Newton steps, 8 jets, 2 exact evaluations, 4 candidate attempts per iteration
[milestone] LWU admission 82.0% at SNR 0.50 is below 95%: unmet; refusal categories require per-voxel diagnostics
  + LWU: accuracy on the frozen C0 cohorts at SNR 1.0 and 0.5 349.851s
[info] Passed: Total 2, Failed 0, Errors 0, Passed 2
[success] Total time: 802 s (0:13:22.0), completed Oct 1, 2026, 10:39:41 a.m.
[info] Defining firstLevelLawsJS / Test / mainClass
[info] The new value will be used by firstLevelLawsJS / Test / bspBuildTargetRun, firstLevelLawsJS / Test / packageBin / packageOptions and 2 others.
[info] 	Run `last` for details.
[info] Reapplying settings...
[info] set current project to scalafim (in build file:/private/tmp/scalafim-lwu-repair-design-20260930/work/)
[info] Defining firstLevelLawsJS / Test / scalaJSUseMainModuleInitializer
[info] The new value will be used by firstLevelLawsJS / Test / run, firstLevelLawsJS / Test / scalaJSModuleInitializers
[info] Reapplying settings...
[info] set current project to scalafim (in build file:/private/tmp/scalafim-lwu-repair-design-20260930/work/)
[info] Defining firstLevelLawsJS / Test / scalaJSUseTestModuleInitializer
[info] The new value will be used by firstLevelLawsJS / Test / loadedTestFrameworks, firstLevelLawsJS / Test / scalaJSModuleInitializers
[info] Reapplying settings...
[info] set current project to scalafim (in build file:/private/tmp/scalafim-lwu-repair-design-20260930/work/)
[info] Fast optimizing /private/tmp/scalafim-lwu-repair-design-20260930/work/modules/first-level-laws/js/target/scala-3.7.4/scalafim-fmri-first-level-laws-test-fastopt
[success] Total time: 13 s, completed Oct 1, 2026, 10:41:44 a.m.
