[info] welcome to sbt 1.11.7 (Homebrew Java 25.0.1)
[info] loading settings for project u6-native-candidate-build from plugins.sbt...
[info] loading project definition from /private/tmp/scalafim-stp-finish-20260929/u6-native-candidate/project
[info] loading settings for project root from build.sbt...
[info] loading settings for project u6-native-provider-build from plugins.sbt...
[info] loading project definition from /private/tmp/scalafim-stp-finish-20260929/u6-native-provider/project
[info] loading settings for project root from build.sbt...
[info] loading settings for project bids4s-build from plugins.sbt...
[info] loading project definition from /Users/bbuchsbaum/.sbt/1.0/staging/77e7bdc71bddb8077fcd/bids4s/project
[info] loading settings for project root from build.sbt...
[info] loading settings for project gale-build from plugins.sbt...
[info] loading project definition from /Users/bbuchsbaum/.sbt/1.0/staging/5a90f48e170e9e640ee1/gale/project
[info] loading settings for project root from build.sbt...
[info] loading settings for project gale-build from plugins.sbt...
[info] loading project definition from /Users/bbuchsbaum/.sbt/1.0/staging/449715b8ebc2010e6e23/gale/project
[info] loading settings for project root from build.sbt...
[info] loading settings for project graph4s-build from plugins.sbt...
[info] loading project definition from /Users/bbuchsbaum/.sbt/1.0/staging/b4b08747efd9a8151229/graph4s/project
[info] loading settings for project root from build.sbt...
[info] loading settings for project image4s-build from plugins.sbt...
[info] loading project definition from /Users/bbuchsbaum/.sbt/1.0/staging/41e96dde036f148f012a/image4s/project
[info] loading settings for project root from build.sbt...
[info] loading settings for project intaglio-build from plugins.sbt...
[info] loading project definition from /Users/bbuchsbaum/.sbt/1.0/staging/34fcacf7027b8ae3b2f8/intaglio/project
[info] loading settings for project root from build.sbt...
[info] loading settings for project locus4s-build from plugins.sbt...
[info] loading project definition from /Users/bbuchsbaum/.sbt/1.0/staging/05a8f1a231c171f1bca0/locus4s/project
[info] loading settings for project root from build.sbt...
[info] loading settings for project multivar-build from plugins.sbt...
[info] loading project definition from /Users/bbuchsbaum/.sbt/1.0/staging/55929e145617b909ca3a/multivar/project
[info] loading settings for project root from build.sbt...
[info] loading settings for project ravel-build from plugins.sbt...
[info] loading project definition from /Users/bbuchsbaum/.sbt/1.0/staging/57a292f3a6ded9e259cf/ravel/project
[info] loading settings for project root from build.sbt...
[info] loading settings for project zarr4s-build from plugins.sbt...
[info] loading project definition from /Users/bbuchsbaum/.sbt/1.0/staging/34c0071f90095ef07887/zarr4s/project
[info] loading settings for project root from build.sbt...
[info] resolving key references (237344 settings) ...
[info] set current project to scalafim (in build file:/private/tmp/scalafim-stp-finish-20260929/u6-native-candidate/)
[info] compiling 1 Scala source to /private/tmp/scalafim-stp-finish-20260929/u6-native-candidate/modules/transform/jvm/target/scala-3.7.4/test-classes ...
[info] done compiling
ants native inverse evidence: coarseNodes=1287 reverseProbes=962 offNodes=12 k=0.676205046 estimatedForwardMax=9.99981020e-09 estimatedReverseMax=0.00732356195 nativeClosureMax=0.0179292485 estimatedClosureMax=9.49095957e-09 estimateNativeMax=0.0168572582 estimateNativeP99=0.00728509393
fsl native inverse evidence: coarseNodes=693 reverseProbes=423 offNodes=12 k=0.0815796399 estimatedForwardMax=9.87329637e-09 estimatedReverseMax=0.00181896117 nativeClosureMax=0.000244696222 estimatedClosureMax=8.90694096e-09 estimateNativeMax=0.000242778382 estimateNativeP99=0.000242778382
scalafim.transform.NativeInverseOracleSuite:
  + a successful gated estimate agrees with independent ANTs native InverseWarp decoding on its declared interior 0.706s
  + a successful gated estimate agrees with independent FSL invwarp decoding for the coincident-geometry control 0.11s
[info] Passed: Total 2, Failed 0, Errors 0, Passed 2
[success] Total time: 5 s, completed Sep 30, 2026, 12:17:08 a.m.
[info] compiling 1 Scala source to /private/tmp/scalafim-stp-finish-20260929/u6-native-candidate/modules/transform/js/target/scala-3.7.4/test-classes ...
[info] done compiling
[info] Fast optimizing /private/tmp/scalafim-stp-finish-20260929/u6-native-candidate/modules/transform/js/target/scala-3.7.4/scalafim-transform-test-fastopt
scalafim.transform.NativeInverseOracleSuite:
ants native inverse evidence: coarseNodes=1287 reverseProbes=962 offNodes=12 k=0.676205046 estimatedForwardMax=9.99981020e-09 estimatedReverseMax=0.00732356195 nativeClosureMax=0.0179292485 estimatedClosureMax=9.49095957e-09 estimateNativeMax=0.0168572582 estimateNativeP99=0.00728509393
  + a successful gated estimate agrees with independent ANTs native InverseWarp decoding on its declared interior 0.559s
fsl native inverse evidence: coarseNodes=693 reverseProbes=423 offNodes=12 k=0.0815796399 estimatedForwardMax=9.87329637e-09 estimatedReverseMax=0.00181896117 nativeClosureMax=0.000244696222 estimatedClosureMax=8.90694096e-09 estimateNativeMax=0.000242778382 estimateNativeP99=0.000242778382
  + a successful gated estimate agrees with independent FSL invwarp decoding for the coincident-geometry control 0.191s
[info] Passed: Total 2, Failed 0, Errors 0, Passed 2
[success] Total time: 8 s, completed Sep 30, 2026, 12:17:16 a.m.
