[info] welcome to sbt 1.11.7 (Homebrew Java 25.0.1)
[info] loading settings for project core-build from plugins.sbt...
[info] loading project definition from /private/tmp/scalafim-umvpa-20260929/core/project
[info] loading settings for project root from build.sbt...
[info] loading settings for project alder-build from plugins.sbt...
[info] loading project definition from /private/tmp/scalafim-umvpa-20260929/sbt-global/staging/2f5b3675f2cf2c4e96c3/alder/project
[info] loading settings for project root from build.sbt...
[info] loading settings for project bids4s-build from plugins.sbt...
[info] loading project definition from /private/tmp/scalafim-umvpa-20260929/sbt-global/staging/77e7bdc71bddb8077fcd/bids4s/project
[info] loading settings for project root from build.sbt...
[info] loading settings for project gale-build from plugins.sbt...
[info] loading project definition from /private/tmp/scalafim-umvpa-20260929/sbt-global/staging/5a90f48e170e9e640ee1/gale/project
[info] loading settings for project root from build.sbt...
[info] loading settings for project graph4s-build from plugins.sbt...
[info] loading project definition from /private/tmp/scalafim-umvpa-20260929/sbt-global/staging/b4b08747efd9a8151229/graph4s/project
[info] loading settings for project root from build.sbt...
[info] loading settings for project image4s-build from plugins.sbt...
[info] loading project definition from /private/tmp/scalafim-umvpa-20260929/sbt-global/staging/41e96dde036f148f012a/image4s/project
[info] loading settings for project root from build.sbt...
[info] loading settings for project intaglio-build from plugins.sbt...
[info] loading project definition from /private/tmp/scalafim-umvpa-20260929/sbt-global/staging/34fcacf7027b8ae3b2f8/intaglio/project
[info] loading settings for project root from build.sbt...
[info] loading settings for project linops4s-build from plugins.sbt...
[info] loading project definition from /private/tmp/scalafim-umvpa-20260929/sbt-global/staging/cfabf5f1e5e2fb8fb176/linops4s/project
[info] loading settings for project root from build.sbt...
[info] loading settings for project locus4s-build from plugins.sbt...
[info] loading project definition from /private/tmp/scalafim-umvpa-20260929/sbt-global/staging/05a8f1a231c171f1bca0/locus4s/project
[info] loading settings for project root from build.sbt...
[info] loading settings for project multivar-build from plugins.sbt...
[info] loading project definition from /private/tmp/scalafim-umvpa-20260929/sbt-global/staging/8a071d8f65817f0f368f/multivar/project
[info] loading settings for project root from build.sbt...
[info] loading settings for project ravel-build from plugins.sbt...
[info] loading project definition from /private/tmp/scalafim-umvpa-20260929/sbt-global/staging/57a292f3a6ded9e259cf/ravel/project
[info] loading settings for project root from build.sbt...
[info] loading settings for project reframe4s-build from plugins.sbt...
[info] loading project definition from /private/tmp/scalafim-umvpa-20260929/sbt-global/staging/35134e4fbd77703f1507/reframe4s/project
[info] loading settings for project root from build.sbt...
[info] loading settings for project resample4s-build from plugins.sbt...
[info] loading project definition from /private/tmp/scalafim-umvpa-20260929/sbt-global/staging/3f5d01c7e6069e74a205/resample4s/project
[info] loading settings for project root from build.sbt...
[info] loading settings for project zarr4s-build from plugins.sbt...
[info] loading project definition from /private/tmp/scalafim-umvpa-20260929/sbt-global/staging/34c0071f90095ef07887/zarr4s/project
[info] loading settings for project root from build.sbt...
[info] resolving key references (303158 settings) ...
[info] set current project to scalafim (in build file:/private/tmp/scalafim-umvpa-20260929/core/)
[info] compiling 6 Scala sources to /private/tmp/scalafim-umvpa-20260929/core/modules/locus-data/jvm/target/scala-3.7.4/classes ...
[info] done compiling
[success] Total time: 3 s, completed Sep 30, 2026, 4:17:42 a.m.
[info] compiling 6 Scala sources to /private/tmp/scalafim-umvpa-20260929/core/modules/locus-data/js/target/scala-3.7.4/classes ...
[info] done compiling
[success] Total time: 1 s, completed Sep 30, 2026, 4:17:43 a.m.
[info] compiling 12 Scala sources to /private/tmp/scalafim-umvpa-20260929/core/modules/pipeline/jvm/target/scala-3.7.4/classes ...
[info] done compiling
[success] Total time: 2 s, completed Sep 30, 2026, 4:17:45 a.m.
[info] compiling 12 Scala sources to /private/tmp/scalafim-umvpa-20260929/core/modules/pipeline/js/target/scala-3.7.4/classes ...
[info] done compiling
[success] Total time: 2 s, completed Sep 30, 2026, 4:17:47 a.m.
[info] compiling 10 Scala sources to /private/tmp/scalafim-umvpa-20260929/core/modules/response/jvm/target/scala-3.7.4/classes ...
[info] done compiling
[success] Total time: 2 s, completed Sep 30, 2026, 4:17:48 a.m.
[info] compiling 10 Scala sources to /private/tmp/scalafim-umvpa-20260929/core/modules/response/js/target/scala-3.7.4/classes ...
[info] done compiling
[success] Total time: 2 s, completed Sep 30, 2026, 4:17:50 a.m.
[info] compiling 1 Scala source to /private/tmp/scalafim-umvpa-20260929/core/modules/response-laws/jvm/target/scala-3.7.4/classes ...
[info] done compiling
[success] Total time: 1 s, completed Sep 30, 2026, 4:17:51 a.m.
[info] compiling 1 Scala source to /private/tmp/scalafim-umvpa-20260929/core/modules/response-laws/js/target/scala-3.7.4/classes ...
[info] done compiling
[success] Total time: 1 s, completed Sep 30, 2026, 4:17:52 a.m.
[info] compiling 40 Scala sources to /private/tmp/scalafim-umvpa-20260929/core/modules/image/jvm/target/scala-3.7.4/classes ...
[info] done compiling
[info] compiling 17 Scala sources to /private/tmp/scalafim-umvpa-20260929/core/modules/latent/jvm/target/scala-3.7.4/classes ...
[info] done compiling
[success] Total time: 8 s, completed Sep 30, 2026, 4:18:00 a.m.
[info] compiling 38 Scala sources to /private/tmp/scalafim-umvpa-20260929/core/modules/image/js/target/scala-3.7.4/classes ...
[info] done compiling
[info] compiling 17 Scala sources to /private/tmp/scalafim-umvpa-20260929/core/modules/latent/js/target/scala-3.7.4/classes ...
[info] done compiling
[success] Total time: 7 s, completed Sep 30, 2026, 4:18:07 a.m.
[info] compiling 8 Scala sources to /private/tmp/scalafim-umvpa-20260929/core/modules/ar/jvm/target/scala-3.7.4/classes ...
[info] done compiling
[success] Total time: 1 s, completed Sep 30, 2026, 4:18:08 a.m.
[info] compiling 8 Scala sources to /private/tmp/scalafim-umvpa-20260929/core/modules/ar/js/target/scala-3.7.4/classes ...
[info] done compiling
[success] Total time: 1 s, completed Sep 30, 2026, 4:18:09 a.m.
[info] compiling 36 Scala sources to /private/tmp/scalafim-umvpa-20260929/core/modules/hrf/jvm/target/scala-3.7.4/classes ...
[info] done compiling
[success] Total time: 2 s, completed Sep 30, 2026, 4:18:11 a.m.
[info] compiling 36 Scala sources to /private/tmp/scalafim-umvpa-20260929/core/modules/hrf/js/target/scala-3.7.4/classes ...
[info] done compiling
[success] Total time: 2 s, completed Sep 30, 2026, 4:18:13 a.m.
[info] compiling 2 Scala sources to /private/tmp/scalafim-umvpa-20260929/core/modules/hrf-laws/jvm/target/scala-3.7.4/classes ...
[info] done compiling
[success] Total time: 0 s, completed Sep 30, 2026, 4:18:13 a.m.
[info] compiling 2 Scala sources to /private/tmp/scalafim-umvpa-20260929/core/modules/hrf-laws/js/target/scala-3.7.4/classes ...
[info] done compiling
[success] Total time: 0 s, completed Sep 30, 2026, 4:18:13 a.m.
[info] compiling 1 Scala source to /private/tmp/scalafim-umvpa-20260929/core/modules/scenario-testkit/jvm/target/scala-3.7.4/classes ...
[info] done compiling
[success] Total time: 0 s, completed Sep 30, 2026, 4:18:14 a.m.
[info] compiling 1 Scala source to /private/tmp/scalafim-umvpa-20260929/core/modules/scenario-testkit/js/target/scala-3.7.4/classes ...
[info] done compiling
[success] Total time: 0 s, completed Sep 30, 2026, 4:18:14 a.m.
[info] compiling 41 Scala sources to /private/tmp/scalafim-umvpa-20260929/core/modules/design/jvm/target/scala-3.7.4/classes ...
[info] done compiling
[success] Total time: 4 s, completed Sep 30, 2026, 4:18:18 a.m.
[info] compiling 41 Scala sources to /private/tmp/scalafim-umvpa-20260929/core/modules/design/js/target/scala-3.7.4/classes ...
[info] done compiling
[success] Total time: 4 s, completed Sep 30, 2026, 4:18:21 a.m.
[success] Total time: 2 s, completed Sep 30, 2026, 4:18:23 a.m.
[success] Total time: 1 s, completed Sep 30, 2026, 4:18:24 a.m.
[info] compiling 1 Scala source to /private/tmp/scalafim-umvpa-20260929/core/modules/provider-spike/jvm/target/scala-3.7.4/classes ...
[info] done compiling
[success] Total time: 1 s, completed Sep 30, 2026, 4:18:25 a.m.
[info] compiling 1 Scala source to /private/tmp/scalafim-umvpa-20260929/core/modules/provider-spike/js/target/scala-3.7.4/classes ...
[info] done compiling
[success] Total time: 1 s, completed Sep 30, 2026, 4:18:26 a.m.
[info] compiling 5 Scala sources to /private/tmp/scalafim-umvpa-20260929/core/modules/image-view/jvm/target/scala-3.7.4/classes ...
[info] done compiling
[success] Total time: 2 s, completed Sep 30, 2026, 4:18:28 a.m.
[info] compiling 5 Scala sources to /private/tmp/scalafim-umvpa-20260929/core/modules/image-view/js/target/scala-3.7.4/classes ...
[info] done compiling
[success] Total time: 2 s, completed Sep 30, 2026, 4:18:30 a.m.
[info] compiling 1 Scala source to /private/tmp/scalafim-umvpa-20260929/core/modules/image-view-canvas/js/target/scala-3.7.4/classes ...
[info] done compiling
[success] Total time: 2 s, completed Sep 30, 2026, 4:18:32 a.m.
[info] compiling 1 Scala source to /private/tmp/scalafim-umvpa-20260929/core/modules/image-view-java2d/jvm/target/scala-3.7.4/classes ...
[info] done compiling
[success] Total time: 2 s, completed Sep 30, 2026, 4:18:34 a.m.
[info] compiling 1 Scala source to /private/tmp/scalafim-umvpa-20260929/core/modules/image-view-javafx/jvm/target/scala-3.7.4/classes ...
[info] done compiling
[success] Total time: 2 s, completed Sep 30, 2026, 4:18:36 a.m.
[info] compiling 11 Scala sources to /private/tmp/scalafim-umvpa-20260929/core/modules/threshold/jvm/target/scala-3.7.4/classes ...
[info] done compiling
[success] Total time: 2 s, completed Sep 30, 2026, 4:18:38 a.m.
[info] compiling 11 Scala sources to /private/tmp/scalafim-umvpa-20260929/core/modules/threshold/js/target/scala-3.7.4/classes ...
[info] done compiling
[success] Total time: 2 s, completed Sep 30, 2026, 4:18:40 a.m.
[info] compiling 26 Scala sources to /private/tmp/scalafim-umvpa-20260929/core/modules/motion/jvm/target/scala-3.7.4/classes ...
[info] done compiling
[success] Total time: 3 s, completed Sep 30, 2026, 4:18:43 a.m.
[info] compiling 18 Scala sources to /private/tmp/scalafim-umvpa-20260929/core/modules/motion/js/target/scala-3.7.4/classes ...
[info] done compiling
[success] Total time: 3 s, completed Sep 30, 2026, 4:18:46 a.m.
[info] compiling 26 Scala sources to /private/tmp/scalafim-umvpa-20260929/core/modules/surface/jvm/target/scala-3.7.4/classes ...
[info] done compiling
[success] Total time: 3 s, completed Sep 30, 2026, 4:18:48 a.m.
[info] compiling 26 Scala sources to /private/tmp/scalafim-umvpa-20260929/core/modules/surface/js/target/scala-3.7.4/classes ...
[info] done compiling
[success] Total time: 3 s, completed Sep 30, 2026, 4:18:51 a.m.
[info] compiling 15 Scala sources to /private/tmp/scalafim-umvpa-20260929/core/modules/surface-view/jvm/target/scala-3.7.4/classes ...
[info] done compiling
[success] Total time: 3 s, completed Sep 30, 2026, 4:18:54 a.m.
[info] compiling 15 Scala sources to /private/tmp/scalafim-umvpa-20260929/core/modules/surface-view/js/target/scala-3.7.4/classes ...
[info] done compiling
[success] Total time: 4 s, completed Sep 30, 2026, 4:18:58 a.m.
[info] compiling 3 Scala sources to /private/tmp/scalafim-umvpa-20260929/core/modules/surface-view-raster/jvm/target/scala-3.7.4/classes ...
[info] done compiling
[success] Total time: 2 s, completed Sep 30, 2026, 4:19:00 a.m.
[info] compiling 2 Scala sources to /private/tmp/scalafim-umvpa-20260929/core/modules/surface-view-raster/js/target/scala-3.7.4/classes ...
[info] done compiling
[success] Total time: 2 s, completed Sep 30, 2026, 4:19:03 a.m.
[info] compiling 6 Scala sources to /private/tmp/scalafim-umvpa-20260929/core/modules/surface-view-javafx/jvm/target/scala-3.7.4/classes ...
[info] done compiling
[success] Total time: 2 s, completed Sep 30, 2026, 4:19:05 a.m.
[info] compiling 5 Scala sources to /private/tmp/scalafim-umvpa-20260929/core/modules/surface-view-three/js/target/scala-3.7.4/classes ...
[info] done compiling
[success] Total time: 3 s, completed Sep 30, 2026, 4:19:08 a.m.
[info] compiling 21 Scala sources to /private/tmp/scalafim-umvpa-20260929/core/modules/connectivity/jvm/target/scala-3.7.4/classes ...
[info] done compiling
[info] compiling 1 Scala source to /private/tmp/scalafim-umvpa-20260929/core/modules/surface-view-connectivity/jvm/target/scala-3.7.4/classes ...
[info] done compiling
[success] Total time: 3 s, completed Sep 30, 2026, 4:19:12 a.m.
[info] compiling 21 Scala sources to /private/tmp/scalafim-umvpa-20260929/core/modules/connectivity/js/target/scala-3.7.4/classes ...
[info] done compiling
[info] compiling 1 Scala source to /private/tmp/scalafim-umvpa-20260929/core/modules/surface-view-connectivity/js/target/scala-3.7.4/classes ...
[info] done compiling
[success] Total time: 3 s, completed Sep 30, 2026, 4:19:15 a.m.
[info] compiling 7 Scala sources to /private/tmp/scalafim-umvpa-20260929/core/examples/surface-view/jvm/target/scala-3.7.4/classes ...
[info] done compiling
[success] Total time: 2 s, completed Sep 30, 2026, 4:19:18 a.m.
[info] compiling 7 Scala sources to /private/tmp/scalafim-umvpa-20260929/core/examples/surface-view/js/target/scala-3.7.4/classes ...
[info] done compiling
[success] Total time: 3 s, completed Sep 30, 2026, 4:19:20 a.m.
[info] compiling 28 Scala sources to /private/tmp/scalafim-umvpa-20260929/core/modules/spatial/jvm/target/scala-3.7.4/classes ...
[info] done compiling
[success] Total time: 3 s, completed Sep 30, 2026, 4:19:24 a.m.
[info] compiling 22 Scala sources to /private/tmp/scalafim-umvpa-20260929/core/modules/spatial/js/target/scala-3.7.4/classes ...
[info] done compiling
[success] Total time: 3 s, completed Sep 30, 2026, 4:19:27 a.m.
[info] compiling 25 Scala sources to /private/tmp/scalafim-umvpa-20260929/core/modules/atlas/jvm/target/scala-3.7.4/classes ...
[info] done compiling
[success] Total time: 4 s, completed Sep 30, 2026, 4:19:31 a.m.
[info] compiling 17 Scala sources to /private/tmp/scalafim-umvpa-20260929/core/modules/atlas/js/target/scala-3.7.4/classes ...
[info] done compiling
[success] Total time: 3 s, completed Sep 30, 2026, 4:19:34 a.m.
[info] compiling 7 Scala sources to /private/tmp/scalafim-umvpa-20260929/core/modules/archive/jvm/target/scala-3.7.4/classes ...
[info] done compiling
[success] Total time: 1 s, completed Sep 30, 2026, 4:19:34 a.m.
[info] compiling 6 Scala sources to /private/tmp/scalafim-umvpa-20260929/core/modules/archive/js/target/scala-3.7.4/classes ...
[info] done compiling
[success] Total time: 1 s, completed Sep 30, 2026, 4:19:35 a.m.
[info] compiling 9 Scala sources to /private/tmp/scalafim-umvpa-20260929/core/modules/estimates/jvm/target/scala-3.7.4/classes ...
[info] done compiling
[success] Total time: 2 s, completed Sep 30, 2026, 4:19:37 a.m.
[info] compiling 9 Scala sources to /private/tmp/scalafim-umvpa-20260929/core/modules/estimates/js/target/scala-3.7.4/classes ...
[info] done compiling
[success] Total time: 2 s, completed Sep 30, 2026, 4:19:39 a.m.
[info] compiling 5 Scala sources to /private/tmp/scalafim-umvpa-20260929/core/modules/estimates-io/jvm/target/scala-3.7.4/classes ...
[info] done compiling
[success] Total time: 4 s, completed Sep 30, 2026, 4:19:43 a.m.
[info] compiling 2 Scala sources to /private/tmp/scalafim-umvpa-20260929/core/modules/estimates-io/js/target/scala-3.7.4/classes ...
[info] done compiling
[success] Total time: 3 s, completed Sep 30, 2026, 4:19:46 a.m.
[info] compiling 20 Scala sources to /private/tmp/scalafim-umvpa-20260929/core/modules/dataset/jvm/target/scala-3.7.4/classes ...
[info] done compiling
[info] compiling 16 Scala sources to /private/tmp/scalafim-umvpa-20260929/core/modules/group/jvm/target/scala-3.7.4/classes ...
[info] compiling 9 Scala sources to /private/tmp/scalafim-umvpa-20260929/core/modules/model/jvm/target/scala-3.7.4/classes ...
[info] done compiling
[info] done compiling
[info] compiling 57 Scala sources to /private/tmp/scalafim-umvpa-20260929/core/modules/fit/jvm/target/scala-3.7.4/classes ...
[info] done compiling
[info] compiling 2 Scala sources to /private/tmp/scalafim-umvpa-20260929/core/modules/fit-estimates/jvm/target/scala-3.7.4/classes ...
[info] done compiling
[success] Total time: 8 s, completed Sep 30, 2026, 4:19:54 a.m.
[info] compiling 17 Scala sources to /private/tmp/scalafim-umvpa-20260929/core/modules/dataset/js/target/scala-3.7.4/classes ...
[info] done compiling
[info] compiling 9 Scala sources to /private/tmp/scalafim-umvpa-20260929/core/modules/model/js/target/scala-3.7.4/classes ...
[info] compiling 16 Scala sources to /private/tmp/scalafim-umvpa-20260929/core/modules/group/js/target/scala-3.7.4/classes ...
[info] done compiling
[info] done compiling
[info] compiling 55 Scala sources to /private/tmp/scalafim-umvpa-20260929/core/modules/fit/js/target/scala-3.7.4/classes ...
[info] done compiling
[info] compiling 2 Scala sources to /private/tmp/scalafim-umvpa-20260929/core/modules/fit-estimates/js/target/scala-3.7.4/classes ...
[info] done compiling
[success] Total time: 8 s, completed Sep 30, 2026, 4:20:02 a.m.
[info] compiling 14 Scala sources to /private/tmp/scalafim-umvpa-20260929/core/modules/archive-lna/jvm/target/scala-3.7.4/classes ...
[info] done compiling
[success] Total time: 2 s, completed Sep 30, 2026, 4:20:05 a.m.
[info] compiling 10 Scala sources to /private/tmp/scalafim-umvpa-20260929/core/modules/archive-lna/js/target/scala-3.7.4/classes ...
[info] done compiling
[success] Total time: 2 s, completed Sep 30, 2026, 4:20:07 a.m.
[info] compiling 10 Scala sources to /private/tmp/scalafim-umvpa-20260929/core/modules/archive-zarr/jvm/target/scala-3.7.4/classes ...
[info] done compiling
[info] compiling 30 Scala sources to /private/tmp/scalafim-umvpa-20260929/core/modules/interop-archived-response/jvm/target/scala-3.7.4/classes ...
[info] done compiling
[success] Total time: 4 s, completed Sep 30, 2026, 4:20:11 a.m.
[info] waiting for lock on /Users/bbuchsbaum/.ivy2/.sbt.ivy.lock to be available...
[info] waiting for lock on /Users/bbuchsbaum/.ivy2/.sbt.ivy.lock to be available...
[info] waiting for lock on /Users/bbuchsbaum/.ivy2/.sbt.ivy.lock to be available...
[info] waiting for lock on /Users/bbuchsbaum/.ivy2/.sbt.ivy.lock to be available...
[info] waiting for lock on /Users/bbuchsbaum/.ivy2/.sbt.ivy.lock to be available...
[info] waiting for lock on /Users/bbuchsbaum/.ivy2/.sbt.ivy.lock to be available...
[info] waiting for lock on /Users/bbuchsbaum/.ivy2/.sbt.ivy.lock to be available...
[info] waiting for lock on /Users/bbuchsbaum/.ivy2/.sbt.ivy.lock to be available...
[info] compiling 9 Scala sources to /private/tmp/scalafim-umvpa-20260929/core/modules/archive-zarr/js/target/scala-3.7.4/classes ...
[info] done compiling
[info] compiling 24 Scala sources to /private/tmp/scalafim-umvpa-20260929/core/modules/interop-archived-response/js/target/scala-3.7.4/classes ...
[info] done compiling
[success] Total time: 4 s, completed Sep 30, 2026, 4:20:15 a.m.
[success] Total time: 2 s, completed Sep 30, 2026, 4:20:18 a.m.
[success] Total time: 2 s, completed Sep 30, 2026, 4:20:19 a.m.
[success] Total time: 2 s, completed Sep 30, 2026, 4:20:21 a.m.
[success] Total time: 2 s, completed Sep 30, 2026, 4:20:23 a.m.
[success] Total time: 2 s, completed Sep 30, 2026, 4:20:25 a.m.
[success] Total time: 2 s, completed Sep 30, 2026, 4:20:27 a.m.
[success] Total time: 3 s, completed Sep 30, 2026, 4:20:30 a.m.
[success] Total time: 2 s, completed Sep 30, 2026, 4:20:32 a.m.
[info] compiling 39 Scala sources to /private/tmp/scalafim-umvpa-20260929/core/modules/mvpa/jvm/target/scala-3.7.4/classes ...
[info] done compiling
[success] Total time: 4 s, completed Sep 30, 2026, 4:20:36 a.m.
[info] compiling 39 Scala sources to /private/tmp/scalafim-umvpa-20260929/core/modules/mvpa/js/target/scala-3.7.4/classes ...
[info] done compiling
[success] Total time: 5 s, completed Sep 30, 2026, 4:20:41 a.m.
[info] compiling 9 Scala sources to /private/tmp/scalafim-umvpa-20260929/core/modules/mvpa-fit/jvm/target/scala-3.7.4/classes ...
[info] done compiling
[success] Total time: 8 s, completed Sep 30, 2026, 4:20:48 a.m.
[info] compiling 9 Scala sources to /private/tmp/scalafim-umvpa-20260929/core/modules/mvpa-fit/js/target/scala-3.7.4/classes ...
[info] done compiling
[success] Total time: 8 s, completed Sep 30, 2026, 4:20:56 a.m.
[success] Total time: 1 s, completed Sep 30, 2026, 4:20:57 a.m.
[success] Total time: 0 s, completed Sep 30, 2026, 4:20:58 a.m.
[info] compiling 2 Scala sources to /private/tmp/scalafim-umvpa-20260929/core/modules/mvpa-dataset/jvm/target/scala-3.7.4/classes ...
[info] done compiling
[success] Total time: 4 s, completed Sep 30, 2026, 4:21:02 a.m.
[info] waiting for lock on /Users/bbuchsbaum/.ivy2/.sbt.ivy.lock to be available...
[info] waiting for lock on /Users/bbuchsbaum/.ivy2/.sbt.ivy.lock to be available...
[info] waiting for lock on /Users/bbuchsbaum/.ivy2/.sbt.ivy.lock to be available...
[info] waiting for lock on /Users/bbuchsbaum/.ivy2/.sbt.ivy.lock to be available...
[info] waiting for lock on /Users/bbuchsbaum/.ivy2/.sbt.ivy.lock to be available...
[info] waiting for lock on /Users/bbuchsbaum/.ivy2/.sbt.ivy.lock to be available...
[info] compiling 2 Scala sources to /private/tmp/scalafim-umvpa-20260929/core/modules/mvpa-dataset/js/target/scala-3.7.4/classes ...
[info] done compiling
[success] Total time: 6 s, completed Sep 30, 2026, 4:21:07 a.m.
[info] compiling 5 Scala sources to /private/tmp/scalafim-umvpa-20260929/core/modules/mvpa-spatial/jvm/target/scala-3.7.4/classes ...
[info] done compiling
[success] Total time: 5 s, completed Sep 30, 2026, 4:21:12 a.m.
[info] compiling 5 Scala sources to /private/tmp/scalafim-umvpa-20260929/core/modules/mvpa-spatial/js/target/scala-3.7.4/classes ...
[info] done compiling
[success] Total time: 6 s, completed Sep 30, 2026, 4:21:18 a.m.
[success] Total time: 1 s, completed Sep 30, 2026, 4:21:20 a.m.
[info] waiting for lock on /Users/bbuchsbaum/.ivy2/.sbt.ivy.lock to be available...
[success] Total time: 2 s, completed Sep 30, 2026, 4:21:21 a.m.
[success] Total time: 4 s, completed Sep 30, 2026, 4:21:25 a.m.
[success] Total time: 4 s, completed Sep 30, 2026, 4:21:29 a.m.
[info] compiling 8 Scala sources to /private/tmp/scalafim-umvpa-20260929/core/modules/fmri-workflow/jvm/target/scala-3.7.4/classes ...
[info] done compiling
[success] Total time: 6 s, completed Sep 30, 2026, 4:21:35 a.m.
[info] compiling 6 Scala sources to /private/tmp/scalafim-umvpa-20260929/core/modules/fmri-workflow/js/target/scala-3.7.4/classes ...
[info] done compiling
[success] Total time: 5 s, completed Sep 30, 2026, 4:21:40 a.m.
[success] Total time: 0 s, completed Sep 30, 2026, 4:21:40 a.m.
[success] Total time: 0 s, completed Sep 30, 2026, 4:21:41 a.m.
[info] compiling 7 Scala sources to /private/tmp/scalafim-umvpa-20260929/core/modules/dataset-zarr/jvm/target/scala-3.7.4/classes ...
[info] done compiling
[success] Total time: 6 s, completed Sep 30, 2026, 4:21:47 a.m.
[info] waiting for lock on /Users/bbuchsbaum/.ivy2/.sbt.ivy.lock to be available...
[info] compiling 3 Scala sources to /private/tmp/scalafim-umvpa-20260929/core/modules/dataset-zarr/js/target/scala-3.7.4/classes ...
[info] done compiling
[success] Total time: 6 s, completed Sep 30, 2026, 4:21:53 a.m.
[info] compiling 32 Scala sources to /private/tmp/scalafim-umvpa-20260929/core/modules/mvpa/jvm/target/scala-3.7.4/test-classes ...
[info] done compiling
scalafim.fmri.mvpa.GroupedValidationSuite:
  + identified leave-one-group-out retains complete membership and predictor separation 0.445s
  + display-label changes preserve stable grouping semantics but remain visible in source provenance 0.022s
  + row reordering requires a matching axis while preserving group-keyed scientific membership 0.022s
  + identified schedule is numerically equivalent to legacy leave-one-block-out by held-out group 0.044s
  + invalid stable keys and single-group validation fail through typed boundaries 0.018s
scalafim.fmri.mvpa.measurement.MeasurementLegSuite:
  + identity and sparse selection equal explicit dense and matrix-free slicing without construction reads 0.068s
  + weighted maps match independent arithmetic and distinguish coefficient changes while ignoring rendition 0.008s
  + rank-deficient basis maps preserve explicit metric requirements and reject unverified isometry 0.005s
  + a foreign nominal neural space cannot enter a measurement even with equal dimensions 0.002s
scalafim.fmri.mvpa.CrossDecodingScannerSuite:
  + naive cross-decoding scanner matches the reference engine with shuffled target storage 0.047s
  + naive cross-decoding scanner omits prediction payloads when disabled 0.009s
  + naive cross-decoding scanner preserves local ROI failures 0.01s
  + naive cross-decoding scanner reports non-finite target data like the reference engine 0.004s
scalafim.fmri.mvpa.OperatorRsaSuite:
  + operator crossnobis is exactly equivalent to the explicit-pattern oracle 0.035s
  + operator geometry uses only adjoint sufficient statistics and has a fold-independent bound 0.001s
  + samples absent from every held-out partition cannot leak into the geometry 0.004s
  + crossnobis retains negative null geometry 0.001s
  + operator RSA reuses labeled model scoring and partial nuisance controls through the ordinary engine 0.026s
scalafim.fmri.mvpa.ColumnSuite:
  + columns bind values to the full ordered sample axis 0.005s
  + stable keys, rather than implementation ordinals, survive selection-shaped export 0.001s
  + categorical, scalar and metadata columns remain ordinary distinct Scala types 0.001s
  + column length and nominal row boundaries fail at construction or compilation 0.003s
scalafim.fmri.mvpa.MvpaAdversarialSuite:
  + feature ridge fit stays finite for near-collinear high-dynamic-range predictors 0.045s
  + feature model non-finite pattern values fail only selected local ROIs 0.006s
  + naive cross-decoding source non-finites are local and scanner matches reference 0.002s
  + degenerate prototype correlations stay finite and normalized 0.001s
scalafim.fmri.mvpa.analysis.LocalExecutionSuite:
  + addresses derive stable domain-separated streams regardless of scheduling order 0.011s
  + duplicate retry with the same contribution commits one reducer and OOF row 0.282s
  + conflicting retry is terminal and never double-counts a contribution 0.005s
  + failure immediately before commit leaves no contribution and closes the owned resource once 0.006s
  + partial and cancellation remain incomplete, and compute plus close failures are both preserved 0.007s
  + omitted expected units never form a complete family 0.003s
  + identical declared fingerprint cannot hide a conflicting contribution 0.003s
  + plan identity and measurement identity separate complete stream paths 0.003s
  + explicit schedule reorder preserves canonical reducer and OOF order 0.005s
  + cancellation callback failure is typed and acquires no resources 0.002s
  + reduction faults retain committed coverage including an empty family 0.002s
  + a close-failing retry cannot be healed by an earlier or later commit 0.004s
  + conflict survives a later cancellation and stops further work 0.002s
  + throwing acquire and before-commit preserve their exact typed cause 0.004s
scalafim.fmri.mvpa.ObservationsSuite:
  + dense and operator realizations share scientific identity without hidden materialization 0.009s
  + complete decoded descriptors fail before a poison source is read 0.003s
  + multiresponse targets retain both sample and target-feature identity 0.005s
  + response provenance must declare the bound source 0.002s
  + nominal sample and feature boundaries reject invalid supervision at compile time 0.001s
scalafim.fmri.mvpa.ClassificationSuite:
  + correlation centroid classifier predicts by class templates 0.001s
  + correlation centroid predictions are invariant to a common row offset 0.001s
  + swift centroid classifier supports cross-validated ROI analysis 0.014s
  + cross-validated classifier analysis can store prediction payloads 0.003s
  + ridge LDA classifier returns normalized probabilities 0.005s
  + ridge LDA matches a one-dimensional analytic oracle 0.001s
  + swift centroid keeps finite normalized probabilities with a zero-variance feature 0.0s
  + swift diagonal shrinkage validates alpha through typed errors 0.001s
  + classifiers reject non-finite training and prediction matrices 0.003s
  + cross-validation aligns classifier probability columns by class label 0.001s
  + cross-validation averages repeated test rows and sorts sample outputs 0.003s
  + cross-validation validates fold sample counts when called directly 0.002s
  + accuracy rejects empty predictions 0.0s
  + cross-validated classifier analysis requires every class in every training fold 0.001s
scalafim.fmri.mvpa.MvpaParitySuite:
  + RDM parity fixtures keep squared, normalized, and Euclidean estimands explicit 0.003s
  + crossnobis parity fixture keeps feature normalization explicit 0.002s
  + RSA scorer parity fixture residualizes labeled nuisance RDMs 0.0s
  + classifier parity fixtures anchor centroid and ridge probability oracles 0.005s
  + rMVPA feature_rsa reference fixture anchors bidirectional regional ridge fits 0.005s
  + rMVPA feature_rsa reference fixture anchors searchlight feature-model execution 0.006s
  + rMVPA naive_xdec reference fixture anchors regional cross-decoding 0.003s
  + rMVPA naive_xdec reference fixture anchors searchlight scanner cross-decoding 0.002s
  + lightweight benchmark harness runs deterministic workloads with explicit checksums 0.007s
  + lightweight benchmark harness validates workload shape 0.001s
scalafim.fmri.mvpa.measurement.MeasurementFrameSuite:
  + lazy frames open entries only during traversal and always release the owned observation 0.041s
  + frame construction canonicalizes eager ordering and refuses duplicate ids 0.005s
  + a local task failure preserves later successful outputs and closes exactly once 0.009s
  + iterator failure preserves completed outputs and releases the source 0.009s
  + invalid budgets and failed opens perform no entry or source work 0.008s
  + close failure is reported after retaining successful outputs 0.003s
  + streaming fold does not retain generated entries and owns at most one resource 0.1s
  + eager identity binds actual maps while rendition stays outside scientific identity 0.001s
  + invalid lazy ordering cannot lower the high-water mark and execute a duplicate 0.005s
scalafim.fmri.mvpa.MvpaPropertySuite:
  + naive cross-decoding scanner matches the reference engine over deterministic generated cases 0.027s
  + feature model encoding is invariant to affine source feature transforms 0.002s
  + feature model decoding is invariant to affine source pattern transforms 0.001s
  + naive cross-decoding scanner has a deterministic benchmark checksum 0.004s
scalafim.fmri.mvpa.OperatorRidgeSuite:
  + membership and solver smart constructors reject invalid states 0.007s
  + analytic centered ridge fit has an unpenalized intercept and operator receipt 0.033s
  + operator LSQR coefficients and scores match an independent dense normal-equation oracle 0.014s
  + feature translation and permutation preserve fitted class scores 0.007s
  + soft simplex targets obey the affine target law under cross-validation 0.039s
  + held-out target perturbations cannot change fitted fold scores 0.001s
  + canonical operator analysis returns scores and execution receipts without a dense adapter 0.005s
  + missing fold classes, non-convergence, poisoned operators, and feature mismatch are typed failures 0.018s
scalafim.fmri.mvpa.MvpaMigrationParitySuite:
  + Swift centroid freezes training Z-score, class order, priors, scores, and probabilities 0.004s
  + Swift cross-validation freezes pooled-sample reduction and unequal-fold denominators 0.004s
  + identity-metric RDM uses every ordered distinct partition pair and retains signed values 0.004s
  + migration baseline failure policy remains typed 0.001s
scalafim.fmri.mvpa.AxisRefSuite:
  + compact signatures are deterministic while complete records remain verified 0.004s
  + ordered keys and complete scientific metadata participate in axis identity 0.001s
  + decoded records and supplied indexes are checked before use 0.003s
  + production axes are not subject to the prototype 64-coordinate bound 0.017s
  + locus points retain their runtime owner at compile time 0.001s
scalafim.fmri.mvpa.analysis.CompilationSuite:
  + an open test-only estimand binds and compiles without a registry 0.017s
  + actual source capability is required; a caller label cannot admit a poison source 0.001s
  + source revision, realized splits, map weights, and estimand parameters all change the plan 0.001s
  + schedule changes preserve scientific identity 0.002s
  + result completion is bound to the estimand result type and receipt 0.003s
  + result completion rejects String for a Double estimand at compile time 0.002s
  + dependent entries retain distinct nominal measurement spaces without casts 0.003s
  + native metadata distinguishes structural value and provenance lineage without reading a one-shot operator 0.016s
  + native one-shot observations cannot be admitted as replayable without applying the operator 0.005s
  + pooled-trial and mean-run accuracy retain distinct denominators 0.018s
  + pooled reduction retains exact totals beyond Long range 0.0s
  + empty and duplicate reductions are not numerical results 0.003s
scalafim.fmri.mvpa.PatternOperatorSuite:
  + dense pattern operator preserves the matrix and satisfies the adjoint law 0.003s
  + row and feature restrictions match an explicit dense reference 0.002s
  + row stacking and composed operators match explicit block matrices 0.007s
  + generated operators preserve adjoints and feature-permutation laws 0.008s
  + pattern operator reports malformed axes, shapes, and non-finite inputs 0.005s
scalafim.fmri.mvpa.RdmSuite:
  + squared Euclidean RDM uses lower-triangle order 0.001s
  + correlation RDM computes one minus row correlation 0.002s
  + RDM kernels reject non-finite pattern values 0.001s
  + partition means builder computes fold-wise class means 0.002s
  + partition means builder requires every fold to contain every class 0.001s
  + crossnobis distances use cross-fold second moments 0.003s
  + crossnobis distances keep feature normalization explicit 0.001s
scalafim.fmri.mvpa.MvpaCoreSuite:
  + leave-one-block-out fold plan preserves held-out blocks 0.002s
  + feature sets reject empty and duplicate indices 0.003s
  + feature set plans build regional and searchlight feature streams 0.004s
  + searchlight plans require explicit centers inside each feature set 0.001s
  + engine runs ROI analysis and records per-ROI feature failures 0.003s
  + single ROI task evaluates through a pattern source 0.001s
  + source runner matches the in-memory engine collector 0.001s
  + streaming outcomes match the local engine collector 0.0s
  + streaming visitor can stop before materializing later feature sets 0.003s
  + streaming foldLeft can stop with accumulated state 0.001s
  + streaming validates response and folds before visiting feature sets 0.001s
  + fold-required analyses reject missing folds before visiting feature sets 0.001s
  + streaming emits ROI failures without stopping the stream 0.001s
  + engine records the named feature set plan used for an analysis 0.005s
scalafim.fmri.mvpa.CrossDecodingSuite:
  + naive cross-decoding matches analytic source prototypes 0.002s
  + cross-domain engine preserves searchlight feature-set plans 0.002s
  + cross-domain single-ROI task is a distributed execution boundary 0.002s
  + cross-domain dataset supports paired source and target feature sets 0.002s
  + paired feature sets reject mismatched ROI ids 0.0s
  + cross-domain accuracy is target-row aligned, not sample-id indexed 0.002s
  + naive cross-decoding is invariant to common feature permutation 0.001s
  + cross-decoding design rejects unknown target labels 0.0s
  + cross-domain engine validates sample counts before visiting feature sets 0.0s
  + cross-domain ROI failures stay local to the offending feature set 0.001s
scalafim.fmri.mvpa.FeatureModelSuite:
  + feature model encodes design features into held-out neural patterns 0.003s
  + feature model decodes held-out neural patterns into design features 0.002s
  + feature model averages repeated held-out samples with a zero-variance source 0.003s
  + feature model design validates labels, dimensions, and finite values 0.0s
  + feature model analysis reports typed shape errors through ROI failures 0.0s
scalafim.fmri.mvpa.ReindexingLegSuite:
  + selection, injection, draw and permutation retain distinct axis identity 0.016s
  + nested draws preserve root keys and occurrence paths through composition 0.008s
  + composition is associative and agrees with an independent direct ordinal oracle 0.002s
  + columns, observations and multiresponse targets restrict without reading matrix-free evidence 0.004s
  + foreign row legs and abstract reindexings fail at the public type boundary 0.001s
scalafim.fmri.mvpa.EvidenceDesignSuite:
  + exact-once cross-fit covers every identified sample exactly once 0.006s
  + repeated exact validation remains exact but cannot become exact-once cross-fit 0.008s
  + bootstrap analysis rows retain draw occurrence identity and ordinary coverage 0.026s
  + randomization receipts and assignments are axis-scoped and access-order independent 0.028s
  + public plan mapping forgets coverage and design families cannot be interchanged 0.001s
  + unknown plan units return a typed boundary error 0.0s
scalafim.fmri.mvpa.OperatorMvpaSuite:
  + pattern source and ROI analysis representations must agree at compile time 0.0s
  + canonical MVPA engine accepts operator analyses without a parallel hierarchy 0.005s
  + operator analyses use the ordinary task and streaming boundaries 0.001s
  + operator execution preserves canonical fold and feature failure contracts 0.001s
scalafim.fmri.mvpa.relation.RelationsSuite:
  + residual methods require supplied residual moment precision and df capabilities 0.0s
  + replay provenance must name its reader owner 0.013s
  + a restriction from a different identified effect axis cannot typecheck 0.0s
scalafim.fmri.mvpa.analysis.DiagnosticsSuite:
  + describe and explain only inspect cached metadata 0.016s
  + native diagnostic binding does not apply a poison evidence operator 0.003s
  + large axis inspection is bounded and continuation-driven 0.034s
  + identity evidence never overclaims complete verification 0.003s
  + structural plan differences require rebind and repairs preserve scientific scope 0.011s
  + open estimand metadata is captured once and never re-entered by diagnostics 0.002s
  + capability changes require renewed admission and explain legal next operations 0.001s
  + large scientific metadata pages retain all entries through continuations 0.007s
scalafim.fmri.mvpa.SearchlightClassificationSuite:
  + SWIFT searchlight scanner matches the reference classifier analysis 0.021s
  + SWIFT searchlight scanner matches reference classification with overlapping folds 0.002s
  + ridge LDA searchlight scanner matches the reference classifier analysis 0.007s
  + searchlight scanner falls back to the classifier contract for non-specialized classifiers 0.001s
  + SWIFT searchlight scanner preserves reference failures 0.0s
scalafim.fmri.mvpa.RsaSuite:
  + RDM analysis can use class-mean rows and store the observed RDM payload 0.002s
  + crossnobis analysis computes crossvalidated class distances 0.002s
  + Spearman RDM scorer uses average ranks for ties 0.001s
  + Spearman RDM scorer reports typed finite and zero-variance errors 0.0s
  + RDM vectors expose symmetric row-distance access 0.001s
  + partial Pearson RDM scorer aligns labeled controls and residualizes them 0.0s
  + partial Pearson RDM scorer reports typed zero-residual errors 0.001s
  + RSA analysis aligns labeled model RDMs to observed class order 0.005s
  + RSA analysis passes labeled observed RDMs to partial Pearson scorer 0.002s
  + RSA analysis can use a Spearman scorer 0.001s
  + RSA analysis reports a typed error for model item mismatches 0.0s
  + samplewise RSA computes block-excluded row-wise second-order scores 0.006s
  + samplewise RSA is invariant to consistent sample reordering 0.001s
  + samplewise RSA represents undefined row scores without failing the ROI 0.002s
  + samplewise RSA reports typed design and shape errors 0.002s
[info] Passed: Total 198, Failed 0, Errors 0, Passed 198
[success] Total time: 12 s, completed Sep 30, 2026, 4:22:04 a.m.
[info] compiling 12 Scala sources to /private/tmp/scalafim-umvpa-20260929/core/modules/mvpa-fit/jvm/target/scala-3.7.4/test-classes ...
[info] done compiling
scalafim.fmri.mvpa.fit.CanonicalEffectAcceptanceSuite:
  + the complete leave-one-run-out path agrees with the committed base-R oracle 0.396s
  + run and row order, contrast scale, and nuisance basis do not change the estimand 0.032s
  + feature rotations, scale, and semantic feature-axis permutations obey their covariance laws 0.017s
  + zero effects remain zero and perfect held-out effects report typed denominator degeneracy 0.013s
  + held-out signal recovery dominates deterministic null calibration without response leakage 0.046s
  + large time axes still produce only feature and design sufficient statistics 0.012s
scalafim.fmri.mvpa.fit.SoftLdaSuite:
  + pulled-back soft LDA agrees for operator and explicit pattern sources 0.184s
  + simplex memberships remain soft through every training fold 0.013s
  + trial nuisance is selected within folds and remains distinct in the receipt 0.015s
  + analysis adapter integrates soft LDA with the ordinary MVPA engine 0.035s
scalafim.fmri.mvpa.fit.SignedCrossRunRayleighMvpaSuite:
  + folds match the independent dense base-R cross-run fixture 0.017s
  + a held-out run sign flip reverses its signed fold without changing the frozen training fit 0.004s
  + global response sign, common scale, contrast scale, and run order obey their invariance laws 0.014s
  + ordinary feature-set streaming can stop without a signed-specific execution engine 0.005s
  + non-finite signed values and degenerate training residuals are represented as typed failures 0.022s
scalafim.fmri.mvpa.fit.CanonicalEffectMvpaSuite:
  + runwise streaming moments agree with batch products and explicit dense projectors 0.001s
  + regional and searchlight plans execute through ordinary MVPA summaries and typed canonical payloads 0.008s
  + held-out response perturbations change the held-out score but cannot alter its frozen training frame 0.004s
  + feature-set traversal honors the existing streaming stop control 0.001s
  + dataset and geometry schedules reject incomplete or mismatched run structure 0.002s
  + response-learned temporal geometry must resolve the exact training-run scope 0.045s
  + the canonical analysis surface requires no trialwise beta or TrialReadout artifact 0.002s
scalafim.fmri.mvpa.fit.ManovaMvpaSuite:
  + one-shot MANOVA matches the independent dense base-R fold fixture 0.065s
  + invertible contrast-basis changes preserve every held-out estimand 0.013s
  + held-out perturbations cannot alter the frozen training spectrum 0.014s
  + MANOVA feature traversal uses the ordinary summary and streaming stop contract 0.025s
scalafim.fmri.mvpa.fit.BetaFreeRsaAcceptanceSuite:
  + trial readouts feed exact beta-free crossnobis and RSA through the ordinary MVPA engine 0.232s
scalafim.fmri.mvpa.fit.OneShotDatasetSuite:
  + run-local readouts compose and stack to the explicit trial-pattern oracle 0.011s
  + stacked one-shot operator satisfies adjoint and fold-restriction laws 0.006s
  + one-shot pattern source pushes ROI selection into each run composition 0.003s
  + one-shot engine returns existing ridge-LDA outcomes across feature sets 0.042s
  + one-shot engine trains operator-native ridge through composed readouts 0.056s
  + one-shot soft LDA pulls class relations through trial readout operators 0.011s
  + one-shot constructors reject incompatible run and feature structure 0.002s
scalafim.fmri.mvpa.fit.ConstrainedCanonicalMvpaSuite:
  + complete nonnegative one-shot MVPA agrees with the independent base-R active-face oracle 0.097s
  + held-out response perturbation cannot change its frozen training fit 0.011s
  + feature permutations preserve the estimand while general rotations need not 0.01s
  + ordinary MVPA summary and streaming stop contracts remain available 0.01s
scalafim.fmri.mvpa.fit.IdentifiedReadoutRelationsSuite:
  + runwise B = A Y agrees with the dense TrialReadout oracle without eager adapter materialization 0.103s
  + effect and feature metadata are checked before response composition 0.004s
  + escaped direct and restricted forward and adjoint values refuse after closure 0.065s
  + rejected nested acquisition does not close the outer scope 0.004s
  + later acquisition failure closes only earlier owned resources 0.002s
  + task failure and multiple returned or thrown close failures are preserved 0.007s
  + foreign residual source is rejected before any capability callback 0.003s
[info] Passed: Total 45, Failed 0, Errors 0, Passed 45
[success] Total time: 9 s, completed Sep 30, 2026, 4:22:13 a.m.
[info] compiling 1 Scala source to /private/tmp/scalafim-umvpa-20260929/core/modules/mvpa-dataset/jvm/target/scala-3.7.4/test-classes ...
[info] done compiling
scalafim.fmri.mvpa.dataset.MvpaDatasetViewSuite:
  + dataset view preserves selected timepoints, matrix orientation, and global feature indices 0.206s
  + OpenedDatasetMvpaExecutor builds patterns from the effectful attachment boundary 0.366s
  + derived pattern rows support beta-like estimates without pretending to be timepoints 0.039s
  + sample metadata builds categorical responses and labeled leave-one-block-out folds 0.003s
  + labeled dataset view source drives the MVPA engine without losing alignment 0.002s
  + labeled view refuses unlabeled samples before classifier workflows 0.003s
  + metadata contract failures are explicit ADT values 0.009s
[info] Passed: Total 7, Failed 0, Errors 0, Passed 7
[success] Total time: 7 s, completed Sep 30, 2026, 4:22:21 a.m.
