[info] welcome to sbt 1.11.7 (Homebrew Java 25.0.1)
[info] loading settings for project inference-evidence-build from plugins.sbt...
[info] loading project definition from /private/tmp/scalafim-execution-20260929/inference-evidence/project
[info] loading settings for project root from build.sbt...
[info] loading settings for project bids4s-build from plugins.sbt...
[info] loading project definition from /Users/bbuchsbaum/.sbt/1.0/staging/77e7bdc71bddb8077fcd/bids4s/project
[info] loading settings for project root from build.sbt...
[info] loading settings for project gale-build from plugins.sbt...
[info] loading project definition from /Users/bbuchsbaum/.sbt/1.0/staging/449715b8ebc2010e6e23/gale/project
[info] loading settings for project root from build.sbt...
[info] loading settings for project graph4s-build from plugins.sbt...
[info] loading project definition from /Users/bbuchsbaum/.sbt/1.0/staging/b4b08747efd9a8151229/graph4s/project
[info] loading settings for project root from build.sbt...
[info] loading settings for project gale-build from plugins.sbt...
[info] loading project definition from /Users/bbuchsbaum/.sbt/1.0/staging/5a90f48e170e9e640ee1/gale/project
[info] loading settings for project root from build.sbt...
[info] loading settings for project image4s-build from plugins.sbt...
[info] loading project definition from /Users/bbuchsbaum/.sbt/1.0/staging/cd3a5082f5d2990355dd/image4s/project
[info] loading settings for project root from build.sbt...
[info] loading settings for project intaglio-build from plugins.sbt...
[info] loading project definition from /Users/bbuchsbaum/.sbt/1.0/staging/34fcacf7027b8ae3b2f8/intaglio/project
[info] loading settings for project root from build.sbt...
[info] loading settings for project locus4s-build from plugins.sbt...
[info] loading project definition from /Users/bbuchsbaum/.sbt/1.0/staging/05a8f1a231c171f1bca0/locus4s/project
[info] loading settings for project root from build.sbt...
[info] loading settings for project multivar-build from plugins.sbt...
[info] loading project definition from /Users/bbuchsbaum/.sbt/1.0/staging/55929e145617b909ca3a/multivar/project
[info] loading settings for project root from build.sbt...
[info] loading settings for project ravel-build from plugins.sbt...
[info] loading project definition from /Users/bbuchsbaum/.sbt/1.0/staging/57a292f3a6ded9e259cf/ravel/project
[info] loading settings for project root from build.sbt...
[info] loading settings for project reframe4s-build from plugins.sbt...
[info] loading project definition from /Users/bbuchsbaum/.sbt/1.0/staging/aa1fd63832323d604703/reframe4s/project
[info] loading settings for project root from build.sbt...
[info] loading settings for project image4s-build from plugins.sbt...
[info] loading project definition from /Users/bbuchsbaum/.sbt/1.0/staging/41e96dde036f148f012a/image4s/project
[info] loading settings for project root from build.sbt...
[info] loading settings for project zarr4s-build from plugins.sbt...
[info] loading project definition from /Users/bbuchsbaum/.sbt/1.0/staging/34c0071f90095ef07887/zarr4s/project
[info] loading settings for project root from build.sbt...
[info] resolving key references (260003 settings) ...
[info] set current project to scalafim (in build file:/private/tmp/scalafim-execution-20260929/inference-evidence/)
[success] Total time: 0 s, completed Sep 30, 2026, 5:49:31 a.m.
[success] Total time: 0 s, completed Sep 30, 2026, 5:49:31 a.m.
[success] Total time: 0 s, completed Sep 30, 2026, 5:49:31 a.m.
[success] Total time: 0 s, completed Sep 30, 2026, 5:49:31 a.m.
[info] compiling 3 Scala sources to /private/tmp/scalafim-execution-20260929/inference-evidence/modules/response/jvm/target/scala-3.7.4/classes ...
[info] done compiling
[success] Total time: 2 s, completed Sep 30, 2026, 5:49:34 a.m.
[success] Total time: 0 s, completed Sep 30, 2026, 5:49:34 a.m.
[info] compiling 1 Scala source to /private/tmp/scalafim-execution-20260929/inference-evidence/modules/response-laws/jvm/target/scala-3.7.4/classes ...
[info] done compiling
[success] Total time: 1 s, completed Sep 30, 2026, 5:49:35 a.m.
[success] Total time: 0 s, completed Sep 30, 2026, 5:49:35 a.m.
[info] compiling 2 Scala sources to /private/tmp/scalafim-execution-20260929/inference-evidence/modules/latent/jvm/target/scala-3.7.4/classes ...
[info] done compiling
[success] Total time: 3 s, completed Sep 30, 2026, 5:49:38 a.m.
[success] Total time: 2 s, completed Sep 30, 2026, 5:49:39 a.m.
[success] Total time: 0 s, completed Sep 30, 2026, 5:49:40 a.m.
[success] Total time: 0 s, completed Sep 30, 2026, 5:49:40 a.m.
[success] Total time: 0 s, completed Sep 30, 2026, 5:49:40 a.m.
[success] Total time: 0 s, completed Sep 30, 2026, 5:49:40 a.m.
[success] Total time: 0 s, completed Sep 30, 2026, 5:49:40 a.m.
[success] Total time: 0 s, completed Sep 30, 2026, 5:49:40 a.m.
[success] Total time: 0 s, completed Sep 30, 2026, 5:49:40 a.m.
[success] Total time: 0 s, completed Sep 30, 2026, 5:49:40 a.m.
[success] Total time: 0 s, completed Sep 30, 2026, 5:49:40 a.m.
[success] Total time: 1 s, completed Sep 30, 2026, 5:49:41 a.m.
[success] Total time: 3 s, completed Sep 30, 2026, 5:49:44 a.m.
[success] Total time: 2 s, completed Sep 30, 2026, 5:49:45 a.m.
[info] compiling 1 Scala source to /private/tmp/scalafim-execution-20260929/inference-evidence/modules/provider-spike/jvm/target/scala-3.7.4/classes ...
[info] done compiling
[success] Total time: 1 s, completed Sep 30, 2026, 5:49:46 a.m.
[success] Total time: 0 s, completed Sep 30, 2026, 5:49:46 a.m.
[info] compiling 1 Scala source to /private/tmp/scalafim-execution-20260929/inference-evidence/modules/image-view/jvm/target/scala-3.7.4/classes ...
[info] done compiling
[success] Total time: 3 s, completed Sep 30, 2026, 5:49:49 a.m.
[success] Total time: 2 s, completed Sep 30, 2026, 5:49:50 a.m.
[success] Total time: 2 s, completed Sep 30, 2026, 5:49:52 a.m.
[success] Total time: 2 s, completed Sep 30, 2026, 5:49:54 a.m.
[success] Total time: 2 s, completed Sep 30, 2026, 5:49:55 a.m.
[info] compiling 2 Scala sources to /private/tmp/scalafim-execution-20260929/inference-evidence/modules/threshold/jvm/target/scala-3.7.4/classes ...
[info] done compiling
[success] Total time: 2 s, completed Sep 30, 2026, 5:49:57 a.m.
[success] Total time: 2 s, completed Sep 30, 2026, 5:49:59 a.m.
[info] compiling 9 Scala sources to /private/tmp/scalafim-execution-20260929/inference-evidence/modules/motion/jvm/target/scala-3.7.4/classes ...
[info] done compiling
[success] Total time: 3 s, completed Sep 30, 2026, 5:50:02 a.m.
[success] Total time: 2 s, completed Sep 30, 2026, 5:50:04 a.m.
[info] compiling 2 Scala sources to /private/tmp/scalafim-execution-20260929/inference-evidence/modules/surface/jvm/target/scala-3.7.4/classes ...
[info] done compiling
[success] Total time: 2 s, completed Sep 30, 2026, 5:50:06 a.m.
[success] Total time: 2 s, completed Sep 30, 2026, 5:50:08 a.m.
[info] compiling 2 Scala sources to /private/tmp/scalafim-execution-20260929/inference-evidence/modules/surface-view/jvm/target/scala-3.7.4/classes ...
[info] done compiling
[success] Total time: 2 s, completed Sep 30, 2026, 5:50:10 a.m.
[success] Total time: 2 s, completed Sep 30, 2026, 5:50:12 a.m.
[success] Total time: 2 s, completed Sep 30, 2026, 5:50:13 a.m.
[success] Total time: 2 s, completed Sep 30, 2026, 5:50:15 a.m.
[success] Total time: 2 s, completed Sep 30, 2026, 5:50:17 a.m.
[success] Total time: 2 s, completed Sep 30, 2026, 5:50:19 a.m.
[success] Total time: 2 s, completed Sep 30, 2026, 5:50:21 a.m.
[success] Total time: 2 s, completed Sep 30, 2026, 5:50:22 a.m.
[success] Total time: 2 s, completed Sep 30, 2026, 5:50:24 a.m.
[success] Total time: 2 s, completed Sep 30, 2026, 5:50:26 a.m.
[info] compiling 5 Scala sources to /private/tmp/scalafim-execution-20260929/inference-evidence/modules/transform/jvm/target/scala-3.7.4/classes ...
[info] done compiling
[success] Total time: 3 s, completed Sep 30, 2026, 5:50:29 a.m.
[success] Total time: 2 s, completed Sep 30, 2026, 5:50:31 a.m.
[info] compiling 4 Scala sources to /private/tmp/scalafim-execution-20260929/inference-evidence/modules/spatial/jvm/target/scala-3.7.4/classes ...
[info] done compiling
[success] Total time: 3 s, completed Sep 30, 2026, 5:50:33 a.m.
[success] Total time: 2 s, completed Sep 30, 2026, 5:50:35 a.m.
[info] compiling 8 Scala sources to /private/tmp/scalafim-execution-20260929/inference-evidence/modules/atlas/jvm/target/scala-3.7.4/classes ...
[info] done compiling
[success] Total time: 3 s, completed Sep 30, 2026, 5:50:38 a.m.
[success] Total time: 2 s, completed Sep 30, 2026, 5:50:40 a.m.
[success] Total time: 0 s, completed Sep 30, 2026, 5:50:40 a.m.
[success] Total time: 0 s, completed Sep 30, 2026, 5:50:40 a.m.
[success] Total time: 2 s, completed Sep 30, 2026, 5:50:42 a.m.
[success] Total time: 2 s, completed Sep 30, 2026, 5:50:44 a.m.
[success] Total time: 2 s, completed Sep 30, 2026, 5:50:45 a.m.
[success] Total time: 2 s, completed Sep 30, 2026, 5:50:47 a.m.
[info] compiling 20 Scala sources to /private/tmp/scalafim-execution-20260929/inference-evidence/modules/dataset/jvm/target/scala-3.7.4/classes ...
[info] done compiling
[info] compiling 3 Scala sources to /private/tmp/scalafim-execution-20260929/inference-evidence/modules/group/jvm/target/scala-3.7.4/classes ...
[info] compiling 1 Scala source to /private/tmp/scalafim-execution-20260929/inference-evidence/modules/fit/jvm/target/scala-3.7.4/classes ...
[info] done compiling
[info] done compiling
[info] compiling 1 Scala source to /private/tmp/scalafim-execution-20260929/inference-evidence/modules/fit-estimates/jvm/target/scala-3.7.4/classes ...
[info] done compiling
[success] Total time: 5 s, completed Sep 30, 2026, 5:50:52 a.m.
[success] Total time: 2 s, completed Sep 30, 2026, 5:50:54 a.m.
[info] compiling 2 Scala sources to /private/tmp/scalafim-execution-20260929/inference-evidence/modules/archive-lna/jvm/target/scala-3.7.4/classes ...
[info] done compiling
[success] Total time: 2 s, completed Sep 30, 2026, 5:50:56 a.m.
[success] Total time: 2 s, completed Sep 30, 2026, 5:50:58 a.m.
[info] compiling 15 Scala sources to /private/tmp/scalafim-execution-20260929/inference-evidence/modules/interop-archived-response/jvm/target/scala-3.7.4/classes ...
[info] done compiling
[success] Total time: 3 s, completed Sep 30, 2026, 5:51:01 a.m.
[success] Total time: 2 s, completed Sep 30, 2026, 5:51:03 a.m.
[success] Total time: 2 s, completed Sep 30, 2026, 5:51:04 a.m.
[success] Total time: 2 s, completed Sep 30, 2026, 5:51:06 a.m.
[success] Total time: 2 s, completed Sep 30, 2026, 5:51:07 a.m.
[success] Total time: 2 s, completed Sep 30, 2026, 5:51:09 a.m.
[success] Total time: 2 s, completed Sep 30, 2026, 5:51:11 a.m.
[success] Total time: 2 s, completed Sep 30, 2026, 5:51:12 a.m.
[success] Total time: 2 s, completed Sep 30, 2026, 5:51:14 a.m.
[success] Total time: 2 s, completed Sep 30, 2026, 5:51:16 a.m.
[success] Total time: 0 s, completed Sep 30, 2026, 5:51:16 a.m.
[success] Total time: 0 s, completed Sep 30, 2026, 5:51:16 a.m.
[success] Total time: 2 s, completed Sep 30, 2026, 5:51:18 a.m.
[success] Total time: 2 s, completed Sep 30, 2026, 5:51:20 a.m.
[success] Total time: 0 s, completed Sep 30, 2026, 5:51:20 a.m.
[success] Total time: 0 s, completed Sep 30, 2026, 5:51:20 a.m.
[success] Total time: 2 s, completed Sep 30, 2026, 5:51:22 a.m.
[success] Total time: 2 s, completed Sep 30, 2026, 5:51:23 a.m.
[info] compiling 3 Scala sources to /private/tmp/scalafim-execution-20260929/inference-evidence/modules/mvpa-spatial/jvm/target/scala-3.7.4/classes ...
[info] done compiling
[success] Total time: 2 s, completed Sep 30, 2026, 5:51:26 a.m.
[success] Total time: 2 s, completed Sep 30, 2026, 5:51:27 a.m.
[success] Total time: 2 s, completed Sep 30, 2026, 5:51:29 a.m.
[success] Total time: 2 s, completed Sep 30, 2026, 5:51:31 a.m.
[info] compiling 3 Scala sources to /private/tmp/scalafim-execution-20260929/inference-evidence/modules/fmri-workflow/jvm/target/scala-3.7.4/classes ...
[info] done compiling
[success] Total time: 2 s, completed Sep 30, 2026, 5:51:33 a.m.
[success] Total time: 2 s, completed Sep 30, 2026, 5:51:35 a.m.
[success] Total time: 0 s, completed Sep 30, 2026, 5:51:35 a.m.
[success] Total time: 0 s, completed Sep 30, 2026, 5:51:35 a.m.
[info] compiling 2 Scala sources to /private/tmp/scalafim-execution-20260929/inference-evidence/modules/dataset-zarr/jvm/target/scala-3.7.4/classes ...
[info] done compiling
[success] Total time: 2 s, completed Sep 30, 2026, 5:51:37 a.m.
[success] Total time: 2 s, completed Sep 30, 2026, 5:51:39 a.m.
