[info] welcome to sbt 1.11.7 (Homebrew Java 25.0.1)
[info] loading settings for project inference-evidence-build from plugins.sbt...
[info] loading project definition from /private/tmp/scalafim-execution-20260929/inference-evidence/project
[info] loading settings for project root from build.sbt...
[info] loading settings for project bids4s-build from plugins.sbt...
[info] loading project definition from /Users/bbuchsbaum/.sbt/1.0/staging/77e7bdc71bddb8077fcd/bids4s/project
[info] loading settings for project root from build.sbt...
[info] loading settings for project gale-build from plugins.sbt...
[info] loading project definition from /Users/bbuchsbaum/.sbt/1.0/staging/449715b8ebc2010e6e23/gale/project
[info] loading settings for project root from build.sbt...
[info] loading settings for project graph4s-build from plugins.sbt...
[info] loading project definition from /Users/bbuchsbaum/.sbt/1.0/staging/b4b08747efd9a8151229/graph4s/project
[info] loading settings for project root from build.sbt...
[info] loading settings for project gale-build from plugins.sbt...
[info] loading project definition from /Users/bbuchsbaum/.sbt/1.0/staging/5a90f48e170e9e640ee1/gale/project
[info] loading settings for project root from build.sbt...
[info] loading settings for project image4s-build from plugins.sbt...
[info] loading project definition from /Users/bbuchsbaum/.sbt/1.0/staging/cd3a5082f5d2990355dd/image4s/project
[info] loading settings for project root from build.sbt...
[info] loading settings for project intaglio-build from plugins.sbt...
[info] loading project definition from /Users/bbuchsbaum/.sbt/1.0/staging/34fcacf7027b8ae3b2f8/intaglio/project
[info] loading settings for project root from build.sbt...
[info] loading settings for project locus4s-build from plugins.sbt...
[info] loading project definition from /Users/bbuchsbaum/.sbt/1.0/staging/05a8f1a231c171f1bca0/locus4s/project
[info] loading settings for project root from build.sbt...
[info] loading settings for project multivar-build from plugins.sbt...
[info] loading project definition from /Users/bbuchsbaum/.sbt/1.0/staging/55929e145617b909ca3a/multivar/project
[info] loading settings for project root from build.sbt...
[info] loading settings for project ravel-build from plugins.sbt...
[info] loading project definition from /Users/bbuchsbaum/.sbt/1.0/staging/57a292f3a6ded9e259cf/ravel/project
[info] loading settings for project root from build.sbt...
[info] loading settings for project reframe4s-build from plugins.sbt...
[info] loading project definition from /Users/bbuchsbaum/.sbt/1.0/staging/aa1fd63832323d604703/reframe4s/project
[info] loading settings for project root from build.sbt...
[info] loading settings for project image4s-build from plugins.sbt...
[info] loading project definition from /Users/bbuchsbaum/.sbt/1.0/staging/41e96dde036f148f012a/image4s/project
[info] loading settings for project root from build.sbt...
[info] loading settings for project zarr4s-build from plugins.sbt...
[info] loading project definition from /Users/bbuchsbaum/.sbt/1.0/staging/34c0071f90095ef07887/zarr4s/project
[info] loading settings for project root from build.sbt...
[info] resolving key references (260003 settings) ...
[info] set current project to scalafim (in build file:/private/tmp/scalafim-execution-20260929/inference-evidence/)
scalafim.estimates.EstimateContractSuite:
  + shared catalog joins scientific IDs despite repeated labels and unit-local column order 0.002s
  + statistic-only units remain inspectable without invented effects or uncertainty 0.001s
  + known statistic distributions and links require positive aligned df and explicit hypothesis mapping 0.003s
  + logical selection preserves reversed estimand and sparse sample order with checked capacities 0.000s
  + outside support differs from unknown samples and valid zero remains data 0.000s
  + covariance names both axes in deterministic upper-triangle order 0.000s
  + normalization requires an explicit retained variance-scale product 0.000s
  + df domain, physical FIR coordinates and artifact references validate at construction 0.001s
  + marginal uncertainty binds supported df to the same observation, target and pooling axes 0.000s
  + partial collection coverage preserves missing intended units 0.000s
  + pair requests preserve order and reject reversed, duplicate and oversized axes 0.000s
  + consumer covariance verification rejects indefiniteness even with zero variance scale 0.002s
  + shared delivery has only named observation and pair axes with independent block budgets 0.001s
scalafim.estimates.InferenceEvidenceSuite:
  + restricted coefficient scope preserves explicit order and unavailable conditioning 0.006s
  + planes require known observation and catalog hypothesis with statistic semantics 0.002s
  + all ten codes are closed; Unrecorded is distinct from measured success 0.000s
  + selected status validation preserves permutations and refuses missing evidence and capacities 0.001s
[info] Passed: Total 17, Failed 0, Errors 0, Passed 17
[success] Total time: 3 s, completed Sep 30, 2026, 5:49:09 a.m.
scalafim.estimates.io.EstimateMetadataSuite:
  + catalog roundtrip preserves physical response intervals, IDs and repeated labels 0.005s
  + decoding rejects unknown versions and invalid catalog invariants 0.001s
  + pinned pointers preserve exact root-relative Path SHA256 Bytes references 0.001s
  + unit metadata roundtrips uncertainty semantics and reads pre-extension documents as unspecified 0.015s
  + development bare statistic links migrate to unknown correspondence; Core requires structured mapping 0.008s
  + Core-3 is explicit and strict; old encoders refuse recorded evidence 0.009s
scalafim.estimates.io.SharedCovarianceTableSuite:
  + literal normalized table preserves nonlexical named axes and signed entries 0.006s
  + strict table dispatch rejects unknown fields, tags, precision, broadcast and numeric codes 0.008s
  + shared layout refuses absolute, sample-dependent, wrong identity or precision descriptors 0.001s
  + Core-2 is unit-only, strictly tagged, and preserves the old representation helper 0.015s
[info] Passed: Total 10, Failed 0, Errors 0, Passed 10
[success] Total time: 2 s, completed Sep 30, 2026, 5:49:11 a.m.
