[info] welcome to sbt 1.11.7 (Homebrew Java 25.0.1)
[info] loading settings for project scalafim-umvpa-20260930-canonical-admission-build from plugins.sbt...
[info] loading project definition from /private/tmp/scalafim-umvpa-20260930-canonical-admission/project
[info] loading settings for project root from build.sbt...
[info] loading settings for project alder-build from plugins.sbt...
[info] loading project definition from /private/tmp/scalafim-umvpa-20260929/sbt-global/staging/70113493d2034afa26c1/alder/project
[info] loading settings for project root from build.sbt...
[info] loading settings for project bids4s-build from plugins.sbt...
[info] loading project definition from /private/tmp/scalafim-umvpa-20260929/sbt-global/staging/77e7bdc71bddb8077fcd/bids4s/project
[info] loading settings for project root from build.sbt...
[info] loading settings for project gale-build from plugins.sbt...
[info] loading project definition from /private/tmp/scalafim-umvpa-20260929/sbt-global/staging/5a90f48e170e9e640ee1/gale/project
[info] loading settings for project root from build.sbt...
[info] loading settings for project graph4s-build from plugins.sbt...
[info] loading project definition from /private/tmp/scalafim-umvpa-20260929/sbt-global/staging/b4b08747efd9a8151229/graph4s/project
[info] loading settings for project root from build.sbt...
[info] loading settings for project image4s-build from plugins.sbt...
[info] loading project definition from /private/tmp/scalafim-umvpa-20260929/sbt-global/staging/41e96dde036f148f012a/image4s/project
[info] loading settings for project root from build.sbt...
[info] loading settings for project intaglio-build from plugins.sbt...
[info] loading project definition from /private/tmp/scalafim-umvpa-20260929/sbt-global/staging/34fcacf7027b8ae3b2f8/intaglio/project
[info] loading settings for project root from build.sbt...
[info] loading settings for project linops4s-build from plugins.sbt...
[info] loading project definition from /private/tmp/scalafim-umvpa-20260929/sbt-global/staging/cfabf5f1e5e2fb8fb176/linops4s/project
[info] loading settings for project root from build.sbt...
[info] loading settings for project locus4s-build from plugins.sbt...
[info] loading project definition from /private/tmp/scalafim-umvpa-20260929/sbt-global/staging/05a8f1a231c171f1bca0/locus4s/project
[info] loading settings for project root from build.sbt...
[info] loading settings for project multivar-build from plugins.sbt...
[info] loading project definition from /private/tmp/scalafim-umvpa-20260929/sbt-global/staging/8a071d8f65817f0f368f/multivar/project
[info] loading settings for project root from build.sbt...
[info] loading settings for project ravel-build from plugins.sbt...
[info] loading project definition from /private/tmp/scalafim-umvpa-20260929/sbt-global/staging/57a292f3a6ded9e259cf/ravel/project
[info] loading settings for project root from build.sbt...
[info] loading settings for project reframe4s-build from plugins.sbt...
[info] loading project definition from /private/tmp/scalafim-umvpa-20260929/sbt-global/staging/35134e4fbd77703f1507/reframe4s/project
[info] loading settings for project root from build.sbt...
[info] loading settings for project resample4s-build from plugins.sbt...
[info] loading project definition from /private/tmp/scalafim-umvpa-20260929/sbt-global/staging/3f5d01c7e6069e74a205/resample4s/project
[info] loading settings for project root from build.sbt...
[info] loading settings for project zarr4s-build from plugins.sbt...
[info] loading project definition from /private/tmp/scalafim-umvpa-20260929/sbt-global/staging/34c0071f90095ef07887/zarr4s/project
[info] loading settings for project root from build.sbt...
[info] resolving key references (303158 settings) ...
[info] set current project to scalafim (in build file:/private/tmp/scalafim-umvpa-20260930-canonical-admission/)
[success] Total time: 1 s, completed Sep 30, 2026, 3:48:01 p.m.
[success] Total time: 1 s, completed Sep 30, 2026, 3:48:01 p.m.
[success] Total time: 1 s, completed Sep 30, 2026, 3:48:02 p.m.
[success] Total time: 1 s, completed Sep 30, 2026, 3:48:03 p.m.
[success] Total time: 0 s, completed Sep 30, 2026, 3:48:03 p.m.
[success] Total time: 1 s, completed Sep 30, 2026, 3:48:04 p.m.
[info] compiling 1 Scala source to /private/tmp/scalafim-umvpa-20260930-canonical-admission/modules/response-laws/jvm/target/scala-3.7.4/classes ...
[info] done compiling
[success] Total time: 7 s, completed Sep 30, 2026, 3:48:11 p.m.
[info] compiling 1 Scala source to /private/tmp/scalafim-umvpa-20260930-canonical-admission/modules/response-laws/js/target/scala-3.7.4/classes ...
[info] done compiling
[success] Total time: 2 s, completed Sep 30, 2026, 3:48:13 p.m.
[info] compiling 17 Scala sources to /private/tmp/scalafim-umvpa-20260930-canonical-admission/modules/latent/jvm/target/scala-3.7.4/classes ...
[info] done compiling
[success] Total time: 8 s, completed Sep 30, 2026, 3:48:21 p.m.
[info] compiling 17 Scala sources to /private/tmp/scalafim-umvpa-20260930-canonical-admission/modules/latent/js/target/scala-3.7.4/classes ...
[info] done compiling
[success] Total time: 6 s, completed Sep 30, 2026, 3:48:28 p.m.
[success] Total time: 0 s, completed Sep 30, 2026, 3:48:28 p.m.
[success] Total time: 0 s, completed Sep 30, 2026, 3:48:28 p.m.
[success] Total time: 0 s, completed Sep 30, 2026, 3:48:28 p.m.
[success] Total time: 0 s, completed Sep 30, 2026, 3:48:28 p.m.
[info] compiling 2 Scala sources to /private/tmp/scalafim-umvpa-20260930-canonical-admission/modules/hrf-laws/jvm/target/scala-3.7.4/classes ...
[info] done compiling
[success] Total time: 1 s, completed Sep 30, 2026, 3:48:29 p.m.
[info] compiling 2 Scala sources to /private/tmp/scalafim-umvpa-20260930-canonical-admission/modules/hrf-laws/js/target/scala-3.7.4/classes ...
[info] done compiling
[success] Total time: 1 s, completed Sep 30, 2026, 3:48:30 p.m.
[info] compiling 1 Scala source to /private/tmp/scalafim-umvpa-20260930-canonical-admission/modules/scenario-testkit/jvm/target/scala-3.7.4/classes ...
[info] done compiling
[success] Total time: 0 s, completed Sep 30, 2026, 3:48:31 p.m.
[info] compiling 1 Scala source to /private/tmp/scalafim-umvpa-20260930-canonical-admission/modules/scenario-testkit/js/target/scala-3.7.4/classes ...
[info] done compiling
[success] Total time: 0 s, completed Sep 30, 2026, 3:48:31 p.m.
[success] Total time: 1 s, completed Sep 30, 2026, 3:48:32 p.m.
[success] Total time: 1 s, completed Sep 30, 2026, 3:48:33 p.m.
[success] Total time: 3 s, completed Sep 30, 2026, 3:48:35 p.m.
[success] Total time: 3 s, completed Sep 30, 2026, 3:48:38 p.m.
[info] compiling 1 Scala source to /private/tmp/scalafim-umvpa-20260930-canonical-admission/modules/provider-spike/jvm/target/scala-3.7.4/classes ...
[info] done compiling
[success] Total time: 2 s, completed Sep 30, 2026, 3:48:40 p.m.
[info] compiling 1 Scala source to /private/tmp/scalafim-umvpa-20260930-canonical-admission/modules/provider-spike/js/target/scala-3.7.4/classes ...
[info] done compiling
[success] Total time: 2 s, completed Sep 30, 2026, 3:48:41 p.m.
[info] compiling 5 Scala sources to /private/tmp/scalafim-umvpa-20260930-canonical-admission/modules/image-view/jvm/target/scala-3.7.4/classes ...
[info] done compiling
[success] Total time: 4 s, completed Sep 30, 2026, 3:48:45 p.m.
[info] compiling 5 Scala sources to /private/tmp/scalafim-umvpa-20260930-canonical-admission/modules/image-view/js/target/scala-3.7.4/classes ...
[info] done compiling
[success] Total time: 4 s, completed Sep 30, 2026, 3:48:49 p.m.
[info] compiling 1 Scala source to /private/tmp/scalafim-umvpa-20260930-canonical-admission/modules/image-view-canvas/js/target/scala-3.7.4/classes ...
[info] done compiling
[success] Total time: 3 s, completed Sep 30, 2026, 3:48:52 p.m.
[info] waiting for lock on /Users/bbuchsbaum/.ivy2/.sbt.ivy.lock to be available...
[info] waiting for lock on /Users/bbuchsbaum/.ivy2/.sbt.ivy.lock to be available...
[info] waiting for lock on /Users/bbuchsbaum/.ivy2/.sbt.ivy.lock to be available...
[info] compiling 1 Scala source to /private/tmp/scalafim-umvpa-20260930-canonical-admission/modules/image-view-java2d/jvm/target/scala-3.7.4/classes ...
[info] done compiling
[success] Total time: 3 s, completed Sep 30, 2026, 3:48:55 p.m.
[info] compiling 1 Scala source to /private/tmp/scalafim-umvpa-20260930-canonical-admission/modules/image-view-javafx/jvm/target/scala-3.7.4/classes ...
[info] done compiling
[success] Total time: 3 s, completed Sep 30, 2026, 3:48:58 p.m.
[info] compiling 11 Scala sources to /private/tmp/scalafim-umvpa-20260930-canonical-admission/modules/threshold/jvm/target/scala-3.7.4/classes ...
[info] done compiling
[success] Total time: 3 s, completed Sep 30, 2026, 3:49:01 p.m.
[info] compiling 11 Scala sources to /private/tmp/scalafim-umvpa-20260930-canonical-admission/modules/threshold/js/target/scala-3.7.4/classes ...
[info] done compiling
[success] Total time: 4 s, completed Sep 30, 2026, 3:49:05 p.m.
[info] compiling 26 Scala sources to /private/tmp/scalafim-umvpa-20260930-canonical-admission/modules/motion/jvm/target/scala-3.7.4/classes ...
[info] done compiling
[success] Total time: 5 s, completed Sep 30, 2026, 3:49:10 p.m.
[info] compiling 18 Scala sources to /private/tmp/scalafim-umvpa-20260930-canonical-admission/modules/motion/js/target/scala-3.7.4/classes ...
[info] done compiling
[success] Total time: 4 s, completed Sep 30, 2026, 3:49:14 p.m.
[info] compiling 26 Scala sources to /private/tmp/scalafim-umvpa-20260930-canonical-admission/modules/surface/jvm/target/scala-3.7.4/classes ...
[info] done compiling
[success] Total time: 4 s, completed Sep 30, 2026, 3:49:18 p.m.
[info] compiling 26 Scala sources to /private/tmp/scalafim-umvpa-20260930-canonical-admission/modules/surface/js/target/scala-3.7.4/classes ...
[info] done compiling
[success] Total time: 5 s, completed Sep 30, 2026, 3:49:23 p.m.
[info] compiling 15 Scala sources to /private/tmp/scalafim-umvpa-20260930-canonical-admission/modules/surface-view/jvm/target/scala-3.7.4/classes ...
[info] done compiling
[success] Total time: 5 s, completed Sep 30, 2026, 3:49:28 p.m.
[info] compiling 15 Scala sources to /private/tmp/scalafim-umvpa-20260930-canonical-admission/modules/surface-view/js/target/scala-3.7.4/classes ...
[info] done compiling
[success] Total time: 6 s, completed Sep 30, 2026, 3:49:33 p.m.
[info] compiling 3 Scala sources to /private/tmp/scalafim-umvpa-20260930-canonical-admission/modules/surface-view-raster/jvm/target/scala-3.7.4/classes ...
[info] done compiling
[success] Total time: 3 s, completed Sep 30, 2026, 3:49:37 p.m.
[info] compiling 2 Scala sources to /private/tmp/scalafim-umvpa-20260930-canonical-admission/modules/surface-view-raster/js/target/scala-3.7.4/classes ...
[info] done compiling
[success] Total time: 3 s, completed Sep 30, 2026, 3:49:40 p.m.
[info] compiling 6 Scala sources to /private/tmp/scalafim-umvpa-20260930-canonical-admission/modules/surface-view-javafx/jvm/target/scala-3.7.4/classes ...
[info] done compiling
[success] Total time: 3 s, completed Sep 30, 2026, 3:49:43 p.m.
[info] compiling 5 Scala sources to /private/tmp/scalafim-umvpa-20260930-canonical-admission/modules/surface-view-three/js/target/scala-3.7.4/classes ...
[info] done compiling
[success] Total time: 4 s, completed Sep 30, 2026, 3:49:47 p.m.
[info] compiling 21 Scala sources to /private/tmp/scalafim-umvpa-20260930-canonical-admission/modules/connectivity/jvm/target/scala-3.7.4/classes ...
[info] done compiling
[info] compiling 1 Scala source to /private/tmp/scalafim-umvpa-20260930-canonical-admission/modules/surface-view-connectivity/jvm/target/scala-3.7.4/classes ...
[info] done compiling
[success] Total time: 5 s, completed Sep 30, 2026, 3:49:52 p.m.
[info] compiling 21 Scala sources to /private/tmp/scalafim-umvpa-20260930-canonical-admission/modules/connectivity/js/target/scala-3.7.4/classes ...
[info] done compiling
[info] compiling 1 Scala source to /private/tmp/scalafim-umvpa-20260930-canonical-admission/modules/surface-view-connectivity/js/target/scala-3.7.4/classes ...
[info] done compiling
[success] Total time: 5 s, completed Sep 30, 2026, 3:49:57 p.m.
[info] compiling 7 Scala sources to /private/tmp/scalafim-umvpa-20260930-canonical-admission/examples/surface-view/jvm/target/scala-3.7.4/classes ...
[info] done compiling
[success] Total time: 3 s, completed Sep 30, 2026, 3:50:00 p.m.
[info] compiling 7 Scala sources to /private/tmp/scalafim-umvpa-20260930-canonical-admission/examples/surface-view/js/target/scala-3.7.4/classes ...
[info] done compiling
[success] Total time: 3 s, completed Sep 30, 2026, 3:50:04 p.m.
[info] compiling 28 Scala sources to /private/tmp/scalafim-umvpa-20260930-canonical-admission/modules/spatial/jvm/target/scala-3.7.4/classes ...
[info] done compiling
[success] Total time: 5 s, completed Sep 30, 2026, 3:50:09 p.m.
[info] compiling 22 Scala sources to /private/tmp/scalafim-umvpa-20260930-canonical-admission/modules/spatial/js/target/scala-3.7.4/classes ...
[info] done compiling
[success] Total time: 5 s, completed Sep 30, 2026, 3:50:14 p.m.
[info] compiling 25 Scala sources to /private/tmp/scalafim-umvpa-20260930-canonical-admission/modules/atlas/jvm/target/scala-3.7.4/classes ...
[info] done compiling
[success] Total time: 5 s, completed Sep 30, 2026, 3:50:19 p.m.
[info] compiling 17 Scala sources to /private/tmp/scalafim-umvpa-20260930-canonical-admission/modules/atlas/js/target/scala-3.7.4/classes ...
[info] done compiling
[success] Total time: 6 s, completed Sep 30, 2026, 3:50:25 p.m.
[info] compiling 7 Scala sources to /private/tmp/scalafim-umvpa-20260930-canonical-admission/modules/archive/jvm/target/scala-3.7.4/classes ...
[info] done compiling
[success] Total time: 1 s, completed Sep 30, 2026, 3:50:26 p.m.
[info] compiling 6 Scala sources to /private/tmp/scalafim-umvpa-20260930-canonical-admission/modules/archive/js/target/scala-3.7.4/classes ...
[info] done compiling
[success] Total time: 1 s, completed Sep 30, 2026, 3:50:27 p.m.
[info] compiling 9 Scala sources to /private/tmp/scalafim-umvpa-20260930-canonical-admission/modules/estimates/jvm/target/scala-3.7.4/classes ...
[info] done compiling
[success] Total time: 4 s, completed Sep 30, 2026, 3:50:31 p.m.
[info] compiling 9 Scala sources to /private/tmp/scalafim-umvpa-20260930-canonical-admission/modules/estimates/js/target/scala-3.7.4/classes ...
[info] done compiling
[success] Total time: 4 s, completed Sep 30, 2026, 3:50:35 p.m.
[info] compiling 5 Scala sources to /private/tmp/scalafim-umvpa-20260930-canonical-admission/modules/estimates-io/jvm/target/scala-3.7.4/classes ...
[info] done compiling
[success] Total time: 8 s, completed Sep 30, 2026, 3:50:43 p.m.
[info] compiling 2 Scala sources to /private/tmp/scalafim-umvpa-20260930-canonical-admission/modules/estimates-io/js/target/scala-3.7.4/classes ...
[info] done compiling
[success] Total time: 6 s, completed Sep 30, 2026, 3:50:49 p.m.
[info] compiling 16 Scala sources to /private/tmp/scalafim-umvpa-20260930-canonical-admission/modules/group/jvm/target/scala-3.7.4/classes ...
[info] done compiling
[info] compiling 2 Scala sources to /private/tmp/scalafim-umvpa-20260930-canonical-admission/modules/fit-estimates/jvm/target/scala-3.7.4/classes ...
[info] done compiling
[success] Total time: 6 s, completed Sep 30, 2026, 3:50:54 p.m.
[info] compiling 16 Scala sources to /private/tmp/scalafim-umvpa-20260930-canonical-admission/modules/group/js/target/scala-3.7.4/classes ...
[info] done compiling
[info] compiling 2 Scala sources to /private/tmp/scalafim-umvpa-20260930-canonical-admission/modules/fit-estimates/js/target/scala-3.7.4/classes ...
[info] done compiling
[success] Total time: 6 s, completed Sep 30, 2026, 3:51:01 p.m.
[info] compiling 14 Scala sources to /private/tmp/scalafim-umvpa-20260930-canonical-admission/modules/archive-lna/jvm/target/scala-3.7.4/classes ...
[info] done compiling
[success] Total time: 4 s, completed Sep 30, 2026, 3:51:05 p.m.
[info] compiling 10 Scala sources to /private/tmp/scalafim-umvpa-20260930-canonical-admission/modules/archive-lna/js/target/scala-3.7.4/classes ...
[info] done compiling
[success] Total time: 4 s, completed Sep 30, 2026, 3:51:08 p.m.
[info] compiling 10 Scala sources to /private/tmp/scalafim-umvpa-20260930-canonical-admission/modules/archive-zarr/jvm/target/scala-3.7.4/classes ...
[info] done compiling
[info] compiling 30 Scala sources to /private/tmp/scalafim-umvpa-20260930-canonical-admission/modules/interop-archived-response/jvm/target/scala-3.7.4/classes ...
[info] done compiling
[success] Total time: 7 s, completed Sep 30, 2026, 3:51:15 p.m.
[info] compiling 9 Scala sources to /private/tmp/scalafim-umvpa-20260930-canonical-admission/modules/archive-zarr/js/target/scala-3.7.4/classes ...
[info] done compiling
[info] compiling 24 Scala sources to /private/tmp/scalafim-umvpa-20260930-canonical-admission/modules/interop-archived-response/js/target/scala-3.7.4/classes ...
[info] done compiling
[success] Total time: 6 s, completed Sep 30, 2026, 3:51:22 p.m.
[success] Total time: 3 s, completed Sep 30, 2026, 3:51:24 p.m.
[success] Total time: 3 s, completed Sep 30, 2026, 3:51:27 p.m.
[success] Total time: 3 s, completed Sep 30, 2026, 3:51:29 p.m.
[success] Total time: 3 s, completed Sep 30, 2026, 3:51:32 p.m.
[success] Total time: 5 s, completed Sep 30, 2026, 3:51:37 p.m.
[success] Total time: 5 s, completed Sep 30, 2026, 3:51:42 p.m.
[success] Total time: 6 s, completed Sep 30, 2026, 3:51:48 p.m.
[success] Total time: 5 s, completed Sep 30, 2026, 3:51:54 p.m.
[success] Total time: 3 s, completed Sep 30, 2026, 3:51:57 p.m.
[success] Total time: 3 s, completed Sep 30, 2026, 3:51:59 p.m.
[success] Total time: 8 s, completed Sep 30, 2026, 3:52:08 p.m.
[success] Total time: 7 s, completed Sep 30, 2026, 3:52:15 p.m.
[success] Total time: 1 s, completed Sep 30, 2026, 3:52:16 p.m.
[success] Total time: 1 s, completed Sep 30, 2026, 3:52:16 p.m.
[success] Total time: 8 s, completed Sep 30, 2026, 3:52:25 p.m.
[success] Total time: 8 s, completed Sep 30, 2026, 3:52:32 p.m.
[info] compiling 5 Scala sources to /private/tmp/scalafim-umvpa-20260930-canonical-admission/modules/mvpa-spatial/jvm/target/scala-3.7.4/classes ...
[info] done compiling
[success] Total time: 11 s, completed Sep 30, 2026, 3:52:44 p.m.
[info] compiling 5 Scala sources to /private/tmp/scalafim-umvpa-20260930-canonical-admission/modules/mvpa-spatial/js/target/scala-3.7.4/classes ...
[info] done compiling
[success] Total time: 10 s, completed Sep 30, 2026, 3:52:54 p.m.
[success] Total time: 2 s, completed Sep 30, 2026, 3:52:56 p.m.
[success] Total time: 2 s, completed Sep 30, 2026, 3:52:58 p.m.
[success] Total time: 5 s, completed Sep 30, 2026, 3:53:02 p.m.
[success] Total time: 3 s, completed Sep 30, 2026, 3:53:06 p.m.
[info] compiling 8 Scala sources to /private/tmp/scalafim-umvpa-20260930-canonical-admission/modules/fmri-workflow/jvm/target/scala-3.7.4/classes ...
[info] done compiling
[success] Total time: 6 s, completed Sep 30, 2026, 3:53:12 p.m.
[info] compiling 6 Scala sources to /private/tmp/scalafim-umvpa-20260930-canonical-admission/modules/fmri-workflow/js/target/scala-3.7.4/classes ...
[info] done compiling
[success] Total time: 6 s, completed Sep 30, 2026, 3:53:17 p.m.
[success] Total time: 0 s, completed Sep 30, 2026, 3:53:18 p.m.
[success] Total time: 0 s, completed Sep 30, 2026, 3:53:18 p.m.
[info] compiling 7 Scala sources to /private/tmp/scalafim-umvpa-20260930-canonical-admission/modules/dataset-zarr/jvm/target/scala-3.7.4/classes ...
[info] done compiling
[success] Total time: 9 s, completed Sep 30, 2026, 3:53:27 p.m.
[info] compiling 3 Scala sources to /private/tmp/scalafim-umvpa-20260930-canonical-admission/modules/dataset-zarr/js/target/scala-3.7.4/classes ...
[info] done compiling
[success] Total time: 9 s, completed Sep 30, 2026, 3:53:36 p.m.
