[info] welcome to sbt 1.11.7 (Homebrew Java 25.0.1)
[info] loading settings for project scalafim-umvpa-20260930-canonical-admission-build from plugins.sbt...
[info] loading project definition from /private/tmp/scalafim-umvpa-20260930-canonical-admission/project
[info] loading settings for project root from build.sbt...
[info] loading settings for project alder-build from plugins.sbt...
[info] loading project definition from /private/tmp/scalafim-umvpa-20260929/sbt-global/staging/2f5b3675f2cf2c4e96c3/alder/project
[info] loading settings for project root from build.sbt...
[info] loading settings for project bids4s-build from plugins.sbt...
[info] loading project definition from /private/tmp/scalafim-umvpa-20260929/sbt-global/staging/77e7bdc71bddb8077fcd/bids4s/project
[info] loading settings for project root from build.sbt...
[info] loading settings for project gale-build from plugins.sbt...
[info] loading project definition from /private/tmp/scalafim-umvpa-20260929/sbt-global/staging/5a90f48e170e9e640ee1/gale/project
[info] loading settings for project root from build.sbt...
[info] loading settings for project graph4s-build from plugins.sbt...
[info] loading project definition from /private/tmp/scalafim-umvpa-20260929/sbt-global/staging/b4b08747efd9a8151229/graph4s/project
[info] loading settings for project root from build.sbt...
[info] loading settings for project image4s-build from plugins.sbt...
[info] loading project definition from /private/tmp/scalafim-umvpa-20260929/sbt-global/staging/41e96dde036f148f012a/image4s/project
[info] loading settings for project root from build.sbt...
[info] loading settings for project intaglio-build from plugins.sbt...
[info] loading project definition from /private/tmp/scalafim-umvpa-20260929/sbt-global/staging/34fcacf7027b8ae3b2f8/intaglio/project
[info] loading settings for project root from build.sbt...
[info] loading settings for project linops4s-build from plugins.sbt...
[info] loading project definition from /private/tmp/scalafim-umvpa-20260929/sbt-global/staging/cfabf5f1e5e2fb8fb176/linops4s/project
[info] loading settings for project root from build.sbt...
[info] loading settings for project locus4s-build from plugins.sbt...
[info] loading project definition from /private/tmp/scalafim-umvpa-20260929/sbt-global/staging/05a8f1a231c171f1bca0/locus4s/project
[info] loading settings for project root from build.sbt...
[info] loading settings for project multivar-build from plugins.sbt...
[info] loading project definition from /private/tmp/scalafim-umvpa-20260929/sbt-global/staging/8a071d8f65817f0f368f/multivar/project
[info] loading settings for project root from build.sbt...
[info] loading settings for project ravel-build from plugins.sbt...
[info] loading project definition from /private/tmp/scalafim-umvpa-20260929/sbt-global/staging/57a292f3a6ded9e259cf/ravel/project
[info] loading settings for project root from build.sbt...
[info] loading settings for project reframe4s-build from plugins.sbt...
[info] loading project definition from /private/tmp/scalafim-umvpa-20260929/sbt-global/staging/35134e4fbd77703f1507/reframe4s/project
[info] loading settings for project root from build.sbt...
[info] loading settings for project resample4s-build from plugins.sbt...
[info] loading project definition from /private/tmp/scalafim-umvpa-20260929/sbt-global/staging/3f5d01c7e6069e74a205/resample4s/project
[info] loading settings for project root from build.sbt...
[info] loading settings for project zarr4s-build from plugins.sbt...
[info] loading project definition from /private/tmp/scalafim-umvpa-20260929/sbt-global/staging/34c0071f90095ef07887/zarr4s/project
[info] loading settings for project root from build.sbt...
[info] resolving key references (303158 settings) ...
[info] set current project to scalafim (in build file:/private/tmp/scalafim-umvpa-20260930-canonical-admission/)
[info] compiling 10 Scala sources to /private/tmp/scalafim-umvpa-20260930-canonical-admission/modules/response/jvm/target/scala-3.7.4/classes ...
[info] compiling 6 Scala sources to /private/tmp/scalafim-umvpa-20260930-canonical-admission/modules/locus-data/jvm/target/scala-3.7.4/classes ...
[info] done compiling
[info] compiling 12 Scala sources to /private/tmp/scalafim-umvpa-20260930-canonical-admission/modules/pipeline/jvm/target/scala-3.7.4/classes ...
[info] done compiling
[info] done compiling
[info] compiling 42 Scala sources to /private/tmp/scalafim-umvpa-20260930-canonical-admission/modules/mvpa/jvm/target/scala-3.7.4/classes ...
[error] -- [E007] Type Mismatch Error: /private/tmp/scalafim-umvpa-20260930-canonical-admission/modules/mvpa/shared/src/main/scala/scalafim/fmri/mvpa/analysis/EvidenceExposure.scala:147:58 
[error] 147 |    new EvidenceExposure(reference, initialScope, events, identity)
[error]     |                                                          ^^^^^^^^
[error]     |                Found:    (identity : String)
[error]     |                Required: scalafim.fmri.mvpa.analysis.ExposureRecordId
[error]     |
[error]     | longer explanation available when compiling with `-explain`
[error] one error found
[error] (mvpaJVM / Compile / compileIncremental) Compilation failed
[error] Total time: 13 s, completed Sep 30, 2026, 3:01:50 p.m.
