[info] welcome to sbt 1.11.7 (Homebrew Java 25.0.1)
[info] loading settings for project candidate-build from plugins.sbt...
[info] loading project definition from /private/tmp/scalafim-stp-finish-20260929/candidate/project
[info] loading settings for project root from build.sbt...
[info] loading settings for project bids4s-build from plugins.sbt...
[info] loading project definition from /Users/bbuchsbaum/.sbt/1.0/staging/77e7bdc71bddb8077fcd/bids4s/project
[info] loading settings for project root from build.sbt...
[info] loading settings for project gale-build from plugins.sbt...
[info] loading project definition from /Users/bbuchsbaum/.sbt/1.0/staging/449715b8ebc2010e6e23/gale/project
[info] loading settings for project root from build.sbt...
[info] loading settings for project graph4s-build from plugins.sbt...
[info] loading project definition from /Users/bbuchsbaum/.sbt/1.0/staging/b4b08747efd9a8151229/graph4s/project
[info] loading settings for project root from build.sbt...
[info] loading settings for project gale-build from plugins.sbt...
[info] loading project definition from /Users/bbuchsbaum/.sbt/1.0/staging/5a90f48e170e9e640ee1/gale/project
[info] loading settings for project root from build.sbt...
[info] loading settings for project image4s-build from plugins.sbt...
[info] loading project definition from /Users/bbuchsbaum/.sbt/1.0/staging/41e96dde036f148f012a/image4s/project
[info] loading settings for project root from build.sbt...
[info] loading settings for project intaglio-build from plugins.sbt...
[info] loading project definition from /Users/bbuchsbaum/.sbt/1.0/staging/34fcacf7027b8ae3b2f8/intaglio/project
[info] loading settings for project root from build.sbt...
[info] loading settings for project locus4s-build from plugins.sbt...
[info] loading project definition from /Users/bbuchsbaum/.sbt/1.0/staging/05a8f1a231c171f1bca0/locus4s/project
[info] loading settings for project root from build.sbt...
[info] loading settings for project multivar-build from plugins.sbt...
[info] loading project definition from /Users/bbuchsbaum/.sbt/1.0/staging/55929e145617b909ca3a/multivar/project
[info] loading settings for project root from build.sbt...
[info] loading settings for project ravel-build from plugins.sbt...
[info] loading project definition from /Users/bbuchsbaum/.sbt/1.0/staging/57a292f3a6ded9e259cf/ravel/project
[info] loading settings for project root from build.sbt...
[info] loading settings for project reframe4s-build from plugins.sbt...
[info] loading project definition from /Users/bbuchsbaum/.sbt/1.0/staging/aa1fd63832323d604703/reframe4s/project
[info] loading settings for project root from build.sbt...
[info] loading settings for project zarr4s-build from plugins.sbt...
[info] loading project definition from /Users/bbuchsbaum/.sbt/1.0/staging/34c0071f90095ef07887/zarr4s/project
[info] loading settings for project root from build.sbt...
[info] resolving key references (237344 settings) ...
[info] set current project to scalafim (in build file:/private/tmp/scalafim-stp-finish-20260929/candidate/)
[info] compiling 2 Scala sources to /private/tmp/scalafim-stp-finish-20260929/candidate/modules/image/jvm/target/scala-3.7.4/classes ...
[info] done compiling
[info] compiling 6 Scala sources to /private/tmp/scalafim-stp-finish-20260929/candidate/modules/image/jvm/target/scala-3.7.4/test-classes ...
[info] done compiling
scalafim.image.SliceOrientationOracleSuite:
  + all 48 signed axis permutations reslice every anatomical plane correctly 0.123s
  + deterministic oblique affine reslices reproduce a world-linear field 0.037s
scalafim.image.VolumeSearchlightSuite:
  + radius zero is the identity relation 0.013s
  + metric balls are symmetric, monotone, and obey triangle composition 0.001s
  + closed metric balls include points exactly on the radius boundary 0.001s
  + exact cube, ellipsoid, and blobby geometries retain centered relations 0.004s
  + exact neighborhood shape policies reject invalid parameters 0.001s
  + relation rows materialize an exact selected window 0.019s
  + value support restricts materialization without changing metric geometry 0.002s
  + prepared native-volume execution reuses exact support and Ravel order 0.002s
external.consumer.ProviderSpaceBoundaryCompileSuite:
  + deleted VolumeSpace and SeriesSpace names cannot be imported 0.0s
  + deleted space unsafe constructors cannot be called 0.001s
  + external consumers construct canonical provider Grid and SampleSpace values 0.0s
scalafim.image.KMeansParcellationSuite:
  + world-coordinate k-means returns one exact assignment 0.014s
  + one cluster is valid and has the whole active fiber 0.0s
  + invalid policy and foreign owners fail before fitting 0.002s
scalafim.image.SpaceUtilsSuite:
  + outputAlignedSpace returns identity-aligned space for identity affine 0.013s
  + outputAlignedSpace supports SomeSampleSpace and custom voxel sizes 0.002s
  + vox2outVox is an alias for outputAlignedSpace 0.0s
  + sliceToVolumeAffine embeds a 2D slice in a 3D volume 0.002s
  + deoblique builds axis-aligned target and supports gridset 0.004s
  + deoblique resamples SomeNeuroVolume to target grid 0.028s
scalafim.image.ResamplingPlanSuite:
  + identity plan matches existing nearest and linear resampling 0.008s
  + identity plan matches existing nearest and linear SomeNeuroSeries resampling 0.044s
  + Resample plan helpers build and execute morphism-aware plans 0.002s
  + affine translation plan samples shifted source voxels 0.002s
  + affine translation plan samples every SomeNeuroSeries volume 0.0s
  + dense displacement morphisms drive resampling plans 0.02s
  + affine scale plan delegates without coordinate materialization 0.001s
  + linear plan samples continuous source voxel coordinates 0.005s
  + outside value is explicit for out-of-bounds nearest and linear samples 0.001s
  + cubic plans execute and match existing identity tricubic resampling 0.003s
  + resampling plans can apply Jacobian and square-root Jacobian modulation 0.007s
  + coordinate-field rendition returns a provider map with preserved owners 0.001s
  + plan rejects volumes whose source grid differs from the planned source 0.001s
scalafim.image.SpatialCoordinatesSuite:
  + RAS and LPS conversions flip the first two axes 0.001s
  + tkRAS conversions translate by c_ras and roundtrip 0.001s
  + voxel/world affine conversions use continuous zero-based voxel coordinates 0.0s
  + typed spatial points use the same coordinate conversions 0.001s
  + provider construction reports singular affine directly 0.001s
  + GridSpec generates world coordinates in canonical last-axis-fastest order 0.001s
  + GridSpec exposes typed batch affine conversions 0.0s
  + GridSpec accepts typed spatial dims and reports invalid vector dims 0.001s
  + GridSpec bridges to SomeSampleSpace without changing affine coordinates 0.001s
scalafim.image.io.NiftiSpaceEvidenceSuite:
  + evidence follows the affine the policy selects, not the other xform 0.003s
  + the mirrored selection agrees with the affine image4s actually selected 0.011s
  + the mirrored selection matches image4s-nifti's selectAffine on every qform/sform/scaling case 0.017s
  + without a native context the evidence resolves to the unresolved space 0.003s
  + readVolumeIn places a template file in its template world, keeping geometry and data 0.007s
  + semantic volume and header placement both reject missing, ambiguous, and contradictory evidence 0.003s
  + header placement enforces the same affine agreement gate as a full read 0.003s
  + readVolumeIn refuses unresolved, ambiguous and contradictory evidence 0.001s
  + an unknown header code is no evidence, so a supplied code is admitted 0.001s
  + two subjects' native volumes get different worlds and no longer align 0.007s
  + readSeriesIn places a 4D series in its world, keeping its time axis 0.006s
  + header and full reads refuse metre, micrometre and incompatible unknown-unit fallback geometry 0.005s
scalafim.image.VolumeParcellationSuite:
  + one partial surjection is the exact support and fiber truth 0.001s
  + parcel series are parcel-major with contiguous time rows 0.018s
  + restricted reduction requires an explicit empty-parcel policy 0.001s
  + dynamic boundaries reject foreign voxel, parcel, and support owners 0.001s
  + grid and world centroids use the complete affine 0.002s
  + parcel neighborhoods are centered exact relations 0.004s
  + parcel neighborhood windows retain exact support and center position 0.003s
  + parcel constructors and geometry reject invalid policy 0.003s
scalafim.image.ProviderAffineContractSuite:
  + provider affine and Gale matrix constructors copy borrowed input 0.0s
  + provider inverse and composition retain coordinate laws 0.001s
  + provider rejects non-affine, singular, and excessive residual inputs 0.002s
  + orientation and neuro affine extensions consume provider geometry 0.006s
scalafim.image.ProviderAdmissionSuite:
  + image4s-locus restores a grid domain and exposes a locus Field 0.002s
scalafim.image.io.NiftiSuite:
  + native series round-trip asymmetric 2x3x5x7 coordinates through nii and gzip 0.013s
  + native volume round-trips asymmetric 2x3x5 coordinates 0.001s
  + stored UInt8 retains one native Ravel owner and explicit affine scaling 0.011s
  + qform-only headers reconstruct quaternion rotation, spacing, qfac, and offset 0.001s
  + sform remains the preferred affine when both qform and sform are present 0.001s
  + affine conflicts, unsupported encodings, and resource limits fail with typed errors 0.003s
  + singleton-4D volume reads preserve qform geometry after dropping time 0.001s
scalafim.image.KernelLayoutSuite:
  + view-safe kernels agree with whole-canonical 2x3x5x7 oracles 0.052s
scalafim.image.WorldBoxSuite:
  + extrema, centre, diagonal and containment 0.001s
  + union and enclosing agree 0.0s
  + a grid's bounds enclose its voxel centres in its own frame 0.001s
  + boxes in different frames cannot be combined 0.0s
SCALAFIM-IMAGE JVM allocation: case=map-view-safe, samples=64000, allocated=519440 B, limit=708608 B
SCALAFIM-IMAGE JVM allocation: case=zip-view-safe, samples=64000, allocated=519096 B, limit=708608 B
SCALAFIM-IMAGE JVM allocation: case=temporal-reduction, samples=32000, allocated=261248 B, limit=452608 B
SCALAFIM-IMAGE JVM allocation: case=linear-resampling, samples=64000, allocated=533120 B, limit=708608 B
SCALAFIM-IMAGE JVM allocation: case=ravel-stencil, samples=64000, allocated=1052280 B, limit=1286144 B
SCALAFIM-IMAGE JVM allocation: case=dense-to-selected, samples=21334, allocated=685200 B, limit=879296 B
SCALAFIM-IMAGE JVM allocation: case=selected-to-dense, samples=64000, allocated=1029216 B, limit=1220608 B
SCALAFIM-IMAGE JVM allocation: case=prepared-exact-searchlight, samples=64000, allocated=2050632 B, limit=2244608 B
scalafim.image.NativeImageAllocationSuite:
  + representative native kernels retain one Ravel value destination 0.296s
scalafim.image.io.NiftiIncrementalOutputSuite:
  + produced FIR blocks retain owners and round-trip asymmetric spatial coordinates 0.006s
  + sparse selected maps preserve caller extensions and never reinterpret Ravel offsets 0.002s
  + existing output is preserved and callback exceptions close the provider resource 0.003s
scalafim.image.ConnectedComponentsSuite:
  + components retain only one exact partial-surjection result 0.004s
  + connectivity policy distinguishes diagonal contact 0.0s
  + semantic mask input resolves through the exact grid owner 0.003s
  + empty masks produce the valid empty parcel domain 0.001s
  + foreign active-region owners fail closed 0.0s
scalafim.image.world.SpaceResolverSuite:
  + every NIfTI xform code is recognised; others are rejected 0.0s
  + every GIFTI coordinate-system name maps onto the NIfTI codes 0.001s
  + no evidence, or only unknown/scanner codes without context, is the unresolved space 0.0s
  + scanner and aligned codes with a native context resolve to that native space 0.0s
  + template codes alone are ambiguous, never guessed 0.0s
  + the BIDS space entity names the template and settles an MNI152 code 0.0s
  + native BIDS labels need a native context 0.001s
  + contradictory evidence is a typed conflict 0.0s
  + an explicit assertion settles ambiguous codes and refines native BIDS labels 0.0s
  + an assertion never overrides evidence that contradicts it 0.0s
  + resolveKnown refuses evidence that identifies no world space 0.0s
scalafim.image.StatsMaskCompareSuite:
  + NeuroStats summarizes dense volumes 0.001s
  + temporalMean for dense SomeNeuroSeries matches row means 0.001s
  + temporalMean for selected series preserves exact support 0.002s
  + mask images and exact selected support convert only through named operations 0.0s
  + NeuroCompare builds logical volumes and vectors 0.003s
  + NeuroCompare preserves selected support 0.0s
  + NeuroStats summarizes SomeNeuroSeries temporal ranges 0.004s
scalafim.image.world.PlacedProbeSuite:
  + a runtime-decoded GridSpec[?] packages only through Placed.of, not the singleton-typed Placed.apply 0.0s
  + an existential Sampled cannot be rebound through SamplingAlignment.exact, so plans re-wrap instead 0.001s
scalafim.image.world.PlacedSuite:
  + a value decoded in a fresh MNI frame binds to the static template frame 0.002s
  + binding to a template the value does not live in fails 0.001s
  + only world frames can be packaged 0.0s
  + a value cannot be packaged with a frame it does not belong to 0.013s
  + a packaged value is not a template point until it is bound 0.0s
  + maps between different world frames cannot be composed out of order 0.001s
scalafim.image.OwnershipSuite:
  + canonical array construction copies its input buffer 0.0s
  + canonical ingress retains one Sampled and Ravel value 0.001s
  + dense compatibility geometry is the sampled SampleSpace itself 0.001s
  + series volume selection is a zero-copy Ravel view 0.001s
  + component fields retain one image4s and Ravel value 0.002s
  + selected series retains one compact Ravel value and exact ordered support 0.002s
  + ordered selected support survives time selection and dense roundtrips 0.001s
  + checked dense reconstruction reports shape failures 0.001s
  + selected-volume construction copies mutable ingress into immutable storage 0.0s
  + selected windows add only a certified center to selected storage 0.0s
scalafim.image.CatsEffectSharedBoundarySuite:
  + shared Resource releases after success and failure 0.17s
  + shared Resource releases when its fiber is cancelled 0.003s
scalafim.image.GridSpecFrameSuite:
  + a grid built in a static frame carries that frame in its type 0.001s
  + typed voxel/world entry points round-trip through frame-owned points 0.0s
  + WorldPoint.claimUnchecked claims a coordinate for exactly the named frame 0.0s
  + a GridSpec in one frame cannot be passed where another frame's grid is required 0.001s
  + a runtime-framed grid cannot be used as a statically framed one without binding 0.0s
  + a pullback between two frames cannot drive a plan between two others 0.0s
  + a frame-owned point cannot be passed as another frame's point 0.0s
  + Placed[GridSpec] binds a decoded-frame grid to the static template frame 0.001s
  + Placed.of packages a runtime-decoded GridSpec[?] and binds it to the static template frame 0.001s
  + Placed.of checks the value's runtime frame owner when its static frame type is wide 0.0s
  + worldAligned relates grids of one world space and refuses grids of different ones 0.001s
  + legacy world-aligned resampling surfaces a world mismatch instead of resampling across worlds 0.002s
  + typed plans resample within one static frame 0.0s
  + bind checks a runtime pullback's endpoints against the grids 0.003s
  + SampleSpaces.regular is the typed form of the spacing/origin vector constructor 0.001s
scalafim.image.ValueSemanticsCompileSuite:
  + continuous values admit linear sampling 0.001s
  + mask values cannot enter continuous interpolation 0.0s
  + categorical values cannot enter continuous interpolation 0.0s
scalafim.image.CoreSuite:
  + Ravel indices expose logical axis coordinates independent of storage order 0.0s
  + SomeSampleSpace default affine matches spacing/origin 0.001s
  + SomeSampleSpace smart constructor reports invalid geometry directly 0.001s
  + SomeSampleSpace exposes typed 3D coordinate roundtrip 0.001s
  + SomeNeuroVolume arithmetic is elementwise 0.0s
  + Mask indices roundtrip 0.0s
  + ordered voxel selections use canonical grid ordinals 0.001s
  + SomeNeuroSeries volume and series 0.001s
  + SomeNeuroSeries subVector keeps spatial layout 0.006s
  + SomeNeuroVolume plane retains an affine-honest singleton-D3 view 0.006s
  + NeuroSeriesSeq indexes across runs 0.003s
  + SomeSampleSpace grid/index conversions 0.0s
  + typed spatial dims and voxel coords protect 3D indexing 0.001s
  + selected series retain position-first storage and contiguous time 0.001s
  + dense series gather and explicit fill scatter roundtrip 0.0s
  + selected series rows match the canonical dense voxel-time view 0.004s
  + selected series preserve explicit support order and dense parity 0.001s
  + selected-series fill policy is explicit for missing voxels 0.001s
  + selected-series union arithmetic requires an explicit fill policy 0.001s
  + Downsample byFactor uses box averaging 0.001s
  + Downsample updates affine by preserving center world coordinate 0.002s
  + Resample.nearest preserves data when spaces match 0.0s
  + Gaussian blur uses 0-padding at volume boundaries 0.001s
  + Gaussian blur respects mask (zeros outside mask) 0.001s
  + Bilateral filter handles missing mask 0.003s
  + Bilateral filter 4D is identity for zero windows 0.001s
  + Bilateral filter 4D preserves constant arrays without NaNs 0.001s
  + SomeNeuroSeries-SomeNeuroVolume arithmetic broadcasts spatially 0.002s
  + selected-series time concatenation uses an explicit union support 0.001s
  + Resample.trilinear preserves data when spaces match 0.0s
  + selected-series gather rejects a foreign support owner 0.001s
  + selected-series validity enforces position x time shape 0.001s
  + SomeNeuroSeries preserves input shape and linearization 0.001s
  + SomeNeuroSeries series at voxel matches ROI drop semantics 0.0s
scalafim.image.GridDomainSuite:
  + 2x3x5x7 uses one canonical Ravel and GridDomain order 0.002s
  + same persistent grid key does not admit a foreign live owner 0.002s
  + versioned domain evidence restores through the same registry 0.001s
scalafim.image.consumer.OwnerPreservingSeriesCompileSuite:
  + shape-preserving series operations retain the exact static owner 0.0s
  + a raw Sampled cannot claim a NeuroSeries owner 0.0s
  + a concrete series owner cannot be erased implicitly 0.0s
  + time selection cannot claim the source sample-space owner 0.0s
scalafim.image.SliceGeometrySuite:
  + world directions are finite, normalized, and orthogonal by construction 0.002s
  + canonical slice planes state the RAS display contract explicitly 0.0s
  + axis-aligned grids cover voxel-cell boundaries and roundtrip pixel centers 0.003s
  + screen mirroring changes presentation, never the world-space footprint 0.0s
  + oblique grids cover all transformed boundary corners 0.001s
  + orthogonal plans are named, share one cursor, and pass through it 0.001s
  + slice dimensions and pixel spacing reject invalid states 0.003s
scalafim.image.SelectedImageSuite:
  + selected volume retains exact selection and compact Ravel order 0.0s
  + selected series are position-time with contiguous voxel rows 0.001s
  + require, drop, and fill make missing-support policy explicit 0.003s
  + selected arithmetic requires exact order or explicit support policies 0.003s
  + foreign domain owners fail closed 0.0s
  + selected series reject non-Time trailing axes 0.001s
scalafim.image.SearchlightCenterSuite:
  + equal centers hash equally across restored views of one grid owner 0.003s
scalafim.image.world.WorldSpaceSuite:
  + the same subject label in two datasets names two world spaces 0.0s
  + two boldrefs in one session are distinct unless task, run and geometry all agree 0.001s
  + declared spaces are fresh even when their labels match 0.0s
  + a declared space's identity is its token; the label is presentation only 0.001s
  + decoding malformed identifiers is a Left, never an exception 0.001s
  + a persisted geometry digest must be exactly canonical 0.001s
  + reference acquisitions reject blank BIDS entities 0.0s
  + unknown worlds have distinct persistent scopes and reject the legacy shared key 0.0s
  + encoding round-trips every world space, including awkward characters 0.001s
  + independently created frames of one world space align; different spaces do not 0.0s
  + a persisted world frame restores through the provider registry 0.003s
  + ephemeral and non-RAS frames are not world frames 0.0s
  + sample spaces relabel from unresolved into a world, but never across worlds 0.001s
  + downsampling and deobliquing preserve unknown and known source world scopes 0.002s
  + world relabelling refuses ephemeral LPS and non-millimetre coordinates 0.0s
scalafim.image.io.NiftiResliceOracleSuite:
  + nibabel oblique fixture retains its independent spatial metadata 0.014s
  + file-to-reslice pixels match nibabel in every plane and display convention 0.011s
scalafim.image.SeriesAxisSemanticsSuite:
  + time selection delegates every coordinate model to Axis.select 0.005s
  + time selection reports provider empty and bounds errors unchanged 0.001s
  + continuous regular concatenation preserves provider coordinates and values 0.004s
  + series concatenation exposes provider unit, kind, and discontinuity errors 0.003s
  + series concatenation rejects grid and metadata mismatches through typed errors 0.001s
  + axis concatenation exposes overlap and explicit append semantics 0.001s
  + series concatenation is associative for values and full axis records 0.0s
scalafim.image.FunctionalImageSuite:
  + mapValues and coordinate-aware volume mapping preserve geometry 0.0s
  + SomeNeuroSeries mapping distinguishes voxel coordinates from time samples 0.001s
  + checked zipExact rejects a different physical grid 0.0s
  + effectful traversal sequences failures without adding an image monad 0.071s
  + selected-series mapping retains exact selection and exposes coordinates 0.001s
  + region algebra and ordered selection compose without duplicate wrappers 0.0s
  + selected data requires an explicit missing-voxel policy 0.001s
external.consumer.UnsafeSpaceRefinementCompileSuite:
  + deleted image-dimension wrapper names are absent from the public API 0.001s
  + exact provider views retain S while owner-erased views expose only SomeSampleSpace 0.0s
  + owner-erased views cannot recover S or call the deleted typedSpace wrapper 0.0s
  + external consumers cannot forge volume and series space refinements 0.0s
external.consumer.ProviderSampleSpaceBoundaryCompileSuite:
  + provider-state aliases are not part of the external SampleSpaces API 0.001s
  + the shortest volume and series paths return provider values directly 0.0s
scalafim.image.NeuroVolumeRegressionSuite:
  + selected-volume scatter preserves indices and explicit fill 0.0s
  + SomeNeuroVolume.asLogical flags all non-zero values 0.0s
  + SomeNeuroVolume.asMask flags positive values only 0.0s
  + SomeNeuroVolume.asMask(indices) sets specified indices true 0.001s
  + native volume gather and scatter roundtrip on an exact selection 0.0s
  + dense semantic masks convert explicitly to and from exact regions 0.0s
  + exact selection rejects out-of-range voxel ordinals 0.001s
  + selected-volume construction rejects mismatched data and support lengths 0.0s
  + SomeNeuroVolume.asMatrix matches linear ordering 0.0s
  + mapValues maps label ids with numeric keys and defaults missing to 0 0.001s
  + mapValues accepts string keys when parseable and rejects non-numeric keys 0.0s
  + mapf produces expected size and respects mask 0.004s
  + selected-volume gather extracts values at exact voxel coordinates 0.0s
  + SomeNeuroVolume.toSeries produces a 4D SomeNeuroSeries with one volume 0.001s
  + SomeNeuroVolume.concatenate stacks volumes along time into a SomeNeuroSeries 0.0s
  + SomeNeuroVolume planes are zero-copy singleton-D3 image views 0.001s
scalafim.image.TypedImageCoreSuite:
  + provider Affine is finite homogeneous and invertible 0.001s
  + provider SampleSpace owns volume and series sampling metadata 0.001s
  + non-spatial refinements retain the exact image4s grid and frame 0.001s
  + image4s Sampled backs singleton-D3 plane, volume, and series views 0.001s
  + typed coordinate overloads keep voxel and world points separate 0.0s
  + regions canonicalize support while ordered selections reject duplicates 0.001s
  + exact grid indices validate coordinates before selected extraction 0.001s
scalafim.image.VolumeAdmissionSuite:
  + volume admission rejects a time axis 0.0s
  + volume admission rejects a channel axis 0.0s
  + volume admission rejects a echo axis 0.0s
  + volume admission rejects a phase-cycle axis 0.0s
  + spatial D3 admission retains the exact sample-space object 0.001s
  + an explicit provider spatial projection is admissible and retained 0.0s
  + the spatial-part helper remains an explicit projection boundary 0.0s
scalafim.image.world.ToolCoordinatesSuite:
  + every convention round-trips through RAS 0.029s
  + the LPS flip negates x and y only and is self-inverse 0.002s
  + FSL mirrors x exactly when the selected affine is neurological 0.0s
  + FSL selects the sform, then the qform, then scaling 0.001s
  + opposite active q/sform handedness is a typed refusal; historical compatibility must be explicit 0.0s
  + Torig is FreeSurfer's fixed LIA tkregister geometry; tkRAS to scanner is a translation only for LIA volumes 0.001s
  + between composes into and out of RAS 0.0s
external.consumer.ProviderAxisBoundaryCompileSuite:
  + the deleted ScalaFIM Axis and AxisSet types cannot be imported 0.001s
  + time-axis construction uses image4s Axis directly 0.0s
external.consumer.ProviderTransformBoundaryCompileSuite:
  + the removed image transform hierarchy cannot be imported 0.0s
  + the image boundary consumes the provider spatial-map contract 0.0s
scalafim.image.OwnerPreservingVolumeSuite:
  + typed unary operations preserve values and the exact owner 0.01s
SCALAFIM-NIFTI JVM receipt: operation=read-scaled-double, format=nii, values=589824, allocated=4840104 B, elapsed=5280333 ns, java=25.0.1, scala=2.13.16
SCALAFIM-NIFTI JVM receipt: operation=write-float32, format=nii, values=589824, allocated=86296 B, elapsed=13652084 ns, java=25.0.1, scala=2.13.16
SCALAFIM-NIFTI JVM receipt: operation=read-scaled-double, format=nii.gz, values=589824, allocated=4851808 B, elapsed=6978208 ns, java=25.0.1, scala=2.13.16
SCALAFIM-NIFTI JVM receipt: operation=write-float32, format=nii.gz, values=589824, allocated=87008 B, elapsed=31726042 ns, java=25.0.1, scala=2.13.16
scalafim.image.io.NativeNiftiAllocationSuite:
  + native NIfTI adapters retain one scaled Ravel destination with bounded streaming 1.136s
scalafim.image.SpaceUtilsEitherSuite:
  + aligned-space construction reports invalid input as typed errors 0.0s
  + deoblique keeps the input's world space and rejects conflicting options 0.001s
scalafim.image.NeuroImageErrorContractSuite:
  + the exhaustive classifier names every current NeuroImageError case 0.003s
  + wrong rank is NeuroImageError.InvalidRank 0.0s
  + shape mismatch retains the typed image4s cause 0.001s
  + linear mismatch is NeuroImageError.LinearSizeMismatch 0.0s
  + foreign volume sampling retains the typed image4s geometry cause 0.0s
  + noncanonical layout remains the typed Ravel error 0.001s
scalafim.image.Image4sAdmissionSuite:
  + native scalar volume is already an image4s Sampled value 0.001s
scalafim.image.NativeDenseImageSuite:
  + NeuroVolume is the exact Sampled object and Ravel owner 0.001s
  + whole-canonical access uses Ravel last-axis-fastest order 0.0s
  + canonical Scala arrays cross an explicitly copying boundary 0.0s
  + crop, flip, stride, and singleton planes remain immutable views 0.002s
  + explicit materialization creates a distinct whole-canonical owner 0.0s
  + NeuroSeries certifies one Time axis without a wrapper 0.0s
  + SomeNeuroSeries reports the exact non-Time-axis error 0.001s
  + NeuroSeries reports multiple Time axes without constructing rank-4 data 0.0s
  + volume planes report exact spatial-bound errors 0.0s
  + canonical series reshapes to voxel-by-time without copying values 0.0s
  + time selection and spatial series transforms preserve view layouts 0.001s
  + noncanonical series requires an explicit materialization before reshape 0.0s
scalafim.image.DomainValiditySuite:
  + selected windows validate that the selected center is the exact voxel 0.001s
  + exact searchlight materialization reports an excluded center 0.001s
  + exact searchlight support produces valid region-bound windows 0.001s
  + exact searchlight relations reject non-empty rows outside centers 0.0s
  + searchlight radii admit zero and reject negative or non-finite values 0.001s
scalafim.image.ExactVoxelRegionSuite:
  + region construction canonicalizes membership and implements set algebra 0.0s
  + checked region algebra rejects a same-size foreign grid owner 0.0s
  + ordered selections preserve feature order separately from membership 0.001s
  + selected-volume gather preserves order and rejects foreign owners 0.0s
  + selected series use position by time storage 0.0s
  + grid coordinate adapters validate bounds in the exact domain 0.0s
scalafim.image.SubVectorSyntaxSuite:
  + SomeNeuroSeries apply overloads select one volume or a time subset 0.0s
  + selected series use exact support and contiguous position-time rows 0.001s
  + NeuroSeriesSeq supports explicit time selection 0.001s
  + NeuroSeriesSeq time selection preserves requested cross-block order and duplicates 0.0s
  + NeuroSeriesSeq selection agrees with the materialized-series oracle 0.029s
scalafim.image.ProviderCongruenceContractSuite:
  + provider certificates retain their exact endpoint references 0.001s
  + persistent restore is admitted while a third owner remains outside the evidence 0.0s
  + distinct ephemeral frames are rejected even for identical geometry 0.0s
  + full sampling distinguishes axes that spatial congruence deliberately ignores 0.001s
  + series zip preserves the complete provider sampling mismatch 0.0s
  + exact and approximate provider congruence distinguish translation and reflection 0.001s
  + approximate full sampling retains exact axes and provider endpoints 0.001s
  + invalid congruence tolerances retain the provider error on both surfaces 0.001s
  + image arithmetic and volume concatenation reject another physical grid 0.001s
  + series mask extraction preserves same-owner coordinates 0.0s
  + series mask extraction rejects translated, reflected, and foreign live owners 0.001s
scalafim.image.MaskedLocalStatsSuite:
  + integral-window normalization matches an independent masked loop 0.003s
  + minimum nominal window fraction rejects undersupported boundaries 0.0s
  + physical channel gradients recover an analytic world covector on an oblique grid 0.001s
scalafim.image.consumer.DynamicImageRefinementCompileSuite:
  + validated concrete images cross their intended dynamic boundaries 0.0s
  + a raw rank-3 Sampled cannot bypass the NeuroVolume admission boundary 0.001s
  + a raw rank-4 Sampled cannot bypass the NeuroSeries time-axis check 0.0s
scalafim.image.OrientationResampleSuite:
  + findAnatomy3D returns expected orientation from axis abbreviations 0.0s
  + Orientation3D rejects duplicate anatomical axes before reorientation 0.002s
  + all 48 signed anatomical permutations round-trip through their matrices 0.001s
  + findAnatomy recovers orientation from identity matrix 0.0s
  + findAnatomyEither reports degenerate matrices as typed errors 0.0s
  + reorient updates SomeSampleSpace transform and axes 0.001s
  + SomeSampleSpace infers axes from trans when axes are not provided 0.0s
  + SampleSpaces retains provider axis records without ordinal reconstruction 0.001s
  + dropDim removes only the selected provider axis and retains the survivor 0.0s
  + parsed method names select internal interpolators 0.002s
  + engine parsing refuses unknown engines 0.001s
  + method and engine parsers report failures without throwing 0.001s
  + resampleTo accepts SomeNeuroVolume/SomeNeuroSeries targets (plus Ops syntax) 0.001s
scalafim.image.io.ImageLibraryParitySuite:
  + nibabel and neuroim2 independently agree on 4D coordinates and affine 0.003s
  + native NIfTI ingress translates first-axis-fastest storage to canonical Ravel 0.003s
  + native NIfTI writer emits oracle first-axis-fastest payload and geometry 0.002s
scalafim.image.SliceSamplingSuite:
  + linear slice sampling exactly reproduces an analytic affine field 0.001s
  + nearest sampling preserves label values and the top-to-bottom row contract 0.001s
  + cubic sampling shares the kernel contract and reproduces a linear field 0.002s
  + outside values participate explicitly in interpolation 0.0s
  + validated sampling kernels agree with checked voxel access at every boundary 0.001s
  + display mirroring reverses pixels without changing sampled anatomy 0.0s
  + affine stepping agrees with direct world-to-voxel conversion 0.001s
  + plans reject a volume from a different source space 0.0s
  + mapped slice plans materialize nonlinear pullback coordinates once 0.003s
  + primitive dense-field slice mapping agrees with the typed morphism oracle 0.125s
scalafim.image.SliceCompatibilityParitySuite:
  + ordinary and mapped plans accept one persistent grid restored through its registry 0.002s
  + ordinary and mapped plans reject distinct ephemeral frames with the same provider cause 0.0s
  + ordinary and mapped plans reject translated and reflected grids identically 0.0s
  + ordinary and mapped plans reject an unrelated third owner identically 0.001s
scalafim.image.world.IdentifiersSuite:
  + identifiers trim surrounding whitespace 0.0s
  + blank identifiers are rejected with their label 0.0s
scalafim.image.ProviderDimensionRefinementSuite:
  + dynamic D3 admission retains exact provider geometry, physical declarations and FIR axis 0.0s
  + D2 refusal preserves the ScalaFIM error and equal-looking D3 frames stay distinct 0.001s
scalafim.image.consumer.OwnerPreservingVolumeCompileSuite:
  + unary volume operations preserve the exact static owner 0.0s
  + a raw Sampled cannot claim a NeuroVolume owner 0.0s
  + a concrete owner cannot be erased without the explicit boundary 0.0s
scalafim.image.OwnerPreservingSeriesSuite:
  + typed shape-preserving operations preserve values and the exact owner 0.001s
  + provider and owner-erased crossings are explicit and zero-wrapper 0.0s
scalafim.image.world.WorldLinkSuite:
  + one world links directly: coordinates carry over under a checked alignment 0.003s
  + different worlds, including two declared spaces with one label, do not link without a map 0.001s
  + a pullback-only link maps target points back and refuses the forward direction 0.002s
  + a link with both directions round-trips 0.0s
  + points of another owner of the link frame's key are rebound, other worlds are refused 0.0s
  + a mapped link needs at least one direction, and each map must join the link's frames 0.0s
external.consumer.ProviderCongruenceBoundaryCompileSuite:
  + deleted ScalaFIM congruence algebra cannot be imported 0.0s
  + external consumers use provider congruence and typed image errors directly 0.0s
  + provider sampling evidence cannot be substituted for a third endpoint 0.0s
[info] Passed: Total 383, Failed 0, Errors 0, Passed 383
[success] Total time: 12 s, completed Sep 30, 2026, 12:41:23 a.m.
