[info] welcome to sbt 1.11.7 (Homebrew Java 25.0.1)
[info] loading settings for project candidate-build from plugins.sbt...
[info] loading project definition from /private/tmp/scalafim-stp-finish-20260929/candidate/project
[info] loading settings for project root from build.sbt...
[info] loading settings for project bids4s-build from plugins.sbt...
[info] loading project definition from /Users/bbuchsbaum/.sbt/1.0/staging/77e7bdc71bddb8077fcd/bids4s/project
[info] loading settings for project root from build.sbt...
[info] loading settings for project gale-build from plugins.sbt...
[info] loading project definition from /Users/bbuchsbaum/.sbt/1.0/staging/449715b8ebc2010e6e23/gale/project
[info] loading settings for project root from build.sbt...
[info] loading settings for project graph4s-build from plugins.sbt...
[info] loading project definition from /Users/bbuchsbaum/.sbt/1.0/staging/b4b08747efd9a8151229/graph4s/project
[info] loading settings for project root from build.sbt...
[info] loading settings for project gale-build from plugins.sbt...
[info] loading project definition from /Users/bbuchsbaum/.sbt/1.0/staging/5a90f48e170e9e640ee1/gale/project
[info] loading settings for project root from build.sbt...
[info] loading settings for project image4s-build from plugins.sbt...
[info] loading project definition from /Users/bbuchsbaum/.sbt/1.0/staging/41e96dde036f148f012a/image4s/project
[info] loading settings for project root from build.sbt...
[info] loading settings for project intaglio-build from plugins.sbt...
[info] loading project definition from /Users/bbuchsbaum/.sbt/1.0/staging/34fcacf7027b8ae3b2f8/intaglio/project
[info] loading settings for project root from build.sbt...
[info] loading settings for project locus4s-build from plugins.sbt...
[info] loading project definition from /Users/bbuchsbaum/.sbt/1.0/staging/05a8f1a231c171f1bca0/locus4s/project
[info] loading settings for project root from build.sbt...
[info] loading settings for project multivar-build from plugins.sbt...
[info] loading project definition from /Users/bbuchsbaum/.sbt/1.0/staging/55929e145617b909ca3a/multivar/project
[info] loading settings for project root from build.sbt...
[info] loading settings for project ravel-build from plugins.sbt...
[info] loading project definition from /Users/bbuchsbaum/.sbt/1.0/staging/57a292f3a6ded9e259cf/ravel/project
[info] loading settings for project root from build.sbt...
[info] loading settings for project reframe4s-build from plugins.sbt...
[info] loading project definition from /Users/bbuchsbaum/.sbt/1.0/staging/aa1fd63832323d604703/reframe4s/project
[info] loading settings for project root from build.sbt...
[info] loading settings for project zarr4s-build from plugins.sbt...
[info] loading project definition from /Users/bbuchsbaum/.sbt/1.0/staging/34c0071f90095ef07887/zarr4s/project
[info] loading settings for project root from build.sbt...
[info] resolving key references (237344 settings) ...
[info] set current project to scalafim (in build file:/private/tmp/scalafim-stp-finish-20260929/candidate/)
[success] Total time: 0 s, completed Sep 29, 2026, 11:51:56 p.m.
[success] Total time: 0 s, completed Sep 29, 2026, 11:51:57 p.m.
[info] compiling 12 Scala sources to /private/tmp/scalafim-stp-finish-20260929/candidate/modules/pipeline/jvm/target/scala-3.7.4/classes ...
[info] done compiling
[success] Total time: 3 s, completed Sep 29, 2026, 11:52:00 p.m.
[info] compiling 12 Scala sources to /private/tmp/scalafim-stp-finish-20260929/candidate/modules/pipeline/js/target/scala-3.7.4/classes ...
[info] done compiling
[success] Total time: 2 s, completed Sep 29, 2026, 11:52:01 p.m.
[success] Total time: 0 s, completed Sep 29, 2026, 11:52:02 p.m.
[success] Total time: 0 s, completed Sep 29, 2026, 11:52:02 p.m.
[success] Total time: 0 s, completed Sep 29, 2026, 11:52:02 p.m.
[success] Total time: 0 s, completed Sep 29, 2026, 11:52:02 p.m.
[info] compiling 17 Scala sources to /private/tmp/scalafim-stp-finish-20260929/candidate/modules/latent/jvm/target/scala-3.7.4/classes ...
[info] done compiling
[success] Total time: 4 s, completed Sep 29, 2026, 11:52:06 p.m.
[info] compiling 17 Scala sources to /private/tmp/scalafim-stp-finish-20260929/candidate/modules/latent/js/target/scala-3.7.4/classes ...
[info] done compiling
[success] Total time: 4 s, completed Sep 29, 2026, 11:52:10 p.m.
[success] Total time: 0 s, completed Sep 29, 2026, 11:52:10 p.m.
[success] Total time: 0 s, completed Sep 29, 2026, 11:52:10 p.m.
[success] Total time: 0 s, completed Sep 29, 2026, 11:52:10 p.m.
[success] Total time: 0 s, completed Sep 29, 2026, 11:52:10 p.m.
[info] compiling 2 Scala sources to /private/tmp/scalafim-stp-finish-20260929/candidate/modules/hrf-laws/jvm/target/scala-3.7.4/classes ...
[info] done compiling
[success] Total time: 0 s, completed Sep 29, 2026, 11:52:11 p.m.
[info] compiling 2 Scala sources to /private/tmp/scalafim-stp-finish-20260929/candidate/modules/hrf-laws/js/target/scala-3.7.4/classes ...
[info] done compiling
[success] Total time: 0 s, completed Sep 29, 2026, 11:52:11 p.m.
[success] Total time: 0 s, completed Sep 29, 2026, 11:52:11 p.m.
[success] Total time: 0 s, completed Sep 29, 2026, 11:52:11 p.m.
[success] Total time: 0 s, completed Sep 29, 2026, 11:52:11 p.m.
[success] Total time: 0 s, completed Sep 29, 2026, 11:52:12 p.m.
[success] Total time: 2 s, completed Sep 29, 2026, 11:52:13 p.m.
[success] Total time: 2 s, completed Sep 29, 2026, 11:52:15 p.m.
[info] compiling 1 Scala source to /private/tmp/scalafim-stp-finish-20260929/candidate/modules/provider-spike/jvm/target/scala-3.7.4/classes ...
[info] done compiling
[success] Total time: 1 s, completed Sep 29, 2026, 11:52:15 p.m.
[info] compiling 1 Scala source to /private/tmp/scalafim-stp-finish-20260929/candidate/modules/provider-spike/js/target/scala-3.7.4/classes ...
[info] done compiling
[success] Total time: 1 s, completed Sep 29, 2026, 11:52:16 p.m.
[success] Total time: 2 s, completed Sep 29, 2026, 11:52:18 p.m.
[success] Total time: 2 s, completed Sep 29, 2026, 11:52:19 p.m.
[success] Total time: 2 s, completed Sep 29, 2026, 11:52:21 p.m.
[info] compiling 1 Scala source to /private/tmp/scalafim-stp-finish-20260929/candidate/modules/image-view-java2d/jvm/target/scala-3.7.4/classes ...
[info] done compiling
[success] Total time: 2 s, completed Sep 29, 2026, 11:52:23 p.m.
[info] compiling 1 Scala source to /private/tmp/scalafim-stp-finish-20260929/candidate/modules/image-view-javafx/jvm/target/scala-3.7.4/classes ...
[info] done compiling
[success] Total time: 2 s, completed Sep 29, 2026, 11:52:25 p.m.
[info] compiling 11 Scala sources to /private/tmp/scalafim-stp-finish-20260929/candidate/modules/threshold/jvm/target/scala-3.7.4/classes ...
[info] done compiling
[success] Total time: 2 s, completed Sep 29, 2026, 11:52:27 p.m.
[info] compiling 11 Scala sources to /private/tmp/scalafim-stp-finish-20260929/candidate/modules/threshold/js/target/scala-3.7.4/classes ...
[info] done compiling
[success] Total time: 2 s, completed Sep 29, 2026, 11:52:29 p.m.
[info] compiling 1 Scala source to /private/tmp/scalafim-stp-finish-20260929/candidate/modules/motion/jvm/target/scala-3.7.4/classes ...
[info] done compiling
[success] Total time: 2 s, completed Sep 29, 2026, 11:52:31 p.m.
[success] Total time: 2 s, completed Sep 29, 2026, 11:52:33 p.m.
[info] compiling 1 Scala source to /private/tmp/scalafim-stp-finish-20260929/candidate/modules/surface/jvm/target/scala-3.7.4/classes ...
[info] done compiling
[success] Total time: 2 s, completed Sep 29, 2026, 11:52:35 p.m.
[success] Total time: 2 s, completed Sep 29, 2026, 11:52:36 p.m.
[success] Total time: 2 s, completed Sep 29, 2026, 11:52:38 p.m.
[success] Total time: 2 s, completed Sep 29, 2026, 11:52:40 p.m.
[info] compiling 3 Scala sources to /private/tmp/scalafim-stp-finish-20260929/candidate/modules/surface-view-raster/jvm/target/scala-3.7.4/classes ...
[info] done compiling
[success] Total time: 2 s, completed Sep 29, 2026, 11:52:42 p.m.
[info] compiling 2 Scala sources to /private/tmp/scalafim-stp-finish-20260929/candidate/modules/surface-view-raster/js/target/scala-3.7.4/classes ...
[info] done compiling
[success] Total time: 2 s, completed Sep 29, 2026, 11:52:44 p.m.
[info] compiling 6 Scala sources to /private/tmp/scalafim-stp-finish-20260929/candidate/modules/surface-view-javafx/jvm/target/scala-3.7.4/classes ...
[info] done compiling
[success] Total time: 2 s, completed Sep 29, 2026, 11:52:46 p.m.
[info] compiling 5 Scala sources to /private/tmp/scalafim-stp-finish-20260929/candidate/modules/surface-view-three/js/target/scala-3.7.4/classes ...
[info] done compiling
[success] Total time: 3 s, completed Sep 29, 2026, 11:52:49 p.m.
[info] compiling 21 Scala sources to /private/tmp/scalafim-stp-finish-20260929/candidate/modules/connectivity/jvm/target/scala-3.7.4/classes ...
[info] done compiling
[info] compiling 1 Scala source to /private/tmp/scalafim-stp-finish-20260929/candidate/modules/surface-view-connectivity/jvm/target/scala-3.7.4/classes ...
[info] done compiling
[success] Total time: 2 s, completed Sep 29, 2026, 11:52:51 p.m.
[info] compiling 21 Scala sources to /private/tmp/scalafim-stp-finish-20260929/candidate/modules/connectivity/js/target/scala-3.7.4/classes ...
[info] done compiling
[info] compiling 1 Scala source to /private/tmp/scalafim-stp-finish-20260929/candidate/modules/surface-view-connectivity/js/target/scala-3.7.4/classes ...
[info] done compiling
[success] Total time: 2 s, completed Sep 29, 2026, 11:52:53 p.m.
[info] compiling 7 Scala sources to /private/tmp/scalafim-stp-finish-20260929/candidate/examples/surface-view/jvm/target/scala-3.7.4/classes ...
[info] done compiling
[success] Total time: 2 s, completed Sep 29, 2026, 11:52:56 p.m.
[info] compiling 7 Scala sources to /private/tmp/scalafim-stp-finish-20260929/candidate/examples/surface-view/js/target/scala-3.7.4/classes ...
[info] done compiling
[success] Total time: 2 s, completed Sep 29, 2026, 11:52:58 p.m.
[success] Total time: 2 s, completed Sep 29, 2026, 11:53:00 p.m.
[success] Total time: 2 s, completed Sep 29, 2026, 11:53:02 p.m.
[info] compiling 3 Scala sources to /private/tmp/scalafim-stp-finish-20260929/candidate/modules/spatial/jvm/target/scala-3.7.4/classes ...
[info] done compiling
[success] Total time: 3 s, completed Sep 29, 2026, 11:53:05 p.m.
[success] Total time: 2 s, completed Sep 29, 2026, 11:53:07 p.m.
[info] compiling 2 Scala sources to /private/tmp/scalafim-stp-finish-20260929/candidate/modules/atlas/jvm/target/scala-3.7.4/classes ...
[info] done compiling
[success] Total time: 2 s, completed Sep 29, 2026, 11:53:09 p.m.
[success] Total time: 2 s, completed Sep 29, 2026, 11:53:10 p.m.
[success] Total time: 0 s, completed Sep 29, 2026, 11:53:10 p.m.
[success] Total time: 0 s, completed Sep 29, 2026, 11:53:11 p.m.
[success] Total time: 2 s, completed Sep 29, 2026, 11:53:12 p.m.
[success] Total time: 2 s, completed Sep 29, 2026, 11:53:14 p.m.
[info] compiling 5 Scala sources to /private/tmp/scalafim-stp-finish-20260929/candidate/modules/estimates-io/jvm/target/scala-3.7.4/classes ...
[info] done compiling
[success] Total time: 4 s, completed Sep 29, 2026, 11:53:18 p.m.
[info] compiling 2 Scala sources to /private/tmp/scalafim-stp-finish-20260929/candidate/modules/estimates-io/js/target/scala-3.7.4/classes ...
[info] done compiling
[success] Total time: 4 s, completed Sep 29, 2026, 11:53:22 p.m.
[info] compiling 2 Scala sources to /private/tmp/scalafim-stp-finish-20260929/candidate/modules/fit-estimates/jvm/target/scala-3.7.4/classes ...
[info] done compiling
[success] Total time: 3 s, completed Sep 29, 2026, 11:53:25 p.m.
[info] compiling 2 Scala sources to /private/tmp/scalafim-stp-finish-20260929/candidate/modules/fit-estimates/js/target/scala-3.7.4/classes ...
[info] done compiling
[success] Total time: 3 s, completed Sep 29, 2026, 11:53:27 p.m.
[info] compiling 14 Scala sources to /private/tmp/scalafim-stp-finish-20260929/candidate/modules/archive-lna/jvm/target/scala-3.7.4/classes ...
[info] done compiling
[success] Total time: 3 s, completed Sep 29, 2026, 11:53:30 p.m.
[info] compiling 10 Scala sources to /private/tmp/scalafim-stp-finish-20260929/candidate/modules/archive-lna/js/target/scala-3.7.4/classes ...
[info] done compiling
[success] Total time: 2 s, completed Sep 29, 2026, 11:53:32 p.m.
[info] compiling 30 Scala sources to /private/tmp/scalafim-stp-finish-20260929/candidate/modules/interop-archived-response/jvm/target/scala-3.7.4/classes ...
[info] done compiling
[success] Total time: 4 s, completed Sep 29, 2026, 11:53:37 p.m.
[info] compiling 24 Scala sources to /private/tmp/scalafim-stp-finish-20260929/candidate/modules/interop-archived-response/js/target/scala-3.7.4/classes ...
[info] done compiling
[success] Total time: 4 s, completed Sep 29, 2026, 11:53:41 p.m.
[success] Total time: 2 s, completed Sep 29, 2026, 11:53:42 p.m.
[success] Total time: 2 s, completed Sep 29, 2026, 11:53:44 p.m.
[success] Total time: 2 s, completed Sep 29, 2026, 11:53:46 p.m.
[success] Total time: 2 s, completed Sep 29, 2026, 11:53:48 p.m.
[success] Total time: 2 s, completed Sep 29, 2026, 11:53:50 p.m.
[success] Total time: 3 s, completed Sep 29, 2026, 11:53:53 p.m.
[success] Total time: 3 s, completed Sep 29, 2026, 11:53:55 p.m.
[success] Total time: 2 s, completed Sep 29, 2026, 11:53:57 p.m.
[info] compiling 26 Scala sources to /private/tmp/scalafim-stp-finish-20260929/candidate/modules/mvpa/jvm/target/scala-3.7.4/classes ...
[info] done compiling
[success] Total time: 1 s, completed Sep 29, 2026, 11:53:58 p.m.
[info] compiling 26 Scala sources to /private/tmp/scalafim-stp-finish-20260929/candidate/modules/mvpa/js/target/scala-3.7.4/classes ...
[info] done compiling
[success] Total time: 1 s, completed Sep 29, 2026, 11:54:00 p.m.
[info] compiling 8 Scala sources to /private/tmp/scalafim-stp-finish-20260929/candidate/modules/mvpa-fit/jvm/target/scala-3.7.4/classes ...
[info] done compiling
[success] Total time: 3 s, completed Sep 29, 2026, 11:54:03 p.m.
[info] compiling 8 Scala sources to /private/tmp/scalafim-stp-finish-20260929/candidate/modules/mvpa-fit/js/target/scala-3.7.4/classes ...
[info] done compiling
[success] Total time: 3 s, completed Sep 29, 2026, 11:54:06 p.m.
[success] Total time: 0 s, completed Sep 29, 2026, 11:54:06 p.m.
[success] Total time: 0 s, completed Sep 29, 2026, 11:54:07 p.m.
[info] compiling 2 Scala sources to /private/tmp/scalafim-stp-finish-20260929/candidate/modules/mvpa-dataset/jvm/target/scala-3.7.4/classes ...
[info] done compiling
[success] Total time: 3 s, completed Sep 29, 2026, 11:54:09 p.m.
[info] compiling 2 Scala sources to /private/tmp/scalafim-stp-finish-20260929/candidate/modules/mvpa-dataset/js/target/scala-3.7.4/classes ...
[info] done compiling
[success] Total time: 3 s, completed Sep 29, 2026, 11:54:12 p.m.
[info] compiling 3 Scala sources to /private/tmp/scalafim-stp-finish-20260929/candidate/modules/mvpa-spatial/jvm/target/scala-3.7.4/classes ...
[info] done compiling
[success] Total time: 2 s, completed Sep 29, 2026, 11:54:14 p.m.
[info] compiling 3 Scala sources to /private/tmp/scalafim-stp-finish-20260929/candidate/modules/mvpa-spatial/js/target/scala-3.7.4/classes ...
[info] done compiling
[success] Total time: 2 s, completed Sep 29, 2026, 11:54:16 p.m.
[success] Total time: 2 s, completed Sep 29, 2026, 11:54:18 p.m.
[success] Total time: 2 s, completed Sep 29, 2026, 11:54:20 p.m.
[info] compiling 1 Scala source to /private/tmp/scalafim-stp-finish-20260929/candidate/modules/fmri-workflow/jvm/target/scala-3.7.4/classes ...
[info] done compiling
[success] Total time: 2 s, completed Sep 29, 2026, 11:54:22 p.m.
[success] Total time: 2 s, completed Sep 29, 2026, 11:54:24 p.m.
[success] Total time: 0 s, completed Sep 29, 2026, 11:54:24 p.m.
[success] Total time: 0 s, completed Sep 29, 2026, 11:54:24 p.m.
[success] Total time: 2 s, completed Sep 29, 2026, 11:54:26 p.m.
[success] Total time: 2 s, completed Sep 29, 2026, 11:54:28 p.m.
[info] compiling 72 Scala sources to /private/tmp/scalafim-stp-finish-20260929/candidate/modules/fit/jvm/target/scala-3.7.4/test-classes ...
[info] done compiling
scalafim.fmri.fit.io.ResultManifestWriterSuite:
  + ResultManifestWriter writes BIDS-style NIfTI, covariance TSV, and sidecar artifacts 0.266s
  + ResultManifestWriter can write one named NIfTI per parameter and contrast map 0.018s
  + ResultManifestWriter persists voxel status and contrast exclusions 0.005s
  + ResultManifestWriter rejects unsafe stems and colliding named-map paths before writing 0.005s
  + ResultManifestWriter reports unsupported HDF5 and GDS formats explicitly 0.002s
  + ResultManifestWriter persists restricted inference provenance 0.072s
[info] Passed: Total 6, Failed 0, Errors 0, Passed 6
[success] Total time: 7 s, completed Sep 29, 2026, 11:54:35 p.m.
