[info] welcome to sbt 1.11.7 (Homebrew Java 25.0.1)
[info] loading settings for project candidate-build from plugins.sbt...
[info] loading project definition from /private/tmp/scalafim-stp-finish-20260929/candidate/project
[info] loading settings for project root from build.sbt...
[info] loading settings for project bids4s-build from plugins.sbt...
[info] loading project definition from /Users/bbuchsbaum/.sbt/1.0/staging/77e7bdc71bddb8077fcd/bids4s/project
[info] loading settings for project root from build.sbt...
[info] loading settings for project gale-build from plugins.sbt...
[info] loading project definition from /Users/bbuchsbaum/.sbt/1.0/staging/449715b8ebc2010e6e23/gale/project
[info] loading settings for project root from build.sbt...
[info] loading settings for project graph4s-build from plugins.sbt...
[info] loading project definition from /Users/bbuchsbaum/.sbt/1.0/staging/b4b08747efd9a8151229/graph4s/project
[info] loading settings for project root from build.sbt...
[info] loading settings for project gale-build from plugins.sbt...
[info] loading project definition from /Users/bbuchsbaum/.sbt/1.0/staging/5a90f48e170e9e640ee1/gale/project
[info] loading settings for project root from build.sbt...
[info] loading settings for project image4s-build from plugins.sbt...
[info] loading project definition from /Users/bbuchsbaum/.sbt/1.0/staging/41e96dde036f148f012a/image4s/project
[info] loading settings for project root from build.sbt...
[info] loading settings for project intaglio-build from plugins.sbt...
[info] loading project definition from /Users/bbuchsbaum/.sbt/1.0/staging/34fcacf7027b8ae3b2f8/intaglio/project
[info] loading settings for project root from build.sbt...
[info] loading settings for project locus4s-build from plugins.sbt...
[info] loading project definition from /Users/bbuchsbaum/.sbt/1.0/staging/05a8f1a231c171f1bca0/locus4s/project
[info] loading settings for project root from build.sbt...
[info] loading settings for project multivar-build from plugins.sbt...
[info] loading project definition from /Users/bbuchsbaum/.sbt/1.0/staging/55929e145617b909ca3a/multivar/project
[info] loading settings for project root from build.sbt...
[info] loading settings for project ravel-build from plugins.sbt...
[info] loading project definition from /Users/bbuchsbaum/.sbt/1.0/staging/57a292f3a6ded9e259cf/ravel/project
[info] loading settings for project root from build.sbt...
[info] loading settings for project reframe4s-build from plugins.sbt...
[info] loading project definition from /Users/bbuchsbaum/.sbt/1.0/staging/aa1fd63832323d604703/reframe4s/project
[info] loading settings for project root from build.sbt...
[info] loading settings for project zarr4s-build from plugins.sbt...
[info] loading project definition from /Users/bbuchsbaum/.sbt/1.0/staging/34c0071f90095ef07887/zarr4s/project
[info] loading settings for project root from build.sbt...
[info] resolving key references (237344 settings) ...
[info] set current project to scalafim (in build file:/private/tmp/scalafim-stp-finish-20260929/candidate/)
[info] compiling 2 Scala sources to /private/tmp/scalafim-stp-finish-20260929/candidate/modules/image-view/jvm/target/scala-3.7.4/test-classes ...
[info] done compiling
scalafim.image.view.LayerAlignmentSuite:
  + layers carry their own frame and a checked alignment to the reference 0.044s
  + a world-aligned layer in another world is rejected 0.004s
  + two subjects' native volumes are different worlds and do not overlay without a transform 0.005s
  + a pullback layer must map the reference frame to its own frame 0.01s
scalafim.image.view.AdvancedViewSuite:
  + lazy frame sources load only requested timepoints and report failures 0.056s
  + lazy frame sources preserve exact provider grid failures 0.004s
  + temporal models reject implicit one-frame sources but accept explicit invariants 0.018s
  + cache profiles separate sampling colorization and plane-specific redraw work 0.015s
  + nonlinear pullback layers sample reference grids in their own source coordinates 0.018s
  + cache reuse preserves left-right convention and asymmetric raster orientation 0.003s
  + linked view policies synchronize only declared state 0.006s
scalafim.image.view.ViewerSceneSuite:
  + orthogonal compilation produces three named receipts and pure scene groups 0.003s
  + panel fitting preserves physical slice aspect on a non-square device 0.001s
  + orthogonal layouts support checked row and column arrangements 0.001s
  + heterogeneous layers sample in world space and retain draw order 0.001s
  + frames expose typed per-layer cursor readouts without backend knowledge 0.001s
  + crosshairs and orientation labels are explicit removable decorations 0.002s
  + left-right convention changes labels and raster orientation together 0.001s
  + viewer models reject empty and duplicate layer sets 0.004s
scalafim.image.view.InteractionSuite:
  + centered state derives its cursor and steps from reference geometry 0.001s
  + panel picking is an exact root-npc to world-space roundtrip 0.008s
  + scrolling follows positive anatomical normals independent of display mirroring 0.003s
  + zoomed panel views preserve inverse picking and stay plane-local 0.018s
  + window threshold opacity and visibility actions alter presentation without mutating layers 0.016s
  + timepoint actions drive temporal layers while static overlays persist 0.004s
  + models reject temporal layers with incompatible frame counts 0.001s
  + resize changes only device layout and reduction is deterministic 0.012s
scalafim.image.view.ViewerCursorSuite:
  + the cursor reads as a point of any owner of the reference frame's world 0.003s
  + a typed point sets the cursor only when its frame is the reference frame 0.007s
  + a point in another world reaches the cursor through a typed link 0.003s
  + cursor actions and states cannot replay into an equally shaped different world 0.002s
  + equivalent persistent frame owners remain valid and pick and scroll retain the reference owner 0.001s
scalafim.image.view.ColorizerSuite:
  + display windows validate and scalar colors clamp predictably 0.0s
  + threshold bands hide only their strict interior and disable explicitly 0.001s
  + ramps interpolate every RGBA channel 0.0s
  + ramp hot path is bit-exact against independently checked channel interpolation 0.001s
  + label and mask colorizers keep missing data transparent by default 0.0s
  + layer identifiers and opacities reject invalid states 0.003s
[info] Passed: Total 38, Failed 0, Errors 0, Passed 38
[success] Total time: 7 s, completed Sep 30, 2026, 1:02:54 a.m.
[info] compiling 1 Scala source to /private/tmp/scalafim-stp-finish-20260929/candidate/modules/motion/jvm/target/scala-3.7.4/test-classes ...
[info] done compiling
scalafim.fmri.motion.io.MotionIoSuite:
  + NIfTI adapter reads 4D runs and 3D masks through existing image IO 0.113s
  + NIfTI metadata adapter roundtrips affine, voxel size, TR, and slice timing 0.016s
  + NIfTI metadata adapter reports invalid sidecars 0.002s
  + BIDS adapter discovers raw scans with TR and slice timing sidecars 0.129s
  + BIDS adapter rejects structurally invalid project identities 0.016s
  + report writer serializes motion, matrices, and summary bundle 0.01s
  + CLI parser returns typed commands and rejects malformed flags 0.004s
  + CLI runner executes estimate, apply, run, and report commands 0.05s
scalafim.fmri.motion.RigidPoseSuite:
  + identity pose converts to the provider identity affine 0.0s
  + pose affine uses volregger ZYX rotation convention 0.002s
  + provider affine roundtrip preserves a finite rigid pose 0.001s
  + rigid pose stores typed translation and ZYX Euler rotation components 0.0s
  + inverse composes back to identity 0.001s
  + andThen follows provider application order 0.0s
  + non-finite pose is rejected by smart constructor 0.001s
scalafim.fmri.motion.MotionApiShapeSuite:
  + slice and packet timing are validated typed acquisition descriptions 0.002s
  + typed plan surfaces support apply timing and platform execution boundaries 0.002s
  + motion profiles expose typed active and planned capabilities 0.002s
  + motion correction result bundles estimate, corrected run, QC, and controls 0.001s
scalafim.fmri.motion.MotionControlSuite:
  + pyramid control validates schedule lengths when enabled 0.0s
  + apply control rejects negative zpad 0.001s
  + temporal shrink controls validate shrink range and threshold 0.0s
  + capture and temporal controls expose typed policies with Boolean adapters 0.0s
  + execution control validates requested worker counts 0.001s
  + platform frame mapper preserves deterministic input order 0.0s
  + residual control exposes frame-mean nuisance policy 0.001s
  + IC stencil and whitening controls validate typed parameters 0.0s
  + fast fMRI profile selects rigid robust engine and component tags 0.001s
  + slice spline profile selects spline engine 0.0s
  + IC profile is executable while full IC whitening remains an explicit planned profile 0.001s
scalafim.fmri.motion.benchmark.MotionBenchmarkSuite:
  + synthetic benchmark harness records required finite metrics 0.037s
  + benchmark report writer emits raw, check, and markdown summaries 0.02s
  + external benchmark validator requires volregger guardrail columns 0.002s
  + CLI smoke profile writes reproducible benchmark files 0.017s
scalafim.fmri.motion.MotionQcSuite:
  + MotionQc combines FD, DVARS, cost drop, and censor flags 0.001s
  + MotionQc records missing fit-cost traces explicitly 0.001s
  + MotionQc rejects incomplete fit-cost traces 0.001s
  + MotionQc records packet correction magnitudes when supplied 0.0s
  + MotionQc applies typed thresholds and censor policy 0.001s
  + MotionQc validates trace length 0.0s
scalafim.fmri.motion.MotionSplineSuite:
  + pose smoothing matches generated volregger spline fixture 0.006s
  + pose interpolation clamps to valid frame span 0.0s
  + packet correction magnitude is zero for all-zero offsets and positive for staggered offsets 0.003s
scalafim.fmri.motion.VolreggerResourceSuite:
  + generated volregger resource matches shared fixture mirror 0.006s
scalafim.fmri.motion.MotionApplierSuite:
  + identity motion application is one-pass and preserves data 0.0s
  + positive moving-to-fixed translation pulls fixed voxels from lower source indices 0.001s
  + negative translation with clamp padding samples high edge repeatedly 0.0s
  + zero padding returns zero outside the source field 0.001s
  + all-zero slice timing is byte-identical to volume application 0.0s
  + nonzero slice timing interpolates packet poses during final application 0.001s
  + motion application validates trace length 0.0s
  + motion application validates acquisition timing against z dimension 0.001s
scalafim.fmri.motion.MotionMetricsSuite:
  + framewise displacement matches volregger convention 0.001s
  + DVARS computes temporal RMS differences 0.001s
  + robust DVARS clips values above three times the finite median 0.0s
  + DVARS policy replaces robust Boolean for typed pair metrics 0.0s
  + transform displacement for pure translation equals translation length 0.0s
  + masked displacement summary uses spatial mask coordinates 0.002s
  + mask shape mismatch is a typed error 0.0s
scalafim.fmri.motion.MotionEstimatorSuite:
  + rigid estimator keeps identical frames near zero motion 0.002s
  + middle reference is anchored and traversal estimates both directions 0.004s
  + rigid estimator recovers a one-voxel positive x translation 0.002s
  + rigid estimator recovers a small positive z rotation 0.004s
  + rotational capture seeds recover a large yaw before optimizer iterations 0.002s
  + robust template refresh resists a high-cost outlier frame 0.01s
  + parallel frame execution preserves deterministic refreshed estimates where supported 0.01s
  + rigid spline estimator layers smoothing over the rigid estimate 0.01s
  + enabled pyramid schedule refines on the finest level 0.002s
  + low-motion pose shrink scales only subthreshold estimates 0.014s
  + temporal regularization smooths an isolated pose while preserving reference 0.007s
  + enabled temporal regularization is executable 0.001s
  + frame-mean nuisance residual removes global intensity offsets 0.001s
  + frame-mean whitening policy uses the same nuisance residual path 0.001s
  + IC stencil policy is deterministic and changes the sampled objective 0.004s
  + IC stencil profile is executable but full IC whitening is a typed unsupported control 0.001s
  + estimator reports invalid references, non-finite runs, and empty masks as typed errors 0.001s
scalafim.fmri.motion.VolreggerParitySuite:
  + generated core fixture records volregger provenance 0.0s
  + pose matrix and inverse match volregger homogeneous transform convention 0.001s
  + framewise displacement matches generated volregger fixture 0.0s
  + raw and robust DVARS match generated volregger fixtures 0.001s
  + radius and masked displacement summaries match generated volregger fixtures 0.0s
  + linear apply padding matches generated volregger fixture 0.001s
  + identity estimator fixture matches generated volregger zero-motion contract 0.001s
  + translation estimator fixture matches generated volregger recovery contract 0.002s
  + spline and packet fixture anchors volregger smoothing and packet offsets 0.001s
  + IC, whitening, spline, and parallel profile fixtures expose volregger contracts 0.0s
  + CLI, report, and benchmark fixture metadata captures downstream artifact contracts 0.001s
scalafim.fmri.motion.MotionTraceSuite:
  + motion trace must be non-empty 0.0s
  + identity trace has requested length 0.0s
  + motion trace exposes frame-aligned pose storage 0.001s
  + frame access validates bounds 0.0s
[info] Passed: Total 91, Failed 0, Errors 0, Passed 91
[success] Total time: 5 s, completed Sep 30, 2026, 1:02:59 a.m.
[info] compiling 2 Scala sources to /private/tmp/scalafim-stp-finish-20260929/candidate/modules/fmri-workflow/jvm/target/scala-3.7.4/test-classes ...
[info] done compiling
scalafim.fmri.workflow.BidsStudyCompilerSuite:
  + compiler groups exact fMRIPrep entities into deterministic multi-run units 0.15s
  + compiler accumulates missing header, metadata, and companion failures 0.003s
  + one-unit-per-run grouping preserves the run in unit identity 0.003s
  + confound-free recipes ignore ambiguous confound tables 0.001s
  + mask policies distinguish common, intersected, and explicit artifacts 0.005s
  + compiler reports incompatible geometry and duplicate run identities 0.004s
  + compiler preserves provider frame failures for mask geometry 0.002s
  + catalog reports empty matches, missing entities, and invalid unit identities 0.002s
  + participant-table coverage reports missing and duplicate subjects 0.004s
  + checked compilation preserves deterministic BIDS diagnostics and valid legacy parity 0.019s
scalafim.fmri.workflow.BidsStudyCompilerJvmSuite:
  + JVM compiler reads headers only for a multi-subject multi-run fMRIPrep project 0.073s
scalafim.fmri.workflow.AnalysisPlanSuite:
  + compile produces deterministic subject and group jobs from pure descriptors 0.026s
  + preflight accumulates independent structural errors without reading payloads 0.003s
  + one-unit-per-subject policy rejects repeated session units 0.001s
  + first-level-only plans compile with an explicit warning 0.001s
  + empty catalogs fail preflight before job construction 0.0s
scalafim.fmri.workflow.WorkflowTypesSuite:
  + workflow identifiers and artifact locations validate at construction 0.0s
  + contrast recipes reject degenerate rows and lower to fit contrasts 0.004s
  + catalog construction rejects invalid run layout and duplicate units 0.002s
  + group workflow validates terms and output formats stay open 0.0s
scalafim.fmri.workflow.FirstLevelUnitSourceSuite:
  + unit source opens run references lazily and applies the exact mask intersection 0.053s
  + unit source preserves provider geometry failure beyond the admitted tolerance 0.002s
scalafim.fmri.workflow.WorkflowIngestAcceptanceSuite:
  + header-first catalog opens mixed-byte multi-run BOLD lazily with compressed staging 0.013s
[info] Passed: Total 23, Failed 0, Errors 0, Passed 23
[success] Total time: 4 s, completed Sep 30, 2026, 1:03:03 a.m.
[info] compiling 1 Scala source to /private/tmp/scalafim-stp-finish-20260929/candidate/modules/surface/jvm/target/scala-3.7.4/test-classes ...
[info] done compiling
scalafim.surface.gifti.GiftiModelSuite:
  + typed attributes normalize known GIFTI codes 0.007s
  + unknown attributes preserve their source text 0.001s
  + data arrays expose shape and intent contracts 0.001s
  + label color conversion keeps GIFTI 0-1 color values explicit 0.001s
  + payload vectors and matrices expose typed shape semantics 0.001s
  + payload matrices make row-major and column-major order explicit 0.001s
  + documents provide typed array lookup and reject duplicate labels 0.001s
  + GIFTI XML parsing rejects entity declarations before expansion 0.003s
  + GIFTI payload sizing rejects dimension products before overflow 0.001s
scalafim.surface.SurfaceLocusDomainSuite:
  + surface domain identity includes exact ordered topology 0.02s
  + full and sparse surface fields preserve their distinct support semantics 0.0s
  + legacy SurfaceRoi adapts to a region, restricted values, and annotation 0.003s
  + labeled surfaces become quotients with metadata and explicit display order 0.004s
  + a disconnected label remains one valid extensional quotient fiber 0.0s
  + runtime-loaded domains preserve the hidden semantic space type 0.0s
L_fsaverage164k_to_fsLR32k vs Workbench: ramp max 1.15e-07, saddle max 5.83e-08, hash max 5.47e-06 (1.0000 within 5.0E-5)
R_fsaverage164k_to_fsLR32k vs Workbench: ramp max 1.08e-07, saddle max 7.18e-08, hash max 6.10e-06 (1.0000 within 5.0E-5)
L_fsLR32k_to_fsaverage164k vs Workbench: ramp max 5.85e-07, saddle max 4.52e-07, hash max 2.36e-05 (1.0000 within 5.0E-5)
L_fsLR32k_to_fsLR164k vs Workbench: ramp max 3.68e-07, saddle max 3.43e-07, hash max 1.58e-05 (1.0000 within 5.0E-5)
L_fsaverage164k_to_fsaverage10k vs Workbench: ramp max 1.19e-07, saddle max 6.10e-08, hash max 5.43e-06 (1.0000 within 5.0E-5)
scalafim.surface.io.TemplateSphereFilesSuite:
  + the committed oracle matches its manifest and pins exactly the admitted spheres 0.009s
  + fsaverage 164k -> fsLR 32k on the fsaverage sphere matches Workbench, both hemispheres 3.69s
  + fsLR 32k -> fsaverage 164k on the fsaverage sphere matches Workbench 2.785s
  + fsLR 32k -> 164k on the fsLR sphere and fsaverage -> fsaverage5 match Workbench 3.64s
  + fsaverage5 and fsaverage6 are the nested vertex prefixes of fsaverage on its sphere 6.774s
  + every pinned sphere loads with its template's counts; other bytes are refused 2.053s
scalafim.surface.io.GiftiReaderSuite:
  + parseString builds a typed GIFTI document with metadata and transforms 0.001s
  + external GIFTI DTD declarations are ignored without network access 0.001s
  + ASCII data arrays decode to numeric pointsets and triangles 0.002s
  + typed payload decoders preserve matrix indexing semantics 0.001s
  + Base64Binary data arrays decode with declared endian 0.0s
  + GZipBase64Binary data arrays decode after inflation 0.001s
  + GZipBase64Binary accepts the zlib stream emitted by FreeSurfer GIFTI 0.0s
  + label GIFTI parses label table and builds LabeledSurface 0.003s
  + external binary arrays are reported explicitly 0.002s
  + malformed external offsets are data-array errors 0.0s
  + malformed label keys are document errors 0.0s
scalafim.surface.io.GiftiSurfaceReaderSuite:
  + read extracts pointset, triangles, hemisphere, kind, and POINTSET transform 0.004s
  + read uses identity transform when CoordinateSystemTransformMatrix is absent 0.001s
  + read rejects malformed POINTSET shapes with stable messages 0.002s
  + read rejects malformed TRIANGLE data with stable messages 0.002s
  + read rejects missing POINTSET and TRIANGLE arrays 0.002s
  + read rejects malformed transform matrices 0.001s
  + geometry preserves the provider cause for a singular surface affine 0.002s
  + read accepts explicit hemisphere and kind metadata 0.001s
  + read accepts Base64Binary pointset and triangle arrays 0.001s
  + read honors ColumnMajorOrder matrix payloads 0.001s
surface resampling parity: 104 rows share neurotransform's face; 2 neurotransform nearest-vertex fallbacks; far-side faces chosen by neurotransform: 56 of 162 rows
scalafim.surface.SurfaceResamplingParitySuite:
  + nearest-vertex plans are identical 0.004s
  + barycentric plans pick the same face as neurotransform unless it picks the far side of the sphere 0.009s
scalafim.surface.SurfaceCoreSuite:
  + Point3D is a surface alias for image SpatialPoint 0.001s
  + TriangleMesh builds a valid tetrahedron 0.0s
  + mesh topology identity ignores coordinates but preserves exact face ordering 0.001s
  + TriangleMesh rejects invalid shapes and indices 0.0s
  + SurfaceGeometry stores mesh metadata and a 4x4 surface-to-world transform 0.001s
  + SurfaceGeometry accepts only provider-validated D3 affines 0.001s
  + surface domains reject IO-only hemisphere tags 0.001s
  + surface tag parsers normalize common labels 0.0s
scalafim.surface.SurfaceDataSuite:
  + SurfaceField stores indexed vertex values 0.0s
  + SurfaceField validates data length, uniqueness, and bounds 0.001s
  + SurfaceMatrix stores vertices by feature columns 0.002s
  + SurfaceRoi extracts a checked subset from a field 0.0s
  + LabeledSurface stores label data and table metadata 0.001s
  + SurfaceSet validates hemisphere and exact ordered topology while allowing new coordinates 0.002s
  + HemispherePair provides typed left/right containers 0.001s
scalafim.surface.io.FreeSurferSurfaceReaderSuite:
  + readAscii handles std.8-style FreeSurfer ASCII surfaces 0.001s
  + read auto-detects ASCII and can infer right hemisphere 0.001s
  + readBinary loads triangle geometry and accepts explicit metadata 0.002s
  + readBinary rejects bad magic with a stable message 0.0s
  + readBinary rejects headers shorter than magic bytes 0.001s
  + readBinary rejects files without created-by and info lines 0.0s
  + readBinary rejects short reads with a stable message 0.001s
  + readAscii rejects malformed rows with a stable message 0.0s
  + readAscii surfaces TriangleMesh face-index validation 0.0s
scalafim.surface.SurfaceGeodesicsSuite:
  + geodesic distance matrix matches tetrahedron edge distances 0.007s
  + distance matrix supports source and target subsets 0.0s
  + neighborsWithin includes self and vertices inside radius 0.001s
  + neighborsWithin uses a closed radius boundary 0.001s
  + euclidean metric ignores mesh paths 0.0s
  + spherical metric clamps cosine and returns finite distances 0.0s
  + unreachable vertices remain Infinity for geodesic metric 0.0s
  + cache policy stores and reuses distance matrices 0.001s
  + custom edge weights drive geodesic distances and cache keys 0.001s
  + geodesic input validation catches bad radius, vertices, and weights 0.0s
scalafim.surface.GraphDifferentialSuite:
  + thresholded surface components match induced generic graph components 0.104s
  + surface geodesics match graph shortest paths for default and custom weights 0.02s
  + MeshTopology graph interop preserves explicit indexing, edges, and distances 0.002s
  + unreachable surface geodesics correspond to graph NoPath 0.0s
scalafim.surface.SurfaceResamplingSuite:
  + sphere helpers recognise spheres and normalise their radius 0.002s
  + barycentric weights reconstruct a point on the query's own radial ray (never the antipodal face) 0.011s
  + nearest-vertex resampling of a mesh onto itself is the identity 0.012s
  + normalisations: element rows total one, sum conserves mass, and the inverse is the exact adjoint 0.005s
  + a linear field on the sphere is reproduced to within the triangle-sagitta error 0.004s
  + input of the wrong length is a typed failure 0.003s
scalafim.surface.FramedSurfaceSuite:
  + stored coordinates and the geometry's surface-to-world placement are distinct declarations 0.017s
  + tkRAS surfaces reach scanner RAS through Norig * inverse(Torig) and back 0.007s
  + tkRAS -> scanner transport requires a tkRAS source and a same-subject scanner target 0.004s
  + transport reports non-finite results instead of throwing 0.002s
  + surfaces in different frames cannot be substituted for one another 0.0s
  + a surface placed in a runtime world binds to the static template frame with the same key 0.002s
scalafim.surface.TemplatePlanTopologySuite:
  + fsaverage5 plan freezes endpoint topology and rejects a later face-order mutation 0.208s
scalafim.surface.SurfaceParcelsSuite:
  + boundary edges derive directly from mesh topology and endpoint labels 0.003s
  + units returns contiguous parcels in label order 0.002s
  + parcel operations reject equal-sized but topologically different meshes 0.0s
  + fragmented parcel policies error, keep largest, split, or merge 0.002s
  + ParcelKey validates split parcel parts 0.001s
  + centroid and geodesic medoid can select different parcel representatives 0.0s
  + geodesic medoid rejects merged disconnected parcel 0.001s
  + distance matrices are symmetric for centroid and minimum methods 0.001s
  + medoid distance matrix uses geodesic medoid representatives 0.001s
  + boundaryContacts counts shared mesh edges symmetrically 0.001s
  + ignoredLabels removes labels from parcel outputs and contacts 0.0s
scalafim.surface.SurfaceSearchlightSuite:
  + zero-radius metric balls are the identity relation 0.004s
  + geodesic metric balls are symmetric and monotone in radius 0.001s
  + metric-ball composition is contained by the summed radius 0.0s
  + metric balls use a closed radius boundary 0.001s
  + partial center support leaves every non-center relation row empty 0.0s
  + equal vertex counts do not excuse a topology mismatch 0.0s
  + local extraction is ordinary indexed-field restriction 0.001s
  + invalid radii are rejected before geometry work 0.0s
scalafim.surface.TemplateSurfacesSuite:
  + stock template meshes carry their TemplateFlow counts and native registration 0.0s
  + a template sphere is admitted only with the template's counts, on a sphere, and on a registration it has 0.015s
  + meshes on different registration spheres cannot be planned against each other 0.0s
  + planning refuses hemispheres that differ 0.001s
  + a plan interpolates with unit rows, its adjoint is the exact transpose, and Sum conserves mass 0.153s
  + the pinned TemplateFlow spheres cover every mesh, hemisphere and published registration 0.001s
scalafim.surface.RibbonFillSuite:
  + ribbon weights match neurotransform cpp_ribbon_weights entry for entry 0.007s
  + surface-to-volume fill matches neurotransform backproject_surface_to_volume(method = "ribbon") 0.001s
  + rows sum to one, and a segment that never enters the grid samples to NaN 0.0s
  + the fill is the exact adjoint of volume-to-surface sampling 0.001s
  + ribbon mask of concentric spheres is the lattice shell between their radii 0.126s
  + the ribbon mask requires closed surfaces 0.002s
  + ribbon sampling of a radial volume recovers the mid-ribbon radius, and the mean fill of ones is one 0.036s
  + volume adapters keep the operator's grid and reject other grids 0.053s
  + ribbon inputs must share a frame: statically when frames are typed, at runtime when they are erased 0.001s
  + white and pial must be vertex-matched, and steps must be positive 0.002s
  + inner and outer roles are checked: hemispheres must agree and kinds must not be swapped 0.002s
  + lattice-aligned faces and edges fill exactly, with half-open faces 0.001s
  + a closed surface that extends past the grid along the ray axis still fills by parity 0.0s
scalafim.surface.MeshTopologySuite:
  + MeshTopology derives unique edges and neighbor rows 0.0s
  + MeshTopology computes Euclidean edge lengths 0.0s
  + MeshTopology computes face and mesh metrics 0.0s
  + MeshTopology computes unit vertex normals when possible 0.001s
  + MeshTopology handles open fragmented meshes 0.0s
  + MeshTopology carries a surface domain when built from geometry 0.001s
scalafim.surface.SurfaceSamplingSuite:
  + SurfaceGeometryPair exposes a shared cortical domain 0.0s
  + midpoint path is a named policy that preserves midpoint sampling semantics 0.004s
  + white and pial paths sample endpoint surfaces 0.0s
  + surfaceToWorld transforms are applied before SomeSampleSpace coordinate lookup 0.0s
  + fractional thickness supports average aggregation 0.001s
  + mode aggregation chooses the most frequent sampled value 0.0s
  + normal-line sampling uses offsets around the midpoint 0.001s
  + masking can produce explicit empty samples 0.0s
  + volume-to-surface morphism wraps reusable sampling plans 0.002s
  + surface-to-surface morphism applies explicit target-to-source vertex maps 0.001s
  + out-of-bounds sample points produce empty samples 0.0s
  + sampling plans validate surface pairs, paths, and masks 0.001s
scalafim.surface.scenarios.SurfaceChainScenarioSuite:
  + surface chain: scanner volume -> tkRAS ribbon -> registered sphere -> template meshes, commuting routes 0.064s
  + every convention mutation of the surface chain fails the scenario 0.169s
  + a tkRAS surface cannot be sampled on a scanner-space grid without moving it first 0.001s
scalafim.surface.SurfaceComponentsSuite:
  + connectedComponents labels active connected sets by decreasing size 0.001s
  + connectedComponents returns zero fields when no vertices pass threshold 0.0s
  + clusterThreshold keeps only clusters meeting minimum size 0.001s
  + SurfaceThreshold validates range order 0.0s
scalafim.surface.SurfaceModuleSuite:
  + module metadata is available 0.0s
[info] Passed: Total 159, Failed 0, Errors 0, Passed 159
[success] Total time: 23 s, completed Sep 30, 2026, 1:03:26 a.m.
[info] compiling 1 Scala source to /private/tmp/scalafim-stp-finish-20260929/candidate/modules/surface-view/jvm/target/scala-3.7.4/classes ...
[info] done compiling
[info] compiling 3 Scala sources to /private/tmp/scalafim-stp-finish-20260929/candidate/modules/surface-view/jvm/target/scala-3.7.4/test-classes ...
[info] done compiling
scalafim.surface.view.SurfaceProjectionNetworkSuite:
  + CPU ribbon projection is the typed oracle and records exact work 0.012s
  + projection quality and fill policy preserve rejected samples explicitly 0.001s
  + materialized projection is an ordinary layer on topology-compatible display geometry 0.027s
  + network filters preserve node identity, negative weights, regions, and stable top-N order 0.004s
  + network tubes attach as ordinary mesh and color resources for every backend 0.003s
  + large signed network compilation reports bounded primitive work and memory 0.03s
scalafim.surface.view.SurfaceWorldIndexSuite:
  + prepared picks agree with independent world landmarks under full affine transforms 0.046s
  + ties choose original lowest id and radius boundaries are inclusive 0.001s
  + snapshot lifetime is explicit across coordinate mutation and equal-topology replacements 0.0s
  + repeated coincident points retain deterministic ties 0.001s
  + malformed transforms are refused at the affine boundary and mutated nonfinite coordinates cannot be indexed 0.001s
scalafim.surface.view.SurfaceSceneDocumentSuite:
  + canonical document roundtrip reproduces state, camera, and semantic render resources 0.05s
  + unknown fields and future revisions obey explicit read policy 0.002s
  + external digests and exact mesh identities are checked before state restoration 0.002s
  + backend-neutral requirements admit capabilities without naming an implementation 0.002s
  + codec rejects duplicate fields, malformed JSON, invalid digests, and invalid document state 0.002s
scalafim.surface.view.SurfaceDynamicsSuite:
  + time axes are strictly increasing and resolve nearest and linear samples 0.002s
  + SurfaceMatrix temporal fields read columns lazily 0.002s
  + lazy sources validate frame shape and bounded LRU caches evict deterministically 0.002s
  + playback reducer clamps, loops, reverses, and produces bounded prefetch requests 0.002s
  + prefetched temporal materialization distinguishes source reads from layer uploads 0.002s
  + morphing preserves exact endpoints and rejects topology or transform mismatch 0.002s
  + linked surface and image selections roundtrip through world coordinates without flips 0.007s
  + typed annotations and bounded selection histories retain reproducible sequence ids 0.002s
scalafim.surface.view.SurfaceBenchmarkReceiptSuite:
  + pinned matrix spans both mesh scales, every layer count, and every path 0.001s
  + timing summaries use deterministic nearest-rank percentiles 0.002s
  + benchmark JSON is deterministic, versioned, escaped, and includes structural counters 0.004s
scalafim.surface.view.SurfaceCameraPoseSuite:
  + the viewpoint camera's pose is typed in the display frame and compiles to the same view 0.003s
  + a volume point linked to the surface focuses the camera on its vertex 0.006s
  + typed poses need the single-surface layout of their display surface 0.001s
  + display frames are checked against what the viewer shows 0.001s
  + a pose needs distinct eye and target points 0.0s
scalafim.surface.view.SurfaceVolumeCursorSuite:
  + guide: an MNI peak maps to subject voxels and a framed tkRAS surface through a pullback link 0.001s
  + a tkRAS surface links to an MNI volume through the pullback; the forward direction is a typed error 0.001s
  + with a forward map the cursor round-trips vertex -> volume -> vertex 0.0s
  + one world links directly under an explicit alignment 0.008s
  + the cursor refuses another world's link, another surface's selection, and points beyond the radius 0.0s
scalafim.surface.view.SurfaceBenchmarkFixtureSuite:
  + pinned fixtures have exact vertex and layer counts 0.044s
  + admission-path fixtures encode only their expected dirty resource 0.008s
scalafim.surface.view.SurfaceAnatomicalDisplaySuite:
  + curvature is an ordinary scalar field transferable only across exact topology 0.001s
  + world clip planes normalize normals and retain an explicit side 0.001s
  + publication decoration records camera and layer identity and composes through Scene 0.01s
scalafim.surface.view.SurfaceViewerSuite:
  + opaque ids and camera scalars reject invalid states 0.003s
  + canonical anatomical viewpoints encode RAS directions explicitly for both hemispheres 0.0s
  + layers own input buffers and validate frame-major lengths 0.001s
  + model rejects duplicate ids, unknown surfaces, topology mismatch, and dynamic frame disagreement 0.001s
  + reducer is total over timepoint, layer capability, ordering, and selection actions 0.001s
  + bilateral layout validates hemispheres and preserves explicit order 0.001s
  + compiler applies surfaceToWorld before packing positions and readouts 0.001s
  + compiler centers the camera on transformed world bounds 0.0s
  + anatomical camera distance scales beyond millimetre-space geometry 0.001s
  + threshold boundaries, layer order, receipts, and profile are deterministic 0.0s
  + camera-only actions preserve every mesh and layer resource key 0.001s
  + geometry families morph without changing topology, layers, selection, or camera framing 0.001s
  + geodesic reveal weights have analytic smootherstep values and reject invalid domains 0.008s
  + direct reveal lens remains an explicit diagnostic correspondence mode 0.005s
  + natural reveal is translation-invariant, pin-fixed, harmonic, and inversion-free 0.005s
  + lens quality detects an intermediate collapse even when endpoint winding agrees 0.0s
  + geometry family actions reject absent variants and invalid transition updates 0.001s
  + orbit and reset preserve canonical anatomical bases without resource uploads 0.001s
scalafim.surface.view.SurfaceBackendConformanceSuite:
  + semantic matrix covers every conformance family 0.002s
  + cold-load observations expose stable structural counters 0.0s
  + camera-only and data-only admission paths reject geometry churn 0.001s
  + invalid resource and revision receipts fail admission explicitly 0.001s
[info] Passed: Total 64, Failed 0, Errors 0, Passed 64
[success] Total time: 5 s, completed Sep 30, 2026, 1:03:31 a.m.
[info] compiling 2 Scala sources to /private/tmp/scalafim-stp-finish-20260929/candidate/modules/atlas/jvm/target/scala-3.7.4/test-classes ...
[info] done compiling
scalafim.atlas.io.SurfaceGiftiAtlasLoaderSuite:
  + loadFromPathsEither builds a bilateral SurfaceAtlas from GIFTI label payloads 0.098s
  + loadFromPathsEither supports sparse NODE_INDEX label payloads 0.005s
  + loadFromPathsEither rejects payload labels missing from the GIFTI LabelTable 0.003s
scalafim.atlas.AtlasPublicationSuite:
  + Schaefer variants define exact ordered parcel identity 0.046s
  + volume support identity includes the exact grid 0.009s
  + surface support identity includes ordered topology but not coordinates 0.002s
  + bilateral publication retains one quotient and explicit empty fibers 0.001s
  + foreign-producer v1 fixture matches fixed domain and assignment bytes 0.002s
  + publication admission recomputes fingerprints and identity preimages 0.001s
  + publication admission rejects malformed support and assignments 0.001s
  + checked constructors preserve typed invalid-payload failures 0.005s
SLF4J(W): No SLF4J providers were found.
SLF4J(W): Defaulting to no-operation (NOP) logger implementation
SLF4J(W): See https://www.slf4j.org/codes.html#noProviders for further details.
numerical inverse on MNI152NLin6Asym res-01: 91.4 s; ItkHdf5 /Users/bbuchsbaum/.cache/templateflow/tpl-MNI152NLin2009cAsym/tpl-MNI152NLin2009cAsym_from-MNI152NLin6Asym_mode-image_xfm.h5 then materialized on a 193x229x193 lattice (8530021 covered) then numerical inverse on a 182x218x182 lattice (coverage 1.0000, max residual forward 1.00e-08 mm, reverse 0.139 mm)
forward map vs ITK fixed-point inverse: max 1.04e-02 mm; round trip max 1.02e-02 mm
scalafim.atlas.io.MniTemplateBridgeFilesSuite:
  + the committed oracle matches its manifest and pins the inspected composites 0.004s
  + the image evidence backs each composite's measured direction 0.0s
  + the composite pulls MNI152NLin2009cAsym points to MNI152NLin6Asym exactly as ITK TransformPoint does 7.798s
  + resampling 6Asym data onto a 2009c grid samples it through the composite 0.122s
  + installed in the manifest, 6Asym -> 2009c is available and pulls 2009c points; it pushes nothing 0.051s
  + TemplateFlow's reverse composite is refused with its measured direction 0.136s
  + in ITK's own numbers, TemplateFlow's reverse composite moves 2009c points like the forward one, not back 0.001s
  + a qualified numerical inverse gives the forward map and an executable reverse route 91.418s
scalafim.atlas.io.AsegLoaderSuite:
  + FreeSurferAseg descriptor exposes canonical atlas reference 0.002s
  + AsegLoader built-in label rows match neuroatlas ASEG metadata 0.002s
  + AsegLoader parses FreeSurfer color LUT rows 0.001s
  + AsegLoader loadFromPaths reads NIfTI labels and filters absent rows 0.059s
scalafim.atlas.AtlasQuotientSuite:
  + volume atlases expose exact fibers, parcel metadata, and display order 0.002s
  + metadata changes do not change extensional region identity 0.003s
  + network regions are fibers of the composed realization 0.001s
  + partial network annotations do not claim a total surjection 0.001s
  + surface atlases expose the same bilateral realization operations 0.002s
  + overlap requires exact grids unless alignment is explicitly requested 0.007s
  + one-pass standard reducers retain NaN and non-contiguous id semantics 0.006s
scalafim.atlas.AtlasProvenanceSuite:
  + AtlasRef converts to typed provenance with source artifacts, support, labels, and citations 0.002s
  + standard atlas provenance infers release metadata and readable summaries 0.001s
  + descriptor-only provenance is explicit and validation reports audit gaps 0.003s
  + loaded provenance records label filtering decisions 0.0s
  + license and voxel-size helpers round-trip legacy metadata 0.001s
  + source artifacts preserve restricted licenses and SHA digests in legacy export 0.001s
  + strict provenance validation flags missing source accounting 0.001s
scalafim.atlas.AtlasCoverageSuite:
  + registry normalizes aliases and reports unknown ids with available atlases 0.002s
  + region index normalizes labels, filters hemispheres, and rejects duplicate ids 0.006s
  + volume atlas construction rejects unknown and absent payload labels 0.002s
  + space transforms expose no-route and non-affine execution limits 0.003s
  + parcel data preserves atlas order and rejects invalid record contracts 0.003s
  + reducers define NaN handling and volume reductions match grouped oracle sums 0.002s
  + vector reduction syntax overloads respect custom reducers and masks 0.014s
  + overlap is symmetric by atlas order and self-overlap is identity 0.005s
  + adjacency connectivity is monotone from faces to corners 0.006s
  + query contracts cover exact lookup, invalid radii, and transform failures 0.005s
  + atlas error messages and provenance helper aliases remain explicit 0.002s
scalafim.atlas.AtlasCoreSuite:
  + Point3D is an atlas alias for image SpatialPoint 0.001s
  + registry resolves standard atlas aliases 0.0s
  + space transform plans include direct, identity, two-hop, and planned routes 0.009s
  + executable affine routes follow provider andThen order 0.001s
  + VolumeAtlas validates region ids and supports metadata subset 0.003s
  + query exact and radius lookups return atlas metadata 0.003s
  + reduceVolume and reduceVec summarize parcel data 0.002s
  + reduceVec preserves all parcels and writes NaN for parcels outside mask 0.002s
  + overlap and adjacency compute region relationships 0.001s
scalafim.atlas.io.AtlasIoSuite:
  + FileAtlasStore resolves cached downloads and validates minBytes 0.004s
  + FileAtlasStore validates SHA-256 on downloaded assets 0.002s
  + FileAtlasStore refreshes stale cached assets and replaces cache on refresh 0.003s
  + AtlasAsset validates metadata fields 0.0s
  + AtlasLabelMaps converts finite integer-valued volumes 0.001s
  + AtlasLabelMaps rejects non-finite and negative labels and preserves label fallback 0.001s
  + SchaeferLoader parses CBIG LUT rows into typed regions 0.002s
  + SchaeferLoader load resolves assets through supplied store without downloads 0.003s
  + GlasserLoader parses node labels with hemisphere metadata 0.004s
  + GlasserLoader descriptors cover all volume asset variants and unknown hemispheres 0.0s
  + AsegLoader load resolves default asset through supplied store without downloads 0.001s
  + GlasserLoader load resolves assets through supplied store without downloads 0.002s
  + AtlasProvenanceFiles attaches local paths and digests by artifact role 0.001s
  + AtlasLabelMaps builds VolumeAtlas from label volume and regions 0.0s
  + SchaeferLoader loadFromPaths reads a synthetic NIfTI fixture and filters absent LUT rows 0.003s
  + GlasserLoader loadFromPaths reads a synthetic NIfTI fixture and keeps present labels only 0.002s
scalafim.atlas.GraphDifferentialSuite:
  + region contact counts match an independent full-neighborhood oracle 0.002s
  + region adjacency lowers to canonical graph topology without changing the atlas API 0.095s
  + optimized contacts have exactly the relational quotient adjacency 0.005s
scalafim.atlas.AtlasRealizationSuite:
  + volume realization retains one direct partial surjection 0.001s
  + equal-size reordered and foreign parcel identities fail exact alignment 0.003s
  + retargeting a reordered parcel owner requires a certified bijection 0.001s
  + a volume realization rejects an image from a different live grid owner 0.001s
  + volume and bilateral surface share exact parcel identity 0.002s
scalafim.atlas.MniTemplateBridgeSuite:
  + only the inspected TemplateFlow composite is admitted, by the SHA-256 of its bytes 0.001s
  + the admitted digest must still hold an affine and a field on the 2009c res-01 lattice 0.0s
  + the lattice check reads ITK's LPS size, origin, spacing and direction, and accepts only 2009c res-01 0.001s
  + stock MNI grids are TemplateFlow's, in their templates' frames, with persistent ids 0.001s
  + a dense warp without a forward map is pullback-executable only 0.01s
  + a supplied inverse makes the warp push points and admits routing through its inverse 0.01s
  + the standard manifest names the real TemplateFlow file and why the reverse step is planned 0.001s
scalafim.atlas.SpaceTransformGraphSuite:
  + the standard manifest populates one spatial graph over unsampled template domains 0.001s
  + the internal affine route matches FreeSurfer mni152.register.dat 0.001s
  + TemplateFlow warps stay planned and typed non-executable until an asset implements them 0.002s
  + assets on frames outside the catalog are rejected when the graph is built 0.002s
  + routes fall back to exact inverses only when no forward route exists 0.001s
  + available steps without provider maps are planned but not executable 0.0s
  + grid pullbacks come from fused affine routes, including inverse steps 0.001s
  + grid pullbacks reject grids outside the route's endpoint worlds 0.001s
  + an identity route over an uncatalogued space plans, but has no world for grid pullbacks 0.0s
scalafim.atlas.AtlasParityCorpusSuite:
  + parity fixture preserves non-contiguous atlas ids and metadata 0.004s
  + query and parcel reduction match neuroatlas parity fixture 0.001s
  + parcel-series reduction keeps non-contiguous ids in parcel order 0.001s
  + parcel-series reduction writes NaN when the mask misses the atlas 0.001s
  + overlap corpus matches Dice and Jaccard golden values 0.001s
  + fixture rejects duplicate metadata ids and unknown payload labels 0.001s
scalafim.atlas.SurfaceAtlasSuite:
  + SurfaceAtlas wraps bilateral labeled surfaces with typed region lookup 0.002s
  + SurfaceAtlas validates geometry hemispheres 0.0s
  + SurfaceAtlas requires non-zero payload labels and region ids to match 0.0s
  + SurfaceAtlas rejects unused label-table ids 0.0s
  + SurfaceAtlas requires lateral hemisphere access and exposes label metadata 0.001s
  + SurfaceAtlas exposes parcel units, distances, and boundary contacts per hemisphere 0.018s
scalafim.atlas.io.BrainnetomeLoaderSuite:
  + Brainnetome246 descriptor exposes canonical atlas reference 0.002s
  + BrainnetomeLoader parses LUT and Yeo network metadata 0.004s
  + BrainnetomeLoader parses LUT without network table and tolerates unknown networks 0.001s
  + BrainnetomeLoader load resolves all assets through supplied store without downloads 0.003s
  + BrainnetomeLoader loadFromPaths reads NIfTI labels and filters absent rows 0.004s
scalafim.atlas.TemplateSampledCatalogSuite:
  + all published template surface densities normalize as surface spaces while catalog domains remain unsampled 0.001s
[info] Passed: Total 115, Failed 0, Errors 0, Passed 115
[success] Total time: 103 s (0:01:43.0), completed Sep 30, 2026, 1:05:14 a.m.
[info] compiling 1 Scala source to /private/tmp/scalafim-stp-finish-20260929/candidate/modules/dataset-zarr/jvm/target/scala-3.7.4/test-classes ...
[info] done compiling
scalafim.dataset.zarr.ZarrSelectionLoweringSuite:
  + BIDS mapping derives stable acquisition identity from the complete entity key 0.022s
  + canonical point lowering preserves non-contiguous time and voxel order 0.065s
  + canonical point lowering rejects spatial-size overflow at its trust boundary 0.001s
scalafim.dataset.zarr.NiftiZarrBridgeSuite:
  + raw int16 NIfTI imports, serves ordered calibrated blocks, and exports BIDS 0.31s
  + importer rejects unsupported scalar types before publishing 0.002s
  + importer normalizes NIfTI millisecond and microsecond timing to seconds 0.017s
  + importer refuses frequency-domain NIfTI units for BOLD timing 0.002s
  + measured sharded import path publishes start-indexed canonical BOLD 0.026s
  + fit chunk selections execute through Zarr without materializing the whole run 0.023s
scalafim.dataset.zarr.FmriDatasetZarrSuite:
  + openZarr composes canonical storage into a source-blind FmriDataset 0.039s
  + openZarr folds store opening failures into DatasetError 0.001s
scalafim.dataset.zarr.CanonicalBoldSamplingSuite:
  + regular seconds preserve zero and nonzero origins 0.001s
  + regular milliseconds normalize before validation 0.0s
  + default precision remains valid for very short TRs 0.0s
  + explicit timing, negative origin, overflow, and invalid precision are typed errors 0.006s
[info] Passed: Total 15, Failed 0, Errors 0, Passed 15
[success] Total time: 4 s, completed Sep 30, 2026, 1:05:19 a.m.
