[info] welcome to sbt 1.11.7 (Homebrew Java 25.0.1)
[info] loading settings for project candidate-build from plugins.sbt...
[info] loading project definition from /private/tmp/scalafim-stp-finish-20260929/candidate/project
[info] loading settings for project root from build.sbt...
[info] loading settings for project bids4s-build from plugins.sbt...
[info] loading project definition from /Users/bbuchsbaum/.sbt/1.0/staging/77e7bdc71bddb8077fcd/bids4s/project
[info] loading settings for project root from build.sbt...
[info] loading settings for project gale-build from plugins.sbt...
[info] loading project definition from /Users/bbuchsbaum/.sbt/1.0/staging/449715b8ebc2010e6e23/gale/project
[info] loading settings for project root from build.sbt...
[info] loading settings for project graph4s-build from plugins.sbt...
[info] loading project definition from /Users/bbuchsbaum/.sbt/1.0/staging/b4b08747efd9a8151229/graph4s/project
[info] loading settings for project root from build.sbt...
[info] loading settings for project gale-build from plugins.sbt...
[info] loading project definition from /Users/bbuchsbaum/.sbt/1.0/staging/5a90f48e170e9e640ee1/gale/project
[info] loading settings for project root from build.sbt...
[info] loading settings for project image4s-build from plugins.sbt...
[info] loading project definition from /Users/bbuchsbaum/.sbt/1.0/staging/41e96dde036f148f012a/image4s/project
[info] loading settings for project root from build.sbt...
[info] loading settings for project intaglio-build from plugins.sbt...
[info] loading project definition from /Users/bbuchsbaum/.sbt/1.0/staging/34fcacf7027b8ae3b2f8/intaglio/project
[info] loading settings for project root from build.sbt...
[info] loading settings for project locus4s-build from plugins.sbt...
[info] loading project definition from /Users/bbuchsbaum/.sbt/1.0/staging/05a8f1a231c171f1bca0/locus4s/project
[info] loading settings for project root from build.sbt...
[info] loading settings for project multivar-build from plugins.sbt...
[info] loading project definition from /Users/bbuchsbaum/.sbt/1.0/staging/55929e145617b909ca3a/multivar/project
[info] loading settings for project root from build.sbt...
[info] loading settings for project ravel-build from plugins.sbt...
[info] loading project definition from /Users/bbuchsbaum/.sbt/1.0/staging/57a292f3a6ded9e259cf/ravel/project
[info] loading settings for project root from build.sbt...
[info] loading settings for project reframe4s-build from plugins.sbt...
[info] loading project definition from /Users/bbuchsbaum/.sbt/1.0/staging/aa1fd63832323d604703/reframe4s/project
[info] loading settings for project root from build.sbt...
[info] loading settings for project zarr4s-build from plugins.sbt...
[info] loading project definition from /Users/bbuchsbaum/.sbt/1.0/staging/34c0071f90095ef07887/zarr4s/project
[info] loading settings for project root from build.sbt...
[info] resolving key references (237344 settings) ...
[info] set current project to scalafim (in build file:/private/tmp/scalafim-stp-finish-20260929/candidate/)
[info] compiling 2 Scala sources to /private/tmp/scalafim-stp-finish-20260929/candidate/modules/atlas/js/target/scala-3.7.4/test-classes ...
[info] done compiling
[info] Fast optimizing /private/tmp/scalafim-stp-finish-20260929/candidate/modules/atlas/js/target/scala-3.7.4/scalafim-atlas-test-fastopt
scalafim.atlas.AtlasCoverageSuite:
  + registry normalizes aliases and reports unknown ids with available atlases 0.003s
  + region index normalizes labels, filters hemispheres, and rejects duplicate ids 0.001s
  + volume atlas construction rejects unknown and absent payload labels 0.006s
  + space transforms expose no-route and non-affine execution limits 0.004s
  + parcel data preserves atlas order and rejects invalid record contracts 0.002s
  + reducers define NaN handling and volume reductions match grouped oracle sums 0.001s
  + vector reduction syntax overloads respect custom reducers and masks 0.003s
  + overlap is symmetric by atlas order and self-overlap is identity 0.003s
  + adjacency connectivity is monotone from faces to corners 0.001s
  + query contracts cover exact lookup, invalid radii, and transform failures 0.002s
  + atlas error messages and provenance helper aliases remain explicit 0.000s
scalafim.atlas.GraphDifferentialSuite:
  + region contact counts match an independent full-neighborhood oracle 0.003s
  + region adjacency lowers to canonical graph topology without changing the atlas API 0.002s
  + optimized contacts have exactly the relational quotient adjacency 0.003s
scalafim.atlas.AtlasProvenanceSuite:
  + AtlasRef converts to typed provenance with source artifacts, support, labels, and citations 0.001s
  + standard atlas provenance infers release metadata and readable summaries 0.001s
  + descriptor-only provenance is explicit and validation reports audit gaps 0.000s
  + loaded provenance records label filtering decisions 0.000s
  + license and voxel-size helpers round-trip legacy metadata 0.000s
  + source artifacts preserve restricted licenses and SHA digests in legacy export 0.000s
  + strict provenance validation flags missing source accounting 0.000s
scalafim.atlas.AtlasRealizationSuite:
  + volume realization retains one direct partial surjection 0.004s
  + equal-size reordered and foreign parcel identities fail exact alignment 0.003s
  + retargeting a reordered parcel owner requires a certified bijection 0.002s
  + a volume realization rejects an image from a different live grid owner 0.001s
  + volume and bilateral surface share exact parcel identity 0.003s
scalafim.atlas.AtlasCoreSuite:
  + Point3D is an atlas alias for image SpatialPoint 0.000s
  + registry resolves standard atlas aliases 0.000s
  + space transform plans include direct, identity, two-hop, and planned routes 0.002s
  + executable affine routes follow provider andThen order 0.001s
  + VolumeAtlas validates region ids and supports metadata subset 0.002s
  + query exact and radius lookups return atlas metadata 0.003s
  + reduceVolume and reduceVec summarize parcel data 0.003s
  + reduceVec preserves all parcels and writes NaN for parcels outside mask 0.001s
  + overlap and adjacency compute region relationships 0.001s
scalafim.atlas.AtlasPublicationSuite:
  + Schaefer variants define exact ordered parcel identity 0.004s
  + volume support identity includes the exact grid 0.002s
  + surface support identity includes ordered topology but not coordinates 0.002s
  + bilateral publication retains one quotient and explicit empty fibers 0.001s
  + foreign-producer v1 fixture matches fixed domain and assignment bytes 0.002s
  + publication admission recomputes fingerprints and identity preimages 0.001s
  + publication admission rejects malformed support and assignments 0.002s
  + checked constructors preserve typed invalid-payload failures 0.001s
scalafim.atlas.SurfaceAtlasSuite:
  + SurfaceAtlas wraps bilateral labeled surfaces with typed region lookup 0.002s
  + SurfaceAtlas validates geometry hemispheres 0.000s
  + SurfaceAtlas requires non-zero payload labels and region ids to match 0.000s
  + SurfaceAtlas rejects unused label-table ids 0.000s
  + SurfaceAtlas requires lateral hemisphere access and exposes label metadata 0.001s
  + SurfaceAtlas exposes parcel units, distances, and boundary contacts per hemisphere 0.003s
scalafim.atlas.TemplateSampledCatalogSuite:
  + all published template surface densities normalize as surface spaces while catalog domains remain unsampled 0.001s
scalafim.atlas.SpaceTransformGraphSuite:
  + the standard manifest populates one spatial graph over unsampled template domains 0.000s
  + the internal affine route matches FreeSurfer mni152.register.dat 0.000s
  + TemplateFlow warps stay planned and typed non-executable until an asset implements them 0.002s
  + assets on frames outside the catalog are rejected when the graph is built 0.000s
  + routes fall back to exact inverses only when no forward route exists 0.000s
  + available steps without provider maps are planned but not executable 0.000s
  + grid pullbacks come from fused affine routes, including inverse steps 0.001s
  + grid pullbacks reject grids outside the route's endpoint worlds 0.001s
  + an identity route over an uncatalogued space plans, but has no world for grid pullbacks 0.000s
scalafim.atlas.AtlasQuotientSuite:
  + volume atlases expose exact fibers, parcel metadata, and display order 0.001s
  + metadata changes do not change extensional region identity 0.001s
  + network regions are fibers of the composed realization 0.001s
  + partial network annotations do not claim a total surjection 0.000s
  + surface atlases expose the same bilateral realization operations 0.000s
  + overlap requires exact grids unless alignment is explicitly requested 0.002s
  + one-pass standard reducers retain NaN and non-contiguous id semantics 0.001s
scalafim.atlas.AtlasParityCorpusSuite:
  + parity fixture preserves non-contiguous atlas ids and metadata 0.001s
  + query and parcel reduction match neuroatlas parity fixture 0.001s
  + parcel-series reduction keeps non-contiguous ids in parcel order 0.001s
  + parcel-series reduction writes NaN when the mask misses the atlas 0.001s
  + overlap corpus matches Dice and Jaccard golden values 0.001s
  + fixture rejects duplicate metadata ids and unknown payload labels 0.001s
scalafim.atlas.MniTemplateBridgeSuite:
  + only the inspected TemplateFlow composite is admitted, by the SHA-256 of its bytes 0.000s
  + the admitted digest must still hold an affine and a field on the 2009c res-01 lattice 0.001s
  + the lattice check reads ITK's LPS size, origin, spacing and direction, and accepts only 2009c res-01 0.001s
  + stock MNI grids are TemplateFlow's, in their templates' frames, with persistent ids 0.000s
  + a dense warp without a forward map is pullback-executable only 0.018s
  + a supplied inverse makes the warp push points and admits routing through its inverse 0.009s
  + the standard manifest names the real TemplateFlow file and why the reverse step is planned 0.000s
[info] Passed: Total 79, Failed 0, Errors 0, Passed 79
[success] Total time: 10 s, completed Sep 30, 2026, 1:12:33 a.m.
[info] Fast optimizing /private/tmp/scalafim-stp-finish-20260929/candidate/modules/dataset-zarr/js/target/scala-3.7.4/scalafim-dataset-zarr-test-fastopt
scalafim.dataset.zarr.ZarrSelectionLoweringSuite:
  + BIDS mapping derives stable acquisition identity from the complete entity key 0.006s
  + canonical point lowering preserves non-contiguous time and voxel order 0.004s
  + canonical point lowering rejects spatial-size overflow at its trust boundary 0.001s
scalafim.dataset.zarr.CanonicalBoldSamplingSuite:
  + regular seconds preserve zero and nonzero origins 0.001s
  + regular milliseconds normalize before validation 0.000s
  + default precision remains valid for very short TRs 0.000s
  + explicit timing, negative origin, overflow, and invalid precision are typed errors 0.000s
[info] Passed: Total 7, Failed 0, Errors 0, Passed 7
[success] Total time: 4 s, completed Sep 30, 2026, 1:12:37 a.m.
[success] Total time: 0 s, completed Sep 30, 2026, 1:12:37 a.m.
[success] Total time: 0 s, completed Sep 30, 2026, 1:12:37 a.m.
[success] Total time: 0 s, completed Sep 30, 2026, 1:12:37 a.m.
[success] Total time: 0 s, completed Sep 30, 2026, 1:12:37 a.m.
[success] Total time: 0 s, completed Sep 30, 2026, 1:12:38 a.m.
[success] Total time: 0 s, completed Sep 30, 2026, 1:12:38 a.m.
[success] Total time: 0 s, completed Sep 30, 2026, 1:12:38 a.m.
[success] Total time: 0 s, completed Sep 30, 2026, 1:12:38 a.m.
[success] Total time: 2 s, completed Sep 30, 2026, 1:12:40 a.m.
[success] Total time: 2 s, completed Sep 30, 2026, 1:12:41 a.m.
[success] Total time: 0 s, completed Sep 30, 2026, 1:12:41 a.m.
[success] Total time: 0 s, completed Sep 30, 2026, 1:12:42 a.m.
[success] Total time: 0 s, completed Sep 30, 2026, 1:12:42 a.m.
[success] Total time: 0 s, completed Sep 30, 2026, 1:12:42 a.m.
[success] Total time: 0 s, completed Sep 30, 2026, 1:12:42 a.m.
[success] Total time: 0 s, completed Sep 30, 2026, 1:12:42 a.m.
[success] Total time: 0 s, completed Sep 30, 2026, 1:12:42 a.m.
[success] Total time: 0 s, completed Sep 30, 2026, 1:12:42 a.m.
[success] Total time: 0 s, completed Sep 30, 2026, 1:12:42 a.m.
[success] Total time: 0 s, completed Sep 30, 2026, 1:12:42 a.m.
[success] Total time: 2 s, completed Sep 30, 2026, 1:12:44 a.m.
[success] Total time: 2 s, completed Sep 30, 2026, 1:12:46 a.m.
[success] Total time: 0 s, completed Sep 30, 2026, 1:12:46 a.m.
[success] Total time: 0 s, completed Sep 30, 2026, 1:12:46 a.m.
[success] Total time: 2 s, completed Sep 30, 2026, 1:12:48 a.m.
[success] Total time: 2 s, completed Sep 30, 2026, 1:12:49 a.m.
[success] Total time: 2 s, completed Sep 30, 2026, 1:12:51 a.m.
[success] Total time: 2 s, completed Sep 30, 2026, 1:12:53 a.m.
[success] Total time: 2 s, completed Sep 30, 2026, 1:12:54 a.m.
[success] Total time: 2 s, completed Sep 30, 2026, 1:12:56 a.m.
[success] Total time: 2 s, completed Sep 30, 2026, 1:12:58 a.m.
[success] Total time: 2 s, completed Sep 30, 2026, 1:12:59 a.m.
[success] Total time: 2 s, completed Sep 30, 2026, 1:13:01 a.m.
[success] Total time: 2 s, completed Sep 30, 2026, 1:13:03 a.m.
[success] Total time: 2 s, completed Sep 30, 2026, 1:13:05 a.m.
[success] Total time: 2 s, completed Sep 30, 2026, 1:13:06 a.m.
[success] Total time: 2 s, completed Sep 30, 2026, 1:13:08 a.m.
[success] Total time: 2 s, completed Sep 30, 2026, 1:13:10 a.m.
[success] Total time: 2 s, completed Sep 30, 2026, 1:13:12 a.m.
[success] Total time: 2 s, completed Sep 30, 2026, 1:13:13 a.m.
[success] Total time: 2 s, completed Sep 30, 2026, 1:13:15 a.m.
[success] Total time: 2 s, completed Sep 30, 2026, 1:13:17 a.m.
[success] Total time: 2 s, completed Sep 30, 2026, 1:13:19 a.m.
[success] Total time: 2 s, completed Sep 30, 2026, 1:13:20 a.m.
[success] Total time: 2 s, completed Sep 30, 2026, 1:13:22 a.m.
[success] Total time: 2 s, completed Sep 30, 2026, 1:13:24 a.m.
[success] Total time: 2 s, completed Sep 30, 2026, 1:13:26 a.m.
[success] Total time: 2 s, completed Sep 30, 2026, 1:13:28 a.m.
[success] Total time: 2 s, completed Sep 30, 2026, 1:13:30 a.m.
[success] Total time: 2 s, completed Sep 30, 2026, 1:13:32 a.m.
[success] Total time: 2 s, completed Sep 30, 2026, 1:13:34 a.m.
[success] Total time: 0 s, completed Sep 30, 2026, 1:13:34 a.m.
[success] Total time: 0 s, completed Sep 30, 2026, 1:13:34 a.m.
[success] Total time: 2 s, completed Sep 30, 2026, 1:13:35 a.m.
[success] Total time: 2 s, completed Sep 30, 2026, 1:13:37 a.m.
[success] Total time: 2 s, completed Sep 30, 2026, 1:13:39 a.m.
[success] Total time: 2 s, completed Sep 30, 2026, 1:13:40 a.m.
[success] Total time: 2 s, completed Sep 30, 2026, 1:13:42 a.m.
[success] Total time: 2 s, completed Sep 30, 2026, 1:13:44 a.m.
[success] Total time: 2 s, completed Sep 30, 2026, 1:13:46 a.m.
[success] Total time: 2 s, completed Sep 30, 2026, 1:13:47 a.m.
[success] Total time: 2 s, completed Sep 30, 2026, 1:13:49 a.m.
[success] Total time: 2 s, completed Sep 30, 2026, 1:13:51 a.m.
[success] Total time: 2 s, completed Sep 30, 2026, 1:13:53 a.m.
[success] Total time: 2 s, completed Sep 30, 2026, 1:13:54 a.m.
[success] Total time: 2 s, completed Sep 30, 2026, 1:13:56 a.m.
[success] Total time: 2 s, completed Sep 30, 2026, 1:13:58 a.m.
[success] Total time: 2 s, completed Sep 30, 2026, 1:14:00 a.m.
[success] Total time: 2 s, completed Sep 30, 2026, 1:14:01 a.m.
[success] Total time: 2 s, completed Sep 30, 2026, 1:14:03 a.m.
[success] Total time: 2 s, completed Sep 30, 2026, 1:14:05 a.m.
[success] Total time: 0 s, completed Sep 30, 2026, 1:14:05 a.m.
[success] Total time: 0 s, completed Sep 30, 2026, 1:14:05 a.m.
[success] Total time: 2 s, completed Sep 30, 2026, 1:14:07 a.m.
[success] Total time: 2 s, completed Sep 30, 2026, 1:14:09 a.m.
[success] Total time: 0 s, completed Sep 30, 2026, 1:14:09 a.m.
[success] Total time: 0 s, completed Sep 30, 2026, 1:14:09 a.m.
[success] Total time: 2 s, completed Sep 30, 2026, 1:14:11 a.m.
[success] Total time: 2 s, completed Sep 30, 2026, 1:14:12 a.m.
[success] Total time: 2 s, completed Sep 30, 2026, 1:14:14 a.m.
[success] Total time: 2 s, completed Sep 30, 2026, 1:14:16 a.m.
[success] Total time: 2 s, completed Sep 30, 2026, 1:14:18 a.m.
[success] Total time: 2 s, completed Sep 30, 2026, 1:14:20 a.m.
[success] Total time: 2 s, completed Sep 30, 2026, 1:14:21 a.m.
[success] Total time: 2 s, completed Sep 30, 2026, 1:14:23 a.m.
[success] Total time: 0 s, completed Sep 30, 2026, 1:14:23 a.m.
[success] Total time: 0 s, completed Sep 30, 2026, 1:14:23 a.m.
[success] Total time: 2 s, completed Sep 30, 2026, 1:14:25 a.m.
[success] Total time: 2 s, completed Sep 30, 2026, 1:14:27 a.m.
