[info] welcome to sbt 1.11.7 (Homebrew Java 25.0.1)
[info] loading settings for project staged-check-build from plugins.sbt...
[info] loading project definition from /private/tmp/scalafim-stp-finish-20260929/commit-20260930/staged-check/project
[info] loading settings for project root from build.sbt...
[info] loading settings for project bids4s-build from plugins.sbt...
[info] loading project definition from /Users/bbuchsbaum/.sbt/1.0/staging/77e7bdc71bddb8077fcd/bids4s/project
[info] loading settings for project root from build.sbt...
[info] loading settings for project gale-build from plugins.sbt...
[info] loading project definition from /Users/bbuchsbaum/.sbt/1.0/staging/449715b8ebc2010e6e23/gale/project
[info] loading settings for project root from build.sbt...
[info] loading settings for project graph4s-build from plugins.sbt...
[info] loading project definition from /Users/bbuchsbaum/.sbt/1.0/staging/b4b08747efd9a8151229/graph4s/project
[info] loading settings for project root from build.sbt...
[info] loading settings for project gale-build from plugins.sbt...
[info] loading project definition from /Users/bbuchsbaum/.sbt/1.0/staging/5a90f48e170e9e640ee1/gale/project
[info] loading settings for project root from build.sbt...
[info] loading settings for project image4s-build from plugins.sbt...
[info] loading project definition from /Users/bbuchsbaum/.sbt/1.0/staging/41e96dde036f148f012a/image4s/project
[info] loading settings for project root from build.sbt...
[info] loading settings for project intaglio-build from plugins.sbt...
[info] loading project definition from /Users/bbuchsbaum/.sbt/1.0/staging/34fcacf7027b8ae3b2f8/intaglio/project
[info] loading settings for project root from build.sbt...
[info] loading settings for project locus4s-build from plugins.sbt...
[info] loading project definition from /Users/bbuchsbaum/.sbt/1.0/staging/05a8f1a231c171f1bca0/locus4s/project
[info] loading settings for project root from build.sbt...
[info] loading settings for project multivar-build from plugins.sbt...
[info] loading project definition from /Users/bbuchsbaum/.sbt/1.0/staging/55929e145617b909ca3a/multivar/project
[info] loading settings for project root from build.sbt...
[info] loading settings for project ravel-build from plugins.sbt...
[info] loading project definition from /Users/bbuchsbaum/.sbt/1.0/staging/57a292f3a6ded9e259cf/ravel/project
[info] loading settings for project root from build.sbt...
[info] loading settings for project reframe4s-build from plugins.sbt...
[info] loading project definition from /Users/bbuchsbaum/.sbt/1.0/staging/aa1fd63832323d604703/reframe4s/project
[info] loading settings for project root from build.sbt...
[info] loading settings for project zarr4s-build from plugins.sbt...
[info] loading project definition from /Users/bbuchsbaum/.sbt/1.0/staging/34c0071f90095ef07887/zarr4s/project
[info] loading settings for project root from build.sbt...
[info] resolving key references (237344 settings) ...
[info] set current project to scalafim (in build file:/private/tmp/scalafim-stp-finish-20260929/commit-20260930/staged-check/)
[info] compiling 13 Scala sources to /private/tmp/scalafim-stp-finish-20260929/commit-20260930/staged-check/modules/motion/js/target/scala-3.7.4/test-classes ...
[info] done compiling
[info] Fast optimizing /private/tmp/scalafim-stp-finish-20260929/commit-20260930/staged-check/modules/motion/js/target/scala-3.7.4/scalafim-fmri-motion-test-fastopt
scalafim.fmri.motion.MotionMetricsSuite:
  + framewise displacement matches volregger convention 0.005s
  + DVARS computes temporal RMS differences 0.004s
  + robust DVARS clips values above three times the finite median 0.001s
  + DVARS policy replaces robust Boolean for typed pair metrics 0.000s
  + transform displacement for pure translation equals translation length 0.000s
  + masked displacement summary uses spatial mask coordinates 0.001s
  + mask shape mismatch is a typed error 0.001s
scalafim.fmri.motion.MotionSplineSuite:
  + pose smoothing matches generated volregger spline fixture 0.003s
  + pose interpolation clamps to valid frame span 0.000s
  + packet correction magnitude is zero for all-zero offsets and positive for staggered offsets 0.007s
scalafim.fmri.motion.MotionEstimatorSuite:
  + rigid estimator keeps identical frames near zero motion 0.017s
  + middle reference is anchored and traversal estimates both directions 0.010s
  + rigid estimator recovers a one-voxel positive x translation 0.004s
  + rigid estimator recovers a small positive z rotation 0.019s
  + rotational capture seeds recover a large yaw before optimizer iterations 0.002s
  + robust template refresh resists a high-cost outlier frame 0.031s
  + parallel frame execution preserves deterministic refreshed estimates where supported 0.016s
  + rigid spline estimator layers smoothing over the rigid estimate 0.019s
  + enabled pyramid schedule refines on the finest level 0.004s
  + low-motion pose shrink scales only subthreshold estimates 0.024s
  + temporal regularization smooths an isolated pose while preserving reference 0.031s
  + enabled temporal regularization is executable 0.002s
  + frame-mean nuisance residual removes global intensity offsets 0.001s
  + frame-mean whitening policy uses the same nuisance residual path 0.001s
  + IC stencil policy is deterministic and changes the sampled objective 0.002s
  + IC stencil profile is executable but full IC whitening is a typed unsupported control 0.003s
  + estimator reports invalid references, non-finite runs, and empty masks as typed errors 0.001s
scalafim.fmri.motion.MotionSolverScalingSuite:
  + with Huber weighting inactive, estimated motion does not depend on the image intensity scale 0.034s
  + the relative-drop stopping rule does not stop early on very low-intensity images 0.017s
  + a singular normal system is not reported as convergence 0.002s
  + the normal-equation solve is accurate on badly scaled positive definite systems 0.001s
  + the normal-equation solve refuses rank-deficient and indefinite systems 0.000s
  + the relative pivot tolerance refuses a numerically singular unit-diagonal system 0.000s
scalafim.fmri.motion.MotionApplierSuite:
  + identity motion application is one-pass and preserves data 0.001s
  + positive moving-to-fixed translation pulls fixed voxels from lower source indices 0.000s
  + negative translation with clamp padding samples high edge repeatedly 0.000s
  + zero padding returns zero outside the source field 0.000s
  + all-zero slice timing is byte-identical to volume application 0.000s
  + nonzero slice timing interpolates packet poses during final application 0.001s
  + motion application validates trace length 0.000s
  + motion application validates acquisition timing against z dimension 0.000s
scalafim.fmri.motion.MotionControlSuite:
  + pyramid control validates schedule lengths when enabled 0.000s
  + apply control rejects negative zpad 0.000s
  + temporal shrink controls validate shrink range and threshold 0.000s
  + capture and temporal controls expose typed policies with Boolean adapters 0.000s
  + execution control validates requested worker counts 0.000s
  + platform frame mapper preserves deterministic input order 0.000s
  + residual control exposes frame-mean nuisance policy 0.000s
  + IC stencil and whitening controls validate typed parameters 0.000s
  + fast fMRI profile selects rigid robust engine and component tags 0.000s
  + slice spline profile selects spline engine 0.000s
  + IC profile is executable while full IC whitening remains an explicit planned profile 0.000s
scalafim.fmri.motion.RigidPoseSuite:
  + identity pose converts to the provider identity affine 0.000s
  + pose affine uses volregger ZYX rotation convention 0.000s
  + provider affine roundtrip preserves a finite rigid pose 0.000s
  + rigid pose stores typed translation and ZYX Euler rotation components 0.000s
  + inverse composes back to identity 0.000s
  + andThen follows provider application order 0.000s
  + non-finite pose is rejected by smart constructor 0.000s
scalafim.fmri.motion.MotionApiShapeSuite:
  + slice and packet timing are validated typed acquisition descriptions 0.000s
  + typed plan surfaces support apply timing and platform execution boundaries 0.001s
  + motion profiles expose typed active and planned capabilities 0.000s
  + motion correction result bundles estimate, corrected run, QC, and controls 0.001s
scalafim.fmri.motion.MotionQcSuite:
  + MotionQc combines FD, DVARS, cost drop, and censor flags 0.001s
  + MotionQc records missing fit-cost traces explicitly 0.000s
  + MotionQc rejects incomplete fit-cost traces 0.000s
  + MotionQc records packet correction magnitudes when supplied 0.000s
  + MotionQc applies typed thresholds and censor policy 0.000s
  + MotionQc validates trace length 0.000s
scalafim.fmri.motion.VolreggerParitySuite:
  + generated core fixture records volregger provenance 0.000s
  + pose matrix and inverse match volregger homogeneous transform convention 0.000s
  + framewise displacement matches generated volregger fixture 0.000s
  + raw and robust DVARS match generated volregger fixtures 0.001s
  + radius and masked displacement summaries match generated volregger fixtures 0.001s
  + linear apply padding matches generated volregger fixture 0.001s
  + identity estimator fixture matches generated volregger zero-motion contract 0.005s
  + translation estimator fixture matches generated volregger recovery contract 0.002s
  + spline and packet fixture anchors volregger smoothing and packet offsets 0.001s
  + IC, whitening, spline, and parallel profile fixtures expose volregger contracts 0.000s
  + CLI, report, and benchmark fixture metadata captures downstream artifact contracts 0.000s
scalafim.fmri.motion.MotionTraceSuite:
  + motion trace must be non-empty 0.000s
  + identity trace has requested length 0.000s
  + motion trace exposes frame-aligned pose storage 0.000s
  + frame access validates bounds 0.000s
[info] Passed: Total 84, Failed 0, Errors 0, Passed 84
[success] Total time: 19 s, completed Sep 30, 2026, 4:28:39 a.m.
[info] compiling 23 Scala sources to /private/tmp/scalafim-stp-finish-20260929/commit-20260930/staged-check/modules/surface/js/target/scala-3.7.4/test-classes ...
[info] done compiling
[info] Fast optimizing /private/tmp/scalafim-stp-finish-20260929/commit-20260930/staged-check/modules/surface/js/target/scala-3.7.4/scalafim-surface-test-fastopt
scalafim.surface.SurfaceResamplingSuite:
  + sphere helpers recognise spheres and normalise their radius 0.007s
  + barycentric weights reconstruct a point on the query's own radial ray (never the antipodal face) 0.044s
  + nearest-vertex resampling of a mesh onto itself is the identity 0.157s
  + normalisations: element rows total one, sum conserves mass, and the inverse is the exact adjoint 0.013s
  + a linear field on the sphere is reproduced to within the triangle-sagitta error 0.018s
  + input of the wrong length is a typed failure 0.023s
scalafim.surface.GraphDifferentialSuite:
  + thresholded surface components match induced generic graph components 0.008s
  + surface geodesics match graph shortest paths for default and custom weights 0.010s
  + MeshTopology graph interop preserves explicit indexing, edges, and distances 0.001s
  + unreachable surface geodesics correspond to graph NoPath 0.001s
scalafim.surface.MeshTopologySuite:
  + MeshTopology derives unique edges and neighbor rows 0.002s
  + MeshTopology computes Euclidean edge lengths 0.001s
  + MeshTopology computes face and mesh metrics 0.000s
  + MeshTopology computes unit vertex normals when possible 0.000s
  + MeshTopology handles open fragmented meshes 0.000s
  + MeshTopology carries a surface domain when built from geometry 0.000s
scalafim.surface.SurfaceModuleSuite:
  + module metadata is available 0.000s
scalafim.surface.SurfaceSearchlightSuite:
  + zero-radius metric balls are the identity relation 0.001s
  + geodesic metric balls are symmetric and monotone in radius 0.016s
  + metric-ball composition is contained by the summed radius 0.000s
  + metric balls use a closed radius boundary 0.000s
  + partial center support leaves every non-center relation row empty 0.000s
  + equal vertex counts do not excuse a topology mismatch 0.000s
  + local extraction is ordinary indexed-field restriction 0.000s
  + invalid radii are rejected before geometry work 0.000s
scalafim.surface.TriangleMeshEqualitySuite:
  + meshes built from separate arrays with the same content are equal and hash alike 0.000s
  + coordinates, face order and signed zero distinguish meshes 0.001s
  + surface geometries compare their meshes structurally 0.001s
  + a vertex mapping accepts a field on a separately loaded, identical geometry 0.001s
scalafim.surface.SurfaceParcelsSuite:
  + boundary edges derive directly from mesh topology and endpoint labels 0.000s
  + units returns contiguous parcels in label order 0.000s
  + parcel operations reject equal-sized but topologically different meshes 0.000s
  + fragmented parcel policies error, keep largest, split, or merge 0.000s
  + ParcelKey validates split parcel parts 0.000s
  + centroid and geodesic medoid can select different parcel representatives 0.000s
  + geodesic medoid rejects merged disconnected parcel 0.000s
  + distance matrices are symmetric for centroid and minimum methods 0.000s
  + medoid distance matrix uses geodesic medoid representatives 0.006s
  + boundaryContacts counts shared mesh edges symmetrically 0.000s
  + ignoredLabels removes labels from parcel outputs and contacts 0.000s
scalafim.surface.TemplateSurfacesSuite:
  + stock template meshes carry their TemplateFlow counts and native registration 0.001s
  + a template sphere is admitted only with the template's counts, on a sphere, and on a registration it has 0.066s
  + meshes on different registration spheres cannot be planned against each other 0.001s
  + planning refuses hemispheres that differ 0.002s
  + a plan interpolates with unit rows, its adjoint is the exact transpose, and Sum conserves mass 0.921s
  + the pinned TemplateFlow spheres cover every mesh, hemisphere and published registration 0.001s
scalafim.surface.RibbonFillSuite:
  + ribbon weights match neurotransform cpp_ribbon_weights entry for entry 0.004s
  + surface-to-volume fill matches neurotransform backproject_surface_to_volume(method = "ribbon") 0.000s
  + rows sum to one, and a segment that never enters the grid samples to NaN 0.000s
  + the fill is the exact adjoint of volume-to-surface sampling 0.000s
  + ribbon mask of concentric spheres is the lattice shell between their radii 0.070s
  + the ribbon mask requires closed surfaces 0.000s
  + ribbon sampling of a radial volume recovers the mid-ribbon radius, and the mean fill of ones is one 0.039s
  + volume adapters keep the operator's grid and reject other grids 0.045s
  + ribbon inputs must share a frame: statically when frames are typed, at runtime when they are erased 0.001s
  + white and pial must be vertex-matched, and steps must be positive 0.001s
  + inner and outer roles are checked: hemispheres must agree and kinds must not be swapped 0.002s
  + lattice-aligned faces and edges fill exactly, with half-open faces 0.001s
  + a closed surface that extends past the grid along the ray axis still fills by parity 0.000s
scalafim.surface.TemplatePlanTopologySuite:
  + fsaverage5 plan freezes endpoint topology and rejects a later face-order mutation 0.647s
scalafim.surface.SurfaceGeodesicsSuite:
  + geodesic distance matrix matches tetrahedron edge distances 0.000s
  + distance matrix supports source and target subsets 0.000s
  + neighborsWithin includes self and vertices inside radius 0.000s
  + neighborsWithin uses a closed radius boundary 0.000s
  + euclidean metric ignores mesh paths 0.000s
  + spherical metric clamps cosine and returns finite distances 0.000s
  + unreachable vertices remain Infinity for geodesic metric 0.000s
  + cache policy stores and reuses distance matrices 0.000s
  + custom edge weights drive geodesic distances and cache keys 0.000s
  + geodesic input validation catches bad radius, vertices, and weights 0.000s
scalafim.surface.SurfaceComponentsSuite:
  + connectedComponents labels active connected sets by decreasing size 0.001s
  + connectedComponents returns zero fields when no vertices pass threshold 0.000s
  + clusterThreshold keeps only clusters meeting minimum size 0.000s
  + SurfaceThreshold validates range order 0.000s
scalafim.surface.SurfaceLocusDomainSuite:
  + surface domain identity includes exact ordered topology 0.000s
  + full and sparse surface fields preserve their distinct support semantics 0.000s
  + legacy SurfaceRoi adapts to a region, restricted values, and annotation 0.000s
  + labeled surfaces become quotients with metadata and explicit display order 0.001s
  + a disconnected label remains one valid extensional quotient fiber 0.000s
  + runtime-loaded domains preserve the hidden semantic space type 0.000s
scalafim.surface.SurfaceSamplingSuite:
  + SurfaceGeometryPair exposes a shared cortical domain 0.000s
  + midpoint path is a named policy that preserves midpoint sampling semantics 0.001s
  + white and pial paths sample endpoint surfaces 0.000s
  + surfaceToWorld transforms are applied before SomeSampleSpace coordinate lookup 0.000s
  + fractional thickness supports average aggregation 0.000s
  + mode aggregation chooses the most frequent sampled value 0.000s
  + normal-line sampling uses offsets around the midpoint 0.000s
  + masking can produce explicit empty samples 0.000s
  + volume-to-surface morphism wraps reusable sampling plans 0.000s
  + surface-to-surface morphism applies explicit target-to-source vertex maps 0.000s
  + out-of-bounds sample points produce empty samples 0.000s
  + sampling plans validate surface pairs, paths, and masks 0.001s
  + the sample tally observes every requested point exactly once 0.000s
  + non-finite volume values are tallied apart from accepted samples 0.000s
  + sample tallies must account for every requested sample 0.000s
scalafim.surface.SurfaceDataSuite:
  + SurfaceField stores indexed vertex values 0.000s
  + SurfaceField validates data length, uniqueness, and bounds 0.000s
  + SurfaceMatrix stores vertices by feature columns 0.000s
  + SurfaceRoi extracts a checked subset from a field 0.000s
  + LabeledSurface stores label data and table metadata 0.000s
  + SurfaceSet validates hemisphere and exact ordered topology while allowing new coordinates 0.001s
  + HemispherePair provides typed left/right containers 0.000s
scalafim.surface.FramedSurfaceSuite:
  + stored coordinates and the geometry's surface-to-world placement are distinct declarations 0.002s
  + tkRAS surfaces reach scanner RAS through Norig * inverse(Torig) and back 0.003s
  + tkRAS -> scanner transport requires a tkRAS source and a same-subject scanner target 0.002s
  + transport reports non-finite results instead of throwing 0.000s
  + surfaces in different frames cannot be substituted for one another 0.000s
  + a surface placed in a runtime world binds to the static template frame with the same key 0.000s
scalafim.surface.scenarios.SurfaceChainScenarioSuite:
  + surface chain: scanner volume -> tkRAS ribbon -> registered sphere -> template meshes, commuting routes 0.314s
  + every convention mutation of the surface chain fails the scenario 0.617s
  + a tkRAS surface cannot be sampled on a scanner-space grid without moving it first 0.000s
scalafim.surface.io.GiftiReaderJsSuite:
  + Scala.js reads a generated fsaverage5-scale compressed GIFTI surface 0.081s
  + Scala.js byte ingestion accepts an outer gzip stream 0.007s
  + Scala.js bounds compressed payloads by their declared shape 0.008s
  + Scala.js label ingestion preserves LabelTable and NODE_INDEX semantics 0.002s
scalafim.surface.SurfaceCoreSuite:
  + Point3D is a surface alias for image SpatialPoint 0.000s
  + TriangleMesh builds a valid tetrahedron 0.000s
  + mesh topology identity ignores coordinates but preserves exact face ordering 0.000s
  + TriangleMesh rejects invalid shapes and indices 0.000s
  + SurfaceGeometry stores mesh metadata and a 4x4 surface-to-world transform 0.000s
  + SurfaceGeometry accepts only provider-validated D3 affines 0.000s
  + surface domains reject IO-only hemisphere tags 0.000s
  + surface tag parsers normalize common labels 0.000s
scalafim.surface.gifti.GiftiModelSuite:
  + typed attributes normalize known GIFTI codes 0.000s
  + unknown attributes preserve their source text 0.000s
  + data arrays expose shape and intent contracts 0.000s
  + label color conversion keeps GIFTI 0-1 color values explicit 0.000s
  + payload vectors and matrices expose typed shape semantics 0.000s
  + payload matrices make row-major and column-major order explicit 0.000s
  + documents provide typed array lookup and reject duplicate labels 0.000s
  + GIFTI XML parsing rejects entity declarations before expansion 0.000s
  + GIFTI payload sizing rejects dimension products before overflow 0.000s
[info] Passed: Total 132, Failed 0, Errors 0, Passed 132
[success] Total time: 15 s, completed Sep 30, 2026, 4:28:54 a.m.
[info] compiling 11 Scala sources to /private/tmp/scalafim-stp-finish-20260929/commit-20260930/staged-check/modules/surface-view/js/target/scala-3.7.4/test-classes ...
[info] done compiling
[info] Fast optimizing /private/tmp/scalafim-stp-finish-20260929/commit-20260930/staged-check/modules/surface-view/js/target/scala-3.7.4/scalafim-surface-view-test-fastopt
scalafim.surface.view.SurfaceVolumeCursorSuite:
  + guide: an MNI peak maps to subject voxels and a framed tkRAS surface through a pullback link 0.002s
  + a tkRAS surface links to an MNI volume through the pullback; the forward direction is a typed error 0.000s
  + with a forward map the cursor round-trips vertex -> volume -> vertex 0.000s
  + one world links directly under an explicit alignment 0.003s
  + the cursor refuses another world's link, another surface's selection, and points beyond the radius 0.000s
scalafim.surface.view.SurfaceWorldIndexSuite:
  + prepared picks agree with independent world landmarks under full affine transforms 0.132s
  + ties choose original lowest id and radius boundaries are inclusive 0.001s
  + snapshot lifetime is explicit across coordinate mutation and equal-topology replacements 0.000s
  + repeated coincident points retain deterministic ties 0.069s
  + malformed transforms are refused at the affine boundary and mutated nonfinite coordinates cannot be indexed 0.000s
scalafim.surface.view.SurfaceProjectionNetworkSuite:
  + CPU ribbon projection is the typed oracle and records exact work 0.002s
  + projection quality and fill policy preserve rejected samples explicitly 0.001s
  + receipts count non-finite samples as rejected, not accepted 0.001s
  + materialized projection is an ordinary layer on topology-compatible display geometry 0.006s
  + network filters preserve node identity, negative weights, regions, and stable top-N order 0.002s
  + network tubes attach as ordinary mesh and color resources for every backend 0.004s
  + large signed network compilation reports bounded primitive work and memory 0.080s
scalafim.surface.view.SurfaceBenchmarkReceiptSuite:
  + pinned matrix spans both mesh scales, every layer count, and every path 0.001s
  + timing summaries use deterministic nearest-rank percentiles 0.000s
  + benchmark JSON is deterministic, versioned, escaped, and includes structural counters 0.001s
scalafim.surface.view.SurfaceViewerSuite:
  + opaque ids and camera scalars reject invalid states 0.003s
  + canonical anatomical viewpoints encode RAS directions explicitly for both hemispheres 0.000s
  + layers own input buffers and validate frame-major lengths 0.001s
  + model rejects duplicate ids, unknown surfaces, topology mismatch, and dynamic frame disagreement 0.000s
  + reducer is total over timepoint, layer capability, ordering, and selection actions 0.001s
  + bilateral layout validates hemispheres and preserves explicit order 0.001s
  + compiler applies surfaceToWorld before packing positions and readouts 0.001s
  + compiler centers the camera on transformed world bounds 0.001s
  + anatomical camera distance scales beyond millimetre-space geometry 0.000s
  + threshold boundaries, layer order, receipts, and profile are deterministic 0.001s
  + camera-only actions preserve every mesh and layer resource key 0.000s
  + geometry families morph without changing topology, layers, selection, or camera framing 0.001s
  + geodesic reveal weights have analytic smootherstep values and reject invalid domains 0.001s
  + direct reveal lens remains an explicit diagnostic correspondence mode 0.002s
  + natural reveal is translation-invariant, pin-fixed, harmonic, and inversion-free 0.005s
  + lens quality detects an intermediate collapse even when endpoint winding agrees 0.000s
  + geometry family actions reject absent variants and invalid transition updates 0.000s
  + orbit and reset preserve canonical anatomical bases without resource uploads 0.006s
scalafim.surface.view.SurfaceBenchmarkFixtureSuite:
  + pinned fixtures have exact vertex and layer counts 0.127s
  + admission-path fixtures encode only their expected dirty resource 0.028s
scalafim.surface.view.SurfaceCameraPoseSuite:
  + the viewpoint camera's pose is typed in the display frame and compiles to the same view 0.005s
  + a volume point linked to the surface focuses the camera on its vertex 0.001s
  + typed poses need the single-surface layout of their display surface 0.000s
  + display frames are checked against what the viewer shows 0.000s
  + a pose needs distinct eye and target points 0.000s
scalafim.surface.view.SurfaceBackendConformanceSuite:
  + semantic matrix covers every conformance family 0.001s
  + cold-load observations expose stable structural counters 0.000s
  + camera-only and data-only admission paths reject geometry churn 0.000s
  + invalid resource and revision receipts fail admission explicitly 0.000s
scalafim.surface.view.SurfaceAnatomicalDisplaySuite:
  + curvature is an ordinary scalar field transferable only across exact topology 0.001s
  + world clip planes normalize normals and retain an explicit side 0.000s
  + publication decoration records camera and layer identity and composes through Scene 0.001s
scalafim.surface.view.SurfaceDynamicsSuite:
  + time axes are strictly increasing and resolve nearest and linear samples 0.001s
  + SurfaceMatrix temporal fields read columns lazily 0.001s
  + lazy sources validate frame shape and bounded LRU caches evict deterministically 0.000s
  + playback reducer clamps, loops, reverses, and produces bounded prefetch requests 0.000s
  + prefetched temporal materialization distinguishes source reads from layer uploads 0.001s
  + morphing preserves exact endpoints and rejects topology or transform mismatch 0.001s
  + linked surface and image selections roundtrip through world coordinates without flips 0.001s
  + typed annotations and bounded selection histories retain reproducible sequence ids 0.054s
scalafim.surface.view.SurfaceSceneDocumentSuite:
  + canonical document roundtrip reproduces state, camera, and semantic render resources 0.010s
  + unknown fields and future revisions obey explicit read policy 0.005s
  + external digests and exact mesh identities are checked before state restoration 0.003s
  + backend-neutral requirements admit capabilities without naming an implementation 0.002s
  + codec rejects duplicate fields, malformed JSON, invalid digests, and invalid document state 0.003s
[info] Passed: Total 65, Failed 0, Errors 0, Passed 65
[success] Total time: 8 s, completed Sep 30, 2026, 4:29:02 a.m.
