[info] welcome to sbt 1.11.7 (Homebrew Java 25.0.1)
[info] loading settings for project staged-check-build from plugins.sbt...
[info] loading project definition from /private/tmp/scalafim-stp-finish-20260929/commit-20260930/staged-check/project
[info] compiling 1 Scala source to /private/tmp/scalafim-stp-finish-20260929/commit-20260930/staged-check/project/target/scala-2.12/sbt-1.0/classes ...
[info] done compiling
[info] loading settings for project root from build.sbt...
[info] loading settings for project bids4s-build from plugins.sbt...
[info] loading project definition from /Users/bbuchsbaum/.sbt/1.0/staging/77e7bdc71bddb8077fcd/bids4s/project
[info] loading settings for project root from build.sbt...
[info] loading settings for project gale-build from plugins.sbt...
[info] loading project definition from /Users/bbuchsbaum/.sbt/1.0/staging/449715b8ebc2010e6e23/gale/project
[info] loading settings for project root from build.sbt...
[info] loading settings for project graph4s-build from plugins.sbt...
[info] loading project definition from /Users/bbuchsbaum/.sbt/1.0/staging/b4b08747efd9a8151229/graph4s/project
[info] loading settings for project root from build.sbt...
[info] loading settings for project gale-build from plugins.sbt...
[info] loading project definition from /Users/bbuchsbaum/.sbt/1.0/staging/5a90f48e170e9e640ee1/gale/project
[info] loading settings for project root from build.sbt...
[info] loading settings for project image4s-build from plugins.sbt...
[info] loading project definition from /Users/bbuchsbaum/.sbt/1.0/staging/41e96dde036f148f012a/image4s/project
[info] loading settings for project root from build.sbt...
[info] loading settings for project intaglio-build from plugins.sbt...
[info] loading project definition from /Users/bbuchsbaum/.sbt/1.0/staging/34fcacf7027b8ae3b2f8/intaglio/project
[info] loading settings for project root from build.sbt...
[info] loading settings for project locus4s-build from plugins.sbt...
[info] loading project definition from /Users/bbuchsbaum/.sbt/1.0/staging/05a8f1a231c171f1bca0/locus4s/project
[info] loading settings for project root from build.sbt...
[info] loading settings for project multivar-build from plugins.sbt...
[info] loading project definition from /Users/bbuchsbaum/.sbt/1.0/staging/55929e145617b909ca3a/multivar/project
[info] loading settings for project root from build.sbt...
[info] loading settings for project ravel-build from plugins.sbt...
[info] loading project definition from /Users/bbuchsbaum/.sbt/1.0/staging/57a292f3a6ded9e259cf/ravel/project
[info] loading settings for project root from build.sbt...
[info] loading settings for project reframe4s-build from plugins.sbt...
[info] loading project definition from /Users/bbuchsbaum/.sbt/1.0/staging/aa1fd63832323d604703/reframe4s/project
[info] loading settings for project root from build.sbt...
[info] loading settings for project zarr4s-build from plugins.sbt...
[info] loading project definition from /Users/bbuchsbaum/.sbt/1.0/staging/34c0071f90095ef07887/zarr4s/project
[info] loading settings for project root from build.sbt...
[info] resolving key references (237344 settings) ...
[info] set current project to scalafim (in build file:/private/tmp/scalafim-stp-finish-20260929/commit-20260930/staged-check/)
[info] compiling 6 Scala sources to /private/tmp/scalafim-stp-finish-20260929/commit-20260930/staged-check/modules/locus-data/jvm/target/scala-3.7.4/classes ...
[info] done compiling
[success] Total time: 4 s, completed Sep 30, 2026, 4:19:00 a.m.
[info] compiling 6 Scala sources to /private/tmp/scalafim-stp-finish-20260929/commit-20260930/staged-check/modules/locus-data/js/target/scala-3.7.4/classes ...
[info] done compiling
[success] Total time: 1 s, completed Sep 30, 2026, 4:19:01 a.m.
[info] compiling 12 Scala sources to /private/tmp/scalafim-stp-finish-20260929/commit-20260930/staged-check/modules/pipeline/jvm/target/scala-3.7.4/classes ...
[info] done compiling
[success] Total time: 2 s, completed Sep 30, 2026, 4:19:02 a.m.
[info] compiling 12 Scala sources to /private/tmp/scalafim-stp-finish-20260929/commit-20260930/staged-check/modules/pipeline/js/target/scala-3.7.4/classes ...
[info] done compiling
[success] Total time: 1 s, completed Sep 30, 2026, 4:19:04 a.m.
[info] compiling 10 Scala sources to /private/tmp/scalafim-stp-finish-20260929/commit-20260930/staged-check/modules/response/jvm/target/scala-3.7.4/classes ...
[info] done compiling
[success] Total time: 1 s, completed Sep 30, 2026, 4:19:05 a.m.
[info] compiling 10 Scala sources to /private/tmp/scalafim-stp-finish-20260929/commit-20260930/staged-check/modules/response/js/target/scala-3.7.4/classes ...
[info] done compiling
[success] Total time: 2 s, completed Sep 30, 2026, 4:19:07 a.m.
[info] compiling 1 Scala source to /private/tmp/scalafim-stp-finish-20260929/commit-20260930/staged-check/modules/response-laws/jvm/target/scala-3.7.4/classes ...
[info] done compiling
[success] Total time: 1 s, completed Sep 30, 2026, 4:19:08 a.m.
[info] compiling 1 Scala source to /private/tmp/scalafim-stp-finish-20260929/commit-20260930/staged-check/modules/response-laws/js/target/scala-3.7.4/classes ...
[info] done compiling
[success] Total time: 1 s, completed Sep 30, 2026, 4:19:09 a.m.
[info] compiling 52 Scala sources to /private/tmp/scalafim-stp-finish-20260929/commit-20260930/staged-check/modules/image/jvm/target/scala-3.7.4/classes ...
[info] done compiling
[info] compiling 17 Scala sources to /private/tmp/scalafim-stp-finish-20260929/commit-20260930/staged-check/modules/latent/jvm/target/scala-3.7.4/classes ...
[info] done compiling
[success] Total time: 8 s, completed Sep 30, 2026, 4:19:17 a.m.
[info] compiling 50 Scala sources to /private/tmp/scalafim-stp-finish-20260929/commit-20260930/staged-check/modules/image/js/target/scala-3.7.4/classes ...
[info] done compiling
[info] compiling 17 Scala sources to /private/tmp/scalafim-stp-finish-20260929/commit-20260930/staged-check/modules/latent/js/target/scala-3.7.4/classes ...
[info] done compiling
[success] Total time: 7 s, completed Sep 30, 2026, 4:19:24 a.m.
[info] compiling 8 Scala sources to /private/tmp/scalafim-stp-finish-20260929/commit-20260930/staged-check/modules/ar/jvm/target/scala-3.7.4/classes ...
[info] done compiling
[success] Total time: 1 s, completed Sep 30, 2026, 4:19:25 a.m.
[info] compiling 8 Scala sources to /private/tmp/scalafim-stp-finish-20260929/commit-20260930/staged-check/modules/ar/js/target/scala-3.7.4/classes ...
[info] done compiling
[success] Total time: 1 s, completed Sep 30, 2026, 4:19:25 a.m.
[info] compiling 36 Scala sources to /private/tmp/scalafim-stp-finish-20260929/commit-20260930/staged-check/modules/hrf/jvm/target/scala-3.7.4/classes ...
[info] done compiling
[success] Total time: 2 s, completed Sep 30, 2026, 4:19:27 a.m.
[info] compiling 36 Scala sources to /private/tmp/scalafim-stp-finish-20260929/commit-20260930/staged-check/modules/hrf/js/target/scala-3.7.4/classes ...
[info] done compiling
[success] Total time: 2 s, completed Sep 30, 2026, 4:19:29 a.m.
[info] compiling 2 Scala sources to /private/tmp/scalafim-stp-finish-20260929/commit-20260930/staged-check/modules/hrf-laws/jvm/target/scala-3.7.4/classes ...
[info] done compiling
[success] Total time: 0 s, completed Sep 30, 2026, 4:19:29 a.m.
[info] compiling 2 Scala sources to /private/tmp/scalafim-stp-finish-20260929/commit-20260930/staged-check/modules/hrf-laws/js/target/scala-3.7.4/classes ...
[info] done compiling
[success] Total time: 0 s, completed Sep 30, 2026, 4:19:30 a.m.
[info] compiling 1 Scala source to /private/tmp/scalafim-stp-finish-20260929/commit-20260930/staged-check/modules/scenario-testkit/jvm/target/scala-3.7.4/classes ...
[info] done compiling
[success] Total time: 0 s, completed Sep 30, 2026, 4:19:30 a.m.
[info] compiling 1 Scala source to /private/tmp/scalafim-stp-finish-20260929/commit-20260930/staged-check/modules/scenario-testkit/js/target/scala-3.7.4/classes ...
[info] done compiling
[success] Total time: 0 s, completed Sep 30, 2026, 4:19:30 a.m.
[info] compiling 42 Scala sources to /private/tmp/scalafim-stp-finish-20260929/commit-20260930/staged-check/modules/design/jvm/target/scala-3.7.4/classes ...
[info] done compiling
[success] Total time: 3 s, completed Sep 30, 2026, 4:19:34 a.m.
[info] compiling 42 Scala sources to /private/tmp/scalafim-stp-finish-20260929/commit-20260930/staged-check/modules/design/js/target/scala-3.7.4/classes ...
[info] done compiling
[success] Total time: 4 s, completed Sep 30, 2026, 4:19:37 a.m.
[success] Total time: 2 s, completed Sep 30, 2026, 4:19:39 a.m.
[success] Total time: 2 s, completed Sep 30, 2026, 4:19:41 a.m.
[info] compiling 1 Scala source to /private/tmp/scalafim-stp-finish-20260929/commit-20260930/staged-check/modules/provider-spike/jvm/target/scala-3.7.4/classes ...
[info] done compiling
[success] Total time: 1 s, completed Sep 30, 2026, 4:19:41 a.m.
[info] compiling 1 Scala source to /private/tmp/scalafim-stp-finish-20260929/commit-20260930/staged-check/modules/provider-spike/js/target/scala-3.7.4/classes ...
[info] done compiling
[success] Total time: 1 s, completed Sep 30, 2026, 4:19:42 a.m.
[info] compiling 6 Scala sources to /private/tmp/scalafim-stp-finish-20260929/commit-20260930/staged-check/modules/image-view/jvm/target/scala-3.7.4/classes ...
[info] done compiling
[success] Total time: 2 s, completed Sep 30, 2026, 4:19:44 a.m.
[info] compiling 6 Scala sources to /private/tmp/scalafim-stp-finish-20260929/commit-20260930/staged-check/modules/image-view/js/target/scala-3.7.4/classes ...
[info] done compiling
[success] Total time: 2 s, completed Sep 30, 2026, 4:19:47 a.m.
[info] compiling 1 Scala source to /private/tmp/scalafim-stp-finish-20260929/commit-20260930/staged-check/modules/image-view-canvas/js/target/scala-3.7.4/classes ...
[info] done compiling
[success] Total time: 2 s, completed Sep 30, 2026, 4:19:49 a.m.
[info] compiling 1 Scala source to /private/tmp/scalafim-stp-finish-20260929/commit-20260930/staged-check/modules/image-view-java2d/jvm/target/scala-3.7.4/classes ...
[info] done compiling
[success] Total time: 2 s, completed Sep 30, 2026, 4:19:51 a.m.
[info] compiling 1 Scala source to /private/tmp/scalafim-stp-finish-20260929/commit-20260930/staged-check/modules/image-view-javafx/jvm/target/scala-3.7.4/classes ...
[info] done compiling
[success] Total time: 2 s, completed Sep 30, 2026, 4:19:53 a.m.
[info] compiling 12 Scala sources to /private/tmp/scalafim-stp-finish-20260929/commit-20260930/staged-check/modules/threshold/jvm/target/scala-3.7.4/classes ...
[info] done compiling
[success] Total time: 2 s, completed Sep 30, 2026, 4:19:55 a.m.
[info] compiling 12 Scala sources to /private/tmp/scalafim-stp-finish-20260929/commit-20260930/staged-check/modules/threshold/js/target/scala-3.7.4/classes ...
[info] done compiling
[success] Total time: 2 s, completed Sep 30, 2026, 4:19:57 a.m.
[info] compiling 26 Scala sources to /private/tmp/scalafim-stp-finish-20260929/commit-20260930/staged-check/modules/motion/jvm/target/scala-3.7.4/classes ...
[info] done compiling
[success] Total time: 3 s, completed Sep 30, 2026, 4:20:00 a.m.
[info] compiling 18 Scala sources to /private/tmp/scalafim-stp-finish-20260929/commit-20260930/staged-check/modules/motion/js/target/scala-3.7.4/classes ...
[info] done compiling
[success] Total time: 3 s, completed Sep 30, 2026, 4:20:02 a.m.
[info] compiling 33 Scala sources to /private/tmp/scalafim-stp-finish-20260929/commit-20260930/staged-check/modules/surface/jvm/target/scala-3.7.4/classes ...
[info] done compiling
[success] Total time: 3 s, completed Sep 30, 2026, 4:20:05 a.m.
[info] compiling 31 Scala sources to /private/tmp/scalafim-stp-finish-20260929/commit-20260930/staged-check/modules/surface/js/target/scala-3.7.4/classes ...
[info] done compiling
[success] Total time: 3 s, completed Sep 30, 2026, 4:20:09 a.m.
[info] compiling 18 Scala sources to /private/tmp/scalafim-stp-finish-20260929/commit-20260930/staged-check/modules/surface-view/jvm/target/scala-3.7.4/classes ...
[info] done compiling
[success] Total time: 3 s, completed Sep 30, 2026, 4:20:12 a.m.
[info] waiting for lock on /Users/bbuchsbaum/.ivy2/.sbt.ivy.lock to be available...
[info] waiting for lock on /Users/bbuchsbaum/.ivy2/.sbt.ivy.lock to be available...
[info] waiting for lock on /Users/bbuchsbaum/.ivy2/.sbt.ivy.lock to be available...
[info] waiting for lock on /Users/bbuchsbaum/.ivy2/.sbt.ivy.lock to be available...
[info] waiting for lock on /Users/bbuchsbaum/.ivy2/.sbt.ivy.lock to be available...
[info] waiting for lock on /Users/bbuchsbaum/.ivy2/.sbt.ivy.lock to be available...
[info] waiting for lock on /Users/bbuchsbaum/.ivy2/.sbt.ivy.lock to be available...
[info] waiting for lock on /Users/bbuchsbaum/.ivy2/.sbt.ivy.lock to be available...
[info] compiling 18 Scala sources to /private/tmp/scalafim-stp-finish-20260929/commit-20260930/staged-check/modules/surface-view/js/target/scala-3.7.4/classes ...
[info] done compiling
[success] Total time: 4 s, completed Sep 30, 2026, 4:20:16 a.m.
[info] compiling 3 Scala sources to /private/tmp/scalafim-stp-finish-20260929/commit-20260930/staged-check/modules/surface-view-raster/jvm/target/scala-3.7.4/classes ...
[info] done compiling
[success] Total time: 2 s, completed Sep 30, 2026, 4:20:18 a.m.
[info] compiling 2 Scala sources to /private/tmp/scalafim-stp-finish-20260929/commit-20260930/staged-check/modules/surface-view-raster/js/target/scala-3.7.4/classes ...
[info] done compiling
[success] Total time: 2 s, completed Sep 30, 2026, 4:20:20 a.m.
[info] compiling 6 Scala sources to /private/tmp/scalafim-stp-finish-20260929/commit-20260930/staged-check/modules/surface-view-javafx/jvm/target/scala-3.7.4/classes ...
[info] done compiling
[success] Total time: 2 s, completed Sep 30, 2026, 4:20:23 a.m.
[info] compiling 5 Scala sources to /private/tmp/scalafim-stp-finish-20260929/commit-20260930/staged-check/modules/surface-view-three/js/target/scala-3.7.4/classes ...
[info] done compiling
[success] Total time: 3 s, completed Sep 30, 2026, 4:20:26 a.m.
[info] compiling 21 Scala sources to /private/tmp/scalafim-stp-finish-20260929/commit-20260930/staged-check/modules/connectivity/jvm/target/scala-3.7.4/classes ...
[info] done compiling
[info] compiling 1 Scala source to /private/tmp/scalafim-stp-finish-20260929/commit-20260930/staged-check/modules/surface-view-connectivity/jvm/target/scala-3.7.4/classes ...
[info] done compiling
[success] Total time: 2 s, completed Sep 30, 2026, 4:20:28 a.m.
[info] compiling 21 Scala sources to /private/tmp/scalafim-stp-finish-20260929/commit-20260930/staged-check/modules/connectivity/js/target/scala-3.7.4/classes ...
[info] done compiling
[info] compiling 1 Scala source to /private/tmp/scalafim-stp-finish-20260929/commit-20260930/staged-check/modules/surface-view-connectivity/js/target/scala-3.7.4/classes ...
[info] done compiling
[success] Total time: 3 s, completed Sep 30, 2026, 4:20:31 a.m.
[info] compiling 7 Scala sources to /private/tmp/scalafim-stp-finish-20260929/commit-20260930/staged-check/examples/surface-view/jvm/target/scala-3.7.4/classes ...
[info] done compiling
[success] Total time: 3 s, completed Sep 30, 2026, 4:20:34 a.m.
[info] compiling 7 Scala sources to /private/tmp/scalafim-stp-finish-20260929/commit-20260930/staged-check/examples/surface-view/js/target/scala-3.7.4/classes ...
[info] done compiling
[success] Total time: 3 s, completed Sep 30, 2026, 4:20:37 a.m.
[info] compiling 28 Scala sources to /private/tmp/scalafim-stp-finish-20260929/commit-20260930/staged-check/modules/transform/jvm/target/scala-3.7.4/classes ...
[info] done compiling
[success] Total time: 6 s, completed Sep 30, 2026, 4:20:43 a.m.
[info] compiling 25 Scala sources to /private/tmp/scalafim-stp-finish-20260929/commit-20260930/staged-check/modules/transform/js/target/scala-3.7.4/classes ...
[info] done compiling
[success] Total time: 7 s, completed Sep 30, 2026, 4:20:49 a.m.
[info] compiling 30 Scala sources to /private/tmp/scalafim-stp-finish-20260929/commit-20260930/staged-check/modules/spatial/jvm/target/scala-3.7.4/classes ...
[info] done compiling
[success] Total time: 8 s, completed Sep 30, 2026, 4:20:57 a.m.
[info] compiling 25 Scala sources to /private/tmp/scalafim-stp-finish-20260929/commit-20260930/staged-check/modules/spatial/js/target/scala-3.7.4/classes ...
[info] done compiling
[success] Total time: 5 s, completed Sep 30, 2026, 4:21:02 a.m.
[info] waiting for lock on /Users/bbuchsbaum/.ivy2/.sbt.ivy.lock to be available...
[info] waiting for lock on /Users/bbuchsbaum/.ivy2/.sbt.ivy.lock to be available...
[info] waiting for lock on /Users/bbuchsbaum/.ivy2/.sbt.ivy.lock to be available...
[info] waiting for lock on /Users/bbuchsbaum/.ivy2/.sbt.ivy.lock to be available...
[info] waiting for lock on /Users/bbuchsbaum/.ivy2/.sbt.ivy.lock to be available...
[info] compiling 29 Scala sources to /private/tmp/scalafim-stp-finish-20260929/commit-20260930/staged-check/modules/atlas/jvm/target/scala-3.7.4/classes ...
[info] done compiling
[success] Total time: 6 s, completed Sep 30, 2026, 4:21:08 a.m.
[info] compiling 20 Scala sources to /private/tmp/scalafim-stp-finish-20260929/commit-20260930/staged-check/modules/atlas/js/target/scala-3.7.4/classes ...
[info] done compiling
[success] Total time: 7 s, completed Sep 30, 2026, 4:21:15 a.m.
[info] compiling 7 Scala sources to /private/tmp/scalafim-stp-finish-20260929/commit-20260930/staged-check/modules/archive/jvm/target/scala-3.7.4/classes ...
[info] done compiling
[success] Total time: 1 s, completed Sep 30, 2026, 4:21:16 a.m.
[info] compiling 6 Scala sources to /private/tmp/scalafim-stp-finish-20260929/commit-20260930/staged-check/modules/archive/js/target/scala-3.7.4/classes ...
[info] done compiling
[success] Total time: 1 s, completed Sep 30, 2026, 4:21:17 a.m.
[info] compiling 9 Scala sources to /private/tmp/scalafim-stp-finish-20260929/commit-20260930/staged-check/modules/estimates/jvm/target/scala-3.7.4/classes ...
[info] done compiling
[success] Total time: 3 s, completed Sep 30, 2026, 4:21:20 a.m.
[info] compiling 9 Scala sources to /private/tmp/scalafim-stp-finish-20260929/commit-20260930/staged-check/modules/estimates/js/target/scala-3.7.4/classes ...
[info] done compiling
[success] Total time: 4 s, completed Sep 30, 2026, 4:21:25 a.m.
[info] compiling 5 Scala sources to /private/tmp/scalafim-stp-finish-20260929/commit-20260930/staged-check/modules/estimates-io/jvm/target/scala-3.7.4/classes ...
[info] done compiling
[success] Total time: 8 s, completed Sep 30, 2026, 4:21:33 a.m.
[info] compiling 2 Scala sources to /private/tmp/scalafim-stp-finish-20260929/commit-20260930/staged-check/modules/estimates-io/js/target/scala-3.7.4/classes ...
[info] done compiling
[success] Total time: 5 s, completed Sep 30, 2026, 4:21:38 a.m.
[info] compiling 20 Scala sources to /private/tmp/scalafim-stp-finish-20260929/commit-20260930/staged-check/modules/dataset/jvm/target/scala-3.7.4/classes ...
[info] done compiling
[info] compiling 17 Scala sources to /private/tmp/scalafim-stp-finish-20260929/commit-20260930/staged-check/modules/group/jvm/target/scala-3.7.4/classes ...
[info] compiling 9 Scala sources to /private/tmp/scalafim-stp-finish-20260929/commit-20260930/staged-check/modules/model/jvm/target/scala-3.7.4/classes ...
[info] done compiling
[info] done compiling
[info] compiling 59 Scala sources to /private/tmp/scalafim-stp-finish-20260929/commit-20260930/staged-check/modules/fit/jvm/target/scala-3.7.4/classes ...
[info] done compiling
[info] compiling 2 Scala sources to /private/tmp/scalafim-stp-finish-20260929/commit-20260930/staged-check/modules/fit-estimates/jvm/target/scala-3.7.4/classes ...
[info] done compiling
[success] Total time: 14 s, completed Sep 30, 2026, 4:21:52 a.m.
[info] compiling 17 Scala sources to /private/tmp/scalafim-stp-finish-20260929/commit-20260930/staged-check/modules/dataset/js/target/scala-3.7.4/classes ...
[info] done compiling
[info] compiling 9 Scala sources to /private/tmp/scalafim-stp-finish-20260929/commit-20260930/staged-check/modules/model/js/target/scala-3.7.4/classes ...
[info] compiling 17 Scala sources to /private/tmp/scalafim-stp-finish-20260929/commit-20260930/staged-check/modules/group/js/target/scala-3.7.4/classes ...
[info] done compiling
[info] done compiling
[info] compiling 57 Scala sources to /private/tmp/scalafim-stp-finish-20260929/commit-20260930/staged-check/modules/fit/js/target/scala-3.7.4/classes ...
[info] done compiling
[info] compiling 2 Scala sources to /private/tmp/scalafim-stp-finish-20260929/commit-20260930/staged-check/modules/fit-estimates/js/target/scala-3.7.4/classes ...
[info] done compiling
[success] Total time: 16 s, completed Sep 30, 2026, 4:22:08 a.m.
[info] compiling 14 Scala sources to /private/tmp/scalafim-stp-finish-20260929/commit-20260930/staged-check/modules/archive-lna/jvm/target/scala-3.7.4/classes ...
[info] done compiling
[success] Total time: 5 s, completed Sep 30, 2026, 4:22:13 a.m.
[info] compiling 10 Scala sources to /private/tmp/scalafim-stp-finish-20260929/commit-20260930/staged-check/modules/archive-lna/js/target/scala-3.7.4/classes ...
[info] done compiling
[success] Total time: 6 s, completed Sep 30, 2026, 4:22:19 a.m.
[info] compiling 10 Scala sources to /private/tmp/scalafim-stp-finish-20260929/commit-20260930/staged-check/modules/archive-zarr/jvm/target/scala-3.7.4/classes ...
[info] done compiling
[info] compiling 30 Scala sources to /private/tmp/scalafim-stp-finish-20260929/commit-20260930/staged-check/modules/interop-archived-response/jvm/target/scala-3.7.4/classes ...
[info] done compiling
[success] Total time: 6 s, completed Sep 30, 2026, 4:22:25 a.m.
[info] compiling 9 Scala sources to /private/tmp/scalafim-stp-finish-20260929/commit-20260930/staged-check/modules/archive-zarr/js/target/scala-3.7.4/classes ...
[info] done compiling
[info] compiling 24 Scala sources to /private/tmp/scalafim-stp-finish-20260929/commit-20260930/staged-check/modules/interop-archived-response/js/target/scala-3.7.4/classes ...
[info] done compiling
[success] Total time: 5 s, completed Sep 30, 2026, 4:22:30 a.m.
[success] Total time: 2 s, completed Sep 30, 2026, 4:22:32 a.m.
[success] Total time: 3 s, completed Sep 30, 2026, 4:22:35 a.m.
[success] Total time: 4 s, completed Sep 30, 2026, 4:22:39 a.m.
[success] Total time: 3 s, completed Sep 30, 2026, 4:22:42 a.m.
[success] Total time: 4 s, completed Sep 30, 2026, 4:22:46 a.m.
[success] Total time: 4 s, completed Sep 30, 2026, 4:22:50 a.m.
[success] Total time: 3 s, completed Sep 30, 2026, 4:22:53 a.m.
[success] Total time: 3 s, completed Sep 30, 2026, 4:22:56 a.m.
[info] compiling 26 Scala sources to /private/tmp/scalafim-stp-finish-20260929/commit-20260930/staged-check/modules/mvpa/jvm/target/scala-3.7.4/classes ...
[info] done compiling
[success] Total time: 1 s, completed Sep 30, 2026, 4:22:58 a.m.
[info] compiling 26 Scala sources to /private/tmp/scalafim-stp-finish-20260929/commit-20260930/staged-check/modules/mvpa/js/target/scala-3.7.4/classes ...
[info] done compiling
[success] Total time: 2 s, completed Sep 30, 2026, 4:22:59 a.m.
[info] waiting for lock on /Users/bbuchsbaum/.ivy2/.sbt.ivy.lock to be available...
[info] waiting for lock on /Users/bbuchsbaum/.ivy2/.sbt.ivy.lock to be available...
[info] waiting for lock on /Users/bbuchsbaum/.ivy2/.sbt.ivy.lock to be available...
[info] waiting for lock on /Users/bbuchsbaum/.ivy2/.sbt.ivy.lock to be available...
[info] waiting for lock on /Users/bbuchsbaum/.ivy2/.sbt.ivy.lock to be available...
[info] waiting for lock on /Users/bbuchsbaum/.ivy2/.sbt.ivy.lock to be available...
[info] waiting for lock on /Users/bbuchsbaum/.ivy2/.sbt.ivy.lock to be available...
[info] waiting for lock on /Users/bbuchsbaum/.ivy2/.sbt.ivy.lock to be available...
[info] compiling 8 Scala sources to /private/tmp/scalafim-stp-finish-20260929/commit-20260930/staged-check/modules/mvpa-fit/jvm/target/scala-3.7.4/classes ...
[info] done compiling
[success] Total time: 5 s, completed Sep 30, 2026, 4:23:05 a.m.
[info] compiling 8 Scala sources to /private/tmp/scalafim-stp-finish-20260929/commit-20260930/staged-check/modules/mvpa-fit/js/target/scala-3.7.4/classes ...
[info] done compiling
[success] Total time: 6 s, completed Sep 30, 2026, 4:23:11 a.m.
[success] Total time: 1 s, completed Sep 30, 2026, 4:23:11 a.m.
[success] Total time: 0 s, completed Sep 30, 2026, 4:23:12 a.m.
[info] compiling 2 Scala sources to /private/tmp/scalafim-stp-finish-20260929/commit-20260930/staged-check/modules/mvpa-dataset/jvm/target/scala-3.7.4/classes ...
[info] done compiling
[success] Total time: 4 s, completed Sep 30, 2026, 4:23:15 a.m.
[info] waiting for lock on /Users/bbuchsbaum/.ivy2/.sbt.ivy.lock to be available...
[info] waiting for lock on /Users/bbuchsbaum/.ivy2/.sbt.ivy.lock to be available...
[info] waiting for lock on /Users/bbuchsbaum/.ivy2/.sbt.ivy.lock to be available...
[info] compiling 2 Scala sources to /private/tmp/scalafim-stp-finish-20260929/commit-20260930/staged-check/modules/mvpa-dataset/js/target/scala-3.7.4/classes ...
[info] done compiling
[success] Total time: 4 s, completed Sep 30, 2026, 4:23:20 a.m.
[info] compiling 3 Scala sources to /private/tmp/scalafim-stp-finish-20260929/commit-20260930/staged-check/modules/mvpa-spatial/jvm/target/scala-3.7.4/classes ...
[info] done compiling
[success] Total time: 5 s, completed Sep 30, 2026, 4:23:24 a.m.
[info] compiling 3 Scala sources to /private/tmp/scalafim-stp-finish-20260929/commit-20260930/staged-check/modules/mvpa-spatial/js/target/scala-3.7.4/classes ...
[info] done compiling
[success] Total time: 5 s, completed Sep 30, 2026, 4:23:29 a.m.
[success] Total time: 3 s, completed Sep 30, 2026, 4:23:32 a.m.
[info] waiting for lock on /Users/bbuchsbaum/.ivy2/.sbt.ivy.lock to be available...
[info] waiting for lock on /Users/bbuchsbaum/.ivy2/.sbt.ivy.lock to be available...
[success] Total time: 4 s, completed Sep 30, 2026, 4:23:36 a.m.
[info] compiling 8 Scala sources to /private/tmp/scalafim-stp-finish-20260929/commit-20260930/staged-check/modules/fmri-workflow/jvm/target/scala-3.7.4/classes ...
[info] done compiling
[success] Total time: 6 s, completed Sep 30, 2026, 4:23:41 a.m.
[info] waiting for lock on /Users/bbuchsbaum/.ivy2/.sbt.ivy.lock to be available...
[info] waiting for lock on /Users/bbuchsbaum/.ivy2/.sbt.ivy.lock to be available...
[info] waiting for lock on /Users/bbuchsbaum/.ivy2/.sbt.ivy.lock to be available...
[info] waiting for lock on /Users/bbuchsbaum/.ivy2/.sbt.ivy.lock to be available...
[info] waiting for lock on /Users/bbuchsbaum/.ivy2/.sbt.ivy.lock to be available...
[info] waiting for lock on /Users/bbuchsbaum/.ivy2/.sbt.ivy.lock to be available...
[info] waiting for lock on /Users/bbuchsbaum/.ivy2/.sbt.ivy.lock to be available...
[info] waiting for lock on /Users/bbuchsbaum/.ivy2/.sbt.ivy.lock to be available...
[info] waiting for lock on /Users/bbuchsbaum/.ivy2/.sbt.ivy.lock to be available...
[info] waiting for lock on /Users/bbuchsbaum/.ivy2/.sbt.ivy.lock to be available...
[info] waiting for lock on /Users/bbuchsbaum/.ivy2/.sbt.ivy.lock to be available...
[info] waiting for lock on /Users/bbuchsbaum/.ivy2/.sbt.ivy.lock to be available...
[info] compiling 6 Scala sources to /private/tmp/scalafim-stp-finish-20260929/commit-20260930/staged-check/modules/fmri-workflow/js/target/scala-3.7.4/classes ...
[info] done compiling
[success] Total time: 7 s, completed Sep 30, 2026, 4:23:48 a.m.
[success] Total time: 0 s, completed Sep 30, 2026, 4:23:48 a.m.
[success] Total time: 0 s, completed Sep 30, 2026, 4:23:49 a.m.
[info] compiling 7 Scala sources to /private/tmp/scalafim-stp-finish-20260929/commit-20260930/staged-check/modules/dataset-zarr/jvm/target/scala-3.7.4/classes ...
[info] done compiling
[success] Total time: 5 s, completed Sep 30, 2026, 4:23:53 a.m.
[info] compiling 3 Scala sources to /private/tmp/scalafim-stp-finish-20260929/commit-20260930/staged-check/modules/dataset-zarr/js/target/scala-3.7.4/classes ...
[info] done compiling
[success] Total time: 5 s, completed Sep 30, 2026, 4:23:59 a.m.
[info] compiling 16 Scala sources to /private/tmp/scalafim-stp-finish-20260929/commit-20260930/staged-check/modules/motion/jvm/target/scala-3.7.4/test-classes ...
[info] done compiling
scalafim.fmri.motion.MotionEstimatorSuite:
  + rigid estimator keeps identical frames near zero motion 0.153s
  + middle reference is anchored and traversal estimates both directions 0.011s
  + rigid estimator recovers a one-voxel positive x translation 0.005s
  + rigid estimator recovers a small positive z rotation 0.018s
  + rotational capture seeds recover a large yaw before optimizer iterations 0.003s
  + robust template refresh resists a high-cost outlier frame 0.021s
  + parallel frame execution preserves deterministic refreshed estimates where supported 0.013s
  + rigid spline estimator layers smoothing over the rigid estimate 0.014s
  + enabled pyramid schedule refines on the finest level 0.003s
  + low-motion pose shrink scales only subthreshold estimates 0.021s
  + temporal regularization smooths an isolated pose while preserving reference 0.027s
  + enabled temporal regularization is executable 0.001s
  + frame-mean nuisance residual removes global intensity offsets 0.002s
  + frame-mean whitening policy uses the same nuisance residual path 0.002s
  + IC stencil policy is deterministic and changes the sampled objective 0.007s
  + IC stencil profile is executable but full IC whitening is a typed unsupported control 0.007s
  + estimator reports invalid references, non-finite runs, and empty masks as typed errors 0.002s
scalafim.fmri.motion.VolreggerResourceSuite:
  + generated volregger resource matches shared fixture mirror 0.006s
scalafim.fmri.motion.MotionTraceSuite:
  + motion trace must be non-empty 0.002s
  + identity trace has requested length 0.001s
  + motion trace exposes frame-aligned pose storage 0.001s
  + frame access validates bounds 0.001s
scalafim.fmri.motion.io.MotionIoSuite:
  + NIfTI adapter reads 4D runs and 3D masks through existing image IO 0.166s
  + NIfTI metadata adapter roundtrips affine, voxel size, TR, and slice timing 0.03s
  + NIfTI metadata adapter reports invalid sidecars 0.004s
  + BIDS adapter discovers raw scans with TR and slice timing sidecars 0.454s
  + BIDS adapter rejects structurally invalid project identities 0.048s
  + report writer serializes motion, matrices, and summary bundle 0.02s
  + CLI parser returns typed commands and rejects malformed flags 0.018s
  + CLI runner executes estimate, apply, run, and report commands 0.106s
scalafim.fmri.motion.RigidPoseSuite:
  + identity pose converts to the provider identity affine 0.0s
  + pose affine uses volregger ZYX rotation convention 0.0s
  + provider affine roundtrip preserves a finite rigid pose 0.0s
  + rigid pose stores typed translation and ZYX Euler rotation components 0.001s
  + inverse composes back to identity 0.003s
  + andThen follows provider application order 0.002s
  + non-finite pose is rejected by smart constructor 0.001s
scalafim.fmri.motion.MotionMetricsSuite:
  + framewise displacement matches volregger convention 0.003s
  + DVARS computes temporal RMS differences 0.005s
  + robust DVARS clips values above three times the finite median 0.002s
  + DVARS policy replaces robust Boolean for typed pair metrics 0.001s
  + transform displacement for pure translation equals translation length 0.003s
  + masked displacement summary uses spatial mask coordinates 0.008s
  + mask shape mismatch is a typed error 0.003s
scalafim.fmri.motion.VolreggerParitySuite:
  + generated core fixture records volregger provenance 0.003s
  + pose matrix and inverse match volregger homogeneous transform convention 0.003s
  + framewise displacement matches generated volregger fixture 0.003s
  + raw and robust DVARS match generated volregger fixtures 0.002s
  + radius and masked displacement summaries match generated volregger fixtures 0.002s
  + linear apply padding matches generated volregger fixture 0.003s
  + identity estimator fixture matches generated volregger zero-motion contract 0.006s
  + translation estimator fixture matches generated volregger recovery contract 0.006s
  + spline and packet fixture anchors volregger smoothing and packet offsets 0.001s
  + IC, whitening, spline, and parallel profile fixtures expose volregger contracts 0.003s
  + CLI, report, and benchmark fixture metadata captures downstream artifact contracts 0.003s
scalafim.fmri.motion.MotionApplierSuite:
  + identity motion application is one-pass and preserves data 0.02s
  + positive moving-to-fixed translation pulls fixed voxels from lower source indices 0.001s
  + negative translation with clamp padding samples high edge repeatedly 0.001s
  + zero padding returns zero outside the source field 0.001s
  + all-zero slice timing is byte-identical to volume application 0.008s
  + nonzero slice timing interpolates packet poses during final application 0.012s
  + motion application validates trace length 0.002s
  + motion application validates acquisition timing against z dimension 0.001s
scalafim.fmri.motion.MotionApiShapeSuite:
  + slice and packet timing are validated typed acquisition descriptions 0.008s
  + typed plan surfaces support apply timing and platform execution boundaries 0.006s
  + motion profiles expose typed active and planned capabilities 0.007s
  + motion correction result bundles estimate, corrected run, QC, and controls 0.003s
scalafim.fmri.motion.benchmark.MotionBenchmarkSuite:
  + synthetic benchmark harness records required finite metrics 0.065s
  + benchmark report writer emits raw, check, and markdown summaries 0.144s
  + external benchmark validator requires volregger guardrail columns 0.01s
  + CLI smoke profile writes reproducible benchmark files 0.066s
scalafim.fmri.motion.MotionSplineSuite:
  + pose smoothing matches generated volregger spline fixture 0.004s
  + pose interpolation clamps to valid frame span 0.002s
  + packet correction magnitude is zero for all-zero offsets and positive for staggered offsets 0.011s
scalafim.fmri.motion.MotionControlSuite:
  + pyramid control validates schedule lengths when enabled 0.002s
  + apply control rejects negative zpad 0.001s
  + temporal shrink controls validate shrink range and threshold 0.001s
  + capture and temporal controls expose typed policies with Boolean adapters 0.003s
  + execution control validates requested worker counts 0.002s
  + platform frame mapper preserves deterministic input order 0.003s
  + residual control exposes frame-mean nuisance policy 0.001s
  + IC stencil and whitening controls validate typed parameters 0.001s
  + fast fMRI profile selects rigid robust engine and component tags 0.0s
  + slice spline profile selects spline engine 0.001s
  + IC profile is executable while full IC whitening remains an explicit planned profile 0.001s
scalafim.fmri.motion.MotionQcSuite:
  + MotionQc combines FD, DVARS, cost drop, and censor flags 0.002s
  + MotionQc records missing fit-cost traces explicitly 0.003s
  + MotionQc rejects incomplete fit-cost traces 0.005s
  + MotionQc records packet correction magnitudes when supplied 0.002s
  + MotionQc applies typed thresholds and censor policy 0.001s
  + MotionQc validates trace length 0.0s
scalafim.fmri.motion.MotionSolverScalingSuite:
  + with Huber weighting inactive, estimated motion does not depend on the image intensity scale 0.021s
  + the relative-drop stopping rule does not stop early on very low-intensity images 0.009s
  + a singular normal system is not reported as convergence 0.002s
  + the normal-equation solve is accurate on badly scaled positive definite systems 0.004s
  + the normal-equation solve refuses rank-deficient and indefinite systems 0.004s
  + the relative pivot tolerance refuses a numerically singular unit-diagonal system 0.001s
[info] Passed: Total 97, Failed 0, Errors 0, Passed 97
[success] Total time: 7 s, completed Sep 30, 2026, 4:24:06 a.m.
[info] compiling 27 Scala sources to /private/tmp/scalafim-stp-finish-20260929/commit-20260930/staged-check/modules/surface/jvm/target/scala-3.7.4/test-classes ...
[info] done compiling
scalafim.surface.scenarios.SurfaceChainScenarioSuite:
  + surface chain: scanner volume -> tkRAS ribbon -> registered sphere -> template meshes, commuting routes 0.705s
  + every convention mutation of the surface chain fails the scenario 0.989s
  + a tkRAS surface cannot be sampled on a scanner-space grid without moving it first 0.004s
scalafim.surface.SurfaceModuleSuite:
  + module metadata is available 0.002s
scalafim.surface.SurfaceSamplingSuite:
  + SurfaceGeometryPair exposes a shared cortical domain 0.004s
  + midpoint path is a named policy that preserves midpoint sampling semantics 0.016s
  + white and pial paths sample endpoint surfaces 0.001s
  + surfaceToWorld transforms are applied before SomeSampleSpace coordinate lookup 0.0s
  + fractional thickness supports average aggregation 0.001s
  + mode aggregation chooses the most frequent sampled value 0.003s
  + normal-line sampling uses offsets around the midpoint 0.001s
  + masking can produce explicit empty samples 0.002s
  + volume-to-surface morphism wraps reusable sampling plans 0.002s
  + surface-to-surface morphism applies explicit target-to-source vertex maps 0.003s
  + out-of-bounds sample points produce empty samples 0.001s
  + sampling plans validate surface pairs, paths, and masks 0.003s
  + the sample tally observes every requested point exactly once 0.0s
  + non-finite volume values are tallied apart from accepted samples 0.001s
  + sample tallies must account for every requested sample 0.001s
L_fsaverage164k_to_fsLR32k vs Workbench: ramp max 1.15e-07, saddle max 5.83e-08, hash max 5.47e-06 (1.0000 within 5.0E-5)
R_fsaverage164k_to_fsLR32k vs Workbench: ramp max 1.08e-07, saddle max 7.18e-08, hash max 6.10e-06 (1.0000 within 5.0E-5)
L_fsLR32k_to_fsaverage164k vs Workbench: ramp max 5.85e-07, saddle max 4.52e-07, hash max 2.36e-05 (1.0000 within 5.0E-5)
L_fsLR32k_to_fsLR164k vs Workbench: ramp max 3.68e-07, saddle max 3.43e-07, hash max 1.58e-05 (1.0000 within 5.0E-5)
L_fsaverage164k_to_fsaverage10k vs Workbench: ramp max 1.19e-07, saddle max 6.10e-08, hash max 5.43e-06 (1.0000 within 5.0E-5)
scalafim.surface.io.TemplateSphereFilesSuite:
  + the committed oracle matches its manifest and pins exactly the admitted spheres 0.055s
  + fsaverage 164k -> fsLR 32k on the fsaverage sphere matches Workbench, both hemispheres 6.162s
  + fsLR 32k -> fsaverage 164k on the fsaverage sphere matches Workbench 3.266s
  + fsLR 32k -> 164k on the fsLR sphere and fsaverage -> fsaverage5 match Workbench 4.23s
  + fsaverage5 and fsaverage6 are the nested vertex prefixes of fsaverage on its sphere 9.703s
  + every pinned sphere loads with its template's counts; other bytes are refused 2.238s
surface resampling parity: 104 rows share neurotransform's face; 2 neurotransform nearest-vertex fallbacks; far-side faces chosen by neurotransform: 56 of 162 rows
scalafim.surface.SurfaceResamplingParitySuite:
  + nearest-vertex plans are identical 0.005s
  + barycentric plans pick the same face as neurotransform unless it picks the far side of the sphere 0.012s
scalafim.surface.SurfaceGeodesicsSuite:
  + geodesic distance matrix matches tetrahedron edge distances 0.01s
  + distance matrix supports source and target subsets 0.0s
  + neighborsWithin includes self and vertices inside radius 0.002s
  + neighborsWithin uses a closed radius boundary 0.0s
  + euclidean metric ignores mesh paths 0.0s
  + spherical metric clamps cosine and returns finite distances 0.001s
  + unreachable vertices remain Infinity for geodesic metric 0.001s
  + cache policy stores and reuses distance matrices 0.001s
  + custom edge weights drive geodesic distances and cache keys 0.0s
  + geodesic input validation catches bad radius, vertices, and weights 0.001s
scalafim.surface.SurfaceDataSuite:
  + SurfaceField stores indexed vertex values 0.0s
  + SurfaceField validates data length, uniqueness, and bounds 0.0s
  + SurfaceMatrix stores vertices by feature columns 0.003s
  + SurfaceRoi extracts a checked subset from a field 0.001s
  + LabeledSurface stores label data and table metadata 0.002s
  + SurfaceSet validates hemisphere and exact ordered topology while allowing new coordinates 0.004s
  + HemispherePair provides typed left/right containers 0.001s
scalafim.surface.FramedSurfaceSuite:
  + stored coordinates and the geometry's surface-to-world placement are distinct declarations 0.004s
  + tkRAS surfaces reach scanner RAS through Norig * inverse(Torig) and back 0.002s
  + tkRAS -> scanner transport requires a tkRAS source and a same-subject scanner target 0.005s
  + transport reports non-finite results instead of throwing 0.002s
  + surfaces in different frames cannot be substituted for one another 0.0s
  + a surface placed in a runtime world binds to the static template frame with the same key 0.002s
scalafim.surface.io.GiftiSurfaceReaderSuite:
  + read extracts pointset, triangles, hemisphere, kind, and POINTSET transform 0.005s
  + read uses identity transform when CoordinateSystemTransformMatrix is absent 0.002s
  + read rejects malformed POINTSET shapes with stable messages 0.003s
  + read rejects malformed TRIANGLE data with stable messages 0.003s
  + read rejects missing POINTSET and TRIANGLE arrays 0.003s
  + read rejects malformed transform matrices 0.001s
  + geometry preserves the provider cause for a singular surface affine 0.002s
  + read accepts explicit hemisphere and kind metadata 0.001s
  + read accepts Base64Binary pointset and triangle arrays 0.004s
  + read honors ColumnMajorOrder matrix payloads 0.002s
scalafim.surface.TemplateSurfacesSuite:
  + stock template meshes carry their TemplateFlow counts and native registration 0.001s
  + a template sphere is admitted only with the template's counts, on a sphere, and on a registration it has 0.025s
  + meshes on different registration spheres cannot be planned against each other 0.001s
  + planning refuses hemispheres that differ 0.001s
  + a plan interpolates with unit rows, its adjoint is the exact transpose, and Sum conserves mass 0.218s
  + the pinned TemplateFlow spheres cover every mesh, hemisphere and published registration 0.0s
scalafim.surface.SurfaceParcelsSuite:
  + boundary edges derive directly from mesh topology and endpoint labels 0.004s
  + units returns contiguous parcels in label order 0.004s
  + parcel operations reject equal-sized but topologically different meshes 0.0s
  + fragmented parcel policies error, keep largest, split, or merge 0.002s
  + ParcelKey validates split parcel parts 0.001s
  + centroid and geodesic medoid can select different parcel representatives 0.001s
  + geodesic medoid rejects merged disconnected parcel 0.001s
  + distance matrices are symmetric for centroid and minimum methods 0.002s
  + medoid distance matrix uses geodesic medoid representatives 0.001s
  + boundaryContacts counts shared mesh edges symmetrically 0.001s
  + ignoredLabels removes labels from parcel outputs and contacts 0.0s
scalafim.surface.MeshTopologySuite:
  + MeshTopology derives unique edges and neighbor rows 0.0s
  + MeshTopology computes Euclidean edge lengths 0.002s
  + MeshTopology computes face and mesh metrics 0.001s
  + MeshTopology computes unit vertex normals when possible 0.001s
  + MeshTopology handles open fragmented meshes 0.003s
  + MeshTopology carries a surface domain when built from geometry 0.006s
scalafim.surface.SurfaceCoreSuite:
  + Point3D is a surface alias for image SpatialPoint 0.0s
  + TriangleMesh builds a valid tetrahedron 0.0s
  + mesh topology identity ignores coordinates but preserves exact face ordering 0.001s
  + TriangleMesh rejects invalid shapes and indices 0.001s
  + SurfaceGeometry stores mesh metadata and a 4x4 surface-to-world transform 0.0s
  + SurfaceGeometry accepts only provider-validated D3 affines 0.002s
  + surface domains reject IO-only hemisphere tags 0.001s
  + surface tag parsers normalize common labels 0.0s
scalafim.surface.RibbonFillSuite:
  + ribbon weights match neurotransform cpp_ribbon_weights entry for entry 0.003s
  + surface-to-volume fill matches neurotransform backproject_surface_to_volume(method = "ribbon") 0.001s
  + rows sum to one, and a segment that never enters the grid samples to NaN 0.001s
  + the fill is the exact adjoint of volume-to-surface sampling 0.0s
  + ribbon mask of concentric spheres is the lattice shell between their radii 0.106s
  + the ribbon mask requires closed surfaces 0.003s
  + ribbon sampling of a radial volume recovers the mid-ribbon radius, and the mean fill of ones is one 0.04s
  + volume adapters keep the operator's grid and reject other grids 0.063s
  + ribbon inputs must share a frame: statically when frames are typed, at runtime when they are erased 0.0s
  + white and pial must be vertex-matched, and steps must be positive 0.002s
  + inner and outer roles are checked: hemispheres must agree and kinds must not be swapped 0.002s
  + lattice-aligned faces and edges fill exactly, with half-open faces 0.002s
  + a closed surface that extends past the grid along the ray axis still fills by parity 0.001s
scalafim.surface.SurfaceSearchlightSuite:
  + zero-radius metric balls are the identity relation 0.007s
  + geodesic metric balls are symmetric and monotone in radius 0.001s
  + metric-ball composition is contained by the summed radius 0.001s
  + metric balls use a closed radius boundary 0.001s
  + partial center support leaves every non-center relation row empty 0.001s
  + equal vertex counts do not excuse a topology mismatch 0.001s
  + local extraction is ordinary indexed-field restriction 0.001s
  + invalid radii are rejected before geometry work 0.001s
scalafim.surface.GraphDifferentialSuite:
  + thresholded surface components match induced generic graph components 0.127s
  + surface geodesics match graph shortest paths for default and custom weights 0.028s
  + MeshTopology graph interop preserves explicit indexing, edges, and distances 0.002s
  + unreachable surface geodesics correspond to graph NoPath 0.001s
scalafim.surface.TemplatePlanTopologySuite:
  + fsaverage5 plan freezes endpoint topology and rejects a later face-order mutation 0.183s
scalafim.surface.io.FreeSurferSurfaceReaderSuite:
  + readAscii handles std.8-style FreeSurfer ASCII surfaces 0.002s
  + read auto-detects ASCII and can infer right hemisphere 0.001s
  + readBinary loads triangle geometry and accepts explicit metadata 0.001s
  + readBinary rejects bad magic with a stable message 0.002s
  + readBinary rejects headers shorter than magic bytes 0.0s
  + readBinary rejects files without created-by and info lines 0.001s
  + readBinary rejects short reads with a stable message 0.0s
  + readAscii rejects malformed rows with a stable message 0.001s
  + readAscii surfaces TriangleMesh face-index validation 0.001s
scalafim.surface.TriangleMeshEqualitySuite:
  + meshes built from separate arrays with the same content are equal and hash alike 0.001s
  + coordinates, face order and signed zero distinguish meshes 0.0s
  + surface geometries compare their meshes structurally 0.0s
  + a vertex mapping accepts a field on a separately loaded, identical geometry 0.001s
scalafim.surface.SurfaceComponentsSuite:
  + connectedComponents labels active connected sets by decreasing size 0.0s
  + connectedComponents returns zero fields when no vertices pass threshold 0.001s
  + clusterThreshold keeps only clusters meeting minimum size 0.001s
  + SurfaceThreshold validates range order 0.0s
scalafim.surface.io.GiftiReaderSuite:
  + parseString builds a typed GIFTI document with metadata and transforms 0.001s
  + external GIFTI DTD declarations are ignored without network access 0.0s
  + ASCII data arrays decode to numeric pointsets and triangles 0.001s
  + typed payload decoders preserve matrix indexing semantics 0.001s
  + Base64Binary data arrays decode with declared endian 0.0s
  + GZipBase64Binary data arrays decode after inflation 0.001s
  + GZipBase64Binary accepts the zlib stream emitted by FreeSurfer GIFTI 0.001s
  + label GIFTI parses label table and builds LabeledSurface 0.004s
  + external binary arrays are reported explicitly 0.002s
  + malformed external offsets are data-array errors 0.0s
  + malformed label keys are document errors 0.001s
scalafim.surface.gifti.GiftiModelSuite:
  + typed attributes normalize known GIFTI codes 0.001s
  + unknown attributes preserve their source text 0.002s
  + data arrays expose shape and intent contracts 0.0s
  + label color conversion keeps GIFTI 0-1 color values explicit 0.0s
  + payload vectors and matrices expose typed shape semantics 0.001s
  + payload matrices make row-major and column-major order explicit 0.0s
  + documents provide typed array lookup and reject duplicate labels 0.0s
  + GIFTI XML parsing rejects entity declarations before expansion 0.0s
  + GIFTI payload sizing rejects dimension products before overflow 0.0s
scalafim.surface.SurfaceResamplingSuite:
  + sphere helpers recognise spheres and normalise their radius 0.002s
  + barycentric weights reconstruct a point on the query's own radial ray (never the antipodal face) 0.007s
  + nearest-vertex resampling of a mesh onto itself is the identity 0.012s
  + normalisations: element rows total one, sum conserves mass, and the inverse is the exact adjoint 0.006s
  + a linear field on the sphere is reproduced to within the triangle-sagitta error 0.004s
  + input of the wrong length is a typed failure 0.002s
scalafim.surface.SurfaceLocusDomainSuite:
  + surface domain identity includes exact ordered topology 0.002s
  + full and sparse surface fields preserve their distinct support semantics 0.0s
  + legacy SurfaceRoi adapts to a region, restricted values, and annotation 0.002s
  + labeled surfaces become quotients with metadata and explicit display order 0.005s
  + a disconnected label remains one valid extensional quotient fiber 0.001s
  + runtime-loaded domains preserve the hidden semantic space type 0.0s
[info] Passed: Total 166, Failed 0, Errors 0, Passed 166
[success] Total time: 36 s, completed Sep 30, 2026, 4:24:42 a.m.
[info] compiling 11 Scala sources to /private/tmp/scalafim-stp-finish-20260929/commit-20260930/staged-check/modules/surface-view/jvm/target/scala-3.7.4/test-classes ...
[info] done compiling
scalafim.surface.view.SurfaceDynamicsSuite:
  + time axes are strictly increasing and resolve nearest and linear samples 0.007s
  + SurfaceMatrix temporal fields read columns lazily 0.019s
  + lazy sources validate frame shape and bounded LRU caches evict deterministically 0.003s
  + playback reducer clamps, loops, reverses, and produces bounded prefetch requests 0.006s
  + prefetched temporal materialization distinguishes source reads from layer uploads 0.014s
  + morphing preserves exact endpoints and rejects topology or transform mismatch 0.014s
  + linked surface and image selections roundtrip through world coordinates without flips 0.031s
  + typed annotations and bounded selection histories retain reproducible sequence ids 0.033s
scalafim.surface.view.SurfaceWorldIndexSuite:
  + prepared picks agree with independent world landmarks under full affine transforms 0.06s
  + ties choose original lowest id and radius boundaries are inclusive 0.001s
  + snapshot lifetime is explicit across coordinate mutation and equal-topology replacements 0.001s
  + repeated coincident points retain deterministic ties 0.001s
  + malformed transforms are refused at the affine boundary and mutated nonfinite coordinates cannot be indexed 0.002s
scalafim.surface.view.SurfaceBenchmarkReceiptSuite:
  + pinned matrix spans both mesh scales, every layer count, and every path 0.003s
  + timing summaries use deterministic nearest-rank percentiles 0.003s
  + benchmark JSON is deterministic, versioned, escaped, and includes structural counters 0.01s
scalafim.surface.view.SurfaceCameraPoseSuite:
  + the viewpoint camera's pose is typed in the display frame and compiles to the same view 0.005s
  + a volume point linked to the surface focuses the camera on its vertex 0.009s
  + typed poses need the single-surface layout of their display surface 0.003s
  + display frames are checked against what the viewer shows 0.001s
  + a pose needs distinct eye and target points 0.001s
scalafim.surface.view.SurfaceBenchmarkFixtureSuite:
  + pinned fixtures have exact vertex and layer counts 0.068s
  + admission-path fixtures encode only their expected dirty resource 0.015s
scalafim.surface.view.SurfaceAnatomicalDisplaySuite:
  + curvature is an ordinary scalar field transferable only across exact topology 0.01s
  + world clip planes normalize normals and retain an explicit side 0.011s
  + publication decoration records camera and layer identity and composes through Scene 0.067s
scalafim.surface.view.SurfaceProjectionNetworkSuite:
  + CPU ribbon projection is the typed oracle and records exact work 0.014s
  + projection quality and fill policy preserve rejected samples explicitly 0.003s
  + receipts count non-finite samples as rejected, not accepted 0.002s
  + materialized projection is an ordinary layer on topology-compatible display geometry 0.001s
  + network filters preserve node identity, negative weights, regions, and stable top-N order 0.008s
  + network tubes attach as ordinary mesh and color resources for every backend 0.004s
  + large signed network compilation reports bounded primitive work and memory 0.074s
scalafim.surface.view.SurfaceVolumeCursorSuite:
  + guide: an MNI peak maps to subject voxels and a framed tkRAS surface through a pullback link 0.005s
  + a tkRAS surface links to an MNI volume through the pullback; the forward direction is a typed error 0.003s
  + with a forward map the cursor round-trips vertex -> volume -> vertex 0.0s
  + one world links directly under an explicit alignment 0.011s
  + the cursor refuses another world's link, another surface's selection, and points beyond the radius 0.002s
scalafim.surface.view.SurfaceViewerSuite:
  + opaque ids and camera scalars reject invalid states 0.005s
  + canonical anatomical viewpoints encode RAS directions explicitly for both hemispheres 0.001s
  + layers own input buffers and validate frame-major lengths 0.003s
  + model rejects duplicate ids, unknown surfaces, topology mismatch, and dynamic frame disagreement 0.002s
  + reducer is total over timepoint, layer capability, ordering, and selection actions 0.006s
  + bilateral layout validates hemispheres and preserves explicit order 0.001s
  + compiler applies surfaceToWorld before packing positions and readouts 0.012s
  + compiler centers the camera on transformed world bounds 0.003s
  + anatomical camera distance scales beyond millimetre-space geometry 0.001s
  + threshold boundaries, layer order, receipts, and profile are deterministic 0.01s
  + camera-only actions preserve every mesh and layer resource key 0.003s
  + geometry families morph without changing topology, layers, selection, or camera framing 0.002s
  + geodesic reveal weights have analytic smootherstep values and reject invalid domains 0.017s
  + direct reveal lens remains an explicit diagnostic correspondence mode 0.032s
  + natural reveal is translation-invariant, pin-fixed, harmonic, and inversion-free 0.01s
  + lens quality detects an intermediate collapse even when endpoint winding agrees 0.002s
  + geometry family actions reject absent variants and invalid transition updates 0.002s
  + orbit and reset preserve canonical anatomical bases without resource uploads 0.002s
scalafim.surface.view.SurfaceBackendConformanceSuite:
  + semantic matrix covers every conformance family 0.004s
  + cold-load observations expose stable structural counters 0.001s
  + camera-only and data-only admission paths reject geometry churn 0.001s
  + invalid resource and revision receipts fail admission explicitly 0.001s
scalafim.surface.view.SurfaceSceneDocumentSuite:
  + canonical document roundtrip reproduces state, camera, and semantic render resources 0.052s
  + unknown fields and future revisions obey explicit read policy 0.003s
  + external digests and exact mesh identities are checked before state restoration 0.006s
  + backend-neutral requirements admit capabilities without naming an implementation 0.002s
  + codec rejects duplicate fields, malformed JSON, invalid digests, and invalid document state 0.003s
[info] Passed: Total 65, Failed 0, Errors 0, Passed 65
[success] Total time: 5 s, completed Sep 30, 2026, 4:24:47 a.m.
