[info] welcome to sbt 1.11.7 (Homebrew Java 25.0.1)
[info] loading settings for project candidate-build from plugins.sbt...
[info] loading project definition from /private/tmp/scalafim-stp-finish-20260929/candidate/project
[info] loading settings for project root from build.sbt...
[info] loading settings for project bids4s-build from plugins.sbt...
[info] loading project definition from /Users/bbuchsbaum/.sbt/1.0/staging/77e7bdc71bddb8077fcd/bids4s/project
[info] loading settings for project root from build.sbt...
[info] loading settings for project gale-build from plugins.sbt...
[info] loading project definition from /Users/bbuchsbaum/.sbt/1.0/staging/449715b8ebc2010e6e23/gale/project
[info] loading settings for project root from build.sbt...
[info] loading settings for project graph4s-build from plugins.sbt...
[info] loading project definition from /Users/bbuchsbaum/.sbt/1.0/staging/b4b08747efd9a8151229/graph4s/project
[info] loading settings for project root from build.sbt...
[info] loading settings for project gale-build from plugins.sbt...
[info] loading project definition from /Users/bbuchsbaum/.sbt/1.0/staging/5a90f48e170e9e640ee1/gale/project
[info] loading settings for project root from build.sbt...
[info] loading settings for project image4s-build from plugins.sbt...
[info] loading project definition from /Users/bbuchsbaum/.sbt/1.0/staging/41e96dde036f148f012a/image4s/project
[info] loading settings for project root from build.sbt...
[info] loading settings for project intaglio-build from plugins.sbt...
[info] loading project definition from /Users/bbuchsbaum/.sbt/1.0/staging/34fcacf7027b8ae3b2f8/intaglio/project
[info] loading settings for project root from build.sbt...
[info] loading settings for project locus4s-build from plugins.sbt...
[info] loading project definition from /Users/bbuchsbaum/.sbt/1.0/staging/05a8f1a231c171f1bca0/locus4s/project
[info] loading settings for project root from build.sbt...
[info] loading settings for project multivar-build from plugins.sbt...
[info] loading project definition from /Users/bbuchsbaum/.sbt/1.0/staging/55929e145617b909ca3a/multivar/project
[info] loading settings for project root from build.sbt...
[info] loading settings for project ravel-build from plugins.sbt...
[info] loading project definition from /Users/bbuchsbaum/.sbt/1.0/staging/57a292f3a6ded9e259cf/ravel/project
[info] loading settings for project root from build.sbt...
[info] loading settings for project reframe4s-build from plugins.sbt...
[info] loading project definition from /Users/bbuchsbaum/.sbt/1.0/staging/aa1fd63832323d604703/reframe4s/project
[info] loading settings for project root from build.sbt...
[info] loading settings for project zarr4s-build from plugins.sbt...
[info] loading project definition from /Users/bbuchsbaum/.sbt/1.0/staging/34c0071f90095ef07887/zarr4s/project
[info] loading settings for project root from build.sbt...
[info] resolving key references (237344 settings) ...
[info] set current project to scalafim (in build file:/private/tmp/scalafim-stp-finish-20260929/candidate/)
[info] compiling 1 Scala source to /private/tmp/scalafim-stp-finish-20260929/candidate/modules/surface/js/target/scala-3.7.4/test-classes ...
[info] done compiling
[info] Fast optimizing /private/tmp/scalafim-stp-finish-20260929/candidate/modules/surface/js/target/scala-3.7.4/scalafim-surface-test-fastopt
scalafim.surface.SurfaceLocusDomainSuite:
  + surface domain identity includes exact ordered topology 0.004s
  + full and sparse surface fields preserve their distinct support semantics 0.000s
  + legacy SurfaceRoi adapts to a region, restricted values, and annotation 0.000s
  + labeled surfaces become quotients with metadata and explicit display order 0.001s
  + a disconnected label remains one valid extensional quotient fiber 0.000s
  + runtime-loaded domains preserve the hidden semantic space type 0.000s
scalafim.surface.SurfaceParcelsSuite:
  + boundary edges derive directly from mesh topology and endpoint labels 0.001s
  + units returns contiguous parcels in label order 0.001s
  + parcel operations reject equal-sized but topologically different meshes 0.000s
  + fragmented parcel policies error, keep largest, split, or merge 0.001s
  + ParcelKey validates split parcel parts 0.000s
  + centroid and geodesic medoid can select different parcel representatives 0.001s
  + geodesic medoid rejects merged disconnected parcel 0.000s
  + distance matrices are symmetric for centroid and minimum methods 0.001s
  + medoid distance matrix uses geodesic medoid representatives 0.001s
  + boundaryContacts counts shared mesh edges symmetrically 0.000s
  + ignoredLabels removes labels from parcel outputs and contacts 0.000s
scalafim.surface.SurfaceSamplingSuite:
  + SurfaceGeometryPair exposes a shared cortical domain 0.000s
  + midpoint path is a named policy that preserves midpoint sampling semantics 0.001s
  + white and pial paths sample endpoint surfaces 0.000s
  + surfaceToWorld transforms are applied before SomeSampleSpace coordinate lookup 0.000s
  + fractional thickness supports average aggregation 0.000s
  + mode aggregation chooses the most frequent sampled value 0.000s
  + normal-line sampling uses offsets around the midpoint 0.000s
  + masking can produce explicit empty samples 0.000s
  + volume-to-surface morphism wraps reusable sampling plans 0.000s
  + surface-to-surface morphism applies explicit target-to-source vertex maps 0.000s
  + out-of-bounds sample points produce empty samples 0.000s
  + sampling plans validate surface pairs, paths, and masks 0.001s
scalafim.surface.scenarios.SurfaceChainScenarioSuite:
  + surface chain: scanner volume -> tkRAS ribbon -> registered sphere -> template meshes, commuting routes 0.211s
  + every convention mutation of the surface chain fails the scenario 0.578s
  + a tkRAS surface cannot be sampled on a scanner-space grid without moving it first 0.001s
scalafim.surface.SurfaceComponentsSuite:
  + connectedComponents labels active connected sets by decreasing size 0.001s
  + connectedComponents returns zero fields when no vertices pass threshold 0.000s
  + clusterThreshold keeps only clusters meeting minimum size 0.000s
  + SurfaceThreshold validates range order 0.000s
scalafim.surface.SurfaceCoreSuite:
  + Point3D is a surface alias for image SpatialPoint 0.000s
  + TriangleMesh builds a valid tetrahedron 0.000s
  + mesh topology identity ignores coordinates but preserves exact face ordering 0.000s
  + TriangleMesh rejects invalid shapes and indices 0.000s
  + SurfaceGeometry stores mesh metadata and a 4x4 surface-to-world transform 0.000s
  + SurfaceGeometry accepts only provider-validated D3 affines 0.000s
  + surface domains reject IO-only hemisphere tags 0.000s
  + surface tag parsers normalize common labels 0.000s
scalafim.surface.SurfaceSearchlightSuite:
  + zero-radius metric balls are the identity relation 0.001s
  + geodesic metric balls are symmetric and monotone in radius 0.001s
  + metric-ball composition is contained by the summed radius 0.000s
  + metric balls use a closed radius boundary 0.000s
  + partial center support leaves every non-center relation row empty 0.000s
  + equal vertex counts do not excuse a topology mismatch 0.000s
  + local extraction is ordinary indexed-field restriction 0.000s
  + invalid radii are rejected before geometry work 0.000s
scalafim.surface.gifti.GiftiModelSuite:
  + typed attributes normalize known GIFTI codes 0.000s
  + unknown attributes preserve their source text 0.000s
  + data arrays expose shape and intent contracts 0.000s
  + label color conversion keeps GIFTI 0-1 color values explicit 0.000s
  + payload vectors and matrices expose typed shape semantics 0.000s
  + payload matrices make row-major and column-major order explicit 0.000s
  + documents provide typed array lookup and reject duplicate labels 0.000s
  + GIFTI XML parsing rejects entity declarations before expansion 0.000s
  + GIFTI payload sizing rejects dimension products before overflow 0.000s
scalafim.surface.SurfaceResamplingSuite:
  + sphere helpers recognise spheres and normalise their radius 0.003s
  + barycentric weights reconstruct a point on the query's own radial ray (never the antipodal face) 0.023s
  + nearest-vertex resampling of a mesh onto itself is the identity 0.042s
  + normalisations: element rows total one, sum conserves mass, and the inverse is the exact adjoint 0.011s
  + a linear field on the sphere is reproduced to within the triangle-sagitta error 0.010s
  + input of the wrong length is a typed failure 0.008s
scalafim.surface.FramedSurfaceSuite:
  + stored coordinates and the geometry's surface-to-world placement are distinct declarations 0.000s
  + tkRAS surfaces reach scanner RAS through Norig * inverse(Torig) and back 0.001s
  + tkRAS -> scanner transport requires a tkRAS source and a same-subject scanner target 0.001s
  + transport reports non-finite results instead of throwing 0.000s
  + surfaces in different frames cannot be substituted for one another 0.000s
  + a surface placed in a runtime world binds to the static template frame with the same key 0.000s
scalafim.surface.TemplatePlanTopologySuite:
  + fsaverage5 plan freezes endpoint topology and rejects a later face-order mutation 0.637s
scalafim.surface.TemplateSurfacesSuite:
  + stock template meshes carry their TemplateFlow counts and native registration 0.000s
  + a template sphere is admitted only with the template's counts, on a sphere, and on a registration it has 0.028s
  + meshes on different registration spheres cannot be planned against each other 0.000s
  + planning refuses hemispheres that differ 0.002s
  + a plan interpolates with unit rows, its adjoint is the exact transpose, and Sum conserves mass 0.603s
  + the pinned TemplateFlow spheres cover every mesh, hemisphere and published registration 0.000s
scalafim.surface.RibbonFillSuite:
  + ribbon weights match neurotransform cpp_ribbon_weights entry for entry 0.003s
  + surface-to-volume fill matches neurotransform backproject_surface_to_volume(method = "ribbon") 0.000s
  + rows sum to one, and a segment that never enters the grid samples to NaN 0.000s
  + the fill is the exact adjoint of volume-to-surface sampling 0.000s
  + ribbon mask of concentric spheres is the lattice shell between their radii 0.061s
  + the ribbon mask requires closed surfaces 0.000s
  + ribbon sampling of a radial volume recovers the mid-ribbon radius, and the mean fill of ones is one 0.029s
  + volume adapters keep the operator's grid and reject other grids 0.039s
  + ribbon inputs must share a frame: statically when frames are typed, at runtime when they are erased 0.001s
  + white and pial must be vertex-matched, and steps must be positive 0.001s
  + inner and outer roles are checked: hemispheres must agree and kinds must not be swapped 0.002s
  + lattice-aligned faces and edges fill exactly, with half-open faces 0.001s
  + a closed surface that extends past the grid along the ray axis still fills by parity 0.000s
scalafim.surface.MeshTopologySuite:
  + MeshTopology derives unique edges and neighbor rows 0.000s
  + MeshTopology computes Euclidean edge lengths 0.000s
  + MeshTopology computes face and mesh metrics 0.000s
  + MeshTopology computes unit vertex normals when possible 0.000s
  + MeshTopology handles open fragmented meshes 0.000s
  + MeshTopology carries a surface domain when built from geometry 0.000s
scalafim.surface.GraphDifferentialSuite:
  + thresholded surface components match induced generic graph components 0.003s
  + surface geodesics match graph shortest paths for default and custom weights 0.002s
  + MeshTopology graph interop preserves explicit indexing, edges, and distances 0.000s
  + unreachable surface geodesics correspond to graph NoPath 0.000s
scalafim.surface.io.GiftiReaderJsSuite:
  + Scala.js reads a generated fsaverage5-scale compressed GIFTI surface 0.071s
  + Scala.js byte ingestion accepts an outer gzip stream 0.002s
  + Scala.js bounds compressed payloads by their declared shape 0.002s
  + Scala.js label ingestion preserves LabelTable and NODE_INDEX semantics 0.002s
scalafim.surface.SurfaceDataSuite:
  + SurfaceField stores indexed vertex values 0.000s
  + SurfaceField validates data length, uniqueness, and bounds 0.000s
  + SurfaceMatrix stores vertices by feature columns 0.000s
  + SurfaceRoi extracts a checked subset from a field 0.000s
  + LabeledSurface stores label data and table metadata 0.000s
  + SurfaceSet validates hemisphere and exact ordered topology while allowing new coordinates 0.001s
  + HemispherePair provides typed left/right containers 0.000s
scalafim.surface.SurfaceGeodesicsSuite:
  + geodesic distance matrix matches tetrahedron edge distances 0.000s
  + distance matrix supports source and target subsets 0.000s
  + neighborsWithin includes self and vertices inside radius 0.000s
  + neighborsWithin uses a closed radius boundary 0.000s
  + euclidean metric ignores mesh paths 0.000s
  + spherical metric clamps cosine and returns finite distances 0.000s
  + unreachable vertices remain Infinity for geodesic metric 0.000s
  + cache policy stores and reuses distance matrices 0.000s
  + custom edge weights drive geodesic distances and cache keys 0.000s
  + geodesic input validation catches bad radius, vertices, and weights 0.000s
scalafim.surface.SurfaceModuleSuite:
  + module metadata is available 0.000s
[info] Passed: Total 125, Failed 0, Errors 0, Passed 125
[success] Total time: 12 s, completed Sep 30, 2026, 1:00:12 a.m.
[info] compiling 1 Scala source to /private/tmp/scalafim-stp-finish-20260929/candidate/modules/surface-view/js/target/scala-3.7.4/classes ...
[info] done compiling
[info] Fast optimizing /private/tmp/scalafim-stp-finish-20260929/candidate/modules/surface-view/js/target/scala-3.7.4/scalafim-surface-view-test-fastopt
scalafim.surface.view.SurfaceSceneDocumentSuite:
  + canonical document roundtrip reproduces state, camera, and semantic render resources 0.014s
  + unknown fields and future revisions obey explicit read policy 0.002s
  + external digests and exact mesh identities are checked before state restoration 0.001s
  + backend-neutral requirements admit capabilities without naming an implementation 0.001s
  + codec rejects duplicate fields, malformed JSON, invalid digests, and invalid document state 0.002s
scalafim.surface.view.SurfaceVolumeCursorSuite:
  + guide: an MNI peak maps to subject voxels and a framed tkRAS surface through a pullback link 0.002s
  + a tkRAS surface links to an MNI volume through the pullback; the forward direction is a typed error 0.000s
  + with a forward map the cursor round-trips vertex -> volume -> vertex 0.000s
  + one world links directly under an explicit alignment 0.002s
  + the cursor refuses another world's link, another surface's selection, and points beyond the radius 0.000s
scalafim.surface.view.SurfaceViewerSuite:
  + opaque ids and camera scalars reject invalid states 0.000s
  + canonical anatomical viewpoints encode RAS directions explicitly for both hemispheres 0.000s
  + layers own input buffers and validate frame-major lengths 0.001s
  + model rejects duplicate ids, unknown surfaces, topology mismatch, and dynamic frame disagreement 0.000s
  + reducer is total over timepoint, layer capability, ordering, and selection actions 0.000s
  + bilateral layout validates hemispheres and preserves explicit order 0.001s
  + compiler applies surfaceToWorld before packing positions and readouts 0.001s
  + compiler centers the camera on transformed world bounds 0.001s
  + anatomical camera distance scales beyond millimetre-space geometry 0.000s
  + threshold boundaries, layer order, receipts, and profile are deterministic 0.000s
  + camera-only actions preserve every mesh and layer resource key 0.000s
  + geometry families morph without changing topology, layers, selection, or camera framing 0.001s
  + geodesic reveal weights have analytic smootherstep values and reject invalid domains 0.001s
  + direct reveal lens remains an explicit diagnostic correspondence mode 0.002s
  + natural reveal is translation-invariant, pin-fixed, harmonic, and inversion-free 0.004s
  + lens quality detects an intermediate collapse even when endpoint winding agrees 0.000s
  + geometry family actions reject absent variants and invalid transition updates 0.000s
  + orbit and reset preserve canonical anatomical bases without resource uploads 0.001s
scalafim.surface.view.SurfaceBenchmarkReceiptSuite:
  + pinned matrix spans both mesh scales, every layer count, and every path 0.001s
  + timing summaries use deterministic nearest-rank percentiles 0.000s
  + benchmark JSON is deterministic, versioned, escaped, and includes structural counters 0.001s
scalafim.surface.view.SurfaceProjectionNetworkSuite:
  + CPU ribbon projection is the typed oracle and records exact work 0.001s
  + projection quality and fill policy preserve rejected samples explicitly 0.001s
  + materialized projection is an ordinary layer on topology-compatible display geometry 0.001s
  + network filters preserve node identity, negative weights, regions, and stable top-N order 0.000s
  + network tubes attach as ordinary mesh and color resources for every backend 0.001s
  + large signed network compilation reports bounded primitive work and memory 0.060s
scalafim.surface.view.SurfaceCameraPoseSuite:
  + the viewpoint camera's pose is typed in the display frame and compiles to the same view 0.002s
  + a volume point linked to the surface focuses the camera on its vertex 0.001s
  + typed poses need the single-surface layout of their display surface 0.001s
  + display frames are checked against what the viewer shows 0.001s
  + a pose needs distinct eye and target points 0.000s
scalafim.surface.view.SurfaceDynamicsSuite:
  + time axes are strictly increasing and resolve nearest and linear samples 0.000s
  + SurfaceMatrix temporal fields read columns lazily 0.000s
  + lazy sources validate frame shape and bounded LRU caches evict deterministically 0.000s
  + playback reducer clamps, loops, reverses, and produces bounded prefetch requests 0.000s
  + prefetched temporal materialization distinguishes source reads from layer uploads 0.000s
  + morphing preserves exact endpoints and rejects topology or transform mismatch 0.000s
  + linked surface and image selections roundtrip through world coordinates without flips 0.001s
  + typed annotations and bounded selection histories retain reproducible sequence ids 0.001s
scalafim.surface.view.SurfaceWorldIndexSuite:
  + prepared picks agree with independent world landmarks under full affine transforms 0.050s
  + ties choose original lowest id and radius boundaries are inclusive 0.000s
  + snapshot lifetime is explicit across coordinate mutation and equal-topology replacements 0.000s
  + repeated coincident points retain deterministic ties 0.001s
  + malformed transforms are refused at the affine boundary and mutated nonfinite coordinates cannot be indexed 0.000s
scalafim.surface.view.SurfaceBackendConformanceSuite:
  + semantic matrix covers every conformance family 0.000s
  + cold-load observations expose stable structural counters 0.000s
  + camera-only and data-only admission paths reject geometry churn 0.000s
  + invalid resource and revision receipts fail admission explicitly 0.000s
scalafim.surface.view.SurfaceBenchmarkFixtureSuite:
  + pinned fixtures have exact vertex and layer counts 0.084s
  + admission-path fixtures encode only their expected dirty resource 0.009s
scalafim.surface.view.SurfaceAnatomicalDisplaySuite:
  + curvature is an ordinary scalar field transferable only across exact topology 0.001s
  + world clip planes normalize normals and retain an explicit side 0.000s
  + publication decoration records camera and layer identity and composes through Scene 0.001s
[info] Passed: Total 64, Failed 0, Errors 0, Passed 64
[success] Total time: 5 s, completed Sep 30, 2026, 1:00:17 a.m.
[info] Fast optimizing /private/tmp/scalafim-stp-finish-20260929/candidate/modules/atlas/js/target/scala-3.7.4/scalafim-atlas-test-fastopt
scalafim.atlas.AtlasCoverageSuite:
  + registry normalizes aliases and reports unknown ids with available atlases 0.003s
  + region index normalizes labels, filters hemispheres, and rejects duplicate ids 0.002s
  + volume atlas construction rejects unknown and absent payload labels 0.007s
  + space transforms expose no-route and non-affine execution limits 0.005s
  + parcel data preserves atlas order and rejects invalid record contracts 0.002s
  + reducers define NaN handling and volume reductions match grouped oracle sums 0.001s
  + vector reduction syntax overloads respect custom reducers and masks 0.003s
==> X scalafim.atlas.AtlasCoverageSuite.overlap is symmetric by atlas order and self-overlap is identity 0.011s java.lang.IllegalArgumentException: expected frame scalafim-world:unresolved:e271a01c7eee5e9d-6, got scalafim-world:unresolved:e271a01c7eee5e9d-7
  + adjacency connectivity is monotone from faces to corners 0.002s
  + query contracts cover exact lookup, invalid radii, and transform failures 0.001s
  + atlas error messages and provenance helper aliases remain explicit 0.000s
scalafim.atlas.GraphDifferentialSuite:
  + region contact counts match an independent full-neighborhood oracle 0.004s
  + region adjacency lowers to canonical graph topology without changing the atlas API 0.002s
  + optimized contacts have exactly the relational quotient adjacency 0.004s
scalafim.atlas.AtlasRealizationSuite:
  + volume realization retains one direct partial surjection 0.004s
  + equal-size reordered and foreign parcel identities fail exact alignment 0.002s
  + retargeting a reordered parcel owner requires a certified bijection 0.001s
  + a volume realization rejects an image from a different live grid owner 0.000s
  + volume and bilateral surface share exact parcel identity 0.003s
scalafim.atlas.AtlasQuotientSuite:
  + volume atlases expose exact fibers, parcel metadata, and display order 0.002s
==> X scalafim.atlas.AtlasQuotientSuite.metadata changes do not change extensional region identity 0.014s munit.FailException: modules/atlas/shared/src/test/scala/scalafim/atlas/AtlasQuotientSuite.scala:75 assertion failed
74:      val right = renamed.realization.region(id).get
75:      assert(left.space.samePersistentIdentityAs(right.space))
76:      assertEquals(
  + network regions are fibers of the composed realization 0.001s
  + partial network annotations do not claim a total surjection 0.001s
  + surface atlases expose the same bilateral realization operations 0.002s
==> X scalafim.atlas.AtlasQuotientSuite.overlap requires exact grids unless alignment is explicitly requested 0.002s munit.FailException: modules/atlas/shared/src/test/scala/scalafim/atlas/AtlasQuotientSuite.scala:184 expected exact-grid rejection, got Left(Geometry(FrameMismatch(scalafim-world:unresolved:5b20a1240926066e-7,scalafim-world:unresolved:5b20a1240926066e-8)))
183:      case other =>
184:        fail(s"expected exact-grid rejection, got $other")
185:    assert(
  + one-pass standard reducers retain NaN and non-contiguous id semantics 0.001s
scalafim.atlas.TemplateSampledCatalogSuite:
  + all published template surface densities normalize as surface spaces while catalog domains remain unsampled 0.000s
scalafim.atlas.AtlasCoreSuite:
  + Point3D is an atlas alias for image SpatialPoint 0.000s
  + registry resolves standard atlas aliases 0.001s
  + space transform plans include direct, identity, two-hop, and planned routes 0.006s
  + executable affine routes follow provider andThen order 0.001s
  + VolumeAtlas validates region ids and supports metadata subset 0.002s
  + query exact and radius lookups return atlas metadata 0.002s
  + reduceVolume and reduceVec summarize parcel data 0.003s
  + reduceVec preserves all parcels and writes NaN for parcels outside mask 0.001s
  + overlap and adjacency compute region relationships 0.002s
scalafim.atlas.AtlasProvenanceSuite:
  + AtlasRef converts to typed provenance with source artifacts, support, labels, and citations 0.001s
  + standard atlas provenance infers release metadata and readable summaries 0.001s
  + descriptor-only provenance is explicit and validation reports audit gaps 0.000s
  + loaded provenance records label filtering decisions 0.000s
  + license and voxel-size helpers round-trip legacy metadata 0.000s
  + source artifacts preserve restricted licenses and SHA digests in legacy export 0.000s
  + strict provenance validation flags missing source accounting 0.000s
scalafim.atlas.SpaceTransformGraphSuite:
  + the standard manifest populates one spatial graph over unsampled template domains 0.000s
  + the internal affine route matches FreeSurfer mni152.register.dat 0.001s
  + TemplateFlow warps stay planned and typed non-executable until an asset implements them 0.002s
  + assets on frames outside the catalog are rejected when the graph is built 0.000s
  + routes fall back to exact inverses only when no forward route exists 0.001s
  + available steps without provider maps are planned but not executable 0.000s
  + grid pullbacks come from fused affine routes, including inverse steps 0.001s
  + grid pullbacks reject grids outside the route's endpoint worlds 0.001s
  + an identity route over an uncatalogued space plans, but has no world for grid pullbacks 0.000s
scalafim.atlas.SurfaceAtlasSuite:
  + SurfaceAtlas wraps bilateral labeled surfaces with typed region lookup 0.002s
  + SurfaceAtlas validates geometry hemispheres 0.000s
  + SurfaceAtlas requires non-zero payload labels and region ids to match 0.000s
  + SurfaceAtlas rejects unused label-table ids 0.001s
  + SurfaceAtlas requires lateral hemisphere access and exposes label metadata 0.001s
  + SurfaceAtlas exposes parcel units, distances, and boundary contacts per hemisphere 0.003s
scalafim.atlas.MniTemplateBridgeSuite:
  + only the inspected TemplateFlow composite is admitted, by the SHA-256 of its bytes 0.000s
  + the admitted digest must still hold an affine and a field on the 2009c res-01 lattice 0.001s
  + the lattice check reads ITK's LPS size, origin, spacing and direction, and accepts only 2009c res-01 0.001s
  + stock MNI grids are TemplateFlow's, in their templates' frames, with persistent ids 0.000s
  + a dense warp without a forward map is pullback-executable only 0.014s
  + a supplied inverse makes the warp push points and admits routing through its inverse 0.010s
  + the standard manifest names the real TemplateFlow file and why the reverse step is planned 0.000s
scalafim.atlas.AtlasParityCorpusSuite:
  + parity fixture preserves non-contiguous atlas ids and metadata 0.002s
  + query and parcel reduction match neuroatlas parity fixture 0.001s
  + parcel-series reduction keeps non-contiguous ids in parcel order 0.001s
  + parcel-series reduction writes NaN when the mask misses the atlas 0.001s
  + overlap corpus matches Dice and Jaccard golden values 0.002s
  + fixture rejects duplicate metadata ids and unknown payload labels 0.001s
scalafim.atlas.AtlasPublicationSuite:
  + Schaefer variants define exact ordered parcel identity 0.002s
  + volume support identity includes the exact grid 0.003s
  + surface support identity includes ordered topology but not coordinates 0.003s
  + bilateral publication retains one quotient and explicit empty fibers 0.001s
  + foreign-producer v1 fixture matches fixed domain and assignment bytes 0.002s
  + publication admission recomputes fingerprints and identity preimages 0.001s
  + publication admission rejects malformed support and assignments 0.002s
  + checked constructors preserve typed invalid-payload failures 0.001s
[error] Failed: Total 79, Failed 3, Errors 0, Passed 76
[error] Failed tests:
[error] 	scalafim.atlas.AtlasQuotientSuite
[error] 	scalafim.atlas.AtlasCoverageSuite
[error] (atlasJS / Test / test) sbt.TestsFailedException: Tests unsuccessful
[error] Total time: 4 s, completed Sep 30, 2026, 1:00:21 a.m.
