[info] welcome to sbt 1.11.7 (Homebrew Java 25.0.1)
[info] loading settings for project candidate-build from plugins.sbt...
[info] loading project definition from /private/tmp/scalafim-stp-finish-20260929/candidate/project
[info] loading settings for project root from build.sbt...
[info] loading settings for project bids4s-build from plugins.sbt...
[info] loading project definition from /Users/bbuchsbaum/.sbt/1.0/staging/77e7bdc71bddb8077fcd/bids4s/project
[info] loading settings for project root from build.sbt...
[info] loading settings for project gale-build from plugins.sbt...
[info] loading project definition from /Users/bbuchsbaum/.sbt/1.0/staging/449715b8ebc2010e6e23/gale/project
[info] loading settings for project root from build.sbt...
[info] loading settings for project graph4s-build from plugins.sbt...
[info] loading project definition from /Users/bbuchsbaum/.sbt/1.0/staging/b4b08747efd9a8151229/graph4s/project
[info] loading settings for project root from build.sbt...
[info] loading settings for project gale-build from plugins.sbt...
[info] loading project definition from /Users/bbuchsbaum/.sbt/1.0/staging/5a90f48e170e9e640ee1/gale/project
[info] loading settings for project root from build.sbt...
[info] loading settings for project image4s-build from plugins.sbt...
[info] loading project definition from /Users/bbuchsbaum/.sbt/1.0/staging/41e96dde036f148f012a/image4s/project
[info] loading settings for project root from build.sbt...
[info] loading settings for project intaglio-build from plugins.sbt...
[info] loading project definition from /Users/bbuchsbaum/.sbt/1.0/staging/34fcacf7027b8ae3b2f8/intaglio/project
[info] loading settings for project root from build.sbt...
[info] loading settings for project locus4s-build from plugins.sbt...
[info] loading project definition from /Users/bbuchsbaum/.sbt/1.0/staging/05a8f1a231c171f1bca0/locus4s/project
[info] loading settings for project root from build.sbt...
[info] loading settings for project multivar-build from plugins.sbt...
[info] loading project definition from /Users/bbuchsbaum/.sbt/1.0/staging/55929e145617b909ca3a/multivar/project
[info] loading settings for project root from build.sbt...
[info] loading settings for project ravel-build from plugins.sbt...
[info] loading project definition from /Users/bbuchsbaum/.sbt/1.0/staging/57a292f3a6ded9e259cf/ravel/project
[info] loading settings for project root from build.sbt...
[info] loading settings for project reframe4s-build from plugins.sbt...
[info] loading project definition from /Users/bbuchsbaum/.sbt/1.0/staging/aa1fd63832323d604703/reframe4s/project
[info] loading settings for project root from build.sbt...
[info] loading settings for project zarr4s-build from plugins.sbt...
[info] loading project definition from /Users/bbuchsbaum/.sbt/1.0/staging/34c0071f90095ef07887/zarr4s/project
[info] loading settings for project root from build.sbt...
[info] resolving key references (237344 settings) ...
[info] set current project to scalafim (in build file:/private/tmp/scalafim-stp-finish-20260929/candidate/)
[info] compiling 2 Scala sources to /private/tmp/scalafim-stp-finish-20260929/candidate/modules/image/jvm/target/scala-3.7.4/classes ...
[error] -- [E007] Type Mismatch Error: /private/tmp/scalafim-stp-finish-20260929/candidate/modules/image/shared/src/main/scala/scalafim/image/Transforms.scala:87:54 
[error] 87 |    val newSpace = SampleSpaces.derivedD3(vec.sampled.sampleSpace, newSpatialDims, newTrans)
[error]    |                                          ^^^^^^^^^^^^^^^^^^^^^^^
[error]    |Found:    (image4s.Sampled[? <: image4s.SampleSpace[?, image4s.geometry.D3], Double,
[error]    |  image4s.Continuous, ravel.Rank[(4 : Int)]]#sampleSpace :
[error]    |  image4s.Sampled[? <: image4s.SampleSpace[?, image4s.geometry.D3], Double,
[error]    |    image4s.Continuous, ravel.Rank[(4 : Int)]]#S
[error]    |)
[error]    |Required: image4s.SampleSpace[F, image4s.geometry.D3]
[error]    |
[error]    |where:    F is a type variable with constraint <: image4s.geometry.Frame[image4s.geometry.D3]
[error]    |
[error]    | longer explanation available when compiling with `-explain`
[error] -- [E007] Type Mismatch Error: /private/tmp/scalafim-stp-finish-20260929/candidate/modules/image/shared/src/main/scala/scalafim/image/Transforms.scala:149:54 
[error] 149 |    val newSpace = SampleSpaces.derivedD3(vol.sampled.sampleSpace, newSpatialDims, newTrans)
[error]     |                                          ^^^^^^^^^^^^^^^^^^^^^^^
[error]     |Found:    (image4s.Sampled[? <: image4s.SampleSpace[?, image4s.geometry.D3], Double,
[error]     |  image4s.Continuous, ravel.Rank[(3 : Int)]]#sampleSpace :
[error]     |  image4s.Sampled[? <: image4s.SampleSpace[?, image4s.geometry.D3], Double,
[error]     |    image4s.Continuous, ravel.Rank[(3 : Int)]]#S
[error]     |)
[error]     |Required: image4s.SampleSpace[F, image4s.geometry.D3]
[error]     |
[error]     |where:    F is a type variable with constraint <: image4s.geometry.Frame[image4s.geometry.D3]
[error]     |
[error]     | longer explanation available when compiling with `-explain`
[error] two errors found
[error] (imageJVM / Compile / compileIncremental) Compilation failed
[error] Total time: 5 s, completed Sep 30, 2026, 12:36:17 a.m.
