[info] welcome to sbt 1.11.7 (Homebrew Java 25.0.1)
[info] loading settings for project candidate-build from plugins.sbt...
[info] loading project definition from /private/tmp/scalafim-stp-finish-20260929/candidate/project
[info] loading settings for project root from build.sbt...
[info] loading settings for project bids4s-build from plugins.sbt...
[info] loading project definition from /Users/bbuchsbaum/.sbt/1.0/staging/77e7bdc71bddb8077fcd/bids4s/project
[info] loading settings for project root from build.sbt...
[info] loading settings for project gale-build from plugins.sbt...
[info] loading project definition from /Users/bbuchsbaum/.sbt/1.0/staging/449715b8ebc2010e6e23/gale/project
[info] loading settings for project root from build.sbt...
[info] loading settings for project graph4s-build from plugins.sbt...
[info] loading project definition from /Users/bbuchsbaum/.sbt/1.0/staging/b4b08747efd9a8151229/graph4s/project
[info] loading settings for project root from build.sbt...
[info] loading settings for project gale-build from plugins.sbt...
[info] loading project definition from /Users/bbuchsbaum/.sbt/1.0/staging/5a90f48e170e9e640ee1/gale/project
[info] loading settings for project root from build.sbt...
[info] loading settings for project image4s-build from plugins.sbt...
[info] loading project definition from /Users/bbuchsbaum/.sbt/1.0/staging/41e96dde036f148f012a/image4s/project
[info] loading settings for project root from build.sbt...
[info] loading settings for project intaglio-build from plugins.sbt...
[info] loading project definition from /Users/bbuchsbaum/.sbt/1.0/staging/34fcacf7027b8ae3b2f8/intaglio/project
[info] loading settings for project root from build.sbt...
[info] loading settings for project locus4s-build from plugins.sbt...
[info] loading project definition from /Users/bbuchsbaum/.sbt/1.0/staging/05a8f1a231c171f1bca0/locus4s/project
[info] loading settings for project root from build.sbt...
[info] loading settings for project multivar-build from plugins.sbt...
[info] loading project definition from /Users/bbuchsbaum/.sbt/1.0/staging/55929e145617b909ca3a/multivar/project
[info] loading settings for project root from build.sbt...
[info] loading settings for project ravel-build from plugins.sbt...
[info] loading project definition from /Users/bbuchsbaum/.sbt/1.0/staging/57a292f3a6ded9e259cf/ravel/project
[info] loading settings for project root from build.sbt...
[info] loading settings for project reframe4s-build from plugins.sbt...
[info] loading project definition from /Users/bbuchsbaum/.sbt/1.0/staging/aa1fd63832323d604703/reframe4s/project
[info] loading settings for project root from build.sbt...
[info] loading settings for project zarr4s-build from plugins.sbt...
[info] loading project definition from /Users/bbuchsbaum/.sbt/1.0/staging/34c0071f90095ef07887/zarr4s/project
[info] loading settings for project root from build.sbt...
[info] resolving key references (237344 settings) ...
[info] set current project to scalafim (in build file:/private/tmp/scalafim-stp-finish-20260929/candidate/)
[info] compiling 3 Scala sources to /private/tmp/scalafim-stp-finish-20260929/candidate/modules/surface/jvm/target/scala-3.7.4/test-classes ...
[info] done compiling
scalafim.surface.SurfaceResamplingSuite:
  + sphere helpers recognise spheres and normalise their radius 0.037s
  + barycentric weights reconstruct a point on the query's own radial ray (never the antipodal face) 0.101s
  + nearest-vertex resampling of a mesh onto itself is the identity 0.054s
  + normalisations: element rows total one, sum conserves mass, and the inverse is the exact adjoint 0.038s
  + a linear field on the sphere is reproduced to within the triangle-sagitta error 0.012s
  + input of the wrong length is a typed failure 0.009s
scalafim.surface.SurfaceSamplingSuite:
  + SurfaceGeometryPair exposes a shared cortical domain 0.002s
  + midpoint path is a named policy that preserves midpoint sampling semantics 0.007s
  + white and pial paths sample endpoint surfaces 0.0s
  + surfaceToWorld transforms are applied before SomeSampleSpace coordinate lookup 0.001s
  + fractional thickness supports average aggregation 0.002s
  + mode aggregation chooses the most frequent sampled value 0.001s
  + normal-line sampling uses offsets around the midpoint 0.002s
  + masking can produce explicit empty samples 0.001s
  + volume-to-surface morphism wraps reusable sampling plans 0.002s
  + surface-to-surface morphism applies explicit target-to-source vertex maps 0.002s
  + out-of-bounds sample points produce empty samples 0.0s
  + sampling plans validate surface pairs, paths, and masks 0.002s
scalafim.surface.io.GiftiSurfaceReaderSuite:
  + read extracts pointset, triangles, hemisphere, kind, and POINTSET transform 0.085s
  + read uses identity transform when CoordinateSystemTransformMatrix is absent 0.006s
  + read rejects malformed POINTSET shapes with stable messages 0.022s
  + read rejects malformed TRIANGLE data with stable messages 0.005s
  + read rejects missing POINTSET and TRIANGLE arrays 0.006s
  + read rejects malformed transform matrices 0.005s
  + geometry preserves the provider cause for a singular surface affine 0.007s
  + read accepts explicit hemisphere and kind metadata 0.004s
  + read accepts Base64Binary pointset and triangle arrays 0.008s
  + read honors ColumnMajorOrder matrix payloads 0.002s
scalafim.surface.io.GiftiReaderSuite:
  + parseString builds a typed GIFTI document with metadata and transforms 0.003s
  + external GIFTI DTD declarations are ignored without network access 0.003s
  + ASCII data arrays decode to numeric pointsets and triangles 0.001s
  + typed payload decoders preserve matrix indexing semantics 0.002s
  + Base64Binary data arrays decode with declared endian 0.003s
  + GZipBase64Binary data arrays decode after inflation 0.002s
  + GZipBase64Binary accepts the zlib stream emitted by FreeSurfer GIFTI 0.002s
  + label GIFTI parses label table and builds LabeledSurface 0.01s
  + external binary arrays are reported explicitly 0.002s
  + malformed external offsets are data-array errors 0.001s
  + malformed label keys are document errors 0.001s
scalafim.surface.MeshTopologySuite:
  + MeshTopology derives unique edges and neighbor rows 0.011s
  + MeshTopology computes Euclidean edge lengths 0.001s
  + MeshTopology computes face and mesh metrics 0.0s
  + MeshTopology computes unit vertex normals when possible 0.001s
  + MeshTopology handles open fragmented meshes 0.0s
  + MeshTopology carries a surface domain when built from geometry 0.001s
scalafim.surface.gifti.GiftiModelSuite:
  + typed attributes normalize known GIFTI codes 0.0s
  + unknown attributes preserve their source text 0.003s
  + data arrays expose shape and intent contracts 0.0s
  + label color conversion keeps GIFTI 0-1 color values explicit 0.0s
  + payload vectors and matrices expose typed shape semantics 0.001s
  + payload matrices make row-major and column-major order explicit 0.0s
  + documents provide typed array lookup and reject duplicate labels 0.0s
  + GIFTI XML parsing rejects entity declarations before expansion 0.0s
  + GIFTI payload sizing rejects dimension products before overflow 0.001s
scalafim.surface.SurfaceLocusDomainSuite:
  + surface domain identity includes exact ordered topology 0.019s
  + full and sparse surface fields preserve their distinct support semantics 0.002s
  + legacy SurfaceRoi adapts to a region, restricted values, and annotation 0.005s
  + labeled surfaces become quotients with metadata and explicit display order 0.007s
  + a disconnected label remains one valid extensional quotient fiber 0.0s
  + runtime-loaded domains preserve the hidden semantic space type 0.0s
L_fsaverage164k_to_fsLR32k vs Workbench: ramp max 1.15e-07, saddle max 5.83e-08, hash max 5.47e-06 (1.0000 within 5.0E-5)
R_fsaverage164k_to_fsLR32k vs Workbench: ramp max 1.08e-07, saddle max 7.18e-08, hash max 6.10e-06 (1.0000 within 5.0E-5)
L_fsLR32k_to_fsaverage164k vs Workbench: ramp max 5.85e-07, saddle max 4.52e-07, hash max 2.36e-05 (1.0000 within 5.0E-5)
L_fsLR32k_to_fsLR164k vs Workbench: ramp max 3.68e-07, saddle max 3.43e-07, hash max 1.58e-05 (1.0000 within 5.0E-5)
L_fsaverage164k_to_fsaverage10k vs Workbench: ramp max 1.19e-07, saddle max 6.10e-08, hash max 5.43e-06 (1.0000 within 5.0E-5)
scalafim.surface.io.TemplateSphereFilesSuite:
  + the committed oracle matches its manifest and pins exactly the admitted spheres 0.017s
  + fsaverage 164k -> fsLR 32k on the fsaverage sphere matches Workbench, both hemispheres 3.913s
  + fsLR 32k -> fsaverage 164k on the fsaverage sphere matches Workbench 2.869s
  + fsLR 32k -> 164k on the fsLR sphere and fsaverage -> fsaverage5 match Workbench 3.551s
  + fsaverage5 and fsaverage6 are the nested vertex prefixes of fsaverage on its sphere 7.855s
  + every pinned sphere loads with its template's counts; other bytes are refused 1.899s
surface resampling parity: 104 rows share neurotransform's face; 2 neurotransform nearest-vertex fallbacks; far-side faces chosen by neurotransform: 56 of 162 rows
scalafim.surface.SurfaceResamplingParitySuite:
  + nearest-vertex plans are identical 0.004s
  + barycentric plans pick the same face as neurotransform unless it picks the far side of the sphere 0.009s
scalafim.surface.SurfaceCoreSuite:
  + Point3D is a surface alias for image SpatialPoint 0.0s
  + TriangleMesh builds a valid tetrahedron 0.0s
  + mesh topology identity ignores coordinates but preserves exact face ordering 0.002s
  + TriangleMesh rejects invalid shapes and indices 0.0s
  + SurfaceGeometry stores mesh metadata and a 4x4 surface-to-world transform 0.001s
  + SurfaceGeometry accepts only provider-validated D3 affines 0.001s
  + surface domains reject IO-only hemisphere tags 0.001s
  + surface tag parsers normalize common labels 0.0s
scalafim.surface.SurfaceSearchlightSuite:
  + zero-radius metric balls are the identity relation 0.013s
  + geodesic metric balls are symmetric and monotone in radius 0.001s
  + metric-ball composition is contained by the summed radius 0.0s
  + metric balls use a closed radius boundary 0.0s
  + partial center support leaves every non-center relation row empty 0.001s
  + equal vertex counts do not excuse a topology mismatch 0.001s
  + local extraction is ordinary indexed-field restriction 0.0s
  + invalid radii are rejected before geometry work 0.001s
scalafim.surface.SurfaceGeodesicsSuite:
  + geodesic distance matrix matches tetrahedron edge distances 0.001s
  + distance matrix supports source and target subsets 0.0s
  + neighborsWithin includes self and vertices inside radius 0.001s
  + neighborsWithin uses a closed radius boundary 0.001s
  + euclidean metric ignores mesh paths 0.0s
  + spherical metric clamps cosine and returns finite distances 0.001s
  + unreachable vertices remain Infinity for geodesic metric 0.0s
  + cache policy stores and reuses distance matrices 0.001s
  + custom edge weights drive geodesic distances and cache keys 0.001s
  + geodesic input validation catches bad radius, vertices, and weights 0.0s
scalafim.surface.scenarios.SurfaceChainScenarioSuite:
  + surface chain: scanner volume -> tkRAS ribbon -> registered sphere -> template meshes, commuting routes 0.113s
  + every convention mutation of the surface chain fails the scenario 0.182s
  + a tkRAS surface cannot be sampled on a scanner-space grid without moving it first 0.001s
scalafim.surface.SurfaceParcelsSuite:
  + boundary edges derive directly from mesh topology and endpoint labels 0.002s
  + units returns contiguous parcels in label order 0.003s
  + parcel operations reject equal-sized but topologically different meshes 0.001s
  + fragmented parcel policies error, keep largest, split, or merge 0.001s
  + ParcelKey validates split parcel parts 0.001s
  + centroid and geodesic medoid can select different parcel representatives 0.001s
  + geodesic medoid rejects merged disconnected parcel 0.0s
  + distance matrices are symmetric for centroid and minimum methods 0.002s
  + medoid distance matrix uses geodesic medoid representatives 0.0s
  + boundaryContacts counts shared mesh edges symmetrically 0.002s
  + ignoredLabels removes labels from parcel outputs and contacts 0.0s
scalafim.surface.SurfaceDataSuite:
  + SurfaceField stores indexed vertex values 0.0s
  + SurfaceField validates data length, uniqueness, and bounds 0.001s
  + SurfaceMatrix stores vertices by feature columns 0.001s
  + SurfaceRoi extracts a checked subset from a field 0.001s
  + LabeledSurface stores label data and table metadata 0.001s
  + SurfaceSet validates hemisphere and exact ordered topology while allowing new coordinates 0.003s
  + HemispherePair provides typed left/right containers 0.0s
scalafim.surface.SurfaceModuleSuite:
  + module metadata is available 0.001s
scalafim.surface.RibbonFillSuite:
  + ribbon weights match neurotransform cpp_ribbon_weights entry for entry 0.002s
  + surface-to-volume fill matches neurotransform backproject_surface_to_volume(method = "ribbon") 0.001s
  + rows sum to one, and a segment that never enters the grid samples to NaN 0.001s
  + the fill is the exact adjoint of volume-to-surface sampling 0.0s
  + ribbon mask of concentric spheres is the lattice shell between their radii 0.111s
  + the ribbon mask requires closed surfaces 0.003s
  + ribbon sampling of a radial volume recovers the mid-ribbon radius, and the mean fill of ones is one 0.047s
  + volume adapters keep the operator's grid and reject other grids 0.073s
  + ribbon inputs must share a frame: statically when frames are typed, at runtime when they are erased 0.001s
  + white and pial must be vertex-matched, and steps must be positive 0.002s
  + inner and outer roles are checked: hemispheres must agree and kinds must not be swapped 0.001s
  + lattice-aligned faces and edges fill exactly, with half-open faces 0.002s
  + a closed surface that extends past the grid along the ray axis still fills by parity 0.001s
scalafim.surface.FramedSurfaceSuite:
  + stored coordinates and the geometry's surface-to-world placement are distinct declarations 0.005s
  + tkRAS surfaces reach scanner RAS through Norig * inverse(Torig) and back 0.001s
  + tkRAS -> scanner transport requires a tkRAS source and a same-subject scanner target 0.006s
  + transport reports non-finite results instead of throwing 0.001s
  + surfaces in different frames cannot be substituted for one another 0.0s
  + a surface placed in a runtime world binds to the static template frame with the same key 0.002s
scalafim.surface.GraphDifferentialSuite:
  + thresholded surface components match induced generic graph components 0.112s
  + surface geodesics match graph shortest paths for default and custom weights 0.023s
  + MeshTopology graph interop preserves explicit indexing, edges, and distances 0.001s
  + unreachable surface geodesics correspond to graph NoPath 0.001s
scalafim.surface.TemplateSurfacesSuite:
  + stock template meshes carry their TemplateFlow counts and native registration 0.0s
  + a template sphere is admitted only with the template's counts, on a sphere, and on a registration it has 0.018s
  + meshes on different registration spheres cannot be planned against each other 0.0s
  + planning refuses hemispheres that differ 0.001s
  + a plan interpolates with unit rows, its adjoint is the exact transpose, and Sum conserves mass 0.163s
  + the pinned TemplateFlow spheres cover every mesh, hemisphere and published registration 0.0s
scalafim.surface.SurfaceComponentsSuite:
  + connectedComponents labels active connected sets by decreasing size 0.001s
  + connectedComponents returns zero fields when no vertices pass threshold 0.001s
  + clusterThreshold keeps only clusters meeting minimum size 0.0s
  + SurfaceThreshold validates range order 0.0s
scalafim.surface.TemplatePlanTopologySuite:
  + fsaverage5 plan freezes endpoint topology and rejects a later face-order mutation 0.157s
scalafim.surface.io.FreeSurferSurfaceReaderSuite:
  + readAscii handles std.8-style FreeSurfer ASCII surfaces 0.002s
  + read auto-detects ASCII and can infer right hemisphere 0.001s
  + readBinary loads triangle geometry and accepts explicit metadata 0.003s
  + readBinary rejects bad magic with a stable message 0.001s
  + readBinary rejects headers shorter than magic bytes 0.0s
  + readBinary rejects files without created-by and info lines 0.001s
  + readBinary rejects short reads with a stable message 0.001s
  + readAscii rejects malformed rows with a stable message 0.001s
  + readAscii surfaces TriangleMesh face-index validation 0.001s
[info] Passed: Total 159, Failed 0, Errors 0, Passed 159
[success] Total time: 30 s, completed Sep 29, 2026, 11:57:54 p.m.
[info] compiling 42 Scala sources to /private/tmp/scalafim-stp-finish-20260929/candidate/modules/spatial/jvm/target/scala-3.7.4/test-classes ...
[info] done compiling
scalafim.spatial.FieldRuntimeSuite:
  + field views are inspectable before materialization 0.147s
  + field runtime materializes by applying cached operators 0.003s
  + runtime supports chained lazy views 0.002s
  + field roots have distinct identities even when domain and label match 0.0s
  + cache misses are explicit and caches are not ambient registries 0.002s
  + field runtime rejects mismatched operator domains and shapes 0.002s
  + source-backed field refs are inspectable but not materialized 0.005s
scalafim.spatial.FieldExplanationSuite:
  + descriptive explanation is deterministic and performs no planning or evaluation 0.023s
  + explicit planning explains normalization, compilers, fusion, support, cache, and QC without evaluation 0.018s
  + evaluated explanation is retained per field and materialization records full lineage 0.008s
  + plugin fusion barriers remain explicit in planned stage order 0.015s
  + coverage and path-quality QC failures remain typed 0.007s
scalafim.spatial.io.NiftiFieldSourceSuite:
  + lazy runtime reads one exact NIfTI support block and closes its channel 0.13s
  + big-endian int16 fixtures preserve byte order, scaling, and request order 0.003s
  + terminal validation reports unavailable, stale, and geometry-mismatched NIfTI roots 0.01s
  + NIfTI validation preserves an exact D2 sample-space admission failure 0.003s
  + same-grid NIfTI in a different declared world is rejected 0.003s
scalafim.spatial.RoutingParitySuite:
  + find_path_with_inverses A->C penalty 1.0 0.001s
  + find_path_with_inverses C->A penalty 1.0 0.003s
  + find_path_with_inverses C->A penalty 10.0 0.0s
  + find_path_with_inverses A->E penalty 1.0 0.0s
  + find_path_with_inverses C->B penalty 1.0 0.001s
  + find_path_with_inverses C->B penalty 0.0 0.0s
  + find_path_with_inverses D->B penalty 1.0 0.0s
  + find_path_with_inverses B->E penalty 1.0 0.0s
  + penalty flip X->Y penalty 0.0 0.0s
  + penalty flip X->Y penalty 0.5 0.0s
  + penalty flip X->Y penalty 1.0 0.0s
  + penalty flip X->Y penalty 10.0 0.001s
  + the penalty flip fixture changes the winning route 0.0s
  + forward routes win even when an inverse route would be cheaper 0.0s
  + inverse penalty must be finite and non-negative 0.002s
  + inspectPath reports steps, routed costs and inverse use 0.002s
  + allPaths lists simple forward routes cheapest first and honours the limit 0.004s
  + allPaths can enumerate inverse alternatives and keeps parallel edges distinct 0.001s
scalafim.spatial.DemandSuite:
  + volume, surface, ROI, mask, and time demands normalize to target indices 0.01s
  + row and time-block refinements compose relative to the current demand 0.0s
  + structured demands enforce domain kinds, bounds, masks, and terminal composition 0.004s
  + normalized demand fingerprints include spatial and observation semantics 0.0s
  + ViewPlan retains normalized spatial and time demand without executing 0.0s
  + selected evaluation matches full evaluation and narrows exact source support 0.003s
scalafim.spatial.SpatialQcSuite:
  + identity law reports identity operator behavior 0.006s
  + composition law matches direct and composed affine paths 0.002s
  + adjoint law checks dot(Px, y) equals dot(x, P^T y) 0.005s
  + ROI restriction law preserves selected target rows 0.003s
  + coverage law reports invalid target samples explicitly 0.001s
  + one-based neurofunctor-style triplet fixtures compare against zero-based operators 0.005s
external.consumer.ProviderCoordinateMapBoundaryCompileSuite:
  + parallel spatial geometric variants cannot be imported or constructed 0.0s
  + spatial routing exposes one provider-map payload 0.0s
scalafim.spatial.io.SpatialIngestSuite:
  + missing inverse quality is explicit and becomes a non-geometric inverse 0.012s
  + fMRIPrep graph construction maps transform descriptors into typed spatial routes 0.005s
  + transform formats declare their tool and the morphism kind a descriptor starts from 0.003s
  + inverse quality smart constructors reject invalid scores 0.001s
scalafim.spatial.VolumeToSurfaceOperatorSuite:
  + midpoint operator matches eager surface sampling and exposes an adjoint 0.031s
  + interior trilinear sample points report coverage no greater than one 0.01s
  + ribbon operator averages normalized white-to-pial sample weights 0.003s
  + source masks keep valid ribbon samples normalized and report partial coverage 0.006s
  + surface masks produce empty operator rows for masked vertices 0.002s
  + ROI rows preserve requested vertex order 0.001s
  + compiler rejects paths without a volume-to-surface morphism 0.003s
scalafim.spatial.FieldApiSuite:
  + volume pipelines read as lazy descriptions and retain one root 0.003s
  + volume-to-surface pipelines need no manual compiler or runtime view call 0.001s
  + typed selectors report domain, bound, route, and terminal-order failures 0.009s
  + materialization validates the terminal runtime result shape 0.002s
spatial-lazy-benchmark-v1
chain.iterations=500
chain.elapsed_nanos=38756042
chain.allocated_bytes=19657672
first.elapsed_nanos=2528583
first.allocated_bytes=187496
repeat.iterations=50
repeat.elapsed_nanos=5079500
repeat.allocated_bytes=268024
source.bytes_read=320
source.full_bytes=20480
cache.plan_entries=1
cache.result_entries=1
runtime.compilations=1
runtime.executions=1
runtime.result_cache_hits=50
checksum=532330.0
scalafim.spatial.SpatialLazyPerformanceSuite:
  + instrumented benchmark records view cost, allocation, IO narrowing, and cache reuse 0.056s
scalafim.spatial.NeurofunctorLawFixtureFilesSuite:
  + manifest.json matches its embedded copy 0.004s
  + domains.tsv matches its embedded copy 0.001s
  + edges.tsv matches its embedded copy 0.0s
  + triplets.tsv matches its embedded copy 0.001s
scalafim.spatial.OperatorParitySuite:
  + round trips through exact inverses return every probe 0.005s
  + round trips expose an explicit reverse edge that does not invert the forward one 0.005s
  + commutes compares two routes between the same domains 0.003s
  + projection metrics report row sums and weight sanity 0.006s
  + backproject applies the adjoint of the view's operator and keeps its provenance 0.004s
  + backproject rejects root fields and data of the wrong height 0.001s
  + backproject follows the inverse route a view was planned with 0.001s
  + compile to a hybrid target stacks the per-part rows in part order 0.015s
  + compile from a hybrid source concatenates per-part columns 0.004s
  + block-diagonal hybrid compile maps part i to part i 0.004s
  + commutativity evaluates non-commuting steps in route order 0.002s
scalafim.spatial.NonlinearPullbackSuite:
  + an affine-equivalent dense coordinate field matches the affine one-pass operator 0.026s
  + an independent nonlinear coordinate fixture fixes direction and convention 0.002s
  + dense map content participates in pullback fingerprints 0.001s
  + dense inverse availability is supplied explicitly and preserves direction 0.003s
  + the default lazy runtime materializes nonlinear views with one value resampling 0.003s
scalafim.spatial.TemplateSurfaceOperatorSuite:
  + template graph compiles selected reordered rows, matches native resampling, and obeys its adjoint 0.579s
  + template resampling refuses typed reverse routing and wrong endpoint template label 0.026s
  + masked volume ribbon followed by weighted template resampling matches staged native resampling and reports bounded coverage 0.469s
scalafim.spatial.StagedPluginSuite:
  + functional observation stages commute across one fused spatial pullback 0.003s
  + filter row plugins execute through Gale and honor final row demand 0.003s
  + hybrid plugins execute typed row projections between hybrid and volume domains 0.002s
  + terminal pointwise barriers stay ordered and pre-spatial barriers fail explicitly 0.002s
  + standard registry dispatch is exhaustive and plugin payload failures are typed 0.001s
scalafim.spatial.SpatialGraphSuite:
  + graph rejects duplicate domains and morphisms 0.002s
  + shortest routing chooses the lowest cost path 0.0s
  + route policies filter anatomical and functional edges 0.0s
  + inverse routing uses only geometric inverses 0.001s
  + graph rejects morphisms whose kind is incompatible with domain kinds 0.003s
  + provided inverse quality increases reverse edge cost 0.0s
scalafim.spatial.SpatialLazyContractSuite:
  + lazy contract: view construction preserves root identity and performs no work 0.002s
  + lazy contract: chained transforms equal a direct root-first fused view 0.001s
  + lazy contract: partial demand equals full selection and restricts source support 0.0s
  + lazy contract: cache identity includes result-affecting semantics 0.0s
  + lazy contract: only terminal materialization performs work 0.001s
  + lazy contract: invalid demand is typed and performs no partial work 0.001s
  + lazy contract: explanations retain root, intent, demand, and execution facts 0.0s
scalafim.spatial.AffineFusionSuite:
  + executable affine paths compose provider affines in pullback order 0.007s
  + an affine route samples the root once and agrees with an independent direct composite 0.003s
  + fused root sampling is observably different from sequential double interpolation 0.001s
  + ROI order, boundary coverage, policies, and original route survive fusion 0.0s
scalafim.spatial.ViewPlanSuite:
  + field root ids and root plans validate identity and shape 0.001s
  + chained reexpression remains one root-first intent with inspectable steps 0.001s
  + terminal row selections compose into absolute target rows 0.001s
  + invalid targets and non-terminal selections return typed plan errors 0.002s
  + selecting all is a semantic no-op 0.0s
scalafim.spatial.SpatialLazyAcceptanceSuite:
  + affine, nonlinear, and surface pull-through scenario returns one clean verdict 0.009s
  + frozen R oracle distinguishes root-first interpolation from sequential interpolation 0.0s
scalafim.spatial.LazyFieldRuntimeSuite:
  + value compiles and executes one root-first operator, then memoizes the result 0.001s
  + demand, policy, and root revision are independent cache dimensions 0.009s
  + failed compilation does not poison plan or result caches 0.001s
  + materialize creates a fresh current-domain root for descendants 0.002s
  + identity row demand is inspectable as zero spatial resampling passes 0.0s
scalafim.spatial.MixedPullbackSuite:
  + affine-to-ribbon-to-surface routes compile selected vertices into one root operator 0.006s
  + nonlinear-to-surface chains pull sample points through the warp before root sampling 0.002s
  + surface-root routes compose vertex maps and target selection into one operator 0.001s
  + surface payloads reject mesh mismatches before compilation 0.001s
scalafim.spatial.FieldSourceSuite:
  + source-backed views remain IO-free and terminal demand performs one compact read 0.003s
  + cached values never hide a source that has become stale 0.001s
  + field runtime preserves typed source sample-space admission failures 0.0s
  + source construction validates root domain, geometry, and shape without reading 0.001s
  + unavailable sources and request-contract violations are typed and do not poison caches 0.001s
scalafim.spatial.PullbackCompilerSuite:
  + identity routes lower to a zero-work pullback program 0.001s
  + complete affine routes lower and pull target coordinates back to the root 0.0s
  + program fingerprints include row demand and sampling policy 0.001s
  + missing and duplicate morphism compilers are explicit typed failures 0.001s
  + a new morphism compiler registers without changing central lowering logic 0.0s
  + compiler inputs retain graph domain compatibility checks 0.0s
scalafim.spatial.NeurofunctorLawParitySuite:
  + id-01 identity: compile 0.007s
  + op-01 operator: compile 0.001s
  + op-02 operator: compile 0.001s
  + op-03 operator: compile 0.0s
  + op-04 operator: compile 0.001s
  + op-05 operator: compile 0.0s
  + comp-01 composition: compose 0.002s
  + comp-02 composition: compose 0.001s
  + adj-01 adjoint: adjoint 0.001s
  + adj-02 adjoint: adjoint 0.0s
  + roi-01 roi-restriction: compile-roi [declared deviation: roi-shape] 0.002s
  + rt-01 round-trip: round-trip-operator 0.001s
  + rt-02 round-trip: field-reexpress 0.002s
  + rt-03 round-trip: round-trip-coordinates 0.001s
  + rt-04 round-trip: round-trip-coordinates 0.0s
  + comm-01 commutativity: commutativity 0.003s
  + paths-01 commutativity: all-paths [declared deviation: all-paths-order] 0.001s
  + qc-01 projection-metrics: projection-metrics [declared deviation: projection-metrics-rows] 0.008s
  + qc-02 projection-metrics: projection-metrics [declared deviation: trilinear-boundary] 0.008s
  + hy-01 hybrid: to-hybrid 0.004s
  + hy-02 hybrid: from-hybrid 0.001s
  + hy-03 hybrid: block-diagonal 0.002s
  + bp-01 backprojection: backproject [declared deviation: backproject-inverse-setting] 0.0s
  + bp-02 backprojection: backproject 0.002s
  + bp-03 backprojection: view 0.0s
  + the manifest records the R toolchain, the neurofunctor commit and zero-based indices 0.001s
  + triplet ids are unique and every law family is covered 0.001s
  + every deviation is declared, explained, and used 0.002s
  + tolerances are explicit and tight 0.0s
scalafim.spatial.DomainSuite:
  + opaque ids trim valid input and reject empty identifiers 0.001s
  + volume geometry counts sampled voxels and validates masks 0.001s
  + volume geometry preserves exact D3 admission failures 0.003s
  + volume geometry exposes its admitted provider D3 space for matching 0.001s
  + surface geometry counts vertices 0.0s
  + latent space smart constructor rejects invalid dimensions 0.003s
  + domain construction rejects mismatched declared and sampled kinds 0.001s
  + hybrid geometry computes stable offsets and rejects duplicate part names 0.002s
scalafim.spatial.io.SpatialLazyExternalScenarioSuite:
  + external NIfTI pull-through scenario returns one clean verdict 0.003s
scalafim.spatial.UnsampledDomainSuite:
  + unsampled world domains have no elements and only volume or surface kinds 0.002s
  + provider maps join unsampled domains and carry points both ways along a route 0.001s
  + maps on foreign frames and operators onto unsampled domains are rejected 0.003s
  + routes through steps without provider maps cannot carry points 0.001s
  + surface-to-volume morphisms join surface sources to volume targets only 0.0s
  + world transforms become provider maps with their exact affine inverse 0.008s
scalafim.spatial.DomainLocusSuite:
  + domain locus lowers unordered regions and ordered selections distinctly 0.022s
  + same-sized semantic domains retain distinct unforgeable locus owners 0.001s
  + exact maps, crisp relations, and sampled operators remain distinct contracts 0.002s
  + surface mask compatibility requires exact ordered topology 0.001s
scalafim.spatial.SpaceRefWorldSuite:
  + a template reference names its template world; many domains share it 0.001s
  + subject references need a native context, and then live in that subject's native world 0.003s
  + a native context for another subject or session is a conflict, not a relabel 0.001s
  + only anatomical surfaces are in the subject's scanner-native world 0.005s
  + latent domains have no world space 0.001s
scalafim.spatial.OperatorCompilerSuite:
  + identity volume compilation emits zero-based target-by-source rows 0.001s
  + trilinear affine compilation normalizes row weights 0.001s
  + interior trilinear rows report full coverage despite rounding in the corner weights 0.059s
  + ROI rows preserve order and report out-of-bounds coverage 0.001s
  + typed row selections produce the same cache signature as ROI adapters 0.001s
  + compiler rejects duplicate and out-of-bounds ROI rows 0.0s
  + compiler requires executable coordinate maps 0.0s
  + spatial affine paths compile without a second image transform hierarchy 0.001s
  + operator and field provenance record whether the route used inverses 0.002s
scalafim.spatial.ProviderMapCompositionSuite:
  + provider composition rejects empty and non-geometric component lists 0.0s
  + composition delegates ordered point evaluation to provider SpatialMap 0.004s
  + provider component content and order participate in the routing fingerprint 0.0s
  + an affine-only provider composition derives an exact inverse 0.001s
  + a supplied provider inverse makes a dense route executable in reverse 0.0s
  + a composed provider map remains executable through spatial routing 0.001s
scalafim.spatial.io.TransformIngestSuite:
  + a FLIRT matrix between two FSL volumes becomes the RAS pullback fslpy's world mapping inverts 0.035s
  + an affine-only ITK HDF5 file routes either way: as stored, or reversed through its exact inverse 0.123s
  + an ITK HDF5 displacement pullback executes through the one-pass operator compiler 0.036s
  + an affine + displacement composite keeps SimpleITK's point semantics in the graph 0.006s
  + a supplied inverse asset makes a dense route reversible, and a declared inverse without one is refused 0.013s
  + a reversed dense route needs the inverse asset; without it the refusal is typed 0.02s
  + descriptor, tool and file mismatches are typed failures 0.009s
external.consumer.SamplingGeometryBoundaryCompileSuite:
  + external consumers cannot bypass checked volume-geometry admission 0.0s
scalafim.spatial.io.SpatialTripletFileCacheSuite:
  + writeTriplets roundtrips cache key, provenance, and sparse values losslessly 0.01s
  + write persists compiled CSR spatial operators 0.001s
  + read rejects cache files with the wrong magic header 0.001s
[info] Passed: Total 216, Failed 0, Errors 0, Passed 216
[success] Total time: 11 s, completed Sep 29, 2026, 11:58:05 p.m.
