[info] welcome to sbt 1.11.7 (Homebrew Java 25.0.1)
[info] loading settings for project candidate-build from plugins.sbt...
[info] loading project definition from /private/tmp/scalafim-stp-finish-20260929/candidate/project
[info] loading settings for project root from build.sbt...
[info] loading settings for project bids4s-build from plugins.sbt...
[info] loading project definition from /Users/bbuchsbaum/.sbt/1.0/staging/77e7bdc71bddb8077fcd/bids4s/project
[info] loading settings for project root from build.sbt...
[info] loading settings for project gale-build from plugins.sbt...
[info] loading project definition from /Users/bbuchsbaum/.sbt/1.0/staging/449715b8ebc2010e6e23/gale/project
[info] loading settings for project root from build.sbt...
[info] loading settings for project graph4s-build from plugins.sbt...
[info] loading project definition from /Users/bbuchsbaum/.sbt/1.0/staging/b4b08747efd9a8151229/graph4s/project
[info] loading settings for project root from build.sbt...
[info] loading settings for project gale-build from plugins.sbt...
[info] loading project definition from /Users/bbuchsbaum/.sbt/1.0/staging/5a90f48e170e9e640ee1/gale/project
[info] loading settings for project root from build.sbt...
[info] loading settings for project image4s-build from plugins.sbt...
[info] loading project definition from /Users/bbuchsbaum/.sbt/1.0/staging/41e96dde036f148f012a/image4s/project
[info] loading settings for project root from build.sbt...
[info] loading settings for project intaglio-build from plugins.sbt...
[info] loading project definition from /Users/bbuchsbaum/.sbt/1.0/staging/34fcacf7027b8ae3b2f8/intaglio/project
[info] loading settings for project root from build.sbt...
[info] loading settings for project locus4s-build from plugins.sbt...
[info] loading project definition from /Users/bbuchsbaum/.sbt/1.0/staging/05a8f1a231c171f1bca0/locus4s/project
[info] loading settings for project root from build.sbt...
[info] loading settings for project multivar-build from plugins.sbt...
[info] loading project definition from /Users/bbuchsbaum/.sbt/1.0/staging/55929e145617b909ca3a/multivar/project
[info] loading settings for project root from build.sbt...
[info] loading settings for project ravel-build from plugins.sbt...
[info] loading project definition from /Users/bbuchsbaum/.sbt/1.0/staging/57a292f3a6ded9e259cf/ravel/project
[info] loading settings for project root from build.sbt...
[info] loading settings for project reframe4s-build from plugins.sbt...
[info] loading project definition from /Users/bbuchsbaum/.sbt/1.0/staging/aa1fd63832323d604703/reframe4s/project
[info] loading settings for project root from build.sbt...
[info] loading settings for project zarr4s-build from plugins.sbt...
[info] loading project definition from /Users/bbuchsbaum/.sbt/1.0/staging/34c0071f90095ef07887/zarr4s/project
[info] loading settings for project root from build.sbt...
[info] resolving key references (237344 settings) ...
[info] set current project to scalafim (in build file:/private/tmp/scalafim-stp-finish-20260929/candidate/)
[info] compiling 2 Scala sources to /private/tmp/scalafim-stp-finish-20260929/candidate/modules/transform/jvm/target/scala-3.7.4/test-classes ...
[info] done compiling
scalafim.transform.WorldTransformSuite:
  + pullPoint and mapPoint are mutually inverse for affines 0.007s
  + the affine inverse swaps directions exactly 0.001s
  + two affines fuse into one affine equal to their lazy composition 0.005s
  + a dense-style map without an inverse has no forward direction 0.003s
  + transforms between mismatched spaces do not compose 0.001s
scalafim.transform.scenarios.FmriprepChainScenarioSuite:
  + fMRIPrep chain: boldref -> T1w (ITK rigid) -> template (ITK HDF5 composite) matches native ITK points and volumes 0.278s
  + every convention mutation of the fMRIPrep chain fails the scenario 0.23s
  + a template -> T1w warp cannot stand in for the T1w -> template composite: the direction is a type 0.0s
scalafim.transform.itk.ItkLinearOracleSuite:
  + the oracle covers every linear parameterisation 0.001s
  + text files reproduce ITK TransformPoint for every parameterisation and the composite 0.006s
  + MATLAB v4 files decode to the same transforms as their text twins 0.007s
  + encode then decode is value-exact for both codecs 0.003s
  + a linear world transform written as an ITK affine reads back to the same mapping 0.004s
  + the imported neurotransform ITK affine decodes identically from .tfm and .mat 0.001s
  + big-endian float32 MATLAB v4 storage decodes to the oracle transform at float precision 0.001s
  + unsupported MATLAB v4 precision codes and truncated records are typed failures 0.002s
  + unsupported and malformed ITK content is a typed failure 0.001s
scalafim.transform.nifti.NiftiRawSuite:
  + the oracle covers every vendored NIfTI transform container 0.0s
  + header fields, affines and scaled data agree with nibabel 0.078s
  + non-NIfTI and truncated input is a typed failure 0.0s
scalafim.transform.itk.ItkHdf5OracleSuite:
  + affine-only, affine-then-warp and warp-then-affine composites reproduce ITK TransformPoint 0.006s
  + a linear-only file fuses to an affine; composites with fields are dense chains without a forward map 0.002s
  + the default boundary policy rejects points that leave a displacement lattice 0.002s
  + malformed composites are typed failures 0.002s
scalafim.transform.NitransformsCrosscheckSuite:
  + every file nitransforms can read maps points as ScalaFIM does 0.023s
  + oblique base and source images change the generic AFNI pullback, so the cardinal correction is exercised 0.0s
scalafim.transform.WorldTransformLinkSuite:
  + an affine transform links both ways, agreeing with pullPoint and mapPoint 0.002s
  + a composite whose warp has no inverse links target to source only; the forward direction is a typed error 0.001s
SLF4J(W): No SLF4J providers were found.
SLF4J(W): Defaulting to no-operation (NOP) logger implementation
SLF4J(W): See https://www.slf4j.org/codes.html#noProviders for further details.
scalafim.transform.itk.ItkHdf5ContainerSuite:
  + jHDF reads the same components as h5py for every HDF5 oracle file 0.042s
  + non-HDF5 bytes are a typed failure 0.001s
scalafim.transform.afni.AfniAff12OracleSuite:
  + the pullback sends each base landmark to where AFNI placed it in the source (image oracle) 0.001s
  + the pullback agrees with AFNI Vecwarp point mapping 0.001s
  + our exact inverse equals AFNI's own cat_matvec -I 0.0s
  + a 3dvolreg series decodes to one transform per volume and round-trips value-exactly, negative zeros included 0.001s
  + expression inverts interpretation, with and without cardinal correction 0.002s
  + malformed aff12 content is a typed failure 0.0s
scalafim.transform.itk.ItkHdf5SimpleItkDumpSuite:
  + an affine + displacement composite reproduces SimpleITK TransformPoint 0.002s
  + the legacy float32 file with historic Tranform* dataset names keeps the composite's meaning 0.001s
  + a constant displacement pair is a pullback and its supplied inverse 0.001s
  + an affine-only composite fuses to an exact affine whose inverse is the forward map 0.0s
  + BSpline components are a typed refusal on every platform 0.001s
  + the truncated file's dump shows the missing fixed parameters the JVM container refuses 0.0s
scalafim.transform.TransformModuleSuite:
  + transform module links on this platform 0.001s
scalafim.transform.x5.X5ContainerSuite:
  + jHDF reads the same nodes and chains as h5py 0.034s
  + ITK HDF5 files are not X5 0.0s
scalafim.transform.ConversionMatrixSuite:
  + a linear transform converts exactly into every linear format 0.012s
  + dense outputs need a sampling lattice and are exact at its points 0.028s
  + ITK/ANTs and AFNI fields refuse a sheared lattice 0.0s
  + unsupported cells refuse with a typed reason 0.016s
  + formats that need geometry say which geometry is missing 0.001s
scalafim.transform.ConventionOracleSuite:
  + FSL affine selection and handedness match fslpy when qform and sform disagree 0.001s
  + FLIRT matrices convert to world->world exactly as fslpy.fromFlirt does 0.001s
  + FreeSurfer Norig/Torig of conformed volumes match nibabel, and tkRAS maps to scanner by c_ras 0.001s
scalafim.transform.TransformFilesSuite:
  + oracle files of every format load with SHA-256 provenance 0.015s
  + an ambiguous file loads once its format is stated 0.0s
  + missing files are typed failures 0.001s
scalafim.transform.WarpAlgebraSuite:
  + an affine materialized on a lattice samples its pullback exactly, fully covered 0.002s
  + a typed composition S -> M -> T materializes to one field equal to the lazy chain 0.075s
  + points that leave a stage's support are rejected by default and reported, never silently filled 0.022s
  + coverage is attributed to the stage whose boundary policy supplied the value 0.01s
  + a dense warp gains a forward map only through a qualified numerical estimate 0.242s
  + an estimate whose evidence fails the declared tolerance is refused with the evidence 0.232s
  + invalid policies and non-persistent lattices are typed errors; composites must be materialized first 0.194s
  + an affine has the constant determinant det(A); Push is its reciprocal and the log is finite 0.012s
  + radial scaling matches its closed-form determinant and the chain rule holds through a composition 0.037s
  + a folded warp is reported by mask and count, with NonPositive log-determinants and no NaN 0.013s
  + jacobian modulation preserves a density's integral under a compressive pull, and not its squared norm 0.547s
  + sqrt-jacobian modulation preserves the squared L2 norm under a compressive pull, and not the integral 0.435s
  + unmodulated resampling preserves neither law under a compressive pull 0.4s
  + jacobian modulation preserves a density's integral under a expansive pull, and not its squared norm 0.415s
  + sqrt-jacobian modulation preserves the squared L2 norm under a expansive pull, and not the integral 0.365s
  + unmodulated resampling preserves neither law under a expansive pull 0.353s
  + modulation diagnostics report the exact affine determinant; a single-sample axis is a typed error 0.056s
  + resample samples the source through the pullback and rejects target points outside it by default 0.55s
scalafim.transform.RoundTripSuite:
  + every oracle transform file round-trips value-exactly through its codec 0.219s
scalafim.transform.field.FnirtCoefficientOracleSuite:
  + the oracle manifest lists the ten cubic and quadratic cases 0.001s
  + headers decode to FNIRT's order, knot spacing, reference geometry and --aff matrix 0.003s
  + the spline on the reference FSL voxel lattice reproduces fnirtfileutils displacement fields 0.093s
  + the world pullback reproduces fnirtfileutils --withaff fields at every reference voxel 0.089s
  + the world pullback reproduces applywarp --warp=coef coordinate ramps on the source interior 0.021s
  + off-lattice points evaluate the spline exactly, matching a direct tensor-product sum 0.005s
  + points outside the reference follow the boundary policy 0.002s
  + a reference volume other than the one FNIRT fitted on is a typed mismatch 0.0s
  + coefficient files are detected by intent and decode through Transforms 0.002s
  + DCT coefficients and TOPUP files are refused by name 0.0s
  + a reflecting --aff matrix and non-integer knot spacing are refused 0.001s
  + optional header fields: no qform, no intent_p, no sform 0.001s
  + reference voxel sizes, grid coverage and boundary arity are checked against the context 0.002s
  + coefficient files round-trip value-exactly 0.008s
  + coefficients convert to a dense FNIRT field on a lattice, matching fnirtfileutils --withaff 0.046s
  + coefficient conversion needs FSL geometry and a lattice, and never targets linear or coefficient formats 0.001s
scalafim.transform.TransformDetectionSuite:
  + vendored oracle files are recognised by content 0.002s
  + content wins over a misleading file name 0.0s
  + a 5D displacement field with no telling name is ambiguous between ANTs and AFNI 0.0s
  + an HDF5 container without a telling name is ambiguous between ITK and X5 0.0s
  + FreeSurfer text formats are recognised 0.0s
  + out-of-scope formats are refused by name, not guessed 0.0s
  + gzip content must be decompressed first 0.001s
scalafim.transform.scenarios.FslChainScenarioSuite:
  + FSL chain: example_func -> highres (FLIRT) -> standard (FNIRT --aff) composes to one field matching FSL 0.107s
  + every convention mutation of the FSL chain fails the scenario on the FLIRT guard 0.154s
  + the FLIRT and FNIRT legs compose only in registration order: a reversed composite does not compile 0.0s
scalafim.transform.field.DenseFieldOracleSuite:
  + ANTs/ITK 5D displacement fields reproduce ITK DisplacementFieldTransform 0.001s
  + ANTs fields whose qform and sform disagree are placed with the affine ITK chooses, off the lattice too 0.008s
  + outside the lattice the default policy rejects instead of returning identity 0.001s
  + FNIRT relative and absolute fields reproduce FSL applywarp coordinate ramps in every handedness case 0.048s
  + relative vs absolute FNIRT fields are detected from content in every case 0.03s
  + vector-field containers round-trip value-exactly 0.003s
  + non-vector NIfTI is refused 0.0s
scalafim.transform.itk.AntsNativeOracleSuite:
  + the native manifest pins ANTs 2.6 and every fixture byte 0.01s
  + every MATLAB parameterisation reproduces antsApplyTransformsToPoints 0.001s
  + ANTs-written 5D forward and inverse vector fields reproduce native point output 0.006s
  + decoded Composite and InverseComposite reproduce native ANTs point output on both platforms 0.014s
scalafim.transform.GuideExamplesSuite:
  + guide: read a registration file, whatever toolkit wrote it 0.002s
  + guide: FSL needs each volume's own geometry 0.0s
  + guide: FNIRT coefficient files need both volumes' geometry 0.002s
  + guide: convert between toolkits 0.002s
  + guide: a dense warp has no forward map until it is inverted 0.007s
  + guide: linked cursors cross worlds through a transform's link 0.002s
  + guide: warp algebra: fields, determinants and modulation 0.01s
scalafim.transform.itk.AntsNativeContainerSuite:
  + jHDF reads native Composite and InverseComposite exactly as the shared h5py dumps 0.008s
  + native 5D fields load through the public container reader with unchanged values and provenance 0.006s
scalafim.transform.WriterGoldensSuite:
  + every writer reproduces its committed golden byte for byte 0.005s
  + the receipt was produced from exactly the committed goldens 0.005s
  + a planted stale native golden or geometry receipt is rejected even when top-level golden hashes remain current 0.005s
  + no native check in the receipt failed 0.002s
scalafim.transform.itk.ItkHdf5SimpleItkSuite:
  + an affine + displacement composite reproduces SimpleITK TransformPoint 0.002s
  + historic Tranform* dataset names and float32 storage keep the composite's meaning 0.001s
  + a constant displacement pair is a pullback and its supplied inverse 0.001s
  + an affine-only composite fuses to an exact affine whose inverse is the forward map 0.001s
  + BSpline components and missing fixed parameters are typed refusals 0.001s
  + jHDF decodes every readable file to the h5py dump the shared ItkHdf5SimpleItkDumpSuite interprets 0.001s
  + every fixture loads from disk with SHA-256 provenance matching its manifest 0.004s
scalafim.transform.fsl.Fsl6NativeOracleSuite:
  + manifest pins the approved FSL6 image, package lock, every generated fixture, and numerical receipts 0.027s
  + FSL6 FNIRT coefficient ramps and fields agree with Scala decoders on every frozen asymmetric case 0.124s
  + FSL6 dense coordinate ramps reproduce Scala relative and absolute interpretations in every handedness 0.058s
  + FSL6 FLIRT rejects contradictory handedness and maps admitted native -vox coordinates 0.003s
  + native FLIRT applyxfm preserves the positive-handed stored voxel pullback 0.005s
  + FSL6 analytic coefficient Jacobians agree with the warp algebra's interior finite differences 0.019s
scalafim.transform.field.WarpOracleSuite:
  + materializing a relative FNIRT field on its lattice reproduces FSL convertwarp --absout in every handedness case 0.087s
  + materialized ITK composites reproduce ITK TransformPoint at the lattice points 0.006s
  + a native FSL dense field far from the identity is refused by the inversion gates, with its evidence 0.043s
  + Jacobian determinants of a real FNIRT registration match FSL fnirtfileutils --jac 0.045s
scalafim.transform.x5.X5OracleSuite:
  + linear, displacement, deformation and chained X5 files map points exactly as nitransforms does 0.004s
  + off the lattice, a field affine in space maps points as nitransforms does (cubic and linear agree there) 0.02s
  + a single linear node is an affine; multi-node files need a chain 0.002s
scalafim.transform.field.AfniQwarpCrosscheckSuite:
  + _WARP fields are detected as 3dQwarp and pull points as nitransforms' AFNI reader does 0.007s
  + ITK would place the same file with its qform: the affine choice, not the displacement sign, separates ANTs and AFNI 0.001s
  + an oblique _WARP field is refused as an unqualified convention, never placed on its oblique sform 0.003s
scalafim.transform.freesurfer.FreeSurferLinearOracleSuite:
  + LTA RAS_TO_RAS, VOX_TO_VOX, REGISTER_DAT and FSLREG files all encode the same pullback 0.006s
  + LTA volume geometry reproduces the NIfTI voxel-to-world of each volume 0.002s
  + register.dat and talairach.xfm give the same pullback 0.0s
  + CORONAL_RAS_TO_CORONAL_RAS and unknown LTA types are refused, never guessed 0.001s
  + expression writes RAS_TO_RAS LTAs that read back to the same pullback, and every codec round-trips 0.003s
  + malformed FreeSurfer files are typed failures 0.0s
scalafim.transform.OrientationOracleSuite:
  + axis codes agree with nibabel aff2axcodes for permuted, flipped and oblique affines 0.009s
  + reorienting data and affine together reproduces nibabel as_reoriented 0.019s
  + reorientation keeps world identity and returns to the start 0.002s
scalafim.transform.oracle.OracleProvenanceSuite:
  + SHA-256 matches the FIPS 180-4 test vectors 0.001s
  + vendored neurotransform oracles cover the four imported sets 0.001s
  + every vendored neurotransform oracle file matches its recorded SHA-256 0.014s
  + gzip fixtures decode to NIfTI-1 headers on this platform 0.001s
scalafim.transform.fsl.FlirtOracleSuite:
  + FLIRT matrices read from disk map ten asymmetric points per case exactly as fslpy's world->world conversion 0.002s
  + the fresh case selects the sform of a neurological source and the qform of a radiological reference, as fslpy does 0.001s
  + expressing a FLIRT transform reproduces the stored matrix, and encoding round-trips 0.001s
  + malformed FLIRT text is a typed failure 0.001s
[info] Passed: Total 165, Failed 0, Errors 0, Passed 165
[success] Total time: 11 s, completed Sep 29, 2026, 11:45:54 p.m.
[info] compiling 1 Scala source to /private/tmp/scalafim-stp-finish-20260929/candidate/modules/scenario-testkit/js/target/scala-3.7.4/classes ...
[info] compiling 6 Scala sources to /private/tmp/scalafim-stp-finish-20260929/candidate/modules/locus-data/js/target/scala-3.7.4/classes ...
[info] done compiling
[info] done compiling
[info] compiling 50 Scala sources to /private/tmp/scalafim-stp-finish-20260929/candidate/modules/image/js/target/scala-3.7.4/classes ...
[info] done compiling
[info] compiling 25 Scala sources to /private/tmp/scalafim-stp-finish-20260929/candidate/modules/transform/js/target/scala-3.7.4/classes ...
[info] done compiling
[info] compiling 31 Scala sources to /private/tmp/scalafim-stp-finish-20260929/candidate/modules/transform/js/target/scala-3.7.4/test-classes ...
[info] done compiling
[info] Fast optimizing /private/tmp/scalafim-stp-finish-20260929/candidate/modules/transform/js/target/scala-3.7.4/scalafim-transform-test-fastopt
scalafim.transform.x5.X5OracleSuite:
  + linear, displacement, deformation and chained X5 files map points exactly as nitransforms does 0.027s
  + off the lattice, a field affine in space maps points as nitransforms does (cubic and linear agree there) 0.048s
  + a single linear node is an affine; multi-node files need a chain 0.002s
scalafim.transform.field.WarpOracleSuite:
  + materializing a relative FNIRT field on its lattice reproduces FSL convertwarp --absout in every handedness case 0.378s
  + materialized ITK composites reproduce ITK TransformPoint at the lattice points 0.021s
  + a native FSL dense field far from the identity is refused by the inversion gates, with its evidence 0.154s
  + Jacobian determinants of a real FNIRT registration match FSL fnirtfileutils --jac 0.281s
scalafim.transform.scenarios.FslChainScenarioSuite:
  + FSL chain: example_func -> highres (FLIRT) -> standard (FNIRT --aff) composes to one field matching FSL 0.461s
  + every convention mutation of the FSL chain fails the scenario on the FLIRT guard 0.722s
  + the FLIRT and FNIRT legs compose only in registration order: a reversed composite does not compile 0.000s
scalafim.transform.field.DenseFieldOracleSuite:
  + ANTs/ITK 5D displacement fields reproduce ITK DisplacementFieldTransform 0.004s
  + ANTs fields whose qform and sform disagree are placed with the affine ITK chooses, off the lattice too 0.017s
  + outside the lattice the default policy rejects instead of returning identity 0.002s
  + FNIRT relative and absolute fields reproduce FSL applywarp coordinate ramps in every handedness case 0.145s
  + relative vs absolute FNIRT fields are detected from content in every case 0.030s
  + vector-field containers round-trip value-exactly 0.004s
  + non-vector NIfTI is refused 0.000s
scalafim.transform.TransformModuleSuite:
  + transform module links on this platform 0.000s
scalafim.transform.WarpAlgebraSuite:
  + an affine materialized on a lattice samples its pullback exactly, fully covered 0.002s
  + a typed composition S -> M -> T materializes to one field equal to the lazy chain 0.039s
  + points that leave a stage's support are rejected by default and reported, never silently filled 0.020s
  + coverage is attributed to the stage whose boundary policy supplied the value 0.008s
  + a dense warp gains a forward map only through a qualified numerical estimate 0.235s
  + an estimate whose evidence fails the declared tolerance is refused with the evidence 0.468s
  + invalid policies and non-persistent lattices are typed errors; composites must be materialized first 0.493s
  + an affine has the constant determinant det(A); Push is its reciprocal and the log is finite 0.001s
  + radial scaling matches its closed-form determinant and the chain rule holds through a composition 0.063s
  + a folded warp is reported by mask and count, with NonPositive log-determinants and no NaN 0.014s
  + jacobian modulation preserves a density's integral under a compressive pull, and not its squared norm 1.744s
  + sqrt-jacobian modulation preserves the squared L2 norm under a compressive pull, and not the integral 1.632s
  + unmodulated resampling preserves neither law under a compressive pull 1.630s
  + jacobian modulation preserves a density's integral under a expansive pull, and not its squared norm 1.683s
  + sqrt-jacobian modulation preserves the squared L2 norm under a expansive pull, and not the integral 1.607s
  + unmodulated resampling preserves neither law under a expansive pull 1.620s
  + modulation diagnostics report the exact affine determinant; a single-sample axis is a typed error 0.198s
  + resample samples the source through the pullback and rejects target points outside it by default 2.488s
scalafim.transform.oracle.OracleProvenanceSuite:
  + SHA-256 matches the FIPS 180-4 test vectors 0.001s
  + vendored neurotransform oracles cover the four imported sets 0.002s
  + every vendored neurotransform oracle file matches its recorded SHA-256 0.031s
  + gzip fixtures decode to NIfTI-1 headers on this platform 0.000s
scalafim.transform.field.FnirtCoefficientOracleSuite:
  + the oracle manifest lists the ten cubic and quadratic cases 0.000s
  + headers decode to FNIRT's order, knot spacing, reference geometry and --aff matrix 0.008s
  + the spline on the reference FSL voxel lattice reproduces fnirtfileutils displacement fields 0.119s
  + the world pullback reproduces fnirtfileutils --withaff fields at every reference voxel 0.129s
  + the world pullback reproduces applywarp --warp=coef coordinate ramps on the source interior 0.039s
  + off-lattice points evaluate the spline exactly, matching a direct tensor-product sum 0.006s
  + points outside the reference follow the boundary policy 0.003s
  + a reference volume other than the one FNIRT fitted on is a typed mismatch 0.001s
  + coefficient files are detected by intent and decode through Transforms 0.005s
  + DCT coefficients and TOPUP files are refused by name 0.001s
  + a reflecting --aff matrix and non-integer knot spacing are refused 0.000s
  + optional header fields: no qform, no intent_p, no sform 0.001s
  + reference voxel sizes, grid coverage and boundary arity are checked against the context 0.002s
  + coefficient files round-trip value-exactly 0.007s
  + coefficients convert to a dense FNIRT field on a lattice, matching fnirtfileutils --withaff 0.084s
  + coefficient conversion needs FSL geometry and a lattice, and never targets linear or coefficient formats 0.001s
scalafim.transform.field.AfniQwarpCrosscheckSuite:
  + _WARP fields are detected as 3dQwarp and pull points as nitransforms' AFNI reader does 0.039s
  + ITK would place the same file with its qform: the affine choice, not the displacement sign, separates ANTs and AFNI 0.001s
  + an oblique _WARP field is refused as an unqualified convention, never placed on its oblique sform 0.001s
scalafim.transform.NitransformsCrosscheckSuite:
  + every file nitransforms can read maps points as ScalaFIM does 0.005s
  + oblique base and source images change the generic AFNI pullback, so the cardinal correction is exercised 0.000s
scalafim.transform.scenarios.FmriprepChainScenarioSuite:
  + fMRIPrep chain: boldref -> T1w (ITK rigid) -> template (ITK HDF5 composite) matches native ITK points and volumes 0.090s
  + every convention mutation of the fMRIPrep chain fails the scenario 0.194s
  + a template -> T1w warp cannot stand in for the T1w -> template composite: the direction is a type 0.000s
scalafim.transform.freesurfer.FreeSurferLinearOracleSuite:
  + LTA RAS_TO_RAS, VOX_TO_VOX, REGISTER_DAT and FSLREG files all encode the same pullback 0.002s
  + LTA volume geometry reproduces the NIfTI voxel-to-world of each volume 0.009s
  + register.dat and talairach.xfm give the same pullback 0.010s
  + CORONAL_RAS_TO_CORONAL_RAS and unknown LTA types are refused, never guessed 0.000s
  + expression writes RAS_TO_RAS LTAs that read back to the same pullback, and every codec round-trips 0.003s
  + malformed FreeSurfer files are typed failures 0.000s
scalafim.transform.WorldTransformLinkSuite:
  + an affine transform links both ways, agreeing with pullPoint and mapPoint 0.000s
  + a composite whose warp has no inverse links target to source only; the forward direction is a typed error 0.000s
scalafim.transform.OrientationOracleSuite:
  + axis codes agree with nibabel aff2axcodes for permuted, flipped and oblique affines 0.001s
  + reorienting data and affine together reproduces nibabel as_reoriented 0.003s
  + reorientation keeps world identity and returns to the start 0.001s
scalafim.transform.itk.ItkLinearOracleSuite:
  + the oracle covers every linear parameterisation 0.000s
  + text files reproduce ITK TransformPoint for every parameterisation and the composite 0.003s
  + MATLAB v4 files decode to the same transforms as their text twins 0.003s
  + encode then decode is value-exact for both codecs 0.002s
  + a linear world transform written as an ITK affine reads back to the same mapping 0.003s
  + the imported neurotransform ITK affine decodes identically from .tfm and .mat 0.000s
  + big-endian float32 MATLAB v4 storage decodes to the oracle transform at float precision 0.001s
  + unsupported MATLAB v4 precision codes and truncated records are typed failures 0.000s
  + unsupported and malformed ITK content is a typed failure 0.000s
scalafim.transform.afni.AfniAff12OracleSuite:
  + the pullback sends each base landmark to where AFNI placed it in the source (image oracle) 0.000s
  + the pullback agrees with AFNI Vecwarp point mapping 0.000s
  + our exact inverse equals AFNI's own cat_matvec -I 0.000s
  + a 3dvolreg series decodes to one transform per volume and round-trips value-exactly, negative zeros included 0.001s
  + expression inverts interpretation, with and without cardinal correction 0.001s
  + malformed aff12 content is a typed failure 0.000s
scalafim.transform.WorldTransformSuite:
  + pullPoint and mapPoint are mutually inverse for affines 0.000s
  + the affine inverse swaps directions exactly 0.000s
  + two affines fuse into one affine equal to their lazy composition 0.000s
  + a dense-style map without an inverse has no forward direction 0.000s
  + transforms between mismatched spaces do not compose 0.000s
scalafim.transform.itk.ItkHdf5OracleSuite:
  + affine-only, affine-then-warp and warp-then-affine composites reproduce ITK TransformPoint 0.006s
  + a linear-only file fuses to an affine; composites with fields are dense chains without a forward map 0.002s
  + the default boundary policy rejects points that leave a displacement lattice 0.002s
  + malformed composites are typed failures 0.001s
scalafim.transform.ConversionMatrixSuite:
  + a linear transform converts exactly into every linear format 0.005s
  + dense outputs need a sampling lattice and are exact at its points 0.016s
  + ITK/ANTs and AFNI fields refuse a sheared lattice 0.001s
  + unsupported cells refuse with a typed reason 0.007s
  + formats that need geometry say which geometry is missing 0.000s
scalafim.transform.itk.ItkHdf5SimpleItkDumpSuite:
  + an affine + displacement composite reproduces SimpleITK TransformPoint 0.001s
  + the legacy float32 file with historic Tranform* dataset names keeps the composite's meaning 0.001s
  + a constant displacement pair is a pullback and its supplied inverse 0.001s
  + an affine-only composite fuses to an exact affine whose inverse is the forward map 0.000s
  + BSpline components are a typed refusal on every platform 0.000s
  + the truncated file's dump shows the missing fixed parameters the JVM container refuses 0.000s
scalafim.transform.itk.AntsNativeOracleSuite:
  + the native manifest pins ANTs 2.6 and every fixture byte 0.009s
  + every MATLAB parameterisation reproduces antsApplyTransformsToPoints 0.001s
  + ANTs-written 5D forward and inverse vector fields reproduce native point output 0.018s
  + decoded Composite and InverseComposite reproduce native ANTs point output on both platforms 0.016s
scalafim.transform.nifti.NiftiRawSuite:
  + the oracle covers every vendored NIfTI transform container 0.000s
  + header fields, affines and scaled data agree with nibabel 0.073s
  + non-NIfTI and truncated input is a typed failure 0.000s
scalafim.transform.fsl.Fsl6NativeOracleSuite:
  + manifest pins the approved FSL6 image, package lock, every generated fixture, and numerical receipts 0.021s
  + FSL6 FNIRT coefficient ramps and fields agree with Scala decoders on every frozen asymmetric case 0.243s
  + FSL6 dense coordinate ramps reproduce Scala relative and absolute interpretations in every handedness 0.231s
  + FSL6 FLIRT rejects contradictory handedness and maps admitted native -vox coordinates 0.002s
  + native FLIRT applyxfm preserves the positive-handed stored voxel pullback 0.003s
  + FSL6 analytic coefficient Jacobians agree with the warp algebra's interior finite differences 0.047s
scalafim.transform.ConventionOracleSuite:
  + FSL affine selection and handedness match fslpy when qform and sform disagree 0.001s
  + FLIRT matrices convert to world->world exactly as fslpy.fromFlirt does 0.001s
  + FreeSurfer Norig/Torig of conformed volumes match nibabel, and tkRAS maps to scanner by c_ras 0.000s
scalafim.transform.fsl.FlirtOracleSuite:
  + FLIRT matrices read from disk map ten asymmetric points per case exactly as fslpy's world->world conversion 0.002s
  + the fresh case selects the sform of a neurological source and the qform of a radiological reference, as fslpy does 0.001s
  + expressing a FLIRT transform reproduces the stored matrix, and encoding round-trips 0.002s
  + malformed FLIRT text is a typed failure 0.000s
scalafim.transform.TransformDetectionSuite:
  + vendored oracle files are recognised by content 0.002s
  + content wins over a misleading file name 0.000s
  + a 5D displacement field with no telling name is ambiguous between ANTs and AFNI 0.000s
  + an HDF5 container without a telling name is ambiguous between ITK and X5 0.000s
  + FreeSurfer text formats are recognised 0.000s
  + out-of-scope formats are refused by name, not guessed 0.000s
  + gzip content must be decompressed first 0.000s
[info] Passed: Total 137, Failed 0, Errors 0, Passed 137
[success] Total time: 35 s, completed Sep 29, 2026, 11:46:29 p.m.
[info] compiling 6 Scala sources to /private/tmp/scalafim-stp-finish-20260929/candidate/modules/image-view/js/target/scala-3.7.4/classes ...
[info] done compiling
[info] compiling 6 Scala sources to /private/tmp/scalafim-stp-finish-20260929/candidate/modules/image-view/js/target/scala-3.7.4/test-classes ...
[info] done compiling
[info] Fast optimizing /private/tmp/scalafim-stp-finish-20260929/candidate/modules/image-view/js/target/scala-3.7.4/scalafim-image-view-test-fastopt
scalafim.image.view.ViewerCursorSuite:
  + the cursor reads as a point of any owner of the reference frame's world 0.001s
  + a typed point sets the cursor only when its frame is the reference frame 0.000s
  + a point in another world reaches the cursor through a typed link 0.001s
  + cursor actions and states cannot replay into an equally shaped different world 0.001s
  + equivalent persistent frame owners remain valid and pick and scroll retain the reference owner 0.001s
scalafim.image.view.AdvancedViewSuite:
  + lazy frame sources load only requested timepoints and report failures 0.011s
  + lazy frame sources preserve exact provider grid failures 0.001s
  + temporal models reject implicit one-frame sources but accept explicit invariants 0.001s
  + cache profiles separate sampling colorization and plane-specific redraw work 0.007s
  + nonlinear pullback layers sample reference grids in their own source coordinates 0.004s
  + cache reuse preserves left-right convention and asymmetric raster orientation 0.002s
  + linked view policies synchronize only declared state 0.001s
scalafim.image.view.LayerAlignmentSuite:
  + layers carry their own frame and a checked alignment to the reference 0.001s
  + a world-aligned layer in another world is rejected 0.001s
  + two subjects' native volumes are different worlds and do not overlay without a transform 0.002s
  + a pullback layer must map the reference frame to its own frame 0.001s
scalafim.image.view.ViewerSceneSuite:
  + orthogonal compilation produces three named receipts and pure scene groups 0.002s
  + panel fitting preserves physical slice aspect on a non-square device 0.001s
  + orthogonal layouts support checked row and column arrangements 0.000s
  + heterogeneous layers sample in world space and retain draw order 0.001s
  + frames expose typed per-layer cursor readouts without backend knowledge 0.001s
  + crosshairs and orientation labels are explicit removable decorations 0.001s
  + left-right convention changes labels and raster orientation together 0.001s
  + viewer models reject empty and duplicate layer sets 0.000s
scalafim.image.view.InteractionSuite:
  + centered state derives its cursor and steps from reference geometry 0.000s
  + panel picking is an exact root-npc to world-space roundtrip 0.001s
  + scrolling follows positive anatomical normals independent of display mirroring 0.000s
  + zoomed panel views preserve inverse picking and stay plane-local 0.004s
  + window threshold opacity and visibility actions alter presentation without mutating layers 0.003s
  + timepoint actions drive temporal layers while static overlays persist 0.001s
  + models reject temporal layers with incompatible frame counts 0.000s
  + resize changes only device layout and reduction is deterministic 0.002s
scalafim.image.view.ColorizerSuite:
  + display windows validate and scalar colors clamp predictably 0.000s
  + threshold bands hide only their strict interior and disable explicitly 0.000s
  + ramps interpolate every RGBA channel 0.000s
  + ramp hot path is bit-exact against independently checked channel interpolation 0.000s
  + label and mask colorizers keep missing data transparent by default 0.000s
  + layer identifiers and opacities reject invalid states 0.000s
[info] Passed: Total 38, Failed 0, Errors 0, Passed 38
[success] Total time: 5 s, completed Sep 29, 2026, 11:46:34 p.m.
[info] compiling 1 Scala source to /private/tmp/scalafim-stp-finish-20260929/candidate/modules/image-view-canvas/js/target/scala-3.7.4/classes ...
[info] done compiling
[info] compiling 2 Scala sources to /private/tmp/scalafim-stp-finish-20260929/candidate/modules/image-view-canvas/js/target/scala-3.7.4/test-classes ...
[info] done compiling
[info] Fast optimizing /private/tmp/scalafim-stp-finish-20260929/candidate/modules/image-view-canvas/js/target/scala-3.7.4/scalafim-image-view-canvas-test-fastopt
scalafim.image.view.canvas.CanvasViewerHostSuite:
  + model edits retain controller state and unchanged runtime cache entries 0.012s
  + Canvas host compiles viewer scenes through the existing backend 0.002s
  + Canvas-relative pointer and wheel input become pure viewer actions 0.001s
  + application controller owns state snapshots bindings and lifecycle 0.006s
==> X scalafim.image.view.canvas.CanvasViewerHostSuite.scroll bursts coalesce and adjacent prefetch removes visible sampling work 0.011s munit.ComparisonFailException: modules/image-view-canvas/js/src/test/scala/scalafim/image/view/canvas/CanvasViewerHostSuite.scala:144
143:      ViewerState.move(session.state.cursor, AnatomicalPlane.Axial.positiveNormal.unit.scaled(session.state.sliceStep.millimeters)).toOption.get
144:    )
145:
values are not the same
=> Obtained
image4s.geometry.Point@1a
=> Diff (- expected, + obtained)
-image4s.geometry.Point@1b
+image4s.geometry.Point@1a
  + cancel or controller close suppresses pending scroll callbacks 0.001s
  + runtime preserves viewer rasters and Canvas uploads across redraws 0.004s
  + dispose closes the controller, empties both caches, and closes tracked bitmaps 0.001s
[error] Failed: Total 8, Failed 1, Errors 0, Passed 7
[error] Failed tests:
[error] 	scalafim.image.view.canvas.CanvasViewerHostSuite
[error] (imageViewCanvasJS / Test / test) sbt.TestsFailedException: Tests unsuccessful
[error] Total time: 4 s, completed Sep 29, 2026, 11:46:38 p.m.
