[info] welcome to sbt 1.11.7 (Homebrew Java 25.0.1)
[info] loading settings for project scalafim-p707-demo1-20260930-build from plugins.sbt...
[info] loading project definition from /private/tmp/scalafim-p707-demo1-20260930/project
[info] compiling 1 Scala source to /private/tmp/scalafim-p707-demo1-20260930/project/target/scala-2.12/sbt-1.0/classes ...
[info] done compiling
[info] loading settings for project root from build.sbt...
[info] loading settings for project alder-build from plugins.sbt...
[info] loading project definition from /Users/bbuchsbaum/.sbt/1.0/staging/2f5b3675f2cf2c4e96c3/alder/project
[info] loading settings for project root from build.sbt...
[info] loading settings for project bids4s-build from plugins.sbt...
[info] loading project definition from /Users/bbuchsbaum/.sbt/1.0/staging/77e7bdc71bddb8077fcd/bids4s/project
[info] loading settings for project root from build.sbt...
[info] loading settings for project gale-build from plugins.sbt...
[info] loading project definition from /Users/bbuchsbaum/.sbt/1.0/staging/5a90f48e170e9e640ee1/gale/project
[info] loading settings for project root from build.sbt...
[info] loading settings for project gale-build from plugins.sbt...
[info] loading project definition from /Users/bbuchsbaum/.sbt/1.0/staging/449715b8ebc2010e6e23/gale/project
[info] loading settings for project root from build.sbt...
[info] loading settings for project graph4s-build from plugins.sbt...
[info] loading project definition from /Users/bbuchsbaum/.sbt/1.0/staging/b4b08747efd9a8151229/graph4s/project
[info] loading settings for project root from build.sbt...
[info] loading settings for project image4s-build from plugins.sbt...
[info] loading project definition from /Users/bbuchsbaum/.sbt/1.0/staging/41e96dde036f148f012a/image4s/project
[info] loading settings for project root from build.sbt...
[info] loading settings for project intaglio-build from plugins.sbt...
[info] loading project definition from /Users/bbuchsbaum/.sbt/1.0/staging/34fcacf7027b8ae3b2f8/intaglio/project
[info] loading settings for project root from build.sbt...
[info] loading settings for project linops4s-build from plugins.sbt...
[info] loading project definition from /Users/bbuchsbaum/.sbt/1.0/staging/cfabf5f1e5e2fb8fb176/linops4s/project
[info] loading settings for project root from build.sbt...
[info] loading settings for project locus4s-build from plugins.sbt...
[info] loading project definition from /Users/bbuchsbaum/.sbt/1.0/staging/05a8f1a231c171f1bca0/locus4s/project
[info] loading settings for project root from build.sbt...
[info] loading settings for project multivar-build from plugins.sbt...
[info] loading project definition from /Users/bbuchsbaum/.sbt/1.0/staging/8a071d8f65817f0f368f/multivar/project
[info] loading settings for project root from build.sbt...
[info] loading settings for project ravel-build from plugins.sbt...
[info] loading project definition from /Users/bbuchsbaum/.sbt/1.0/staging/57a292f3a6ded9e259cf/ravel/project
[info] loading settings for project root from build.sbt...
[info] loading settings for project reframe4s-build from plugins.sbt...
[info] loading project definition from /Users/bbuchsbaum/.sbt/1.0/staging/aa1fd63832323d604703/reframe4s/project
[info] loading settings for project root from build.sbt...
[info] loading settings for project resample4s-build from plugins.sbt...
[info] loading project definition from /Users/bbuchsbaum/.sbt/1.0/staging/3f5d01c7e6069e74a205/resample4s/project
[info] loading settings for project root from build.sbt...
[info] loading settings for project zarr4s-build from plugins.sbt...
[info] loading project definition from /Users/bbuchsbaum/.sbt/1.0/staging/34c0071f90095ef07887/zarr4s/project
[info] loading settings for project root from build.sbt...
[info] resolving key references (322631 settings) ...
[info] set current project to scalafim (in build file:/private/tmp/scalafim-p707-demo1-20260930/)
[info] compiling 1 Scala source to /private/tmp/scalafim-p707-demo1-20260930/modules/scenario-testkit/jvm/target/scala-3.7.4/classes ...
[info] compiling 6 Scala sources to /private/tmp/scalafim-p707-demo1-20260930/modules/locus-data/jvm/target/scala-3.7.4/classes ...
[info] done compiling
[info] done compiling
[info] compiling 52 Scala sources to /private/tmp/scalafim-p707-demo1-20260930/modules/image/jvm/target/scala-3.7.4/classes ...
[info] done compiling
[info] compiling 28 Scala sources to /private/tmp/scalafim-p707-demo1-20260930/modules/transform/jvm/target/scala-3.7.4/classes ...
[info] done compiling
[info] compiling 43 Scala sources to /private/tmp/scalafim-p707-demo1-20260930/modules/transform/jvm/target/scala-3.7.4/test-classes ...
[error] -- [E007] Type Mismatch Error: /private/tmp/scalafim-p707-demo1-20260930/modules/transform/shared/src/test/scala/scalafim/transform/scenarios/Demo1NativeScenarioSuite.scala:118:34 
[error] 118 |      transform.pullPoint(checked(Point.fromVector(transform.target, input))) match
[error]     |                                  ^^^^^^^^^^^^^^^^^^^^^^^^^^^^^^^^^^^^^^^^^
[error]     |Found:    Either[image4s.geometry.GeometryError,
[error]     |  image4s.geometry.Point[(?1 : T), image4s.geometry.D3]]
[error]     |Required: Either[Any, image4s.geometry.Point[T, image4s.geometry.D3]]
[error]     |
[error]     |where:    ?1 is an unknown value of type T
[error]     |          T  is a type in method nativePointObservations with bounds <: image4s.geometry.Frame[image4s.geometry.D3]
[error]     |
[error]     | longer explanation available when compiling with `-explain`
[error] -- [E006] Not Found Error: /private/tmp/scalafim-p707-demo1-20260930/modules/transform/shared/src/test/scala/scalafim/transform/scenarios/Demo1NativeScenarioSuite.scala:119:80 
[error] 119 |        case Left(error) => ScenarioHarness.fact(s"points.$key[$index]", false, error.toString)
[error]     |                                                                                ^^^^^
[error]     |                                Not found: error - did you mean Error?
[error]     |
[error]     | longer explanation available when compiling with `-explain`
[error] -- [E006] Not Found Error: /private/tmp/scalafim-p707-demo1-20260930/modules/transform/shared/src/test/scala/scalafim/transform/scenarios/Demo1NativeScenarioSuite.scala:120:94 
[error] 120 |        case Right(actual) => ScenarioHarness.scalar(s"points.$key[$index]", maxAbsDifference(actual.coordinates, row.drop(3)), 0.0, ScenarioTolerance.absolute(PointBudget))
[error]     |                                                                                              ^^^^^^
[error]     |                                                     Not found: actual
[error]     |
[error]     | longer explanation available when compiling with `-explain`
[error] three errors found
[error] (transformJVM / Test / compileIncremental) Compilation failed
[error] Total time: 21 s, completed Sep 30, 2026, 11:06:05 a.m.
