[info] welcome to sbt 1.11.7 (Homebrew Java 25.0.1)
[info] loading settings for project scalafim-p707-demo1-20260930-build from plugins.sbt...
[info] loading project definition from /private/tmp/scalafim-p707-demo1-20260930/project
[info] loading settings for project root from build.sbt...
[info] loading settings for project alder-build from plugins.sbt...
[info] loading project definition from /Users/bbuchsbaum/.sbt/1.0/staging/2f5b3675f2cf2c4e96c3/alder/project
[info] loading settings for project root from build.sbt...
[info] loading settings for project bids4s-build from plugins.sbt...
[info] loading project definition from /Users/bbuchsbaum/.sbt/1.0/staging/77e7bdc71bddb8077fcd/bids4s/project
[info] loading settings for project root from build.sbt...
[info] loading settings for project gale-build from plugins.sbt...
[info] loading project definition from /Users/bbuchsbaum/.sbt/1.0/staging/5a90f48e170e9e640ee1/gale/project
[info] loading settings for project root from build.sbt...
[info] loading settings for project gale-build from plugins.sbt...
[info] loading project definition from /Users/bbuchsbaum/.sbt/1.0/staging/449715b8ebc2010e6e23/gale/project
[info] loading settings for project root from build.sbt...
[info] loading settings for project graph4s-build from plugins.sbt...
[info] loading project definition from /Users/bbuchsbaum/.sbt/1.0/staging/b4b08747efd9a8151229/graph4s/project
[info] loading settings for project root from build.sbt...
[info] loading settings for project image4s-build from plugins.sbt...
[info] loading project definition from /Users/bbuchsbaum/.sbt/1.0/staging/41e96dde036f148f012a/image4s/project
[info] loading settings for project root from build.sbt...
[info] loading settings for project intaglio-build from plugins.sbt...
[info] loading project definition from /Users/bbuchsbaum/.sbt/1.0/staging/34fcacf7027b8ae3b2f8/intaglio/project
[info] loading settings for project root from build.sbt...
[info] loading settings for project linops4s-build from plugins.sbt...
[info] loading project definition from /Users/bbuchsbaum/.sbt/1.0/staging/cfabf5f1e5e2fb8fb176/linops4s/project
[info] loading settings for project root from build.sbt...
[info] loading settings for project locus4s-build from plugins.sbt...
[info] loading project definition from /Users/bbuchsbaum/.sbt/1.0/staging/05a8f1a231c171f1bca0/locus4s/project
[info] loading settings for project root from build.sbt...
[info] loading settings for project multivar-build from plugins.sbt...
[info] loading project definition from /Users/bbuchsbaum/.sbt/1.0/staging/8a071d8f65817f0f368f/multivar/project
[info] loading settings for project root from build.sbt...
[info] loading settings for project ravel-build from plugins.sbt...
[info] loading project definition from /Users/bbuchsbaum/.sbt/1.0/staging/57a292f3a6ded9e259cf/ravel/project
[info] loading settings for project root from build.sbt...
[info] loading settings for project reframe4s-build from plugins.sbt...
[info] loading project definition from /Users/bbuchsbaum/.sbt/1.0/staging/aa1fd63832323d604703/reframe4s/project
[info] loading settings for project root from build.sbt...
[info] loading settings for project resample4s-build from plugins.sbt...
[info] loading project definition from /Users/bbuchsbaum/.sbt/1.0/staging/3f5d01c7e6069e74a205/resample4s/project
[info] loading settings for project root from build.sbt...
[info] loading settings for project zarr4s-build from plugins.sbt...
[info] loading project definition from /Users/bbuchsbaum/.sbt/1.0/staging/34c0071f90095ef07887/zarr4s/project
[info] loading settings for project root from build.sbt...
[info] resolving key references (322631 settings) ...
[info] set current project to scalafim (in build file:/private/tmp/scalafim-p707-demo1-20260930/)
[info] compiling 43 Scala sources to /private/tmp/scalafim-p707-demo1-20260930/modules/transform/jvm/target/scala-3.7.4/test-classes ...
[info] done compiling
SLF4J(W): No SLF4J providers were found.
SLF4J(W): Defaulting to no-operation (NOP) logger implementation
SLF4J(W): See https://www.slf4j.org/codes.html#noProviders for further details.
scalafim.transform.scenarios.Demo1NativeContainerSuite:
  + jHDF and the public loader bind both real-field crops to their complete shared dumps 0.244s
  + explicit original-container qualification refuses invocation without its real assets 0.001s
scalafim.transform.scenarios.Demo1NativeScenarioSuite:
  + real demo1 boldref -> T1w -> MNI chain has one clean interior scenario result 0.594s
  + native fixture manifest closes every byte and the exact real source identities 0.04s
  + origin, component, LPS, stage-order and scanner-direction mutations fail their point observations 0.553s
  + the compact field refuses points outside its declared support 0.004s
  + the two registration legs cannot be composed in the opposite typed order 0.001s
[info] Passed: Total 7, Failed 0, Errors 0, Passed 7
[success] Total time: 18 s, completed Sep 30, 2026, 11:11:02 a.m.
[info] running scalafim.transform.scenarios.Demo1OriginalContainerQualification /Users/bbuchsbaum/code/neurotransform/inst/extdata/demo1/sub-01_from-T1w_to-MNI152NLin6Asym_mode-image_xfm.h5 /Users/bbuchsbaum/code/neurotransform/inst/extdata/demo1/sub-01_from-MNI152NLin6Asym_to-T1w_mode-image_xfm.h5
SLF4J(W): No SLF4J providers were found.
SLF4J(W): Defaulting to no-operation (NOP) logger implementation
SLF4J(W): See https://www.slf4j.org/codes.html#noProviders for further details.
DEMO1_ORIGINAL_CONTAINER direction=t1 sha256=44fba8c2aec16da828b20bdd53b7c534f4c80bfc7281a1bc2affc10f8b4eb363 retained_values=6336 native_queries=347 status=pass
DEMO1_ORIGINAL_CONTAINER direction=inverse sha256=4903d429d8f6dbd30d6b7cdd1b93fac8dd451d34ddcedc4d9d2066bbac4782fe retained_values=84816 native_queries=379 status=pass
[success] Total time: 9 s, completed Sep 30, 2026, 11:11:12 a.m.
