[info] welcome to sbt 1.11.7 (Homebrew Java 25.0.1)
[info] loading settings for project work-build from plugins.sbt...
[info] loading project definition from /private/tmp/scalafim-phrf-land-20261001/work/project
[info] loading settings for project root from build.sbt...
[info] loading settings for project alder-build from plugins.sbt...
[info] loading project definition from /Users/bbuchsbaum/.sbt/1.0/staging/2f5b3675f2cf2c4e96c3/alder/project
[info] loading settings for project root from build.sbt...
[info] loading settings for project bids4s-build from plugins.sbt...
[info] loading project definition from /Users/bbuchsbaum/.sbt/1.0/staging/77e7bdc71bddb8077fcd/bids4s/project
[info] loading settings for project root from build.sbt...
[info] loading settings for project gale-build from plugins.sbt...
[info] loading project definition from /Users/bbuchsbaum/.sbt/1.0/staging/5a90f48e170e9e640ee1/gale/project
[info] loading settings for project root from build.sbt...
[info] loading settings for project gale-build from plugins.sbt...
[info] loading project definition from /Users/bbuchsbaum/.sbt/1.0/staging/449715b8ebc2010e6e23/gale/project
[info] loading settings for project root from build.sbt...
[info] loading settings for project graph4s-build from plugins.sbt...
[info] loading project definition from /Users/bbuchsbaum/.sbt/1.0/staging/b4b08747efd9a8151229/graph4s/project
[info] loading settings for project root from build.sbt...
[info] loading settings for project image4s-build from plugins.sbt...
[info] loading project definition from /Users/bbuchsbaum/.sbt/1.0/staging/41e96dde036f148f012a/image4s/project
[info] loading settings for project root from build.sbt...
[info] loading settings for project intaglio-build from plugins.sbt...
[info] loading project definition from /Users/bbuchsbaum/.sbt/1.0/staging/34fcacf7027b8ae3b2f8/intaglio/project
[info] loading settings for project root from build.sbt...
[info] loading settings for project linops4s-build from plugins.sbt...
[info] loading project definition from /Users/bbuchsbaum/.sbt/1.0/staging/cfabf5f1e5e2fb8fb176/linops4s/project
[info] loading settings for project root from build.sbt...
[info] loading settings for project locus4s-build from plugins.sbt...
[info] loading project definition from /Users/bbuchsbaum/.sbt/1.0/staging/05a8f1a231c171f1bca0/locus4s/project
[info] loading settings for project root from build.sbt...
[info] loading settings for project multivar-build from plugins.sbt...
[info] loading project definition from /Users/bbuchsbaum/.sbt/1.0/staging/8a071d8f65817f0f368f/multivar/project
[info] loading settings for project root from build.sbt...
[info] loading settings for project ravel-build from plugins.sbt...
[info] loading project definition from /Users/bbuchsbaum/.sbt/1.0/staging/57a292f3a6ded9e259cf/ravel/project
[info] loading settings for project root from build.sbt...
[info] loading settings for project reframe4s-build from plugins.sbt...
[info] loading project definition from /Users/bbuchsbaum/.sbt/1.0/staging/aa1fd63832323d604703/reframe4s/project
[info] loading settings for project root from build.sbt...
[info] loading settings for project resample4s-build from plugins.sbt...
[info] loading project definition from /Users/bbuchsbaum/.sbt/1.0/staging/3f5d01c7e6069e74a205/resample4s/project
[info] loading settings for project root from build.sbt...
[info] loading settings for project zarr4s-build from plugins.sbt...
[info] loading project definition from /Users/bbuchsbaum/.sbt/1.0/staging/34c0071f90095ef07887/zarr4s/project
[info] loading settings for project root from build.sbt...
[info] resolving key references (322631 settings) ...
[info] set current project to scalafim (in build file:/private/tmp/scalafim-phrf-land-20261001/work/)
[info] compiling 2 Scala sources to /private/tmp/scalafim-phrf-land-20261001/work/modules/first-level-laws/jvm/target/scala-3.7.4/test-classes ...
[info] done compiling
scalafim.fmri.laws.profile.ConditionProfileFitSuite:
  + the structure maps the plan's task columns by condition and basis 3.406s
  + the Gram route agrees with the compact route and the direct oracle, streaming blocks in order 0.527s
  + trial outputs and mismatched structures are refused before any response is read 0.012s
[compact-condition] admitted 23/24, max |tau - oracle| = 3.7063737045883727E-4, max rel amp = 1.0634654267827069E-4, per voxel: nodes 71.875, jets 4.416666666666667, exact 0.0
scalafim.fmri.laws.profile.CompactConditionRuntimeSuite:
  + decoded shapes and amplitudes agree with the dense oracle on a synthetic cohort 4.499s
  + readout converts amplitudes into the requested normalisation 0.01s
scalafim.fmri.laws.profile.ProfileReductionLawsSuite:
  + compact energy, amplitudes and jets equal the direct time-domain fit at alpha = 0 1.421s
[info] Passed: Total 6, Failed 0, Errors 0, Passed 6
[success] Total time: 25 s, completed Oct 1, 2026, 3:22:27 p.m.
[info] compiling 7 Scala sources to /private/tmp/scalafim-phrf-land-20261001/work/modules/fmri-workflow/jvm/target/scala-3.7.4/test-classes ...
[info] done compiling
scalafim.fmri.workflow.BidsStudyCompilerSuite:
  + compiler groups exact fMRIPrep entities into deterministic multi-run units 0.27s
  + compiler accumulates missing header, metadata, and companion failures 0.007s
  + one-unit-per-run grouping preserves the run in unit identity 0.005s
  + confound-free recipes ignore ambiguous confound tables 0.004s
  + mask policies distinguish common, intersected, and explicit artifacts 0.012s
  + compiler reports incompatible geometry and duplicate run identities 0.015s
  + compiler preserves provider frame failures for mask geometry 0.005s
  + catalog reports empty matches, missing entities, and invalid unit identities 0.005s
  + participant-table coverage reports missing and duplicate subjects 0.005s
  + checked compilation preserves deterministic BIDS diagnostics and valid legacy parity 0.032s
scalafim.fmri.workflow.BidsStudyCompilerJvmSuite:
  + JVM compiler reads headers only for a multi-subject multi-run fMRIPrep project 0.171s
scalafim.fmri.workflow.WorkflowTypesSuite:
  + workflow identifiers and artifact locations validate at construction 0.001s
  + contrast recipes reject degenerate rows and lower to fit contrasts 0.011s
  + catalog construction rejects invalid run layout and duplicate units 0.002s
  + group workflow validates terms and output formats stay open 0.01s
scalafim.fmri.workflow.WorkflowIngestAcceptanceSuite:
  + header-first catalog opens mixed-byte multi-run BOLD lazily with compressed staging 0.098s
scalafim.fmri.workflow.AnalysisPlanSuite:
  + compile produces deterministic subject and group jobs from pure descriptors 0.027s
  + preflight accumulates independent structural errors without reading payloads 0.003s
  + one-unit-per-subject policy rejects repeated session units 0.002s
  + first-level-only plans compile with an explicit warning 0.001s
  + empty catalogs fail preflight before job construction 0.0s
scalafim.fmri.workflow.FirstLevelUnitSourceSuite:
  + unit source opens run references lazily and applies the exact mask intersection 0.01s
  + unit source preserves provider geometry failure beyond the admitted tolerance 0.004s
[info] Passed: Total 23, Failed 0, Errors 0, Passed 23
[success] Total time: 8 s, completed Oct 1, 2026, 3:22:35 p.m.
