[info] welcome to sbt 1.11.7 (Homebrew Java 25.0.1)
[info] loading settings for project baseline-build from plugins.sbt...
[info] loading project definition from /private/tmp/scalafim-phrf-land-20261001/baseline/project
[info] loading settings for project root from build.sbt...
[info] loading settings for project alder-build from plugins.sbt...
[info] loading project definition from /Users/bbuchsbaum/.sbt/1.0/staging/2f5b3675f2cf2c4e96c3/alder/project
[info] loading settings for project root from build.sbt...
[info] loading settings for project bids4s-build from plugins.sbt...
[info] loading project definition from /Users/bbuchsbaum/.sbt/1.0/staging/77e7bdc71bddb8077fcd/bids4s/project
[info] loading settings for project root from build.sbt...
[info] loading settings for project gale-build from plugins.sbt...
[info] loading project definition from /Users/bbuchsbaum/.sbt/1.0/staging/5a90f48e170e9e640ee1/gale/project
[info] loading settings for project root from build.sbt...
[info] loading settings for project gale-build from plugins.sbt...
[info] loading project definition from /Users/bbuchsbaum/.sbt/1.0/staging/449715b8ebc2010e6e23/gale/project
[info] loading settings for project root from build.sbt...
[info] loading settings for project graph4s-build from plugins.sbt...
[info] loading project definition from /Users/bbuchsbaum/.sbt/1.0/staging/b4b08747efd9a8151229/graph4s/project
[info] loading settings for project root from build.sbt...
[info] loading settings for project image4s-build from plugins.sbt...
[info] loading project definition from /Users/bbuchsbaum/.sbt/1.0/staging/41e96dde036f148f012a/image4s/project
[info] loading settings for project root from build.sbt...
[info] loading settings for project intaglio-build from plugins.sbt...
[info] loading project definition from /Users/bbuchsbaum/.sbt/1.0/staging/34fcacf7027b8ae3b2f8/intaglio/project
[info] loading settings for project root from build.sbt...
[info] loading settings for project linops4s-build from plugins.sbt...
[info] loading project definition from /Users/bbuchsbaum/.sbt/1.0/staging/cfabf5f1e5e2fb8fb176/linops4s/project
[info] loading settings for project root from build.sbt...
[info] loading settings for project locus4s-build from plugins.sbt...
[info] loading project definition from /Users/bbuchsbaum/.sbt/1.0/staging/05a8f1a231c171f1bca0/locus4s/project
[info] loading settings for project root from build.sbt...
[info] loading settings for project multivar-build from plugins.sbt...
[info] loading project definition from /Users/bbuchsbaum/.sbt/1.0/staging/8a071d8f65817f0f368f/multivar/project
[info] loading settings for project root from build.sbt...
[info] loading settings for project ravel-build from plugins.sbt...
[info] loading project definition from /Users/bbuchsbaum/.sbt/1.0/staging/57a292f3a6ded9e259cf/ravel/project
[info] loading settings for project root from build.sbt...
[info] loading settings for project reframe4s-build from plugins.sbt...
[info] loading project definition from /Users/bbuchsbaum/.sbt/1.0/staging/aa1fd63832323d604703/reframe4s/project
[info] loading settings for project root from build.sbt...
[info] loading settings for project resample4s-build from plugins.sbt...
[info] loading project definition from /Users/bbuchsbaum/.sbt/1.0/staging/3f5d01c7e6069e74a205/resample4s/project
[info] loading settings for project root from build.sbt...
[info] loading settings for project zarr4s-build from plugins.sbt...
[info] loading project definition from /Users/bbuchsbaum/.sbt/1.0/staging/34c0071f90095ef07887/zarr4s/project
[info] loading settings for project root from build.sbt...
[info] resolving key references (322631 settings) ...
[info] set current project to scalafim (in build file:/private/tmp/scalafim-phrf-land-20261001/baseline/)
[info] compiling 7 Scala sources to /private/tmp/scalafim-phrf-land-20261001/baseline/modules/hrf/js/target/scala-3.7.4/classes ...
[info] compiling 1 Scala source to /private/tmp/scalafim-phrf-land-20261001/baseline/modules/ar/js/target/scala-3.7.4/classes ...
[info] compiling 10 Scala sources to /private/tmp/scalafim-phrf-land-20261001/baseline/modules/image/js/target/scala-3.7.4/classes ...
[info] done compiling
[info] done compiling
[info] compiling 16 Scala sources to /private/tmp/scalafim-phrf-land-20261001/baseline/modules/hrf/js/target/scala-3.7.4/classes ...
[info] done compiling
[info] compiling 12 Scala sources to /private/tmp/scalafim-phrf-land-20261001/baseline/modules/image/js/target/scala-3.7.4/classes ...
[info] done compiling
[info] done compiling
[info] compiling 8 Scala sources to /private/tmp/scalafim-phrf-land-20261001/baseline/modules/design/js/target/scala-3.7.4/classes ...
[info] done compiling
[info] compiling 13 Scala sources to /private/tmp/scalafim-phrf-land-20261001/baseline/modules/fit/js/target/scala-3.7.4/classes ...
[info] done compiling
[info] compiling 13 Scala sources to /private/tmp/scalafim-phrf-land-20261001/baseline/modules/fit/js/target/scala-3.7.4/classes ...
[info] done compiling
[info] compiling 24 Scala sources to /private/tmp/scalafim-phrf-land-20261001/baseline/modules/first-level-laws/js/target/scala-3.7.4/test-classes ...
[info] done compiling
[info] Fast optimizing /private/tmp/scalafim-phrf-land-20261001/baseline/modules/first-level-laws/js/target/scala-3.7.4/scalafim-fmri-first-level-laws-test-fastopt
scalafim.fmri.laws.profile.CompactConditionRuntimeSuite:
[landing-old-caps] runtime voxel=0 status=BudgetExceeded finiteCurvature=false
[landing-old-caps] runtime voxel=1 status=BudgetExceeded finiteCurvature=false
[landing-old-caps] runtime voxel=2 status=BudgetExceeded finiteCurvature=false
[landing-old-caps] runtime voxel=3 status=BudgetExceeded finiteCurvature=false
[landing-old-caps] runtime voxel=4 status=BudgetExceeded finiteCurvature=false
[landing-old-caps] runtime voxel=5 status=BudgetExceeded finiteCurvature=false
[landing-old-caps] runtime voxel=6 status=BudgetExceeded finiteCurvature=false
[landing-old-caps] runtime voxel=7 status=BudgetExceeded finiteCurvature=false
[landing-old-caps] runtime voxel=8 status=BudgetExceeded finiteCurvature=false
[landing-old-caps] runtime voxel=9 status=BudgetExceeded finiteCurvature=false
[landing-old-caps] runtime voxel=10 status=BudgetExceeded finiteCurvature=false
[landing-old-caps] runtime voxel=11 status=BudgetExceeded finiteCurvature=false
[landing-old-caps] runtime voxel=12 status=BudgetExceeded finiteCurvature=false
[landing-old-caps] runtime voxel=13 status=BudgetExceeded finiteCurvature=false
[landing-old-caps] runtime voxel=14 status=BudgetExceeded finiteCurvature=false
[landing-old-caps] runtime voxel=15 status=BudgetExceeded finiteCurvature=false
[landing-old-caps] runtime voxel=16 status=BudgetExceeded finiteCurvature=false
[landing-old-caps] runtime voxel=17 status=BudgetExceeded finiteCurvature=false
[landing-old-caps] runtime voxel=18 status=BudgetExceeded finiteCurvature=false
[landing-old-caps] runtime voxel=19 status=BudgetExceeded finiteCurvature=false
[landing-old-caps] runtime voxel=20 status=BudgetExceeded finiteCurvature=false
[landing-old-caps] runtime voxel=21 status=BudgetExceeded finiteCurvature=false
[landing-old-caps] runtime voxel=22 status=BudgetExceeded finiteCurvature=false
[landing-old-caps] runtime voxel=23 status=BudgetExceeded finiteCurvature=false
[compact-condition] admitted 0/24, max |tau - oracle| = NaN, max rel amp = NaN, per voxel: nodes 71.875, jets 2, exact 1
==> X scalafim.fmri.laws.profile.CompactConditionRuntimeSuite.decoded shapes and amplitudes agree with the dense oracle on a synthetic cohort 3.063s munit.FailException: modules/first-level-laws/shared/src/test/scala/scalafim/fmri/laws/profile/CompactConditionRuntimeSuite.scala:267 admitted 0 of 24
266:    )
267:    assert(admitted >= 0.9 * voxels, s"admitted $admitted of $voxels")
268:    assert(te.last <= 0.02, s"max latency error ${te.last}")
  + readout converts amplitudes into the requested normalisation 0.025s
scalafim.fmri.laws.profile.ConditionProfileFitSuite:
  + the structure maps the plan's task columns by condition and basis 1.618s
[landing-old-caps] gram voxel=0 status=BudgetExceeded compactStatus=BudgetExceeded
[landing-old-caps] gram voxel=1 status=BudgetExceeded compactStatus=BudgetExceeded
[landing-old-caps] gram voxel=2 status=BudgetExceeded compactStatus=BudgetExceeded
[landing-old-caps] gram voxel=3 status=BudgetExceeded compactStatus=BudgetExceeded
[landing-old-caps] gram voxel=4 status=BudgetExceeded compactStatus=BudgetExceeded
[landing-old-caps] gram voxel=5 status=BudgetExceeded compactStatus=BudgetExceeded
[landing-old-caps] gram voxel=6 status=BudgetExceeded compactStatus=BudgetExceeded
[landing-old-caps] gram voxel=7 status=BudgetExceeded compactStatus=BudgetExceeded
[landing-old-caps] gram voxel=8 status=BudgetExceeded compactStatus=BudgetExceeded
[landing-old-caps] gram voxel=9 status=BudgetExceeded compactStatus=BudgetExceeded
[landing-old-caps] gram voxel=10 status=BudgetExceeded compactStatus=BudgetExceeded
[landing-old-caps] gram voxel=11 status=BudgetExceeded compactStatus=BudgetExceeded
[landing-old-caps] gram voxel=12 status=BudgetExceeded compactStatus=BudgetExceeded
[landing-old-caps] gram voxel=13 status=BudgetExceeded compactStatus=BudgetExceeded
[landing-old-caps] gram voxel=14 status=BudgetExceeded compactStatus=BudgetExceeded
[landing-old-caps] gram voxel=15 status=BudgetExceeded compactStatus=BudgetExceeded
[landing-old-caps] gram voxel=16 status=BudgetExceeded compactStatus=BudgetExceeded
[landing-old-caps] gram voxel=17 status=BudgetExceeded compactStatus=BudgetExceeded
[landing-old-caps] gram voxel=18 status=BudgetExceeded compactStatus=BudgetExceeded
[landing-old-caps] gram voxel=19 status=BudgetExceeded compactStatus=BudgetExceeded
==> X scalafim.fmri.laws.profile.ConditionProfileFitSuite.the Gram route agrees with the compact route and the direct oracle, streaming blocks in order 0.192s munit.FailException: modules/first-level-laws/shared/src/test/scala/scalafim/fmri/laws/profile/ConditionProfileFitSuite.scala:200 accepted 0 of 20
199:      v += 1
200:    assert(accepted >= 0.8 * voxels, s"accepted $accepted of $voxels")
201:
  + trial outputs and mismatched structures are refused before any response is read 0.002s
[error] Failed: Total 5, Failed 2, Errors 0, Passed 3
[error] Failed tests:
[error] 	scalafim.fmri.laws.profile.ConditionProfileFitSuite
[error] 	scalafim.fmri.laws.profile.CompactConditionRuntimeSuite
[error] (firstLevelLawsJS / Test / testOnly) sbt.TestsFailedException: Tests unsuccessful
[error] Total time: 52 s, completed Oct 1, 2026, 3:21:07 p.m.
