[info] welcome to sbt 1.11.7 (Homebrew Java 25.0.1)
[info] loading settings for project work-build from plugins.sbt...
[info] loading project definition from /private/tmp/scalafim-phrf-land-20261001/work/project
[info] loading settings for project root from build.sbt...
[info] loading settings for project alder-build from plugins.sbt...
[info] loading project definition from /Users/bbuchsbaum/.sbt/1.0/staging/2f5b3675f2cf2c4e96c3/alder/project
[info] loading settings for project root from build.sbt...
[info] loading settings for project bids4s-build from plugins.sbt...
[info] loading project definition from /Users/bbuchsbaum/.sbt/1.0/staging/77e7bdc71bddb8077fcd/bids4s/project
[info] loading settings for project root from build.sbt...
[info] loading settings for project gale-build from plugins.sbt...
[info] loading project definition from /Users/bbuchsbaum/.sbt/1.0/staging/5a90f48e170e9e640ee1/gale/project
[info] loading settings for project root from build.sbt...
[info] loading settings for project gale-build from plugins.sbt...
[info] loading project definition from /Users/bbuchsbaum/.sbt/1.0/staging/449715b8ebc2010e6e23/gale/project
[info] loading settings for project root from build.sbt...
[info] loading settings for project graph4s-build from plugins.sbt...
[info] loading project definition from /Users/bbuchsbaum/.sbt/1.0/staging/b4b08747efd9a8151229/graph4s/project
[info] loading settings for project root from build.sbt...
[info] loading settings for project image4s-build from plugins.sbt...
[info] loading project definition from /Users/bbuchsbaum/.sbt/1.0/staging/41e96dde036f148f012a/image4s/project
[info] loading settings for project root from build.sbt...
[info] loading settings for project intaglio-build from plugins.sbt...
[info] loading project definition from /Users/bbuchsbaum/.sbt/1.0/staging/34fcacf7027b8ae3b2f8/intaglio/project
[info] loading settings for project root from build.sbt...
[info] loading settings for project linops4s-build from plugins.sbt...
[info] loading project definition from /Users/bbuchsbaum/.sbt/1.0/staging/cfabf5f1e5e2fb8fb176/linops4s/project
[info] loading settings for project root from build.sbt...
[info] loading settings for project locus4s-build from plugins.sbt...
[info] loading project definition from /Users/bbuchsbaum/.sbt/1.0/staging/05a8f1a231c171f1bca0/locus4s/project
[info] loading settings for project root from build.sbt...
[info] loading settings for project multivar-build from plugins.sbt...
[info] loading project definition from /Users/bbuchsbaum/.sbt/1.0/staging/8a071d8f65817f0f368f/multivar/project
[info] loading settings for project root from build.sbt...
[info] loading settings for project ravel-build from plugins.sbt...
[info] loading project definition from /Users/bbuchsbaum/.sbt/1.0/staging/57a292f3a6ded9e259cf/ravel/project
[info] loading settings for project root from build.sbt...
[info] loading settings for project reframe4s-build from plugins.sbt...
[info] loading project definition from /Users/bbuchsbaum/.sbt/1.0/staging/aa1fd63832323d604703/reframe4s/project
[info] loading settings for project root from build.sbt...
[info] loading settings for project resample4s-build from plugins.sbt...
[info] loading project definition from /Users/bbuchsbaum/.sbt/1.0/staging/3f5d01c7e6069e74a205/resample4s/project
[info] loading settings for project root from build.sbt...
[info] loading settings for project zarr4s-build from plugins.sbt...
[info] loading project definition from /Users/bbuchsbaum/.sbt/1.0/staging/34c0071f90095ef07887/zarr4s/project
[info] loading settings for project root from build.sbt...
[info] resolving key references (322631 settings) ...
[info] set current project to scalafim (in build file:/private/tmp/scalafim-phrf-land-20261001/work/)
[info] compiling 2 Scala sources to /private/tmp/scalafim-phrf-land-20261001/work/modules/first-level-laws/js/target/scala-3.7.4/test-classes ...
[info] done compiling
[info] Fast optimizing /private/tmp/scalafim-phrf-land-20261001/work/modules/first-level-laws/js/target/scala-3.7.4/scalafim-fmri-first-level-laws-test-fastopt
scalafim.fmri.laws.profile.ConditionProfileFitSuite:
  + the structure maps the plan's task columns by condition and basis 1.641s
  + the Gram route agrees with the compact route and the direct oracle, streaming blocks in order 0.181s
  + trial outputs and mismatched structures are refused before any response is read 0.002s
scalafim.fmri.laws.profile.ProfileReductionLawsSuite:
  + compact energy, amplitudes and jets equal the direct time-domain fit at alpha = 0 1.586s
scalafim.fmri.laws.profile.CompactConditionRuntimeSuite:
[compact-condition] admitted 23/24, max |tau - oracle| = 0.0003706373704668309, max rel amp = 0.0001063465426740606, per voxel: nodes 71.875, jets 4.583333333333333, exact 0.08333333333333333
  + decoded shapes and amplitudes agree with the dense oracle on a synthetic cohort 2.956s
  + readout converts amplitudes into the requested normalisation 0.026s
[info] Passed: Total 6, Failed 0, Errors 0, Passed 6
[success] Total time: 27 s, completed Oct 1, 2026, 3:23:53 p.m.
[info] compiling 1 Scala source to /private/tmp/scalafim-phrf-land-20261001/work/modules/fmri-workflow/js/target/scala-3.7.4/test-classes ...
[info] done compiling
[info] Fast optimizing /private/tmp/scalafim-phrf-land-20261001/work/modules/fmri-workflow/js/target/scala-3.7.4/scalafim-fmri-workflow-test-fastopt
scalafim.fmri.workflow.BidsStudyCompilerSuite:
  + compiler groups exact fMRIPrep entities into deterministic multi-run units 0.021s
  + compiler accumulates missing header, metadata, and companion failures 0.001s
  + one-unit-per-run grouping preserves the run in unit identity 0.003s
  + confound-free recipes ignore ambiguous confound tables 0.004s
  + mask policies distinguish common, intersected, and explicit artifacts 0.006s
  + compiler reports incompatible geometry and duplicate run identities 0.005s
  + compiler preserves provider frame failures for mask geometry 0.002s
  + catalog reports empty matches, missing entities, and invalid unit identities 0.002s
  + participant-table coverage reports missing and duplicate subjects 0.002s
  + checked compilation preserves deterministic BIDS diagnostics and valid legacy parity 0.005s
scalafim.fmri.workflow.WorkflowTypesSuite:
  + workflow identifiers and artifact locations validate at construction 0.001s
  + contrast recipes reject degenerate rows and lower to fit contrasts 0.002s
  + catalog construction rejects invalid run layout and duplicate units 0.004s
  + group workflow validates terms and output formats stay open 0.001s
scalafim.fmri.workflow.AnalysisPlanSuite:
  + compile produces deterministic subject and group jobs from pure descriptors 0.003s
  + preflight accumulates independent structural errors without reading payloads 0.001s
  + one-unit-per-subject policy rejects repeated session units 0.001s
  + first-level-only plans compile with an explicit warning 0.000s
  + empty catalogs fail preflight before job construction 0.000s
[info] Passed: Total 19, Failed 0, Errors 0, Passed 19
[success] Total time: 7 s, completed Oct 1, 2026, 3:24:00 p.m.
