java.io.IOException: org.scalasbt.ipcsocket.NativeErrorException: Error 61: Connection refused; starting a new server
[info] entering thin client - BEEP WHIRR
[info] starting sbt server in the background
[info] use 'sbt shutdown' to shutdown the server
[info]  
[info] welcome to sbt 1.11.7 (Eclipse Adoptium Java 21.0.12.1)
[info] loading settings for project scalafim-build from plugins.sbt...
[info] loading project definition from /Users/bbuchsbaum/code/scala/scalafim/project
[info] loading settings for project root from build.sbt...
[info] loading settings for project alder-build from plugins.sbt...
[info] loading project definition from /Users/bbuchsbaum/.cache/scalafim-sbt/bases/1afc292237c3fa1b/staging/70113493d2034afa26c1/alder/project
[info] loading settings for project root from build.sbt...
[info] loading settings for project bids4s-build from plugins.sbt...
[info] loading project definition from /Users/bbuchsbaum/.cache/scalafim-sbt/bases/1afc292237c3fa1b/staging/77e7bdc71bddb8077fcd/bids4s/project
[info] loading settings for project root from build.sbt...
[info] loading settings for project gale-build from plugins.sbt...
[info] loading project definition from /Users/bbuchsbaum/.cache/scalafim-sbt/bases/1afc292237c3fa1b/staging/5a90f48e170e9e640ee1/gale/project
[info] loading settings for project root from build.sbt...
[info] loading settings for project gale-build from plugins.sbt...
[info] loading project definition from /Users/bbuchsbaum/.cache/scalafim-sbt/bases/1afc292237c3fa1b/staging/e42c03c83b742859e853/gale/project
[info] loading settings for project root from build.sbt...
[info] loading settings for project graph4s-build from plugins.sbt...
[info] loading project definition from /Users/bbuchsbaum/.cache/scalafim-sbt/bases/1afc292237c3fa1b/staging/b4b08747efd9a8151229/graph4s/project
[info] loading settings for project root from build.sbt...
[info] loading settings for project image4s-build from plugins.sbt...
[info] loading project definition from /Users/bbuchsbaum/.cache/scalafim-sbt/bases/1afc292237c3fa1b/staging/995ff8e011f5a5221e44/image4s/project
[info] loading settings for project root from build.sbt...
[info] loading settings for project intaglio-build from plugins.sbt...
[info] loading project definition from /Users/bbuchsbaum/.cache/scalafim-sbt/bases/1afc292237c3fa1b/staging/34fcacf7027b8ae3b2f8/intaglio/project
[info] loading settings for project root from build.sbt...
[info] loading settings for project linops4s-build from plugins.sbt...
[info] loading project definition from /Users/bbuchsbaum/.cache/scalafim-sbt/bases/1afc292237c3fa1b/staging/cfabf5f1e5e2fb8fb176/linops4s/project
[info] loading settings for project root from build.sbt...
[info] loading settings for project locus4s-build from plugins.sbt...
[info] loading project definition from /Users/bbuchsbaum/.cache/scalafim-sbt/bases/1afc292237c3fa1b/staging/b51ea69c1c3a30e37df3/locus4s/project
[info] loading settings for project root from build.sbt...
[info] loading settings for project multivar-build from plugins.sbt...
[info] loading project definition from /Users/bbuchsbaum/.cache/scalafim-sbt/bases/1afc292237c3fa1b/staging/04c54b2d3f3921f04b0c/multivar/project
[info] loading settings for project root from build.sbt...
[info] loading settings for project ravel-build from plugins.sbt...
[info] loading project definition from /Users/bbuchsbaum/.cache/scalafim-sbt/bases/1afc292237c3fa1b/staging/6c77ef03ad5f6b5be136/ravel/project
[info] loading settings for project root from build.sbt...
[info] loading settings for project ravel-build from plugins.sbt...
[info] loading project definition from /Users/bbuchsbaum/.cache/scalafim-sbt/bases/1afc292237c3fa1b/staging/57a292f3a6ded9e259cf/ravel/project
[info] loading settings for project root from build.sbt...
[info] loading settings for project reframe4s-build from plugins.sbt...
[info] loading project definition from /Users/bbuchsbaum/.cache/scalafim-sbt/bases/1afc292237c3fa1b/staging/1541cf1125bbd1a3cbc8/reframe4s/project
[info] loading settings for project root from build.sbt...
[info] loading settings for project resample4s-build from plugins.sbt...
[info] loading project definition from /Users/bbuchsbaum/.cache/scalafim-sbt/bases/1afc292237c3fa1b/staging/3f5d01c7e6069e74a205/resample4s/project
[info] loading settings for project root from build.sbt...
[info] loading settings for project zarr4s-build from plugins.sbt...
[info] loading project definition from /Users/bbuchsbaum/.cache/scalafim-sbt/bases/1afc292237c3fa1b/staging/34c0071f90095ef07887/zarr4s/project
[info] loading settings for project root from build.sbt...
[info] resolving key references (346319 settings) ...
[info] set scmInfo to https://github.com/canardlapin/scalafim
[info] set scmInfo to https://github.com/canardlapin/scalafim
[info] set scmInfo to https://github.com/canardlapin/scalafim
[info] set scmInfo to https://github.com/canardlapin/scalafim
[info] set scmInfo to https://github.com/canardlapin/scalafim
[info] set current project to scalafim (in build file:/Users/bbuchsbaum/code/scala/scalafim/)
[info] sbt server started at local:///Users/bbuchsbaum/.cache/scalafim-sbt/bases/1afc292237c3fa1b/server/84a8fcbe212f32c215bc/sock
[info] started sbt server
[info] compiling 2 Scala sources to /Users/bbuchsbaum/code/scala/scalafim/modules/design/jvm/target/scala-3.7.4/classes ...
[info] done compiling
[info] compiling 3 Scala sources to /Users/bbuchsbaum/code/scala/scalafim/modules/design/jvm/target/scala-3.7.4/classes ...
[info] done compiling
[info] compiling 3 Scala sources to /Users/bbuchsbaum/code/scala/scalafim/modules/design/jvm/target/scala-3.7.4/test-classes ...
[info] done compiling
scalafim.fmri.design.hrf.KernelBasisBudgetSuite:
  + portable-budget-exact-boundaries 0.015s
  + explicit-capacity-is-positive-and-bounded-without-changing-defaults 0.002s
  + explicit-array-admission-retains-fixed-total-storage-and-callback-refusal 0.018s
  + frozen-LWU-capacity-admits-exact-inputs-and-keeps-spectral-default-refusal 0.004s
  + nondefault-capacity-is-recorded-and-default-provenance-is-unchanged 0.053s
  + node-products-refuse-before-integer-overflow-or-callbacks 0.0s
  + training-matrix-refuses-before-builder-and-family-callbacks 0.0s
  + full-SVD-shapes-are-independent-of-requested-rank 0.009s
  + tall-SVD-shapes-use-thin-right-square-not-column-square 0.001s
  + value-only-training-still-charges-full-certificate-jets 0.002s
  + spectral-work-refuses-before-SVD-even-for-small-requested-rank 0.0s
  + finite-chart-bounds-with-overflowing-width-are-refused-before-callbacks 0.001s
  + finite-chart-width-with-overflowing-node-intermediate-is-refused 0.006s
  + admitted-compile-reports-actual-retained-and-certificate-shapes 0.001s
  + callback-failures-remain-typed-after-admission 0.008s
  + custom-tail-diagnostics-refuse-invalid-fractions-and-thrown-callbacks 0.003s
  + generated-Cascade-endpoints-preserve-original-IEEE-values 0.005s
  + certificate-refuses-finite-projection-whose-square-overflows 0.005s
  + training-refuses-finite-values-with-overflowing-column-norm 0.003s
scalafim.fmri.design.HrfKernelBasisSuite:
  + compiles a certified basis within the rank budget 1.839s
  + refuses when the budget cannot meet the tolerance 1.369s
  + the kernel exposes the basis as a compact multi-column Hrf and ResponseBasis 0.021s
  + kernel basis provenance has a platform-independent IEEE and string-framed golden 0.0s
  + matrix identity is dimensions plus a portable FNV-1a digest of the IEEE bits 0.001s
  + coefficient jets match finite differences and reconstruct within the certificate 0.001s
  + compilation is deterministic 1.14s
  + tail-grid refusals remain typed and precede basis allocation and family evaluation 0.005s
  + certificate diagnostic failures propagate through compile as typed errors 0.003s
  + default Cascade compilation preserves legacy endpoint bits and certified scientific values 4.669s
[info] Passed: Total 29, Failed 0, Errors 0, Passed 29
[success] elapsed time: 23 s
[0J[sbt-warm] designJVM/testOnly scalafim.fmri.design.hrf.KernelBasisBudgetSuite scalafim.fmri.design.HrfKernelBasisSuite: exit 0 in 87.4s
