[sbt-warm] pins changed for /Users/bbuchsbaum/code/scala/scalafim; keeping base /Users/bbuchsbaum/.cache/scalafim-sbt/bases/1afc292237c3fa1b (staging is keyed by source revision)
[info] entering thin client - BEEP WHIRR
[info] starting sbt server in the background
[info] use 'sbt shutdown' to shutdown the server
[info]  
[info] welcome to sbt 1.11.7 (Eclipse Adoptium Java 21.0.12.1)
[info] loading settings for project scalafim-build from plugins.sbt...
[info] loading project definition from /Users/bbuchsbaum/code/scala/scalafim/project
[info] loading settings for project root from build.sbt...
[info] loading settings for project alder-build from plugins.sbt...
[info] loading project definition from /Users/bbuchsbaum/.cache/scalafim-sbt/bases/1afc292237c3fa1b/staging/70113493d2034afa26c1/alder/project
[info] loading settings for project root from build.sbt...
[info] loading settings for project bids4s-build from plugins.sbt...
[info] loading project definition from /Users/bbuchsbaum/.cache/scalafim-sbt/bases/1afc292237c3fa1b/staging/77e7bdc71bddb8077fcd/bids4s/project
[info] loading settings for project root from build.sbt...
[info] loading settings for project gale-build from plugins.sbt...
[info] loading project definition from /Users/bbuchsbaum/.cache/scalafim-sbt/bases/1afc292237c3fa1b/staging/5a90f48e170e9e640ee1/gale/project
[info] loading settings for project root from build.sbt...
[info] loading settings for project gale-build from plugins.sbt...
[info] loading project definition from /Users/bbuchsbaum/.cache/scalafim-sbt/bases/1afc292237c3fa1b/staging/e42c03c83b742859e853/gale/project
[info] loading settings for project root from build.sbt...
[info] loading settings for project graph4s-build from plugins.sbt...
[info] loading project definition from /Users/bbuchsbaum/.cache/scalafim-sbt/bases/1afc292237c3fa1b/staging/b4b08747efd9a8151229/graph4s/project
[info] loading settings for project root from build.sbt...
[info] loading settings for project image4s-build from plugins.sbt...
[info] loading project definition from /Users/bbuchsbaum/.cache/scalafim-sbt/bases/1afc292237c3fa1b/staging/995ff8e011f5a5221e44/image4s/project
[info] loading settings for project root from build.sbt...
[info] loading settings for project intaglio-build from plugins.sbt...
[info] loading project definition from /Users/bbuchsbaum/.cache/scalafim-sbt/bases/1afc292237c3fa1b/staging/34fcacf7027b8ae3b2f8/intaglio/project
[info] loading settings for project root from build.sbt...
[info] loading settings for project linops4s-build from plugins.sbt...
[info] loading project definition from /Users/bbuchsbaum/.cache/scalafim-sbt/bases/1afc292237c3fa1b/staging/cfabf5f1e5e2fb8fb176/linops4s/project
[info] loading settings for project root from build.sbt...
[info] loading settings for project locus4s-build from plugins.sbt...
[info] loading project definition from /Users/bbuchsbaum/.cache/scalafim-sbt/bases/1afc292237c3fa1b/staging/b51ea69c1c3a30e37df3/locus4s/project
[info] loading settings for project root from build.sbt...
[info] loading settings for project multivar-build from plugins.sbt...
[info] loading project definition from /Users/bbuchsbaum/.cache/scalafim-sbt/bases/1afc292237c3fa1b/staging/04c54b2d3f3921f04b0c/multivar/project
[info] loading settings for project root from build.sbt...
[info] loading settings for project ravel-build from plugins.sbt...
[info] loading project definition from /Users/bbuchsbaum/.cache/scalafim-sbt/bases/1afc292237c3fa1b/staging/6c77ef03ad5f6b5be136/ravel/project
[info] loading settings for project root from build.sbt...
[info] loading settings for project ravel-build from plugins.sbt...
[info] loading project definition from /Users/bbuchsbaum/.cache/scalafim-sbt/bases/1afc292237c3fa1b/staging/57a292f3a6ded9e259cf/ravel/project
[info] loading settings for project root from build.sbt...
[info] loading settings for project reframe4s-build from plugins.sbt...
[info] loading project definition from /Users/bbuchsbaum/.cache/scalafim-sbt/bases/1afc292237c3fa1b/staging/1541cf1125bbd1a3cbc8/reframe4s/project
[info] compiling 1 Scala source to /Users/bbuchsbaum/.cache/scalafim-sbt/bases/1afc292237c3fa1b/staging/1541cf1125bbd1a3cbc8/reframe4s/project/target/scala-2.12/sbt-1.0/classes ...
[info] done compiling
[info] loading settings for project root from build.sbt...
[info] loading settings for project resample4s-build from plugins.sbt...
[info] loading project definition from /Users/bbuchsbaum/.cache/scalafim-sbt/bases/1afc292237c3fa1b/staging/3f5d01c7e6069e74a205/resample4s/project
[info] loading settings for project root from build.sbt...
[info] loading settings for project zarr4s-build from plugins.sbt...
[info] loading project definition from /Users/bbuchsbaum/.cache/scalafim-sbt/bases/1afc292237c3fa1b/staging/34c0071f90095ef07887/zarr4s/project
[info] loading settings for project root from build.sbt...
[info] resolving key references (346319 settings) ...
[info] set scmInfo to https://github.com/canardlapin/scalafim
[info] set scmInfo to https://github.com/canardlapin/scalafim
[info] set scmInfo to https://github.com/canardlapin/scalafim
[info] set scmInfo to https://github.com/canardlapin/scalafim
[info] set scmInfo to https://github.com/canardlapin/scalafim
[info] set current project to scalafim (in build file:/Users/bbuchsbaum/code/scala/scalafim/)
[info] sbt server started at local:///Users/bbuchsbaum/.cache/scalafim-sbt/bases/1afc292237c3fa1b/server/84a8fcbe212f32c215bc/sock
[info] started sbt server
[info] compiling 65 Scala sources to /Users/bbuchsbaum/.cache/scalafim-sbt/bases/1afc292237c3fa1b/staging/e42c03c83b742859e853/gale/core/jvm/target/scala-3.7.4/classes ...
[info] compiling 27 Scala sources to /Users/bbuchsbaum/.cache/scalafim-sbt/bases/1afc292237c3fa1b/staging/34fcacf7027b8ae3b2f8/intaglio/modules/core/jvm/target/scala-3.4.2/classes ...
[info] done compiling
[info] done compiling
[info] compiling 2 Scala sources to /Users/bbuchsbaum/code/scala/scalafim/modules/design/jvm/target/scala-3.7.4/classes ...
[error] -- [E006] Not Found Error: /Users/bbuchsbaum/code/scala/scalafim/modules/design/shared/src/main/scala/scalafim/fmri/design/hrf/KernelBasis.scala:82:10 
[error] 82 |      (if capacity.arrayCells == KernelBasisBudget.MaxArrayCells && capacity.spectralWork == KernelBasisBudget.MaxSpectralWork then ""
[error]    |          ^^^^^^^^
[error]    |          Not found: capacity
[error]    |
[error]    | longer explanation available when compiling with `-explain`
[error] -- [E006] Not Found Error: /Users/bbuchsbaum/code/scala/scalafim/modules/design/shared/src/main/scala/scalafim/fmri/design/hrf/KernelBasis.scala:83:28 
[error] 83 |       else s"|arrayCells=${capacity.arrayCells}|spectralWork=${capacity.spectralWork}")
[error]    |                            ^^^^^^^^
[error]    |                            Not found: capacity
[error]    |
[error]    | longer explanation available when compiling with `-explain`
[error] -- [E006] Not Found Error: /Users/bbuchsbaum/code/scala/scalafim/modules/design/shared/src/main/scala/scalafim/fmri/design/hrf/KernelBasis.scala:83:64 
[error] 83 |       else s"|arrayCells=${capacity.arrayCells}|spectralWork=${capacity.spectralWork}")
[error]    |                                                                ^^^^^^^^
[error]    |                                                     Not found: capacity
[error]    |
[error]    | longer explanation available when compiling with `-explain`
[error] -- Error: /Users/bbuchsbaum/code/scala/scalafim/modules/design/shared/src/main/scala/scalafim/fmri/design/hrf/KernelBasis.scala:160:15 
[error] 160 |      capacity = spec.capacity
[error]     |      ^^^^^^^^^^^^^^^^^^^^^^^^
[error]     |method apply in object KernelBasisProvenance: (family: String, chart: Vector[(String, Double, Double)],
[error]     |  horizonSeconds: Double, fineStepSeconds: Double, nodesPerAxis: Vector[Int],
[error]     |  includeDerivatives: Boolean, tolerance: Double, maxRank: Int,
[error]     |  heldOutPoints: Int, rank: Int, seed: Long):
[error]     |  scalafim.fmri.design.hrf.KernelBasisProvenance does not have a parameter capacity
[error] four errors found
[error] elapsed time: 28 s
[error] (designJVM / Compile / compileIncremental) Compilation failed
[0J[sbt-warm] designJVM/testOnly scalafim.fmri.design.hrf.KernelBasisBudgetSuite scalafim.fmri.design.HrfKernelBasisSuite: exit 1 in 140.7s
[sbt-warm] saving pin template 807cc7e93b5267b9 for future worktrees
