java.io.IOException: org.scalasbt.ipcsocket.NativeErrorException: Error 61: Connection refused; starting a new server
[info] entering thin client - BEEP WHIRR
[info] starting sbt server in the background
[info] use 'sbt shutdown' to shutdown the server
[info]  
[info] welcome to sbt 1.11.7 (Eclipse Adoptium Java 21.0.12.1)
[info] loading settings for project scalafim-build from plugins.sbt...
[info] loading project definition from /Users/bbuchsbaum/code/scala/scalafim/project
[info] loading settings for project root from build.sbt...
[info] loading settings for project alder-build from plugins.sbt...
[info] loading project definition from /Users/bbuchsbaum/.cache/scalafim-sbt/bases/1afc292237c3fa1b/staging/70113493d2034afa26c1/alder/project
[info] loading settings for project root from build.sbt...
[info] loading settings for project bids4s-build from plugins.sbt...
[info] loading project definition from /Users/bbuchsbaum/.cache/scalafim-sbt/bases/1afc292237c3fa1b/staging/77e7bdc71bddb8077fcd/bids4s/project
[info] loading settings for project root from build.sbt...
[info] loading settings for project gale-build from plugins.sbt...
[info] loading project definition from /Users/bbuchsbaum/.cache/scalafim-sbt/bases/1afc292237c3fa1b/staging/5a90f48e170e9e640ee1/gale/project
[info] loading settings for project root from build.sbt...
[info] loading settings for project gale-build from plugins.sbt...
[info] loading project definition from /Users/bbuchsbaum/.cache/scalafim-sbt/bases/1afc292237c3fa1b/staging/e42c03c83b742859e853/gale/project
[info] loading settings for project root from build.sbt...
[info] loading settings for project graph4s-build from plugins.sbt...
[info] loading project definition from /Users/bbuchsbaum/.cache/scalafim-sbt/bases/1afc292237c3fa1b/staging/b4b08747efd9a8151229/graph4s/project
[info] loading settings for project root from build.sbt...
[info] loading settings for project image4s-build from plugins.sbt...
[info] loading project definition from /Users/bbuchsbaum/.cache/scalafim-sbt/bases/1afc292237c3fa1b/staging/995ff8e011f5a5221e44/image4s/project
[info] loading settings for project root from build.sbt...
[info] loading settings for project intaglio-build from plugins.sbt...
[info] loading project definition from /Users/bbuchsbaum/.cache/scalafim-sbt/bases/1afc292237c3fa1b/staging/34fcacf7027b8ae3b2f8/intaglio/project
[info] loading settings for project root from build.sbt...
[info] loading settings for project linops4s-build from plugins.sbt...
[info] loading project definition from /Users/bbuchsbaum/.cache/scalafim-sbt/bases/1afc292237c3fa1b/staging/cfabf5f1e5e2fb8fb176/linops4s/project
[info] loading settings for project root from build.sbt...
[info] loading settings for project locus4s-build from plugins.sbt...
[info] loading project definition from /Users/bbuchsbaum/.cache/scalafim-sbt/bases/1afc292237c3fa1b/staging/b51ea69c1c3a30e37df3/locus4s/project
[info] loading settings for project root from build.sbt...
[info] loading settings for project multivar-build from plugins.sbt...
[info] loading project definition from /Users/bbuchsbaum/.cache/scalafim-sbt/bases/1afc292237c3fa1b/staging/04c54b2d3f3921f04b0c/multivar/project
[info] loading settings for project root from build.sbt...
[info] loading settings for project ravel-build from plugins.sbt...
[info] loading project definition from /Users/bbuchsbaum/.cache/scalafim-sbt/bases/1afc292237c3fa1b/staging/6c77ef03ad5f6b5be136/ravel/project
[info] loading settings for project root from build.sbt...
[info] loading settings for project ravel-build from plugins.sbt...
[info] loading project definition from /Users/bbuchsbaum/.cache/scalafim-sbt/bases/1afc292237c3fa1b/staging/57a292f3a6ded9e259cf/ravel/project
[info] loading settings for project root from build.sbt...
[info] loading settings for project reframe4s-build from plugins.sbt...
[info] loading project definition from /Users/bbuchsbaum/.cache/scalafim-sbt/bases/1afc292237c3fa1b/staging/1541cf1125bbd1a3cbc8/reframe4s/project
[info] loading settings for project root from build.sbt...
[info] loading settings for project resample4s-build from plugins.sbt...
[info] loading project definition from /Users/bbuchsbaum/.cache/scalafim-sbt/bases/1afc292237c3fa1b/staging/3f5d01c7e6069e74a205/resample4s/project
[info] loading settings for project root from build.sbt...
[info] loading settings for project zarr4s-build from plugins.sbt...
[info] loading project definition from /Users/bbuchsbaum/.cache/scalafim-sbt/bases/1afc292237c3fa1b/staging/34c0071f90095ef07887/zarr4s/project
[info] loading settings for project root from build.sbt...
[info] resolving key references (346319 settings) ...
[info] set scmInfo to https://github.com/canardlapin/scalafim
[info] set scmInfo to https://github.com/canardlapin/scalafim
[info] set scmInfo to https://github.com/canardlapin/scalafim
[info] set scmInfo to https://github.com/canardlapin/scalafim
[info] set scmInfo to https://github.com/canardlapin/scalafim
[info] set current project to scalafim (in build file:/Users/bbuchsbaum/code/scala/scalafim/)
[info] sbt server started at local:///Users/bbuchsbaum/.cache/scalafim-sbt/bases/1afc292237c3fa1b/server/84a8fcbe212f32c215bc/sock
[info] compiling 8 Scala sources to /Users/bbuchsbaum/.cache/scalafim-sbt/bases/1afc292237c3fa1b/staging/b4b08747efd9a8151229/graph4s/core/.jvm/target/scala-3.7.4/classes ...
[info] done compiling
[info] compiling 5 Scala sources to /Users/bbuchsbaum/.cache/scalafim-sbt/bases/1afc292237c3fa1b/staging/b4b08747efd9a8151229/graph4s/indexed/.jvm/target/scala-3.7.4/classes ...
[info] done compiling
[info] compiling 6 Scala sources to /Users/bbuchsbaum/.cache/scalafim-sbt/bases/1afc292237c3fa1b/staging/b4b08747efd9a8151229/graph4s/data/.jvm/target/scala-3.7.4/classes ...
[info] done compiling
[info] compiling 4 Scala sources to /Users/bbuchsbaum/.cache/scalafim-sbt/bases/1afc292237c3fa1b/staging/b4b08747efd9a8151229/graph4s/algorithms/.jvm/target/scala-3.7.4/classes ...
[info] done compiling
[info] compiling 8 Scala sources to /Users/bbuchsbaum/.cache/scalafim-sbt/bases/1afc292237c3fa1b/staging/b4b08747efd9a8151229/graph4s/core/.js/target/scala-3.7.4/classes ...
[info] done compiling
[info] compiling 5 Scala sources to /Users/bbuchsbaum/.cache/scalafim-sbt/bases/1afc292237c3fa1b/staging/b4b08747efd9a8151229/graph4s/indexed/.js/target/scala-3.7.4/classes ...
[info] done compiling
[info] compiling 6 Scala sources to /Users/bbuchsbaum/.cache/scalafim-sbt/bases/1afc292237c3fa1b/staging/b4b08747efd9a8151229/graph4s/data/.js/target/scala-3.7.4/classes ...
[info] done compiling
[info] compiling 4 Scala sources to /Users/bbuchsbaum/.cache/scalafim-sbt/bases/1afc292237c3fa1b/staging/b4b08747efd9a8151229/graph4s/algorithms/.js/target/scala-3.7.4/classes ...
[info] done compiling
[info] compiling 1 Scala source to /Users/bbuchsbaum/code/scala/scalafim/modules/response-laws/jvm/target/scala-3.7.4/classes ...
[info] done compiling
[info] compiling 1 Scala source to /Users/bbuchsbaum/code/scala/scalafim/modules/response-laws/js/target/scala-3.7.4/classes ...
[info] done compiling
[info] compiling 2 Scala sources to /Users/bbuchsbaum/code/scala/scalafim/modules/latent/jvm/target/scala-3.7.4/classes ...
[info] done compiling
[info] compiling 2 Scala sources to /Users/bbuchsbaum/code/scala/scalafim/modules/latent/js/target/scala-3.7.4/classes ...
[info] done compiling
[info] compiling 1 Scala source to /Users/bbuchsbaum/code/scala/scalafim/modules/provider-spike/jvm/target/scala-3.7.4/classes ...
[info] done compiling
[info] compiling 1 Scala source to /Users/bbuchsbaum/code/scala/scalafim/modules/provider-spike/js/target/scala-3.7.4/classes ...
[info] done compiling
[info] compiling 1 Scala source to /Users/bbuchsbaum/code/scala/scalafim/modules/image-view/jvm/target/scala-3.7.4/classes ...
[info] done compiling
[info] compiling 1 Scala source to /Users/bbuchsbaum/code/scala/scalafim/modules/image-view/js/target/scala-3.7.4/classes ...
[info] done compiling
[info] compiling 2 Scala sources to /Users/bbuchsbaum/.cache/scalafim-sbt/bases/1afc292237c3fa1b/staging/34fcacf7027b8ae3b2f8/intaglio/modules/canvas/js/target/scala-3.4.2/classes ...
[info] done compiling
[info] compiling 2 Scala sources to /Users/bbuchsbaum/.cache/scalafim-sbt/bases/1afc292237c3fa1b/staging/34fcacf7027b8ae3b2f8/intaglio/modules/java2d/jvm/target/scala-3.4.2/classes ...
[info] done compiling
[info] compiling 2 Scala sources to /Users/bbuchsbaum/.cache/scalafim-sbt/bases/1afc292237c3fa1b/staging/34fcacf7027b8ae3b2f8/intaglio/modules/javafx/jvm/target/scala-3.4.2/classes ...
[info] done compiling
[info] compiling 3 Scala sources to /Users/bbuchsbaum/code/scala/scalafim/modules/threshold/jvm/target/scala-3.7.4/classes ...
[info] done compiling
[info] compiling 3 Scala sources to /Users/bbuchsbaum/code/scala/scalafim/modules/threshold/js/target/scala-3.7.4/classes ...
[info] done compiling
[info] compiling 21 Scala sources to /Users/bbuchsbaum/.cache/scalafim-sbt/bases/1afc292237c3fa1b/staging/77e7bdc71bddb8077fcd/bids4s/modules/core/jvm/target/scala-3.3.8/classes ...
[info] done compiling
[info] compiling 9 Scala sources to /Users/bbuchsbaum/code/scala/scalafim/modules/motion/jvm/target/scala-3.7.4/classes ...
[info] done compiling
[info] compiling 6 Scala sources to /Users/bbuchsbaum/code/scala/scalafim/modules/motion/js/target/scala-3.7.4/classes ...
[info] done compiling
[info] compiling 33 Scala sources to /Users/bbuchsbaum/.cache/scalafim-sbt/bases/1afc292237c3fa1b/staging/34c0071f90095ef07887/zarr4s/core/jvm/target/scala-3.7.4/classes ...
[info] compiling 5 Scala sources to /Users/bbuchsbaum/code/scala/scalafim/modules/transform/jvm/target/scala-3.7.4/classes ...
[info] done compiling
[info] done compiling
[info] compiling 5 Scala sources to /Users/bbuchsbaum/code/scala/scalafim/modules/surface/jvm/target/scala-3.7.4/classes ...
[info] done compiling
[info] compiling 30 Scala sources to /Users/bbuchsbaum/.cache/scalafim-sbt/bases/1afc292237c3fa1b/staging/34c0071f90095ef07887/zarr4s/core/js/target/scala-3.7.4/classes ...
[info] compiling 5 Scala sources to /Users/bbuchsbaum/code/scala/scalafim/modules/transform/js/target/scala-3.7.4/classes ...
[info] done compiling
[info] done compiling
[info] compiling 5 Scala sources to /Users/bbuchsbaum/code/scala/scalafim/modules/surface/js/target/scala-3.7.4/classes ...
[info] done compiling
[info] compiling 2 Scala sources to /Users/bbuchsbaum/code/scala/scalafim/modules/surface-view/jvm/target/scala-3.7.4/classes ...
[info] done compiling
[info] compiling 2 Scala sources to /Users/bbuchsbaum/code/scala/scalafim/modules/surface-view/js/target/scala-3.7.4/classes ...
[info] done compiling
[info] waiting for lock on /Users/bbuchsbaum/.ivy2/.sbt.ivy.lock to be available...
[info] compiling 1 Scala source to /Users/bbuchsbaum/code/scala/scalafim/modules/surface-view-three/js/target/scala-3.7.4/classes ...
[info] done compiling
[info] compiling 4 Scala sources to /Users/bbuchsbaum/code/scala/scalafim/modules/spatial/jvm/target/scala-3.7.4/classes ...
[info] done compiling
[info] compiling 3 Scala sources to /Users/bbuchsbaum/code/scala/scalafim/modules/spatial/js/target/scala-3.7.4/classes ...
[info] done compiling
[info] compiling 7 Scala sources to /Users/bbuchsbaum/code/scala/scalafim/modules/atlas/jvm/target/scala-3.7.4/classes ...
[info] done compiling
[info] compiling 6 Scala sources to /Users/bbuchsbaum/code/scala/scalafim/modules/atlas/js/target/scala-3.7.4/classes ...
[info] done compiling
[info] compiling 3 Scala sources to /Users/bbuchsbaum/code/scala/scalafim/modules/group/jvm/target/scala-3.7.4/classes ...
[info] done compiling
[info] compiling 1 Scala source to /Users/bbuchsbaum/code/scala/scalafim/modules/fit-estimates/jvm/target/scala-3.7.4/classes ...
[info] done compiling
[info] compiling 3 Scala sources to /Users/bbuchsbaum/code/scala/scalafim/modules/group/js/target/scala-3.7.4/classes ...
[info] done compiling
[info] compiling 1 Scala source to /Users/bbuchsbaum/code/scala/scalafim/modules/fit-estimates/js/target/scala-3.7.4/classes ...
[info] done compiling
[info] compiling 2 Scala sources to /Users/bbuchsbaum/code/scala/scalafim/modules/archive-lna/jvm/target/scala-3.7.4/classes ...
[info] done compiling
[info] compiling 2 Scala sources to /Users/bbuchsbaum/code/scala/scalafim/modules/archive-lna/js/target/scala-3.7.4/classes ...
[info] done compiling
[info] compiling 15 Scala sources to /Users/bbuchsbaum/code/scala/scalafim/modules/interop-archived-response/jvm/target/scala-3.7.4/classes ...
[info] done compiling
[info] compiling 24 Scala sources to /Users/bbuchsbaum/code/scala/scalafim/modules/interop-archived-response/js/target/scala-3.7.4/classes ...
[info] done compiling
[info] compiling 3 Scala sources to /Users/bbuchsbaum/code/scala/scalafim/modules/phrf-comparison/jvm/target/scala-3.7.4/classes ...
[info] done compiling
[info] compiling 3 Scala sources to /Users/bbuchsbaum/code/scala/scalafim/modules/phrf-comparison/js/target/scala-3.7.4/classes ...
[info] done compiling
[info] compiling 20 Scala sources to /Users/bbuchsbaum/.cache/scalafim-sbt/bases/1afc292237c3fa1b/staging/3f5d01c7e6069e74a205/resample4s/core/.jvm/target/scala-3.3.8/classes ...
[info] compiling 99 Scala sources to /Users/bbuchsbaum/.cache/scalafim-sbt/bases/1afc292237c3fa1b/staging/04c54b2d3f3921f04b0c/multivar/modules/core/jvm/target/scala-3.7.4/classes ...
[info] done compiling
[info] compiling 10 Scala sources to /Users/bbuchsbaum/.cache/scalafim-sbt/bases/1afc292237c3fa1b/staging/3f5d01c7e6069e74a205/resample4s/designs/.jvm/target/scala-3.3.8/classes ...
[info] done compiling
[info] compiling 6 Scala sources to /Users/bbuchsbaum/.cache/scalafim-sbt/bases/1afc292237c3fa1b/staging/3f5d01c7e6069e74a205/resample4s/api/.jvm/target/scala-3.3.8/classes ...
[info] done compiling
[info] done compiling
[info] compiling 28 Scala sources to /Users/bbuchsbaum/.cache/scalafim-sbt/bases/1afc292237c3fa1b/staging/04c54b2d3f3921f04b0c/multivar/modules/inference/jvm/target/scala-3.7.4/classes ...
[info] done compiling
[info] compiling 1 Scala source to /Users/bbuchsbaum/code/scala/scalafim/modules/mvpa/jvm/target/scala-3.7.4/classes ...
[info] done compiling
[info] compiling 20 Scala sources to /Users/bbuchsbaum/.cache/scalafim-sbt/bases/1afc292237c3fa1b/staging/3f5d01c7e6069e74a205/resample4s/core/.js/target/scala-3.3.8/classes ...
[info] compiling 99 Scala sources to /Users/bbuchsbaum/.cache/scalafim-sbt/bases/1afc292237c3fa1b/staging/04c54b2d3f3921f04b0c/multivar/modules/core/js/target/scala-3.7.4/classes ...
[info] done compiling
[info] compiling 10 Scala sources to /Users/bbuchsbaum/.cache/scalafim-sbt/bases/1afc292237c3fa1b/staging/3f5d01c7e6069e74a205/resample4s/designs/.js/target/scala-3.3.8/classes ...
[info] done compiling
[info] compiling 6 Scala sources to /Users/bbuchsbaum/.cache/scalafim-sbt/bases/1afc292237c3fa1b/staging/3f5d01c7e6069e74a205/resample4s/api/.js/target/scala-3.3.8/classes ...
[info] done compiling
[info] done compiling
[info] compiling 28 Scala sources to /Users/bbuchsbaum/.cache/scalafim-sbt/bases/1afc292237c3fa1b/staging/04c54b2d3f3921f04b0c/multivar/modules/inference/js/target/scala-3.7.4/classes ...
[info] done compiling
[info] compiling 1 Scala source to /Users/bbuchsbaum/code/scala/scalafim/modules/mvpa/js/target/scala-3.7.4/classes ...
[info] done compiling
[info] compiling 15 Scala sources to /Users/bbuchsbaum/.cache/scalafim-sbt/bases/1afc292237c3fa1b/staging/70113493d2034afa26c1/alder/kernel/.jvm/target/scala-3.7.4/classes ...
[info] done compiling
[info] compiling 4 Scala sources to /Users/bbuchsbaum/.cache/scalafim-sbt/bases/1afc292237c3fa1b/staging/70113493d2034afa26c1/alder/metrics/.jvm/target/scala-3.7.4/classes ...
[info] compiling 16 Scala sources to /Users/bbuchsbaum/.cache/scalafim-sbt/bases/1afc292237c3fa1b/staging/70113493d2034afa26c1/alder/data/.jvm/target/scala-3.7.4/classes ...
[info] done compiling
[info] done compiling
[info] compiling 4 Scala sources to /Users/bbuchsbaum/.cache/scalafim-sbt/bases/1afc292237c3fa1b/staging/70113493d2034afa26c1/alder/models-linear/.jvm/target/scala-3.7.4/classes ...
[info] compiling 4 Scala sources to /Users/bbuchsbaum/.cache/scalafim-sbt/bases/1afc292237c3fa1b/staging/70113493d2034afa26c1/alder/tune/.jvm/target/scala-3.7.4/classes ...
[info] done compiling
[info] compiling 1 Scala source to /Users/bbuchsbaum/.cache/scalafim-sbt/bases/1afc292237c3fa1b/staging/70113493d2034afa26c1/alder/ridge-gale/.jvm/target/scala-3.7.4/classes ...
[info] done compiling
[info] done compiling
[info] compiling 2 Scala sources to /Users/bbuchsbaum/code/scala/scalafim/modules/mvpa-dataset/jvm/target/scala-3.7.4/classes ...
[info] done compiling
[info] compiling 15 Scala sources to /Users/bbuchsbaum/.cache/scalafim-sbt/bases/1afc292237c3fa1b/staging/70113493d2034afa26c1/alder/kernel/.js/target/scala-3.7.4/classes ...
[info] done compiling
[info] compiling 4 Scala sources to /Users/bbuchsbaum/.cache/scalafim-sbt/bases/1afc292237c3fa1b/staging/70113493d2034afa26c1/alder/metrics/.js/target/scala-3.7.4/classes ...
[info] compiling 16 Scala sources to /Users/bbuchsbaum/.cache/scalafim-sbt/bases/1afc292237c3fa1b/staging/70113493d2034afa26c1/alder/data/.js/target/scala-3.7.4/classes ...
[info] done compiling
[info] done compiling
[info] compiling 4 Scala sources to /Users/bbuchsbaum/.cache/scalafim-sbt/bases/1afc292237c3fa1b/staging/70113493d2034afa26c1/alder/models-linear/.js/target/scala-3.7.4/classes ...
[info] compiling 4 Scala sources to /Users/bbuchsbaum/.cache/scalafim-sbt/bases/1afc292237c3fa1b/staging/70113493d2034afa26c1/alder/tune/.js/target/scala-3.7.4/classes ...
[info] done compiling
[info] compiling 1 Scala source to /Users/bbuchsbaum/.cache/scalafim-sbt/bases/1afc292237c3fa1b/staging/70113493d2034afa26c1/alder/ridge-gale/.js/target/scala-3.7.4/classes ...
[info] done compiling
[info] done compiling
[info] compiling 2 Scala sources to /Users/bbuchsbaum/code/scala/scalafim/modules/mvpa-dataset/js/target/scala-3.7.4/classes ...
[info] done compiling
[info] waiting for lock on /Users/bbuchsbaum/.ivy2/.sbt.ivy.lock to be available...
[info] waiting for lock on /Users/bbuchsbaum/.ivy2/.sbt.ivy.lock to be available...
[info] compiling 3 Scala sources to /Users/bbuchsbaum/code/scala/scalafim/modules/mvpa-spatial/jvm/target/scala-3.7.4/classes ...
[info] done compiling
[info] waiting for lock on /Users/bbuchsbaum/.ivy2/.sbt.ivy.lock to be available...
[info] waiting for lock on /Users/bbuchsbaum/.ivy2/.sbt.ivy.lock to be available...
[info] compiling 3 Scala sources to /Users/bbuchsbaum/code/scala/scalafim/modules/mvpa-spatial/js/target/scala-3.7.4/classes ...
[info] done compiling
[info] compiling 3 Scala sources to /Users/bbuchsbaum/code/scala/scalafim/modules/fmri-workflow/jvm/target/scala-3.7.4/classes ...
[info] done compiling
[info] compiling 18 Scala sources to /Users/bbuchsbaum/.cache/scalafim-sbt/bases/1afc292237c3fa1b/staging/77e7bdc71bddb8077fcd/bids4s/modules/core/js/target/scala-3.3.8/classes ...
[info] done compiling
[info] compiling 1 Scala source to /Users/bbuchsbaum/code/scala/scalafim/modules/fmri-workflow/js/target/scala-3.7.4/classes ...
[info] done compiling
[info] compiling 2 Scala sources to /Users/bbuchsbaum/code/scala/scalafim/modules/dataset-zarr/jvm/target/scala-3.7.4/classes ...
[info] done compiling
[success] elapsed time: 627 s (0:10:27.0)
[0J[sbt-warm] scalafimCompileAll: exit 0 in 698.3s
