java.io.IOException: org.scalasbt.ipcsocket.NativeErrorException: Error 61: Connection refused; starting a new server
[info] entering thin client - BEEP WHIRR
[info] starting sbt server in the background
[info] use 'sbt shutdown' to shutdown the server
[info]  
[info] welcome to sbt 1.11.7 (Eclipse Adoptium Java 21.0.12.1)
[info] loading settings for project scalafim-build from plugins.sbt...
[info] loading project definition from /Users/bbuchsbaum/code/scala/scalafim/project
[info] loading settings for project root from build.sbt...
[info] loading settings for project alder-build from plugins.sbt...
[info] loading project definition from /Users/bbuchsbaum/.cache/scalafim-sbt/bases/1afc292237c3fa1b/staging/70113493d2034afa26c1/alder/project
[info] loading settings for project root from build.sbt...
[info] loading settings for project bids4s-build from plugins.sbt...
[info] loading project definition from /Users/bbuchsbaum/.cache/scalafim-sbt/bases/1afc292237c3fa1b/staging/77e7bdc71bddb8077fcd/bids4s/project
[info] loading settings for project root from build.sbt...
[info] loading settings for project gale-build from plugins.sbt...
[info] loading project definition from /Users/bbuchsbaum/.cache/scalafim-sbt/bases/1afc292237c3fa1b/staging/5a90f48e170e9e640ee1/gale/project
[info] loading settings for project root from build.sbt...
[info] loading settings for project gale-build from plugins.sbt...
[info] loading project definition from /Users/bbuchsbaum/.cache/scalafim-sbt/bases/1afc292237c3fa1b/staging/e42c03c83b742859e853/gale/project
[info] loading settings for project root from build.sbt...
[info] loading settings for project graph4s-build from plugins.sbt...
[info] loading project definition from /Users/bbuchsbaum/.cache/scalafim-sbt/bases/1afc292237c3fa1b/staging/b4b08747efd9a8151229/graph4s/project
[info] loading settings for project root from build.sbt...
[info] loading settings for project image4s-build from plugins.sbt...
[info] loading project definition from /Users/bbuchsbaum/.cache/scalafim-sbt/bases/1afc292237c3fa1b/staging/995ff8e011f5a5221e44/image4s/project
[info] loading settings for project root from build.sbt...
[info] loading settings for project intaglio-build from plugins.sbt...
[info] loading project definition from /Users/bbuchsbaum/.cache/scalafim-sbt/bases/1afc292237c3fa1b/staging/34fcacf7027b8ae3b2f8/intaglio/project
[info] loading settings for project root from build.sbt...
[info] loading settings for project linops4s-build from plugins.sbt...
[info] loading project definition from /Users/bbuchsbaum/.cache/scalafim-sbt/bases/1afc292237c3fa1b/staging/cfabf5f1e5e2fb8fb176/linops4s/project
[info] loading settings for project root from build.sbt...
[info] loading settings for project locus4s-build from plugins.sbt...
[info] loading project definition from /Users/bbuchsbaum/.cache/scalafim-sbt/bases/1afc292237c3fa1b/staging/b51ea69c1c3a30e37df3/locus4s/project
[info] loading settings for project root from build.sbt...
[info] loading settings for project multivar-build from plugins.sbt...
[info] loading project definition from /Users/bbuchsbaum/.cache/scalafim-sbt/bases/1afc292237c3fa1b/staging/04c54b2d3f3921f04b0c/multivar/project
[info] loading settings for project root from build.sbt...
[info] loading settings for project ravel-build from plugins.sbt...
[info] loading project definition from /Users/bbuchsbaum/.cache/scalafim-sbt/bases/1afc292237c3fa1b/staging/6c77ef03ad5f6b5be136/ravel/project
[info] loading settings for project root from build.sbt...
[info] loading settings for project ravel-build from plugins.sbt...
[info] loading project definition from /Users/bbuchsbaum/.cache/scalafim-sbt/bases/1afc292237c3fa1b/staging/57a292f3a6ded9e259cf/ravel/project
[info] loading settings for project root from build.sbt...
[info] loading settings for project reframe4s-build from plugins.sbt...
[info] loading project definition from /Users/bbuchsbaum/.cache/scalafim-sbt/bases/1afc292237c3fa1b/staging/1541cf1125bbd1a3cbc8/reframe4s/project
[info] loading settings for project root from build.sbt...
[info] loading settings for project resample4s-build from plugins.sbt...
[info] loading project definition from /Users/bbuchsbaum/.cache/scalafim-sbt/bases/1afc292237c3fa1b/staging/3f5d01c7e6069e74a205/resample4s/project
[info] loading settings for project root from build.sbt...
[info] loading settings for project zarr4s-build from plugins.sbt...
[info] loading project definition from /Users/bbuchsbaum/.cache/scalafim-sbt/bases/1afc292237c3fa1b/staging/34c0071f90095ef07887/zarr4s/project
[info] loading settings for project root from build.sbt...
[info] resolving key references (346319 settings) ...
[info] set scmInfo to https://github.com/canardlapin/scalafim
[info] set scmInfo to https://github.com/canardlapin/scalafim
[info] set scmInfo to https://github.com/canardlapin/scalafim
[info] set scmInfo to https://github.com/canardlapin/scalafim
[info] set scmInfo to https://github.com/canardlapin/scalafim
[info] set current project to scalafim (in build file:/Users/bbuchsbaum/code/scala/scalafim/)
[info] sbt server started at local:///Users/bbuchsbaum/.cache/scalafim-sbt/bases/1afc292237c3fa1b/server/84a8fcbe212f32c215bc/sock
[info] started sbt server
[info] compiling 1 Scala source to /Users/bbuchsbaum/code/scala/scalafim/modules/design/jvm/target/scala-3.7.4/classes ...
[info] done compiling
[info] compiling 1 Scala source to /Users/bbuchsbaum/code/scala/scalafim/modules/design/jvm/target/scala-3.7.4/classes ...
[info] done compiling
[info] compiling 1 Scala source to /Users/bbuchsbaum/code/scala/scalafim/modules/design/jvm/target/scala-3.7.4/test-classes ...
[info] done compiling
scalafim.fmri.design.hrf.KernelBasisBudgetSuite:
  + portable-budget-exact-boundaries 0.015s
  + explicit-capacity-is-positive-and-bounded-without-changing-defaults 0.002s
  + explicit-array-admission-retains-fixed-total-storage-and-callback-refusal 0.02s
  + frozen-LWU-capacity-admits-exact-inputs-and-keeps-spectral-default-refusal 0.005s
  + nondefault-capacity-is-recorded-and-default-provenance-is-unchanged 0.071s
  + node-products-refuse-before-integer-overflow-or-callbacks 0.001s
  + training-matrix-refuses-before-builder-and-family-callbacks 0.001s
  + full-SVD-shapes-are-independent-of-requested-rank 0.002s
  + tall-SVD-shapes-use-thin-right-square-not-column-square 0.0s
  + value-only-training-still-charges-full-certificate-jets 0.004s
  + spectral-work-refuses-before-SVD-even-for-small-requested-rank 0.001s
  + finite-chart-bounds-with-overflowing-width-are-refused-before-callbacks 0.001s
  + finite-chart-width-with-overflowing-node-intermediate-is-refused 0.003s
  + admitted-compile-reports-actual-retained-and-certificate-shapes 0.001s
  + callback-failures-remain-typed-after-admission 0.018s
  + custom-tail-diagnostics-refuse-invalid-fractions-and-thrown-callbacks 0.007s
  + generated-Cascade-endpoints-preserve-original-IEEE-values 0.004s
  + certificate-refuses-finite-projection-whose-square-overflows 0.002s
  + training-refuses-finite-values-with-overflowing-column-norm 0.001s
scalafim.fmri.design.HrfKernelBasisSuite:
  + compiles a certified basis within the rank budget 2.079s
  + refuses when the budget cannot meet the tolerance 1.291s
  + the kernel exposes the basis as a compact multi-column Hrf and ResponseBasis 0.028s
  + kernel basis provenance has a platform-independent IEEE and string-framed golden 0.0s
  + matrix identity is dimensions plus a portable FNV-1a digest of the IEEE bits 0.004s
  + coefficient jets match finite differences and reconstruct within the certificate 0.004s
  + compilation is deterministic 1.1s
  + tail-grid refusals remain typed and precede basis allocation and family evaluation 0.004s
  + certificate diagnostic failures propagate through compile as typed errors 0.001s
  + default Cascade compilation preserves legacy endpoint bits and certified scientific values 4.406s
[info] Passed: Total 29, Failed 0, Errors 0, Passed 29
[success] elapsed time: 23 s
[0J[sbt-warm] designJVM/testOnly scalafim.fmri.design.hrf.KernelBasisBudgetSuite scalafim.fmri.design.HrfKernelBasisSuite: exit 0 in 107.5s
[success] elapsed time: 87 s (0:01:27.0)
[0J[sbt-warm] set firstLevelLawsJVM / Test / unmanagedSources += file("/private/tmp/scalafim-lwu-capacity-gates-20261006/LwuAccuracyOnlySuite.scala"): exit 0 in 87.6s
[info] compiling 11 Scala sources to /Users/bbuchsbaum/.cache/scalafim-sbt/bases/1afc292237c3fa1b/staging/b51ea69c1c3a30e37df3/locus4s/modules/locus4s-core/jvm/target/scala-3.7.4/classes ...
[info] done compiling
[info] compiling 43 Scala sources to /Users/bbuchsbaum/.cache/scalafim-sbt/bases/1afc292237c3fa1b/staging/57a292f3a6ded9e259cf/ravel/modules/core/jvm/target/scala-3.7.4/classes ...
[info] compiling 52 Scala sources to /Users/bbuchsbaum/.cache/scalafim-sbt/bases/1afc292237c3fa1b/staging/5a90f48e170e9e640ee1/gale/core/jvm/target/scala-3.7.4/classes ...
[info] done compiling
[info] compiling 2 Scala sources to /Users/bbuchsbaum/.cache/scalafim-sbt/bases/1afc292237c3fa1b/staging/b51ea69c1c3a30e37df3/locus4s/modules/locus4s-data/jvm/target/scala-3.7.4/classes ...
[info] done compiling
[info] compiling 6 Scala sources to /Users/bbuchsbaum/.cache/scalafim-sbt/bases/1afc292237c3fa1b/staging/995ff8e011f5a5221e44/image4s/modules/image4s-geometry/jvm/target/scala-3.7.4/classes ...
[info] done compiling
[info] compiling 5 Scala sources to /Users/bbuchsbaum/.cache/scalafim-sbt/bases/1afc292237c3fa1b/staging/1541cf1125bbd1a3cbc8/reframe4s/modules/reframe4s-core/jvm/target/scala-3.7.4/classes ...
[info] done compiling
[info] compiling 5 Scala sources to /Users/bbuchsbaum/.cache/scalafim-sbt/bases/1afc292237c3fa1b/staging/57a292f3a6ded9e259cf/ravel/modules/packed/jvm/target/scala-3.7.4/classes ...
[info] done compiling
[info] compiling 3 Scala sources to /Users/bbuchsbaum/code/scala/scalafim/modules/response/jvm/target/scala-3.7.4/classes ...
[info] done compiling
[info] compiling 6 Scala sources to /Users/bbuchsbaum/.cache/scalafim-sbt/bases/1afc292237c3fa1b/staging/57a292f3a6ded9e259cf/ravel/modules/stencil/jvm/target/scala-3.7.4/classes ...
[info] done compiling
[info] done compiling
[info] compiling 2 Scala sources to /Users/bbuchsbaum/.cache/scalafim-sbt/bases/1afc292237c3fa1b/staging/1541cf1125bbd1a3cbc8/reframe4s/modules/reframe4s-lie/jvm/target/scala-3.7.4/classes ...
[info] compiling 14 Scala sources to /Users/bbuchsbaum/.cache/scalafim-sbt/bases/1afc292237c3fa1b/staging/995ff8e011f5a5221e44/image4s/modules/image4s-core/jvm/target/scala-3.7.4/classes ...
[info] done compiling
[info] done compiling
[info] compiling 7 Scala sources to /Users/bbuchsbaum/.cache/scalafim-sbt/bases/1afc292237c3fa1b/staging/1541cf1125bbd1a3cbc8/reframe4s/modules/reframe4s-resample/jvm/target/scala-3.7.4/classes ...
[info] compiling 5 Scala sources to /Users/bbuchsbaum/.cache/scalafim-sbt/bases/1afc292237c3fa1b/staging/995ff8e011f5a5221e44/image4s/modules/image4s-locus/jvm/target/scala-3.7.4/classes ...
[info] done compiling
[info] compiling 6 Scala sources to /Users/bbuchsbaum/.cache/scalafim-sbt/bases/1afc292237c3fa1b/staging/995ff8e011f5a5221e44/image4s/modules/image4s-nifti/jvm/target/scala-3.7.4/classes ...
[info] done compiling
[info] compiling 11 Scala sources to /Users/bbuchsbaum/.cache/scalafim-sbt/bases/1afc292237c3fa1b/staging/995ff8e011f5a5221e44/image4s/modules/image4s-ops-core/jvm/target/scala-3.7.4/classes ...
[info] done compiling
[info] compiling 8 Scala sources to /Users/bbuchsbaum/.cache/scalafim-sbt/bases/1afc292237c3fa1b/staging/1541cf1125bbd1a3cbc8/reframe4s/modules/reframe4s-field/jvm/target/scala-3.7.4/classes ...
[info] done compiling
[info] compiling 3 Scala sources to /Users/bbuchsbaum/.cache/scalafim-sbt/bases/1afc292237c3fa1b/staging/995ff8e011f5a5221e44/image4s/modules/image4s-filter/jvm/target/scala-3.7.4/classes ...
[info] done compiling
[info] done compiling
[info] compiling 21 Scala sources to /Users/bbuchsbaum/code/scala/scalafim/modules/image/jvm/target/scala-3.7.4/classes ...
[info] done compiling
[info] compiling 24 Scala sources to /Users/bbuchsbaum/code/scala/scalafim/modules/image/jvm/target/scala-3.7.4/classes ...
[info] done compiling
[info] compiling 20 Scala sources to /Users/bbuchsbaum/code/scala/scalafim/modules/dataset/jvm/target/scala-3.7.4/classes ...
[info] done compiling
[info] compiling 11 Scala sources to /Users/bbuchsbaum/code/scala/scalafim/modules/fit/jvm/target/scala-3.7.4/classes ...
[info] done compiling
[info] compiling 6 Scala sources to /Users/bbuchsbaum/code/scala/scalafim/modules/fit/jvm/target/scala-3.7.4/classes ...
[info] done compiling
[info] compiling 32 Scala sources to /Users/bbuchsbaum/code/scala/scalafim/modules/first-level-laws/jvm/target/scala-3.7.4/test-classes ...
[info] done compiling
[compact-condition] admitted 24/24, max |tau - oracle| = 3.706373704650545E-4, max rel amp = 1.0634654267560602E-4, per voxel: nodes 71.875, jets 4.208333333333333, exact 0.08333333333333333
scalafim.fmri.laws.profile.CompactConditionRuntimeSuite:
  + a certificate cannot be reused for a same-sized changed observed geometry 2.076s
  + decoded shapes and amplitudes agree with the dense oracle on a synthetic cohort 1.945s
  + readout converts amplitudes into the requested normalisation 0.029s
[info] Passed: Total 3, Failed 0, Errors 0, Passed 3
[success] elapsed time: 101 s (0:01:41.0)
[0J[sbt-warm] firstLevelLawsJVM/testOnly scalafim.fmri.laws.profile.CompactConditionRuntimeSuite: exit 0 in 101.9s
[info] waiting for lock on /Users/bbuchsbaum/.ivy2/.sbt.ivy.lock to be available...
[info] waiting for lock on /Users/bbuchsbaum/.ivy2/.sbt.ivy.lock to be available...
[milestone] LWU basis rank 23, K = 69
[milestone] LWU SNR 1.00: admitted 91.0%, p95 |peak-oracle| 0.0000 s, p95 |FWHM-oracle| 0.0100 s, p95 rel amp 2.91e-04; per voxel nodes 163.1 jets 4.47 exact 0.12; oracle beaten under the exact kernel in 89/91 admitted voxels
[milestone] LWU budget: 13x9x7 bank, 6 Newton steps, 8 jets, 2 exact evaluations (recorded per-family budget)
[milestone] LWU admission 91.0% at SNR 1.00 is below 95%: recorded as unmet for rho-weak voxels
[milestone] LWU SNR 0.50: admitted 81.0%, p95 |peak-oracle| 0.0100 s, p95 |FWHM-oracle| 0.0100 s, p95 rel amp 4.50e-04; per voxel nodes 161.3 jets 4.53 exact 0.08; oracle beaten under the exact kernel in 78/81 admitted voxels
[milestone] LWU budget: 13x9x7 bank, 6 Newton steps, 8 jets, 2 exact evaluations (recorded per-family budget)
[milestone] LWU admission 81.0% at SNR 0.50 is below 95%: recorded as unmet for rho-weak voxels
scalafim.fmri.laws.profile.LwuAccuracyOnlySuite:
  + LWU: accuracy on the frozen C0 cohorts at SNR 1.0 and 0.5 145.016s
[info] Passed: Total 1, Failed 0, Errors 0, Passed 1
[success] elapsed time: 154 s (0:02:34.0)
[0J[sbt-warm] firstLevelLawsJVM/testOnly scalafim.fmri.laws.profile.LwuAccuracyOnlySuite: exit 0 in 154.7s
