java.io.IOException: org.scalasbt.ipcsocket.NativeErrorException: Error 61: Connection refused; starting a new server
[info] entering thin client - BEEP WHIRR
[info] starting sbt server in the background
[info] use 'sbt shutdown' to shutdown the server
[info]  
[info] welcome to sbt 1.11.7 (Eclipse Adoptium Java 21.0.12.1)
[info] loading settings for project scalafim-build from plugins.sbt...
[info] loading project definition from /Users/bbuchsbaum/code/scala/scalafim/project
[info] loading settings for project root from build.sbt...
[info] loading settings for project alder-build from plugins.sbt...
[info] loading project definition from /Users/bbuchsbaum/.cache/scalafim-sbt/bases/1afc292237c3fa1b/staging/70113493d2034afa26c1/alder/project
[info] loading settings for project root from build.sbt...
[info] loading settings for project bids4s-build from plugins.sbt...
[info] loading project definition from /Users/bbuchsbaum/.cache/scalafim-sbt/bases/1afc292237c3fa1b/staging/77e7bdc71bddb8077fcd/bids4s/project
[info] loading settings for project root from build.sbt...
[info] loading settings for project gale-build from plugins.sbt...
[info] loading project definition from /Users/bbuchsbaum/.cache/scalafim-sbt/bases/1afc292237c3fa1b/staging/5a90f48e170e9e640ee1/gale/project
[info] loading settings for project root from build.sbt...
[info] loading settings for project gale-build from plugins.sbt...
[info] loading project definition from /Users/bbuchsbaum/.cache/scalafim-sbt/bases/1afc292237c3fa1b/staging/e42c03c83b742859e853/gale/project
[info] loading settings for project root from build.sbt...
[info] loading settings for project graph4s-build from plugins.sbt...
[info] loading project definition from /Users/bbuchsbaum/.cache/scalafim-sbt/bases/1afc292237c3fa1b/staging/b4b08747efd9a8151229/graph4s/project
[info] loading settings for project root from build.sbt...
[info] loading settings for project image4s-build from plugins.sbt...
[info] loading project definition from /Users/bbuchsbaum/.cache/scalafim-sbt/bases/1afc292237c3fa1b/staging/995ff8e011f5a5221e44/image4s/project
[info] loading settings for project root from build.sbt...
[info] loading settings for project intaglio-build from plugins.sbt...
[info] loading project definition from /Users/bbuchsbaum/.cache/scalafim-sbt/bases/1afc292237c3fa1b/staging/34fcacf7027b8ae3b2f8/intaglio/project
[info] loading settings for project root from build.sbt...
[info] loading settings for project linops4s-build from plugins.sbt...
[info] loading project definition from /Users/bbuchsbaum/.cache/scalafim-sbt/bases/1afc292237c3fa1b/staging/cfabf5f1e5e2fb8fb176/linops4s/project
[info] loading settings for project root from build.sbt...
[info] loading settings for project locus4s-build from plugins.sbt...
[info] loading project definition from /Users/bbuchsbaum/.cache/scalafim-sbt/bases/1afc292237c3fa1b/staging/b51ea69c1c3a30e37df3/locus4s/project
[info] loading settings for project root from build.sbt...
[info] loading settings for project multivar-build from plugins.sbt...
[info] loading project definition from /Users/bbuchsbaum/.cache/scalafim-sbt/bases/1afc292237c3fa1b/staging/04c54b2d3f3921f04b0c/multivar/project
[info] loading settings for project root from build.sbt...
[info] loading settings for project ravel-build from plugins.sbt...
[info] loading project definition from /Users/bbuchsbaum/.cache/scalafim-sbt/bases/1afc292237c3fa1b/staging/6c77ef03ad5f6b5be136/ravel/project
[info] loading settings for project root from build.sbt...
[info] loading settings for project ravel-build from plugins.sbt...
[info] loading project definition from /Users/bbuchsbaum/.cache/scalafim-sbt/bases/1afc292237c3fa1b/staging/57a292f3a6ded9e259cf/ravel/project
[info] loading settings for project root from build.sbt...
[info] loading settings for project reframe4s-build from plugins.sbt...
[info] loading project definition from /Users/bbuchsbaum/.cache/scalafim-sbt/bases/1afc292237c3fa1b/staging/1541cf1125bbd1a3cbc8/reframe4s/project
[info] loading settings for project root from build.sbt...
[info] loading settings for project resample4s-build from plugins.sbt...
[info] loading project definition from /Users/bbuchsbaum/.cache/scalafim-sbt/bases/1afc292237c3fa1b/staging/3f5d01c7e6069e74a205/resample4s/project
[info] loading settings for project root from build.sbt...
[info] loading settings for project zarr4s-build from plugins.sbt...
[info] loading project definition from /Users/bbuchsbaum/.cache/scalafim-sbt/bases/1afc292237c3fa1b/staging/34c0071f90095ef07887/zarr4s/project
[info] loading settings for project root from build.sbt...
[info] resolving key references (346319 settings) ...
[info] set scmInfo to https://github.com/canardlapin/scalafim
[info] set scmInfo to https://github.com/canardlapin/scalafim
[info] set scmInfo to https://github.com/canardlapin/scalafim
[info] set scmInfo to https://github.com/canardlapin/scalafim
[info] set scmInfo to https://github.com/canardlapin/scalafim
[info] set current project to scalafim (in build file:/Users/bbuchsbaum/code/scala/scalafim/)
[info] sbt server started at local:///Users/bbuchsbaum/.cache/scalafim-sbt/bases/1afc292237c3fa1b/server/84a8fcbe212f32c215bc/sock
[info] started sbt server
[info] Defining firstLevelLawsJS / Test / unmanagedSources
[info] The new value will be used by firstLevelLawsJS / Test / bspBuildTargetSourcesItem, firstLevelLawsJS / Test / scalafmt and 2 others.
[info] 	Run `last` for details.
[info] Reapplying settings...
[info] set scmInfo to https://github.com/canardlapin/scalafim
[info] set scmInfo to https://github.com/canardlapin/scalafim
[info] set scmInfo to https://github.com/canardlapin/scalafim
[info] set scmInfo to https://github.com/canardlapin/scalafim
[info] set scmInfo to https://github.com/canardlapin/scalafim
[info] set current project to scalafim (in build file:/Users/bbuchsbaum/code/scala/scalafim/)
[success] elapsed time: 57 s
[0J[sbt-warm] set firstLevelLawsJS / Test / unmanagedSources += file("/private/tmp/scalafim-lwu-capacity-gates-20261006/LwuAccuracyOnlySuite.scala"): exit 0 in 116.6s
[info] compiling 52 Scala sources to /Users/bbuchsbaum/.cache/scalafim-sbt/bases/1afc292237c3fa1b/staging/5a90f48e170e9e640ee1/gale/core/js/target/scala-3.7.4/classes ...
[info] compiling 43 Scala sources to /Users/bbuchsbaum/.cache/scalafim-sbt/bases/1afc292237c3fa1b/staging/57a292f3a6ded9e259cf/ravel/modules/core/js/target/scala-3.7.4/classes ...
[info] done compiling
[info] compiling 11 Scala sources to /Users/bbuchsbaum/.cache/scalafim-sbt/bases/1afc292237c3fa1b/staging/b51ea69c1c3a30e37df3/locus4s/modules/locus4s-core/js/target/scala-3.7.4/classes ...
[info] done compiling
[info] compiling 6 Scala sources to /Users/bbuchsbaum/.cache/scalafim-sbt/bases/1afc292237c3fa1b/staging/57a292f3a6ded9e259cf/ravel/modules/stencil/js/target/scala-3.7.4/classes ...
[info] done compiling
[info] compiling 5 Scala sources to /Users/bbuchsbaum/.cache/scalafim-sbt/bases/1afc292237c3fa1b/staging/57a292f3a6ded9e259cf/ravel/modules/packed/js/target/scala-3.7.4/classes ...
[info] done compiling
[info] compiling 3 Scala sources to /Users/bbuchsbaum/code/scala/scalafim/modules/response/js/target/scala-3.7.4/classes ...
[info] done compiling
[info] compiling 6 Scala sources to /Users/bbuchsbaum/.cache/scalafim-sbt/bases/1afc292237c3fa1b/staging/995ff8e011f5a5221e44/image4s/modules/image4s-geometry/js/target/scala-3.7.4/classes ...
[info] done compiling
[info] compiling 2 Scala sources to /Users/bbuchsbaum/.cache/scalafim-sbt/bases/1afc292237c3fa1b/staging/b51ea69c1c3a30e37df3/locus4s/modules/locus4s-data/js/target/scala-3.7.4/classes ...
[info] done compiling
[info] done compiling
[info] compiling 5 Scala sources to /Users/bbuchsbaum/.cache/scalafim-sbt/bases/1afc292237c3fa1b/staging/1541cf1125bbd1a3cbc8/reframe4s/modules/reframe4s-core/js/target/scala-3.7.4/classes ...
[info] compiling 14 Scala sources to /Users/bbuchsbaum/.cache/scalafim-sbt/bases/1afc292237c3fa1b/staging/995ff8e011f5a5221e44/image4s/modules/image4s-core/js/target/scala-3.7.4/classes ...
[info] done compiling
[info] compiling 2 Scala sources to /Users/bbuchsbaum/.cache/scalafim-sbt/bases/1afc292237c3fa1b/staging/1541cf1125bbd1a3cbc8/reframe4s/modules/reframe4s-lie/js/target/scala-3.7.4/classes ...
[info] done compiling
[info] done compiling
[info] compiling 11 Scala sources to /Users/bbuchsbaum/.cache/scalafim-sbt/bases/1afc292237c3fa1b/staging/995ff8e011f5a5221e44/image4s/modules/image4s-ops-core/js/target/scala-3.7.4/classes ...
[info] compiling 7 Scala sources to /Users/bbuchsbaum/.cache/scalafim-sbt/bases/1afc292237c3fa1b/staging/1541cf1125bbd1a3cbc8/reframe4s/modules/reframe4s-resample/js/target/scala-3.7.4/classes ...
[info] done compiling
[info] compiling 5 Scala sources to /Users/bbuchsbaum/.cache/scalafim-sbt/bases/1afc292237c3fa1b/staging/995ff8e011f5a5221e44/image4s/modules/image4s-locus/js/target/scala-3.7.4/classes ...
[info] done compiling
[info] compiling 3 Scala sources to /Users/bbuchsbaum/.cache/scalafim-sbt/bases/1afc292237c3fa1b/staging/995ff8e011f5a5221e44/image4s/modules/image4s-filter/js/target/scala-3.7.4/classes ...
[info] done compiling
[info] done compiling
[info] compiling 8 Scala sources to /Users/bbuchsbaum/.cache/scalafim-sbt/bases/1afc292237c3fa1b/staging/1541cf1125bbd1a3cbc8/reframe4s/modules/reframe4s-field/js/target/scala-3.7.4/classes ...
[info] done compiling
[info] compiling 20 Scala sources to /Users/bbuchsbaum/code/scala/scalafim/modules/image/js/target/scala-3.7.4/classes ...
[info] done compiling
[info] compiling 23 Scala sources to /Users/bbuchsbaum/code/scala/scalafim/modules/image/js/target/scala-3.7.4/classes ...
[info] done compiling
[info] compiling 17 Scala sources to /Users/bbuchsbaum/code/scala/scalafim/modules/dataset/js/target/scala-3.7.4/classes ...
[info] done compiling
[info] compiling 11 Scala sources to /Users/bbuchsbaum/code/scala/scalafim/modules/fit/js/target/scala-3.7.4/classes ...
[info] done compiling
[info] compiling 6 Scala sources to /Users/bbuchsbaum/code/scala/scalafim/modules/fit/js/target/scala-3.7.4/classes ...
[info] done compiling
[info] compiling 32 Scala sources to /Users/bbuchsbaum/code/scala/scalafim/modules/first-level-laws/js/target/scala-3.7.4/test-classes ...
[info] done compiling
[warn] multiple main classes detected: run 'show discoveredMainClasses' to see the list
[info] Fast optimizing /Users/bbuchsbaum/code/scala/scalafim/modules/first-level-laws/js/target/scala-3.7.4/scalafim-fmri-first-level-laws-test-fastopt
scalafim.fmri.laws.profile.CompactConditionRuntimeSuite:
  + a certificate cannot be reused for a same-sized changed observed geometry 1.794s
[compact-condition] admitted 23/24, max |tau - oracle| = 0.00037063737046416634, max rel amp = 0.00010634654267688103, per voxel: nodes 71.875, jets 4.333333333333333, exact 0.08333333333333333
  + decoded shapes and amplitudes agree with the dense oracle on a synthetic cohort 2.290s
  + readout converts amplitudes into the requested normalisation 0.027s
[info] Passed: Total 3, Failed 0, Errors 0, Passed 3
[success] elapsed time: 123 s (0:02:03.0)
[0J[sbt-warm] firstLevelLawsJS/testOnly scalafim.fmri.laws.profile.CompactConditionRuntimeSuite: exit 0 in 123.6s
[warn] multiple main classes detected: run 'show discoveredMainClasses' to see the list
scalafim.fmri.laws.profile.LwuAccuracyOnlySuite:
[milestone] LWU basis rank 23, K = 69
[milestone] LWU SNR 1.00: admitted 91.0%, p95 |peak-oracle| 0.0000 s, p95 |FWHM-oracle| 0.0100 s, p95 rel amp 3.19e-04; per voxel nodes 163.1 jets 4.42 exact 0.11; oracle beaten under the exact kernel in 89/91 admitted voxels
[milestone] LWU budget: 13x9x7 bank, 6 Newton steps, 8 jets, 2 exact evaluations (recorded per-family budget)
[milestone] LWU admission 91.0% at SNR 1.00 is below 95%: recorded as unmet for rho-weak voxels
[milestone] LWU SNR 0.50: admitted 83.0%, p95 |peak-oracle| 0.0100 s, p95 |FWHM-oracle| 0.0100 s, p95 rel amp 4.50e-04; per voxel nodes 161.3 jets 4.43 exact 0.02; oracle beaten under the exact kernel in 80/83 admitted voxels
[milestone] LWU budget: 13x9x7 bank, 6 Newton steps, 8 jets, 2 exact evaluations (recorded per-family budget)
[milestone] LWU admission 83.0% at SNR 0.50 is below 95%: recorded as unmet for rho-weak voxels
  + LWU: accuracy on the frozen C0 cohorts at SNR 1.0 and 0.5 494.285s
[info] Passed: Total 1, Failed 0, Errors 0, Passed 1
[success] elapsed time: 509 s (0:08:29.0)
[0J[sbt-warm] firstLevelLawsJS/testOnly scalafim.fmri.laws.profile.LwuAccuracyOnlySuite: exit 0 in 509.2s
